08-28 17:25:40.991 771-1444/? D/UsbHostManager: Added device UsbDevice[mName=/dev/bus/usb/001/025,mVendorId=1155,mProductId=22337,mClass=2,mSubclass=0,mProtocol=0,mManufacturerName=STMicroelectronics,mProductName=STM32 Virtual ComPort in FS Mode,mVersion=2.0,mSerialNumber=319037653335,mConfigurations=[
    UsbConfiguration[mId=1,mName=null,mAttributes=192,mMaxPower=50,mInterfaces=[
    UsbInterface[mId=0,mAlternateSetting=0,mName=null,mClass=2,mSubclass=2,mProtocol=1,mEndpoints=[
    UsbEndpoint[mAddress=130,mAttributes=3,mMaxPacketSize=8,mInterval=255]]
    UsbInterface[mId=1,mAlternateSetting=0,mName=null,mClass=10,mSubclass=0,mProtocol=0,mEndpoints=[
    UsbEndpoint[mAddress=1,mAttributes=2,mMaxPacketSize=64,mInterval=0]
    UsbEndpoint[mAddress=129,mAttributes=2,mMaxPacketSize=64,mInterval=0]]]]
08-28 17:25:40.992 771-1444/? W/UsbSettingsManager: no meta-data for ResolveInfo{5829afe com.sunbo.idarling/com.qihancloud.alarmstrategy.alarm.AlarmModeActivity m=0x108000}
08-28 17:25:40.992 771-1444/? W/ContextImpl: Calling a method in the system process without a qualified user: android.app.ContextImpl.sendBroadcast:763 com.android.server.usb.UsbSettingsManager.deviceAttached:742 com.android.server.usb.UsbHostManager.endUsbDeviceAdded:235 com.android.server.usb.UsbHostManager.monitorUsbHostBus:-2 com.android.server.usb.UsbHostManager.-wrap0:-1 
08-28 17:25:40.992 771-1444/? D/UsbHostManager: after endUsbDeviceAdded mlock,send brodcast
08-28 17:25:40.993 771-1444/? D/usbhost: gone device /dev/bus/usb/001/021
08-28 17:25:40.993 771-1444/? D/UsbHostManager: before usbDeviceRemoved mlock,send brodcast 
08-28 17:25:40.993 771-1444/? D/UsbHostManager: after usbDeviceRemoved mlock,send brodcast 
08-28 17:25:40.993 771-1444/? D/usbhost: new device /dev/bus/usb/001/026
08-28 17:25:40.993 771-1444/? D/usbhost: usb_device_open /dev/bus/usb/001/026
08-28 17:25:40.993 771-1444/? D/usbhost: usb_device_new /dev/bus/usb/001/026 fd: 186
08-28 17:25:40.993 771-1444/? D/usbhost: usb_device_new read returned 85 errno 88
08-28 17:25:40.997 771-1444/? D/UsbHostManager: usb:UsbHostManager.beginUsbDeviceAdded(/dev/bus/usb/001/026)
08-28 17:25:40.997 771-1444/? D/UsbHostManager: usb: nm:/dev/bus/usb/001/026 vnd:1155 prd:22336 cls:2 sub:0 proto:0
08-28 17:25:40.997 771-1444/? D/UsbHostManager: before beginUsbDeviceAdded mlock
08-28 17:25:40.997 771-1444/? D/UsbHostManager: After beginUsbDeviceAdded mlock
08-28 17:25:40.997 771-1444/? D/UsbHostManager: usb:UsbHostManager.endUsbDeviceAdded()
08-28 17:25:40.997 771-1444/? D/UsbHostManager: before endUsbDeviceAdded mlock,send brodcast 
08-28 17:25:40.998 771-1444/? D/UsbHostManager: Added device UsbDevice[mName=/dev/bus/usb/001/026,mVendorId=1155,mProductId=22336,mClass=2,mSubclass=0,mProtocol=0,mManufacturerName=STMicroelectronics,mProductName=STM32 Virtual ComPort in FS Mode,mVersion=2.0,mSerialNumber=306B314B3536,mConfigurations=[
    UsbConfiguration[mId=1,mName=null,mAttributes=192,mMaxPower=50,mInterfaces=[
    UsbInterface[mId=0,mAlternateSetting=0,mName=null,mClass=2,mSubclass=2,mProtocol=1,mEndpoints=[
    UsbEndpoint[mAddress=130,mAttributes=3,mMaxPacketSize=8,mInterval=255]]
    UsbInterface[mId=1,mAlternateSetting=0,mName=null,mClass=10,mSubclass=0,mProtocol=0,mEndpoints=[
    UsbEndpoint[mAddress=1,mAttributes=2,mMaxPacketSize=64,mInterval=0]
    UsbEndpoint[mAddress=129,mAttributes=2,mMaxPacketSize=64,mInterval=0]]]]
08-28 17:25:40.998 771-1444/? W/UsbSettingsManager: no meta-data for ResolveInfo{249925f com.sunbo.idarling/com.qihancloud.alarmstrategy.alarm.AlarmModeActivity m=0x108000}
08-28 17:25:40.999 771-1444/? W/ContextImpl: Calling a method in the system process without a qualified user: android.app.ContextImpl.sendBroadcast:763 com.android.server.usb.UsbSettingsManager.deviceAttached:742 com.android.server.usb.UsbHostManager.endUsbDeviceAdded:235 com.android.server.usb.UsbHostManager.monitorUsbHostBus:-2 com.android.server.usb.UsbHostManager.-wrap0:-1 
08-28 17:25:40.999 771-1444/? D/UsbHostManager: after endUsbDeviceAdded mlock,send brodcast
08-28 17:25:41.007 700-709/? I/art: Background sticky concurrent mark sweep GC freed 5196(1380KB) AllocSpace objects, 0(0B) LOS objects, 15% free, 5MB/6MB, paused 6.624ms total 51.911ms
08-28 17:25:41.436 700-850/? I/MainService: run: LISA_EXPRESSION_UPDATE
08-28 17:25:41.569 700-836/? I/UsbMessageMrg: middle timeout
08-28 17:25:41.685 700-824/? I/UsbMessageMrg: bottom timeout
08-28 17:25:41.929 771-775/? I/art: Wrote stack traces to '/data/anr/traces.txt'
08-28 17:25:42.125 771-1341/? I/InputDispatcher: Application is not responding: Window{b1cd983 u0 com.qihancloud.zhiyin/com.qihancloud.zhiyin.ui.activity.MainActivity}.  It has been 9252.5ms since event, 5004.0ms since wait started.  Reason: Waiting to send non-key event because the touched window has not finished processing certain input events that were delivered to it over 500.0ms ago.  Wait queue length: 7.  Wait queue head age: 10769.5ms.
08-28 17:25:42.152 771-1341/? I/WindowManager: Input event dispatching timed out sending to com.qihancloud.zhiyin/com.qihancloud.zhiyin.ui.activity.MainActivity.  Reason: Waiting to send non-key event because the touched window has not finished processing certain input events that were delivered to it over 500.0ms ago.  Wait queue length: 7.  Wait queue head age: 10769.5ms.
08-28 17:25:42.507 700-808/? I/ServerNettySocket: 关闭心跳不正常的客户端:com.qihancloud.zhiyin.ui.activity.MainActivity
08-28 17:25:42.510 700-808/? I/statusInfo: {"clientName":"com.qihancloud.zhiyin.ui.activity.MainActivity","extra":"status_out","functionId":"com.qihancloud.zhiyin","statusName":"status_forbid_pir","statusValue":"0"}
08-28 17:25:42.512 700-882/? E/ServerNettySocket: 通道已关闭:/127.0.0.1:41574
08-28 17:25:42.517 700-808/? I/statusInfo: {"clientName":"com.qihancloud.zhiyin.ui.activity.MainActivity","extra":"status_out","functionId":"com.qihancloud.zhiyin","statusName":"status_forbid_wake_response","statusValue":"0"}
08-28 17:25:42.520 700-808/? I/statusInfo: {"clientName":"com.qihancloud.zhiyin.ui.activity.MainActivity","extra":"status_out","functionId":"com.qihancloud.zhiyin","statusName":"status_forbid_interrupt","statusValue":"0"}
08-28 17:25:42.526 700-808/? I/statusInfo: {"clientName":"com.qihancloud.zhiyin.ui.activity.MainActivity","extra":"status_out","functionId":"com.qihancloud.zhiyin","statusName":"status_mistakenly_identified","statusValue":"0"}
08-28 17:25:42.529 700-808/? I/statusInfo: {"clientName":"com.qihancloud.zhiyin.ui.activity.MainActivity","extra":"status_out","functionId":"com.qihancloud.zhiyin","statusName":"status_forbid_touch","statusValue":"0"}
08-28 17:25:42.535 700-808/? I/statusInfo: {"clientName":"com.qihancloud.zhiyin.ui.activity.MainActivity","extra":"status_out","functionId":"com.qihancloud.zhiyin","statusName":"status_speech_mode","statusValue":"0"}
08-28 17:25:42.540 700-808/? I/statusInfo: {"clientName":"com.qihancloud.zhiyin.ui.activity.MainActivity","extra":"status_out","functionId":"com.qihancloud.zhiyin","statusName":"status_recognize_mode","statusValue":"0"}
08-28 17:25:42.540 700-808/? E/MainService: statusMap_recognizeMap=[]
08-28 17:25:42.544 700-808/? I/statusInfo: {"clientName":"com.qihancloud.zhiyin.ui.activity.MainActivity","extra":"status_out","functionId":"com.qihancloud.zhiyin","statusName":"status_config_record","statusValue":"0"}
08-28 17:25:42.544 700-808/? E/MainService: statusMap_configRecord=null
08-28 17:25:42.546 700-808/? E/ServerNettySocket: current clients : com.qihancloud.zhiyin.ui.activity.MainActivity, com.qihancloud.map.MyService, com.qihancloud.rservice.TaskManagerService, 
08-28 17:25:42.558 7219-7245/com.qihancloud.obstacle D/IRUtils-Jni: IRUtils Wait failed! (timeout is 2000 ms)
    	waitForStreams: timeout reached
08-28 17:25:42.570 700-836/? I/UsbMessageMrg: middle timeout
08-28 17:25:42.686 700-824/? I/UsbMessageMrg: bottom timeout
08-28 17:25:43.571 700-836/? I/UsbMessageMrg: middle timeout
08-28 17:25:43.687 700-824/? I/UsbMessageMrg: bottom timeout
08-28 17:25:44.559 7219-7245/com.qihancloud.obstacle D/IRUtils-Jni: IRUtils Wait failed! (timeout is 2000 ms)
    	waitForStreams: timeout reached
08-28 17:25:44.572 700-836/? I/UsbMessageMrg: middle timeout
08-28 17:25:44.688 700-824/? I/UsbMessageMrg: bottom timeout
08-28 17:25:44.756 771-942/? I/Process: Sending signal. PID: 700 SIG: 3
08-28 17:25:44.757 700-705/? I/art: Thread[2,tid=705,WaitingInMainSignalCatcherLoop,Thread*=0xaed1a100,peer=0x12dbc0a0,"Signal Catcher"]: reacting to signal 3
08-28 17:25:44.956 771-942/? I/Process: Sending signal. PID: 2070 SIG: 3
08-28 17:25:44.957 2070-2078/? I/art: Thread[2,tid=2078,WaitingInMainSignalCatcherLoop,Thread*=0xaed1a100,peer=0x12cb50a0,"Signal Catcher"]: reacting to signal 3
08-28 17:25:45.157 771-942/? I/Process: Sending signal. PID: 2143 SIG: 3
08-28 17:25:45.157 2143-2156/? I/art: Thread[2,tid=2156,WaitingInMainSignalCatcherLoop,Thread*=0xaed1a100,peer=0x32c070a0,"Signal Catcher"]: reacting to signal 3
08-28 17:25:45.293 2070-2086/? W/art: Suspending all threads took: 27.800ms
08-28 17:25:45.301 2070-2086/? I/art: Background partial concurrent mark sweep GC freed 321(23KB) AllocSpace objects, 14(3MB) LOS objects, 53% free, 3MB/7MB, paused 28.701ms total 80.445ms
08-28 17:25:45.349 2070-2078/? I/art: Wrote stack traces to '/data/anr/traces.txt'
08-28 17:25:45.349 771-942/? I/Process: Sending signal. PID: 7219 SIG: 3
08-28 17:25:45.350 7219-7228/com.qihancloud.obstacle I/art: Thread[2,tid=7228,WaitingInMainSignalCatcherLoop,Thread*=0xaed1a100,peer=0x12da2100,"Signal Catcher"]: reacting to signal 3
08-28 17:25:45.464 2143-2156/? I/art: Wrote stack traces to '/data/anr/traces.txt'
08-28 17:25:45.464 771-942/? I/Process: Sending signal. PID: 1991 SIG: 3
08-28 17:25:45.464 1991-1997/? I/art: Thread[2,tid=1997,WaitingInMainSignalCatcherLoop,Thread*=0xaed1a100,peer=0x12c0c0a0,"Signal Catcher"]: reacting to signal 3
08-28 17:25:45.573 700-836/? I/UsbMessageMrg: middle timeout
08-28 17:25:45.649 7219-7228/com.qihancloud.obstacle I/art: Wrote stack traces to '/data/anr/traces.txt'
08-28 17:25:45.689 700-824/? I/UsbMessageMrg: bottom timeout
08-28 17:25:45.695 771-942/? E/ActivityManager: ANR in com.qihancloud.zhiyin (com.qihancloud.zhiyin/.ui.activity.MainActivity)
    PID: 19924
    Reason: Input dispatching timed out (Waiting to send non-key event because the touched window has not finished processing certain input events that were delivered to it over 500.0ms ago.  Wait queue length: 7.  Wait queue head age: 5682.2ms.)
    Load: 11.41 / 12.56 / 12.68
    CPU usage from 0ms to 8538ms later:
      277% 700/com.sunbo.main: 238% user + 39% kernel / faults: 6181 minor 2 major
      96% 236/mediaserver: 20% user + 76% kernel / faults: 139 minor
      91% 19924/com.qihancloud.zhiyin: 23% user + 67% kernel / faults: 5402 minor 12 major
      84% 2070/com.hfisone: 71% user + 12% kernel / faults: 63556 minor 3 major
      53% 771/system_server: 16% user + 37% kernel / faults: 5358 minor 18 major
      39% 2143/com.sunbo.idarling: 30% user + 9.4% kernel / faults: 1553 minor 1 major
      0% 228/debuggerd: 0% user + 0% kernel / faults: 10904 minor 11 major
      16% 1898/com.qihancloud.floatbar: 8.3% user + 8% kernel / faults: 4645 minor 2 major
      8.8% 7219/com.qihancloud.obstacle: 4.2% user + 4.6% kernel / faults: 1270 minor 8 major
      7.7% 1458/com.android.systemui: 3.3% user + 4.3% kernel / faults: 1831 minor 2 major
      6.9% 1903/com.android.phone: 2.5% user + 4.3% kernel / faults: 1635 minor 3 major
      6.2% 1991/com.qihancloud.setting: 2.6% user + 3.5% kernel / faults: 939 minor
      5% 213/surfaceflinger: 1.6% user + 3.3% kernel / faults: 6 minor
      2.2% 2138/com.qihancloud.contact: 0.7% user + 1.5% kernel
      1.6% 127/mmcqd/0: 0% user + 1.6% kernel
      1.6% 5024/kworker/0:1: 0% user + 1.6% kernel
      1.5% 178/dhd_watchdog_th: 0% user + 1.5% kernel
      1.2% 12704/top: 0.3% user + 0.9% kernel
      0.9% 1908/com.qihancloud.launcher: 0.7% user + 0.2% kernel / faults: 30 minor
      0.7% 109/auto_cpu_hotplu: 0% user + 0.7% kernel
      0.7% 244/sh: 0.1% user + 0.5% kernel / faults: 511 minor
      0.7% 267/adbd: 0% user + 0.7% kernel / faults: 76 minor
      0.7% 2044/com.qihancloud.qh_ros_service: 0.3% user + 0.3% kernel
      0.5% 352/kworker/u:0: 0% user + 0.5% kernel
      0.4% 181/logd: 0.2% user + 0.2% kernel
      0.4% 1446/sdcard: 0% user + 0.4% kernel / faults: 5 minor
      0.3% 53/khubd: 0% user + 0.3% kernel
      0.3% 124/ueventd: 0.1% user + 0.2% kernel
      0.3% 232/rild: 0% user + 0.3% kernel
      0.3% 12679/logqihancat: 0.2% user + 0.1% kernel
      0.2% 164/jbd2/mmcblk0p1-: 0% user + 0.2% kernel
      0.2% 2087/com.qihancloud.rservice: 0.2% user + 0% kernel
      0% 11234/kworker/u:2: 0% user + 0% kernel
      0.2% 29291/logcat: 0.1% user + 0.1% kernel
      0.1% 108/cfinteractive: 0% user + 0.1% kernel
      0.1% 139/flush-179:0: 0% user + 0.1% kernel
      0% 169/hdmi proc: 0% user + 0% kernel
      0.1% 179/dhd_dpc: 0% user + 0.1% kernel
      0.1% 193/vold: 0% user + 0.1% kernel
      0.1% 205/healthd: 0% user + 0.1% kernel
      0.1% 227/netd: 0.1% user + 0% kernel
      0.1% 7580/kworker/3:1: 0% user + 0.1% kernel
      0.1% 9164/com.sanbot.receptionb: 0% user + 0.1% kernel / faults: 3 minor
      0.1% 12692/busybox-smp: 0% user + 0.1% kernel
      0.1% 31618/migration/2: 0% user + 0.1% kernel
     +0% 1357/migration/7: 0% user + 0% kernel
     +0% 1358/kworker/7:1: 0% user + 0% kernel
     +0% 1359/ksoftirqd/7: 0% user + 0% kernel
     +0% 1374/kworker/7:0: 0% user + 0% kernel
     +0% 1377/migration/4: 0% user + 0% kernel
     +0% 1378/kworker/4:1: 0% user + 0% kernel
     +0% 1379/ksoftirqd/4: 0% user + 0% kernel
     +0% 1393/kworker/4:0: 0% user + 0% kernel
     +0% 1394/dumpsys: 0% user + 0% kernel
    94% TOTAL: 55% user + 37% kernel + 0.1% iowait + 1.7% softirq
    CPU usage from 6962ms to 7545ms later:
      301% 700/com.sunbo.main: 272% user + 28% kernel / faults: 111 minor
        96% 946/com.sunbo.main: 96% user + 0% kernel
        95% 836/pool-3-thread-5: 83% user + 11% kernel
        93% 824/pool-3-thread-4: 79% user + 13% kernel
        8.5% 709/HeapTaskDaemon: 6.8% user + 1.7% kernel
        1.7% 706/ReferenceQueueD: 1.7% user + 0% kernel
        1.7% 812/Thread-349: 1.7% user + 0% kernel
        1.7% 822/pool-3-thread-2: 0% user + 1.7% kernel
        1.7% 863/pool-2-thread-3: 1.7% user + 0% kernel
      98% 236/mediaserver: 22% user + 76% kernel
        98% 13753/Binder_4: 23% user + 7
08-28 17:25:45.702 700-705/? I/art: Wrote stack traces to '/data/anr/traces.txt'
08-28 17:25:45.736 23105-23105/? V/HostUsbReceiver: Received: android.hardware.usb.action.USB_DEVICE_ATTACHED
08-28 17:25:45.736 23105-23105/? V/HostUsbReceiver: the Intent is : Intent { act=android.hardware.usb.action.USB_DEVICE_ATTACHED flg=0x10000010 cmp=com.android.settings/.deviceinfo.HostUsbReceiver (has extras) }
08-28 17:25:45.769 771-784/? W/art: Suspending all threads took: 5.414ms
08-28 17:25:45.834 771-784/? I/art: Background sticky concurrent mark sweep GC freed 42297(2MB) AllocSpace objects, 14(1492KB) LOS objects, 6% free, 13MB/14MB, paused 23.928ms total 109.874ms
08-28 17:25:45.857 771-1341/? I/InputDispatcher: Dropped event because it is stale.
08-28 17:25:45.857 771-1341/? I/InputDispatcher: Dropped event because it is stale.
08-28 17:25:45.857 771-1341/? I/InputDispatcher: Dropped event because it is stale.
08-28 17:25:45.857 771-1341/? I/InputDispatcher: Dropped event because it is stale.
08-28 17:25:45.857 771-1341/? I/InputDispatcher: Dropped event because it is stale.
08-28 17:25:45.858 771-1341/? I/InputDispatcher: Dropped event because it is stale.
08-28 17:25:45.858 771-1341/? I/InputDispatcher: Dropped event because it is stale.
08-28 17:25:45.858 771-1341/? I/InputDispatcher: Dropped event because it is stale.
08-28 17:25:45.858 771-1341/? I/InputDispatcher: Dropped event because it is stale.
08-28 17:25:45.858 771-1341/? I/InputDispatcher: Dropped event because it is stale.
08-28 17:25:45.858 771-1341/? I/InputDispatcher: Dropped event because it is stale.
08-28 17:25:45.858 771-1341/? I/InputDispatcher: Dropped event because it is stale.
08-28 17:25:45.858 771-1341/? I/InputDispatcher: Dropped event because it is stale.
08-28 17:25:45.858 771-1341/? I/InputDispatcher: Dropped event because it is stale.
08-28 17:25:45.858 771-1341/? I/InputDispatcher: Dropped event because it is stale.
08-28 17:25:45.858 771-1341/? I/InputDispatcher: Dropped event because it is stale.
08-28 17:25:45.859 771-1341/? I/InputDispatcher: Dropped event because it is stale.
08-28 17:25:45.859 771-1341/? I/InputDispatcher: Dropped event because it is stale.
08-28 17:25:45.859 771-1341/? I/InputDispatcher: Dropped event because it is stale.
08-28 17:25:45.865 23105-23105/? V/HostUsbReceiver: Received: android.hardware.usb.action.USB_DEVICE_ATTACHED
08-28 17:25:45.866 23105-23105/? V/HostUsbReceiver: the Intent is : Intent { act=android.hardware.usb.action.USB_DEVICE_ATTACHED flg=0x10000010 cmp=com.android.settings/.deviceinfo.HostUsbReceiver (has extras) }
08-28 17:25:45.876 771-942/? I/ActivityManager: Skipping duplicate ANR: ProcessRecord{500a0db 19924:com.qihancloud.zhiyin/u0a80} Input dispatching timed out (Waiting to send non-key event because the touched window has not finished processing certain input events that were delivered to it over 500.0ms ago.  Wait queue length: 7.  Wait queue head age: 10769.5ms.)
08-28 17:25:45.922 23105-23105/? V/HostUsbReceiver: Received: android.hardware.usb.action.USB_DEVICE_DETACHED
08-28 17:25:45.923 23105-23105/? V/HostUsbReceiver: the Intent is : Intent { act=android.hardware.usb.action.USB_DEVICE_DETACHED flg=0x10 cmp=com.android.settings/.deviceinfo.HostUsbReceiver (has extras) }
08-28 17:25:45.928 771-1404/? I/IMGSRV: Dram size is 2018 MB
08-28 17:25:45.928 771-1404/? I/IMGSRV: Secure level is 1
08-28 17:25:45.938 771-1404/? I/IMGSRV: Allocate 4096 Bytes uncached memory via ion heap type DMA successfully, iUsage = 0x10000000
08-28 17:25:45.942 771-1404/? I/IMGSRV: Dram size is 2018 MB
08-28 17:25:45.942 771-1404/? I/IMGSRV: Secure level is 1
08-28 17:25:45.942 771-1404/? I/OpenGLRenderer: Initialized EGL, version 1.4
08-28 17:25:46.028 213-1457/? I/IMGSRV: Allocate 1523712 Bytes uncached memory via ion heap type DMA successfully, iUsage = 0x00000b00
08-28 17:25:46.045 1991-1991/? I/Choreographer: Skipped 33 frames!  The application may be doing too much work on its main thread.
08-28 17:25:46.070 1991-1997/? I/art: Wrote stack traces to '/data/anr/traces.txt'
08-28 17:25:46.097 213-1403/? I/IMGSRV: Allocate 1523712 Bytes uncached memory via ion heap type DMA successfully, iUsage = 0x00000b00
08-28 17:25:46.125 213-1403/? I/IMGSRV: Allocate 1523712 Bytes uncached memory via ion heap type DMA successfully, iUsage = 0x00000b00
08-28 17:25:46.559 7219-7245/com.qihancloud.obstacle D/IRUtils-Jni: IRUtils Wait failed! (timeout is 2000 ms)
    	waitForStreams: timeout reached
08-28 17:25:46.577 700-836/? I/UsbMessageMrg: middle timeout
08-28 17:25:46.690 700-824/? I/UsbMessageMrg: bottom timeout
08-28 17:25:47.579 700-836/? I/UsbMessageMrg: middle timeout
08-28 17:25:47.691 700-824/? I/UsbMessageMrg: bottom timeout
08-28 17:25:48.559 7219-7245/com.qihancloud.obstacle D/IRUtils-Jni: IRUtils Wait failed! (timeout is 2000 ms)
    	waitForStreams: timeout reached
08-28 17:25:48.580 700-836/? I/UsbMessageMrg: middle timeout
08-28 17:25:48.692 700-824/? I/UsbMessageMrg: bottom timeout
08-28 17:25:49.009 19924-878/? E/ClientNettySocket: Client:---localhost/127.0.0.1:12000---掉线
08-28 17:25:49.009 19924-878/? I/SanbotOpenSDK: onSocketDisconnected
08-28 17:25:49.009 19924-878/? E/ClientNettySocket: 关闭socket流
08-28 17:25:49.416 19924-19930/? I/art: Wrote stack traces to '/data/anr/traces.txt'
08-28 17:25:49.581 700-836/? I/UsbMessageMrg: middle timeout
08-28 17:25:49.693 700-824/? I/UsbMessageMrg: bottom timeout
08-28 17:25:50.559 7219-7245/com.qihancloud.obstacle D/IRUtils-Jni: IRUtils Wait failed! (timeout is 2000 ms)
    	waitForStreams: timeout reached
08-28 17:25:50.582 700-836/? I/UsbMessageMrg: middle timeout
08-28 17:25:50.590 771-1018/? D/UsbAlsaManager: ALSA device removed: AlsaDevice: [card: 1, device: 0, type: 2]
08-28 17:25:50.593 771-1444/? D/usbhost: gone device /dev/bus/usb/001/019
08-28 17:25:50.593 771-1444/? D/UsbHostManager: before usbDeviceRemoved mlock,send brodcast 
08-28 17:25:50.694 700-824/? I/UsbMessageMrg: bottom timeout
08-28 17:25:51.583 700-836/? I/UsbMessageMrg: middle timeout
08-28 17:25:51.695 700-824/? I/UsbMessageMrg: bottom timeout
08-28 17:25:52.560 7219-7245/com.qihancloud.obstacle D/IRUtils-Jni: IRUtils Wait failed! (timeout is 2000 ms)
    	waitForStreams: timeout reached
08-28 17:25:52.584 700-836/? I/UsbMessageMrg: middle timeout
08-28 17:25:52.696 700-824/? I/UsbMessageMrg: bottom timeout
08-28 17:25:53.273 771-1406/? D/WifiStateMachine: starting scan for "TP-LINK_jiqiren"WPA_PSK with 2437
08-28 17:25:53.552 700-808/? E/ServerNettySocket: current clients : com.qihancloud.map.MyService, com.qihancloud.rservice.TaskManagerService, 
08-28 17:25:53.585 700-836/? I/UsbMessageMrg: middle timeout
08-28 17:25:53.625 2524-2524/? D/qhpower: need keepScreenOn,qhpower sleep 5s
08-28 17:25:53.697 700-824/? I/UsbMessageMrg: bottom timeout
08-28 17:25:53.849 771-1018/? D/UsbAlsaManager: Adding ALSA device AlsaDevice: [card: 1, device: 0, type: 2]
08-28 17:25:54.560 7219-7245/com.qihancloud.obstacle D/IRUtils-Jni: IRUtils Wait failed! (timeout is 2000 ms)
    	waitForStreams: timeout reached
08-28 17:25:54.586 700-836/? I/UsbMessageMrg: middle timeout
08-28 17:25:54.698 700-824/? I/UsbMessageMrg: bottom timeout
08-28 17:25:55.587 700-836/? I/UsbMessageMrg: middle timeout
08-28 17:25:55.679 19924-19934/? I/art: Background sticky concurrent mark sweep GC freed 35392(4MB) AllocSpace objects, 304(7MB) LOS objects, 34% free, 23MB/36MB, paused 4.947ms total 121.297ms
08-28 17:25:55.699 700-824/? I/UsbMessageMrg: bottom timeout
08-28 17:25:56.560 7219-7245/com.qihancloud.obstacle D/IRUtils-Jni: IRUtils Wait failed! (timeout is 2000 ms)
    	waitForStreams: timeout reached
08-28 17:25:56.588 700-836/? I/UsbMessageMrg: middle timeout
08-28 17:25:56.700 700-824/? I/UsbMessageMrg: bottom timeout
08-28 17:25:56.897 213-1403/? I/IMGSRV: Allocate 9216000 Bytes cached memory via ion heap type DMA successfully, iUsage = 0x00000333
08-28 17:25:57.589 700-836/? I/UsbMessageMrg: middle timeout
08-28 17:25:57.701 700-824/? I/UsbMessageMrg: bottom timeout
08-28 17:25:58.560 7219-7245/com.qihancloud.obstacle D/IRUtils-Jni: IRUtils Wait failed! (timeout is 2000 ms)
    	waitForStreams: timeout reached
08-28 17:25:58.590 700-836/? I/UsbMessageMrg: middle timeout
08-28 17:25:58.702 700-824/? I/UsbMessageMrg: bottom timeout
08-28 17:25:59.434 1677-1677/? D/AndroidRuntime: >>>>>> START com.android.internal.os.RuntimeInit uid 2000 <<<<<<
08-28 17:25:59.451 1677-1677/? D/AndroidRuntime: CheckJNI is OFF
08-28 17:25:59.595 700-836/? I/UsbMessageMrg: middle timeout
08-28 17:25:59.635 1677-1677/? D/ICU: No timezone override file found: /data/misc/zoneinfo/current/icu/icu_tzdata.dat
08-28 17:25:59.703 700-824/? I/UsbMessageMrg: bottom timeout
08-28 17:25:59.763 1677-1677/? E/memtrack: Couldn't load memtrack module (No such file or directory)
08-28 17:25:59.763 1677-1677/? E/android.os.Debug: failed to load memtrack module: -2
08-28 17:25:59.780 1677-1677/? I/Radio-JNI: register_android_hardware_Radio DONE
08-28 17:25:59.864 1677-1677/? D/AndroidRuntime: Calling main entry com.android.commands.am.Am
08-28 17:25:59.930 2512-2512/? D/MediaScannerReceiver: action: android.intent.action.MEDIA_SCANNER_SCAN_FILE path: /storage/emulated/0/screenshot.png
08-28 17:25:59.935 1677-1677/? D/AndroidRuntime: Shutting down VM
08-28 17:26:00.095 1908-1908/? I/timeView: tag:status_time
08-28 17:26:00.131 2087-2087/? D/recetlog: [main] DEBUG [AutoChargeModule.java:onTimeChange:148] - onTimeChange:AttendanceEntity{id=1, type='charge_m', state='null', rostagId=0, rostagName='null', startTime='0000', endTime='0700'}
08-28 17:26:00.134 2087-2087/? D/recetlog: [main] DEBUG [AutoChargeModule.java:onTimeChange:148] - onTimeChange:AttendanceEntity{id=5, type='charge_n', state='null', rostagId=0, rostagName='null', startTime='2001', endTime='2359'}
08-28 17:26:00.561 7219-7245/com.qihancloud.obstacle D/IRUtils-Jni: IRUtils Wait failed! (timeout is 2000 ms)
    	waitForStreams: timeout reached
08-28 17:26:00.596 700-836/? I/UsbMessageMrg: middle timeout
08-28 17:26:00.704 700-824/? I/UsbMessageMrg: bottom timeout
08-28 17:26:01.597 700-836/? I/UsbMessageMrg: middle timeout
08-28 17:26:01.705 700-824/? I/UsbMessageMrg: bottom timeout
08-28 17:26:02.561 7219-7245/com.qihancloud.obstacle D/IRUtils-Jni: IRUtils Wait failed! (timeout is 2000 ms)
    	waitForStreams: timeout reached
08-28 17:26:02.604 700-836/? I/UsbMessageMrg: middle timeout
08-28 17:26:02.706 700-824/? I/UsbMessageMrg: bottom timeout
08-28 17:26:03.605 700-836/? I/UsbMessageMrg: middle timeout
08-28 17:26:03.707 700-824/? I/UsbMessageMrg: bottom timeout
08-28 17:26:04.556 700-808/? E/ServerNettySocket: current clients : com.qihancloud.map.MyService, com.qihancloud.rservice.TaskManagerService, 
08-28 17:26:04.561 7219-7245/com.qihancloud.obstacle D/IRUtils-Jni: IRUtils Wait failed! (timeout is 2000 ms)
    	waitForStreams: timeout reached
08-28 17:26:04.616 700-836/? I/UsbMessageMrg: middle timeout
08-28 17:26:04.708 700-824/? I/UsbMessageMrg: bottom timeout
08-28 17:26:05.607 700-836/? I/UsbMessageMrg: middle timeout
08-28 17:26:05.709 700-824/? I/UsbMessageMrg: bottom timeout
08-28 17:26:06.562 7219-7245/com.qihancloud.obstacle D/IRUtils-Jni: IRUtils Wait failed! (timeout is 2000 ms)
    	waitForStreams: timeout reached
08-28 17:26:06.608 700-836/? I/UsbMessageMrg: middle timeout
08-28 17:26:06.710 700-824/? I/UsbMessageMrg: bottom timeout
08-28 17:26:07.609 700-836/? I/UsbMessageMrg: middle timeout
08-28 17:26:07.711 700-824/? I/UsbMessageMrg: bottom timeout
08-28 17:26:08.562 7219-7245/com.qihancloud.obstacle D/IRUtils-Jni: IRUtils Wait failed! (timeout is 2000 ms)
    	waitForStreams: timeout reached
08-28 17:26:08.610 700-836/? I/UsbMessageMrg: middle timeout
08-28 17:26:08.671 2524-2524/? D/qhpower: need keepScreenOn,qhpower sleep 5s
08-28 17:26:08.712 700-824/? I/UsbMessageMrg: bottom timeout
08-28 17:26:09.177 771-943/? W/ActivityManager:   Force finishing activity com.qihancloud.zhiyin/.ui.activity.MainActivity
08-28 17:26:09.207 213-1457/? I/IMGSRV: Allocate 1925120 Bytes cached memory via ion heap type DMA successfully, iUsage = 0x00000333
08-28 17:26:09.276 771-943/? I/ActivityManager: Killing 19924:com.qihancloud.zhiyin/u0a80 (adj 0): user request after error
08-28 17:26:09.391 771-2051/? I/WindowState: WIN DEATH: Window{b1cd983 u0 com.qihancloud.zhiyin/com.qihancloud.zhiyin.ui.activity.MainActivity}
08-28 17:26:09.392 771-809/? D/GraphicsStats: Buffer count: 9
08-28 17:26:09.400 771-810/? I/WindowState: WIN DEATH: Window{9c28d9b u0 SurfaceView}
08-28 17:26:09.597 771-2077/? W/ActivityManager: Scheduling restart of crashed service com.qihancloud.zhiyin/.service.MusicPlayerService in 1000ms
08-28 17:26:09.611 700-836/? I/UsbMessageMrg: middle timeout
08-28 17:26:09.634 221-255/? D/Sayeye: current scense is (Normal)
08-28 17:26:09.634 221-255/? D/Sayeye: Scense (Normal) state set succeed
08-28 17:26:09.637 771-948/? I/DynamicPManagerService: Current Scense:normal
08-28 17:26:09.671 1908-1908/? I/SanbotOpenSDK:     Activity onStart^^^^^^^^^^^^^^com.qihancloud.launcher
08-28 17:26:09.681 1908-1908/? I/SanbotOpenSDK:     Activity onResume^^^^^^^^^^^^^^com.qihancloud.launcher
08-28 17:26:09.709 1908-1908/? I/launcher:  广播关闭floatbar
08-28 17:26:09.710 1898-3759/? I/Cris: update: className==com.qihancloud.launcher.MainActivity
08-28 17:26:09.713 700-824/? I/UsbMessageMrg: bottom timeout
08-28 17:26:09.759 1908-1909/? E/ClientNettySocket: Client:---localhost/127.0.0.1:12000---在线
08-28 17:26:09.783 2793-2793/? I/PreInstallReceiver: onReceive: action = com.qihancloud.gohome
08-28 17:26:09.783 1908-19298/? D/launcher.Desktop:   animId:0   是否包含该id：true
08-28 17:26:09.783 1908-19298/? D/launcher_SView: change
08-28 17:26:09.801 700-1911/? E/ServerNettySocket: 通道已激活:/127.0.0.1:41585
08-28 17:26:09.810 771-1024/? W/AppOps: Finishing op nesting under-run: uid 1000 pkg android code 24 time=0 duration=0 nesting=0
08-28 17:26:09.827 1908-1908/? D/launcher_SView:  surfaceView Created
08-28 17:26:09.827 1908-1908/? D/launcher_SView:  surfaceView Changed
08-28 17:26:09.881 1908-2290/? I/IMGSRV: Dram size is 2018 MB
08-28 17:26:09.882 1908-2290/? I/IMGSRV: Secure level is 1
08-28 17:26:09.884 1908-2290/? I/IMGSRV: Allocate 4096 Bytes uncached memory via ion heap type DMA successfully, iUsage = 0x10000000
08-28 17:26:09.887 1908-2290/? W/linker: /system/vendor/lib/libpvrANDROID_WSEGL.so: is missing DT_SONAME will use basename as a replacement: "libpvrANDROID_WSEGL.so"
08-28 17:26:09.889 1908-2290/? I/IMGSRV: Dram size is 2018 MB
08-28 17:26:09.889 1908-2290/? I/IMGSRV: Secure level is 1
08-28 17:26:09.889 1908-2290/? I/OpenGLRenderer: Initialized EGL, version 1.4
08-28 17:26:09.907 213-1485/? I/IMGSRV: Allocate 724992 Bytes cached memory via ion heap type DMA successfully, iUsage = 0x00000933
08-28 17:26:09.953 213-305/? I/IMGSRV: Allocate 9216000 Bytes uncached memory via ion heap type DMA successfully, iUsage = 0x00000b00
08-28 17:26:10.003 700-1911/? I/statusInfo: {"clientName":"com.qihancloud.launcher.MainActivity","extra":"activity","functionId":"com.qihancloud.launcher","statusName":"status_in","statusValue":"0"}
08-28 17:26:10.006 700-812/? E/AppManager: isNeedRecordfalse
08-28 17:26:10.009 700-1911/? I/statusInfo: {"clientName":"com.qihancloud.launcher.MainActivity","extra":"status_in","functionId":"com.qihancloud.launcher","statusName":"status_forbid_pir","statusValue":"0"}
08-28 17:26:10.015 1908-19298/? D/launcher.AppProvider: match 4 insert 186
08-28 17:26:10.027 700-1911/? I/statusInfo: {"clientName":"com.qihancloud.launcher.MainActivity","extra":"status_in","functionId":"com.qihancloud.launcher","statusName":"status_forbid_wake_response","statusValue":"0"}
08-28 17:26:10.041 700-1911/? I/statusInfo: {"clientName":"com.qihancloud.launcher.MainActivity","extra":"status_in","functionId":"com.qihancloud.launcher","statusName":"status_sdk_version","statusValue":"1.0.1"}
08-28 17:26:10.041 700-1911/? W/System.err: java.lang.NumberFormatException: Invalid int: "1.0.1"
08-28 17:26:10.042 700-1911/? W/System.err:     at java.lang.Integer.invalidInt(Integer.java:138)
08-28 17:26:10.042 700-1911/? W/System.err:     at java.lang.Integer.parse(Integer.java:410)
08-28 17:26:10.042 700-1911/? W/System.err:     at java.lang.Integer.parseInt(Integer.java:367)
08-28 17:26:10.042 700-1911/? W/System.err:     at java.lang.Integer.parseInt(Integer.java:334)
08-28 17:26:10.042 700-1911/? W/System.err:     at com.sunbo.main.MainService.setCurrentStatus(MainService.java:633)
08-28 17:26:10.042 700-1911/? W/System.err:     at com.sunbo.main.MainService$44.onResult(MainService.java:5555)
08-28 17:26:10.043 700-1911/? W/System.err:     at com.qihancloud.utils.socket.ServerSocketUtil.receiverBundle(ServerSocketUtil.java:354)
08-28 17:26:10.043 700-1911/? W/System.err:     at com.qihancloud.utils.socket.ServerSocketUtil.dealReceiveBundle(ServerSocketUtil.java:402)
08-28 17:26:10.043 700-1911/? W/System.err:     at com.qihancloud.utils.socket.ServerSocketUtil.access$600(ServerSocketUtil.java:50)
08-28 17:26:10.043 700-1911/? W/System.err:     at com.qihancloud.utils.socket.ServerSocketUtil$3$1.receiveData(ServerSocketUtil.java:178)
08-28 17:26:10.043 700-1911/? W/System.err:     at com.qihancloud.utils.socket.DiscardServerHandler.channelRead(DiscardServerHandler.java:23)
08-28 17:26:10.043 700-1911/? W/System.err:     at io.netty.channel.AbstractChannelHandlerContext.invokeChannelRead(AbstractChannelHandlerContext.java:362)
08-28 17:26:10.043 700-1911/? W/System.err:     at io.netty.channel.AbstractChannelHandlerContext.invokeChannelRead(AbstractChannelHandlerContext.java:348)
08-28 17:26:10.043 700-1911/? W/System.err:     at io.netty.channel.AbstractChannelHandlerContext.fireChannelRead(AbstractChannelHandlerContext.java:340)
08-28 17:26:10.043 700-1911/? W/System.err:     at io.netty.handler.codec.ByteToMessageDecoder.fireChannelRead(ByteToMessageDecoder.java:310)
08-28 17:26:10.043 700-1911/? W/System.err:     at io.netty.handler.codec.ByteToMessageDecoder.channelRead(ByteToMessageDecoder.java:284)
08-28 17:26:10.043 700-1911/? W/System.err:     at io.netty.channel.AbstractChannelHandlerContext.invokeChannelRead(AbstractChannelHandlerContext.java:362)
08-28 17:26:10.043 700-1911/? W/System.err:     at io.netty.channel.AbstractChannelHandlerContext.invokeChannelRead(AbstractChannelHandlerContext.java:348)
08-28 17:26:10.043 700-1911/? W/System.err:     at io.netty.channel.AbstractChannelHandlerContext.fireChannelRead(AbstractChannelHandlerContext.java:340)
08-28 17:26:10.043 700-1911/? W/System.err:     at io.netty.channel.DefaultChannelPipeline$HeadContext.channelRead(DefaultChannelPipeline.java:1334)
08-28 17:26:10.043 700-1911/? W/System.err:     at io.netty.channel.AbstractChannelHandlerContext.invokeChannelRead(AbstractChannelHandlerContext.java:362)
08-28 17:26:10.043 700-1911/? W/System.err:     at io.netty.channel.AbstractChannelHandlerContext.invokeChannelRead(AbstractChannelHandlerContext.java:348)
08-28 17:26:10.043 700-1911/? W/System.err:     at io.netty.channel.DefaultChannelPipeline.fireChannelRead(DefaultChannelPipeline.java:926)
08-28 17:26:10.043 700-1911/? W/System.err:     at io.netty.channel.nio.AbstractNioByteChannel$NioByteUnsafe.read(AbstractNioByteChannel.java:134)
08-28 17:26:10.043 700-1911/? W/System.err:     at io.netty.channel.nio.NioEventLoop.processSelectedKey(NioEventLoop.java:644)
08-28 17:26:10.043 700-1911/? W/System.err:     at io.netty.channel.nio.NioEventLoop.processSelectedKeysPlain(NioEventLoop.java:544)
08-28 17:26:10.043 700-1911/? W/System.err:     at io.netty.channel.nio.NioEventLoop.processSelectedKeys(NioEventLoop.java:498)
08-28 17:26:10.043 700-1911/? W/System.err:     at io.netty.channel.nio.NioEventLoop.run(NioEventLoop.java:458)
08-28 17:26:10.043 700-1911/? W/System.err:     at io.netty.util.concurrent.SingleThreadEventExecutor$5.run(SingleThreadEventExecutor.java:858)
08-28 17:26:10.044 700-1911/? W/System.err:     at io.netty.util.concurrent.DefaultThreadFactory$DefaultRunnableDecorator.run(DefaultThreadFactory.java:138)
08-28 17:26:10.044 700-1911/? W/System.err:     at java.lang.Thread.run(Thread.java:818)
08-28 17:26:10.063 700-1911/? I/statusInfo: {"clientName":"com.qihancloud.launcher.MainActivity","extra":"status_in","functionId":"com.qihancloud.launcher","statusName":"status_mistakenly_identified","statusValue":"0"}
08-28 17:26:10.088 700-1911/? I/statusInfo: {"clientName":"com.qihancloud.launcher.MainActivity","extra":"status_in","functionId":"com.qihancloud.launcher","statusName":"status_forbid_touch","statusValue":"0"}
08-28 17:26:10.128 213-303/? I/IMGSRV: Allocate 724992 Bytes cached memory via ion heap type DMA successfully, iUsage = 0x00000933
08-28 17:26:10.132 700-1911/? I/statusInfo: {"clientName":"com.qihancloud.launcher.MainActivity","extra":"status_in","functionId":"com.qihancloud.launcher","statusName":"status_speech_mode","statusValue":"0"}
08-28 17:26:10.163 700-1911/? I/statusInfo: {"clientName":"com.qihancloud.launcher.MainActivity","extra":"status_in","functionId":"com.qihancloud.launcher","statusName":"status_recognize_mode","statusValue":"1"}
08-28 17:26:10.163 700-1911/? E/MainService: statusMap_recognizeMap=[com.qihancloud.launcher.MainActivity]
08-28 17:26:10.182 700-1911/? I/statusInfo: {"clientName":"com.qihancloud.launcher.MainActivity","extra":"status_in","functionId":"com.qihancloud.launcher","statusName":"status_config_record","statusValue":"0"}
08-28 17:26:10.182 700-1911/? E/MainService: statusMap_configRecord=null
08-28 17:26:10.210 700-1911/? E/MainService: socketcommand,functionId=com.qihancloud.launcher,cmd=293,subCmd=0,content=
08-28 17:26:10.218 1908-1908/? I/SanbotOpenSDK: {"description":"指令执行成功","errorCode":1,"result":"1.8.28"}
08-28 17:26:10.277 700-1911/? E/MainService: socketcommand,functionId=com.qihancloud.launcher,cmd=273,subCmd=0,content=
08-28 17:26:10.277 700-1911/? D/SpeechManager: gotoSleep mode=0
08-28 17:26:10.277 700-1911/? D/SpeechManager: SpeechCmdReconizerStop+++
08-28 17:26:10.277 700-1911/? D/IflytekRecognizeManager: 停止语音识别
08-28 17:26:10.282 771-1896/? I/MediaFocusControl:  AudioFocus  abandonAudioFocus() from android.media.AudioManager@1ac8c6
08-28 17:26:10.287 700-1911/? I/Cris: ledLevel==10
08-28 17:26:10.288 700-1911/? I/Cris: which==0 color==1
08-28 17:26:10.288 700-1911/? E/mcu: 发送到单片机 5
08-28 17:26:10.332 1908-1908/? I/SanbotOpenSDK: {"description":"指令执行成功","errorCode":1,"result":""}
08-28 17:26:10.349 771-2077/? W/InputMethodManagerService: Got RemoteException sending setActive(false) notification to pid 19924 uid 10080
08-28 17:26:10.350 1891-1891/? D/input_tool -> OpenWnnZHCN.onFinishInput(Line:2646):  exit 
08-28 17:26:10.355 1891-1891/? D/input_tool -> OpenWnnZHCN.initializeScreen(Line:2614): initializeScreen
08-28 17:26:10.356 1891-1891/? D/input_tool -> OpenWnnZHCN.onStartInput(Line:2655): onStartInput
08-28 17:26:10.358 1891-1891/? D/input_tool -> OpenWnn.onStartInput(Line:230): bundle edit control，and clear Composing text!
08-28 17:26:10.542 2530-2530/? I/ZEUS: 28d17:26:10(zeus.c/822):
    for each with monitor_circle: 222
08-28 17:26:10.542 2530-2530/? I/ZEUS: 28d17:26:10(zeus.c/825):start monit task need_reboot_monitor
08-28 17:26:10.542 2530-2530/? I/ZEUS: 28d17:26:10(zeus.c/591):MT_INTERNAL MODE: need_reboot_monitor
08-28 17:26:10.542 2530-2530/? I/ZEUS: 28d17:26:10(zeus.c/412):do not monitor this time
08-28 17:26:10.543 2530-2530/? I/ZEUS: 28d17:26:10(zeus.c/574):monitor_circle is 222,last circle is 0 ,so clear action_record
08-28 17:26:10.543 2530-2530/? I/ZEUS: 28d17:26:10(zeus.c/825):start monit task service_communi
08-28 17:26:10.543 2530-2530/? I/ZEUS: 28d17:26:10(zeus.c/591):MT_INTERNAL MODE: service_communi
08-28 17:26:10.543 2530-2530/? I/ZEUS: 28d17:26:10(zeus.c/412):do not monitor this time
08-28 17:26:10.543 2530-2530/? I/ZEUS: 28d17:26:10(zeus.c/574):monitor_circle is 222,last circle is 0 ,so clear action_record
08-28 17:26:10.543 2530-2530/? I/ZEUS: 28d17:26:10(zeus.c/825):start monit task /system/bin/mediaserver
08-28 17:26:10.543 2530-2530/? I/ZEUS: 28d17:26:10(proc.c/317):start check_know_proc
08-28 17:26:10.543 2530-2530/? I/ZEUS: 28d17:26:10(proc.c/335):check_know_proc OK,no change
08-28 17:26:10.562 7219-7245/com.qihancloud.obstacle D/IRUtils-Jni: IRUtils Wait failed! (timeout is 2000 ms)
    	waitForStreams: timeout reached
08-28 17:26:10.612 700-836/? I/UsbMessageMrg: middle timeout
08-28 17:26:10.648 771-942/? I/ActivityManager: Start proc 1971:com.qihancloud.zhiyin/u0a80 for service com.qihancloud.zhiyin/.service.MusicPlayerService
08-28 17:26:10.714 700-824/? I/UsbMessageMrg: bottom timeout
08-28 17:26:10.763 213-303/? I/IMGSRV: Allocate 9216000 Bytes uncached memory via ion heap type DMA successfully, iUsage = 0x00000b00
08-28 17:26:10.922 1971-1971/? I/MultiDex: VM with version 2.1.0 has multidex support
08-28 17:26:10.922 1971-1971/? I/MultiDex: Installing application
08-28 17:26:10.923 1971-1971/? I/MultiDex: VM has multidex support, MultiDex support library is disabled.
08-28 17:26:10.923 1971-1971/? I/MultiDex: Installing application
08-28 17:26:10.923 1971-1971/? I/MultiDex: VM has multidex support, MultiDex support library is disabled.
08-28 17:26:10.923 1971-1971/? D/TIME_TEST: MyApplication attachBaseContext
08-28 17:26:10.923 1971-1971/? D/TIME_TEST: MyApplication onCreate start
08-28 17:26:10.951 1971-1971/? D/SystemUtils: currentapiVersion:23,systemVersion = v0.21.59.413
08-28 17:26:10.954 1971-1971/? D/SystemUtils: versionCode:413,robotType = 413
08-28 17:26:10.955 771-1024/? I/ActivityManager: Timeline: Activity_windows_visible id: com.qihancloud.launcher time:13811459
08-28 17:26:10.956 1971-1971/? D/SystemUtils: isJingGangRobot:true
08-28 17:26:10.956 1971-1971/? D/MyApplication: isJinGangRobot =true
08-28 17:26:10.960 1971-1971/? V/SystemUtils: bundle out1:0
08-28 17:26:10.960 1971-1971/? D/MyApplication: getCurrentRobotType:0,getOldRobotType:0
08-28 17:26:10.972 1971-1971/? D/TIME_TEST: MyApplication onCreate complete
08-28 17:26:10.978 1971-1971/? D/MUSIC_SERVICE: MusicPlayerService onCreate
08-28 17:26:10.980 1971-1971/? D/MUSIC_SERVICE: MusicPlayerService onStartCommand
08-28 17:26:11.011 1971-2023/? D/SystemUtils: currentapiVersion:23,systemVersion = v0.21.59.413
08-28 17:26:11.015 1971-2023/? D/SystemUtils: versionCode:413,robotType = 413
08-28 17:26:11.015 1971-2023/? D/MyApplication: getSystemVersionType isOverseaVersion=false
08-28 17:26:11.033 1971-2022/? I/connect:   s:{"cmd":10000,"content":"{}"}
08-28 17:26:11.039 2138-26492/? I/contact.cmd: RemoteCmdHandler handlerCmd  input:{"cmd":10000,"content":"{}"}  NativeProxy.getInstance()==null:false packageName:com.qihancloud.zhiyin
08-28 17:26:11.050 1971-2024/? I/MyApplication: VERSION_CODE:20190823,today:20190828,futureDate:20190902
08-28 17:26:11.076 2138-26492/? I/ouyang:   relativePath:
08-28 17:26:11.076 2138-26492/? I/contact.cmd:  RemoteCmdHandler handlerCmd   outPut {"icon":"","name":"testcpx19","account":"testcpx19","uid":26120,"companyId":500,"result":1}
08-28 17:26:11.078 1971-2022/? D/MyApplication: isSystemManagerExist:true
08-28 17:26:11.140 771-1024/? W/WindowAnimator: Failed to dispatch window animation state change.
    android.os.DeadObjectException
        at android.os.BinderProxy.transactNative(Native Method)
        at android.os.BinderProxy.transact(Binder.java:503)
        at android.view.IWindow$Stub$Proxy.onAnimationStopped(IWindow.java:534)
        at com.android.server.wm.WindowAnimator.updateWindowsLocked(WindowAnimator.java:286)
        at com.android.server.wm.WindowAnimator.animateLocked(WindowAnimator.java:678)
        at com.android.server.wm.WindowAnimator.-wrap0(WindowAnimator.java)
        at com.android.server.wm.WindowAnimator$1.doFrame(WindowAnimator.java:123)
        at android.view.Choreographer$CallbackRecord.run(Choreographer.java:856)
        at android.view.Choreographer.doCallbacks(Choreographer.java:670)
        at android.view.Choreographer.doFrame(Choreographer.java:603)
        at android.view.Choreographer$FrameDisplayEventReceiver.run(Choreographer.java:844)
        at android.os.Handler.handleCallback(Handler.java:739)
        at android.os.Handler.dispatchMessage(Handler.java:95)
        at android.os.Looper.loop(Looper.java:148)
        at android.os.HandlerThread.run(HandlerThread.java:61)
        at com.android.server.ServiceThread.run(ServiceThread.java:46)
08-28 17:26:11.141 771-1024/? W/WindowAnimator: Failed to dispatch window animation state change.
    android.os.DeadObjectException
        at android.os.BinderProxy.transactNative(Native Method)
        at android.os.BinderProxy.transact(Binder.java:503)
        at android.view.IWindow$Stub$Proxy.onAnimationStopped(IWindow.java:534)
        at com.android.server.wm.WindowAnimator.updateWindowsLocked(WindowAnimator.java:286)
        at com.android.server.wm.WindowAnimator.animateLocked(WindowAnimator.java:678)
        at com.android.server.wm.WindowAnimator.-wrap0(WindowAnimator.java)
        at com.android.server.wm.WindowAnimator$1.doFrame(WindowAnimator.java:123)
        at android.view.Choreographer$CallbackRecord.run(Choreographer.java:856)
        at android.view.Choreographer.doCallbacks(Choreographer.java:670)
        at android.view.Choreographer.doFrame(Choreographer.java:603)
        at android.view.Choreographer$FrameDisplayEventReceiver.run(Choreographer.java:844)
        at android.os.Handler.handleCallback(Handler.java:739)
        at android.os.Handler.dispatchMessage(Handler.java:95)
        at android.os.Looper.loop(Looper.java:148)
        at android.os.HandlerThread.run(HandlerThread.java:61)
        at com.android.server.ServiceThread.run(ServiceThread.java:46)
08-28 17:26:11.613 700-836/? I/UsbMessageMrg: middle timeout
08-28 17:26:11.715 700-824/? I/UsbMessageMrg: bottom timeout
08-28 17:26:12.169 2530-2530/? I/ZEUS: 28d17:26:12(proc.c/64):get_rss_from_pid: 143824K   23812K   16500K   13208K   10552K      52K   12404K    1052K  TOTAL
08-28 17:26:12.170 2530-2530/? I/ZEUS: 28d17:26:12(proc.c/72):after strtok,the rss is: 23812K
08-28 17:26:12.170 2530-2530/? D/ZEUS: 28d17:26:12(zeus.c/627):-----------------------------------------------
08-28 17:26:12.170 2530-2530/? D/ZEUS: 28d17:26:12(zeus.c/628):/system/bin/mediaserver pid is 236 open files is 23,mem is23812K
08-28 17:26:12.170 2530-2530/? I/ZEUS: 28d17:26:12(zeus.c/574):monitor_circle is 222,last circle is 0 ,so clear action_record
08-28 17:26:12.170 2530-2530/? I/ZEUS: 28d17:26:12(zeus.c/825):start monit task com.sanbot.c_test
08-28 17:26:12.170 2530-2530/? I/ZEUS: 28d17:26:12(proc.c/317):start check_know_proc
08-28 17:26:12.170 2530-2530/? E/ZEUS: 28d17:26:12(proc.c/45):can't find dir /proc/-1
08-28 17:26:12.170 2530-2530/? E/ZEUS: 28d17:26:12(zeus.c/601):process com.sanbot.c_test maybe has changed,need find it and fetch it
08-28 17:26:12.170 2530-2530/? I/ZEUS: 28d17:26:12(proc.c/177): start find pid_num by  cmd: com.sanbot.c_test,my_pid is 2530
08-28 17:26:12.181 2530-2530/? E/ZEUS: 28d17:26:12(proc.c/214):can't find pid_num -1 by  cmd: com.sanbot.c_test,my_pid is 2530
08-28 17:26:12.181 2530-2530/? E/ZEUS: 28d17:26:12(zeus.c/609):can't found com.sanbot.c_test, need do action
08-28 17:26:12.181 2530-2530/? I/ZEUS: 28d17:26:12(zeus.c/574):monitor_circle is 222,last circle is 0 ,so clear action_record
08-28 17:26:12.181 2530-2530/? I/ZEUS: 28d17:26:12(zeus.c/825):start monit task com.sanbot.c_test
08-28 17:26:12.181 2530-2530/? I/ZEUS: 28d17:26:12(proc.c/317):start check_know_proc
08-28 17:26:12.181 2530-2530/? E/ZEUS: 28d17:26:12(proc.c/45):can't find dir /proc/-1
08-28 17:26:12.181 2530-2530/? E/ZEUS: 28d17:26:12(zeus.c/601):process com.sanbot.c_test maybe has changed,need find it and fetch it
08-28 17:26:12.181 2530-2530/? I/ZEUS: 28d17:26:12(proc.c/177): start find pid_num by  cmd: com.sanbot.c_test,my_pid is 2530
08-28 17:26:12.193 2530-2530/? E/ZEUS: 28d17:26:12(proc.c/214):can't find pid_num -1 by  cmd: com.sanbot.c_test,my_pid is 2530
08-28 17:26:12.193 2530-2530/? E/ZEUS: 28d17:26:12(zeus.c/609):can't found com.sanbot.c_test, need do action
08-28 17:26:12.193 2530-2530/? I/ZEUS: 28d17:26:12(zeus.c/574):monitor_circle is 222,last circle is 0 ,so clear action_record
08-28 17:26:12.193 2530-2530/? I/ZEUS: 28d17:26:12(zeus.c/591):MT_INTERNAL MODE: system_lock_monitor
08-28 17:26:12.300 2092-2092/? E/Parcel: Reading a NULL string not supported here.
08-28 17:26:12.300 2092-2092/? E/Parcel: Reading a NULL string not supported here.
08-28 17:26:12.301 2092-2092/? E/Parcel: Reading a NULL string not supported here.
08-28 17:26:12.304 2092-2092/? E/Parcel: Reading a NULL string not supported here.
08-28 17:26:12.307 2092-2092/? E/Parcel: Reading a NULL string not supported here.
08-28 17:26:12.323 2092-2092/? E/Parcel: Reading a NULL string not supported here.
08-28 17:26:12.325 2092-2092/? E/Parcel: Reading a NULL string not supported here.
08-28 17:26:12.326 2092-2092/? E/Parcel: Reading a NULL string not supported here.
08-28 17:26:12.327 2092-2092/? E/Parcel: Reading a NULL string not supported here.
08-28 17:26:12.328 2092-2092/? E/Parcel: Reading a NULL string not supported here.
08-28 17:26:12.343 2530-2530/? I/ZEUS: 28d17:26:12(zeus.c/439):timeout 60 ret is 103	android.service.gatekeeper.IGateKeeperService: [android.service.gatekeeper.IGateKeeperService],len is 98
08-28 17:26:12.343 2530-2530/? I/ZEUS: 28d17:26:12(zeus.c/574):monitor_circle is 222,last circle is 0 ,so clear action_record
08-28 17:26:12.343 2530-2530/? I/ZEUS: 28d17:26:12(zeus.c/832):
    for each end
08-28 17:26:12.562 7219-7245/com.qihancloud.obstacle D/IRUtils-Jni: IRUtils Wait failed! (timeout is 2000 ms)
    	waitForStreams: timeout reached
08-28 17:26:12.614 700-836/? I/UsbMessageMrg: middle timeout
08-28 17:26:12.716 700-824/? I/UsbMessageMrg: bottom timeout
08-28 17:26:13.274 771-1406/? D/WifiStateMachine: starting scan for "TP-LINK_jiqiren"WPA_PSK with 2437
08-28 17:26:13.615 700-836/? I/UsbMessageMrg: middle timeout
08-28 17:26:13.717 700-824/? I/UsbMessageMrg: bottom timeout
