08-28 17:24:45.556 2111-2111/? I/MainService: app=100 cmd=-29 subcmd=82 content=
08-28 17:24:45.561 2111-2111/? I/MainService: app=100 cmd=-29 subcmd=83 content=
08-28 17:24:45.649 2111-2111/? I/MainService: app=100 cmd=-29 subcmd=83 content=
08-28 17:24:45.655 2111-2111/? I/MainService: app=100 cmd=-29 subcmd=83 content=
08-28 17:24:45.742 2111-2111/? I/MainService: app=100 cmd=-29 subcmd=83 content=
08-28 17:24:45.757 2111-2111/? I/MainService: app=100 cmd=-29 subcmd=84 content=
08-28 17:24:45.835 2111-2111/? I/MainService: app=100 cmd=-29 subcmd=84 content=
08-28 17:24:45.928 2111-2111/? I/MainService: app=100 cmd=-29 subcmd=84 content=
08-28 17:24:45.942 2111-2111/? I/MainService: app=100 cmd=-29 subcmd=84 content=
08-28 17:24:46.022 2111-2111/? I/MainService: app=100 cmd=-29 subcmd=85 content=
08-28 17:24:46.044 2111-2111/? I/MainService: app=100 cmd=-29 subcmd=85 content=
08-28 17:24:46.121 2111-2111/? I/MainService: app=100 cmd=-29 subcmd=85 content=
08-28 17:24:46.135 2111-2111/? I/MainService: app=100 cmd=-29 subcmd=85 content=
08-28 17:24:46.206 2111-2111/? I/MainService: app=100 cmd=-29 subcmd=86 content=
08-28 17:24:46.216 2111-2111/? I/MainService: app=100 cmd=-29 subcmd=86 content=
08-28 17:24:46.299 2111-2111/? I/MainService: app=100 cmd=-29 subcmd=86 content=
08-28 17:24:46.315 2111-2111/? I/MainService: app=100 cmd=-29 subcmd=86 content=
08-28 17:24:46.392 2111-2111/? I/MainService: app=100 cmd=-29 subcmd=87 content=
08-28 17:24:46.397 2111-2111/? I/MainService: app=100 cmd=-29 subcmd=87 content=
08-28 17:24:46.485 2111-2111/? I/MainService: app=100 cmd=-29 subcmd=87 content=
08-28 17:24:46.577 2111-2111/? I/MainService: app=100 cmd=-29 subcmd=87 content=
08-28 17:24:46.582 2111-2111/? I/MainService: app=100 cmd=-29 subcmd=88 content=
08-28 17:24:46.671 2111-2111/? I/MainService: app=100 cmd=-29 subcmd=88 content=
08-28 17:24:46.678 2111-2111/? I/MainService: app=100 cmd=-29 subcmd=88 content=
08-28 17:24:46.789 2111-2111/? I/MainService: app=100 cmd=-29 subcmd=88 content=
08-28 17:24:46.796 2111-2111/? I/MainService: app=100 cmd=-29 subcmd=88 content=
08-28 17:24:46.802 2111-2111/? E/mcu: 发送到单片机 20009
08-28 17:24:46.857 2111-2111/? I/MainService: app=100 cmd=-29 subcmd=89 content=
08-28 17:24:46.860 2111-2435/? E/power: mChargeStatus=1,mBattery=81 autoLimit=30
08-28 17:24:46.862 2111-2431/? E/mcu: 发送到单片机 5
08-28 17:24:46.863 2111-2431/? E/mcu: 发送到单片机 5
08-28 17:24:46.863 2111-2431/? D/RobotPowerManager: mChargeStatus=1 mBattery=81 isNeverShow=falseisGotoCharge=false
08-28 17:24:46.863 26414-26414/? I/ouyang:  头部电量广播  progress: 81  state:1  originalProgress:81  originalState:1
08-28 17:24:46.868 2111-2111/? I/MainService: app=100 cmd=-29 subcmd=89 content=
08-28 17:24:46.949 2111-2111/? I/MainService: app=100 cmd=-29 subcmd=89 content=
08-28 17:24:46.956 2111-2111/? I/MainService: app=100 cmd=-29 subcmd=89 content=
08-28 17:24:47.046 2111-2111/? I/MainService: app=100 cmd=-29 subcmd=90 content=
08-28 17:24:47.060 2111-2111/? I/MainService: app=100 cmd=-29 subcmd=90 content=
08-28 17:24:47.135 2111-2111/? I/MainService: app=100 cmd=-29 subcmd=90 content=
08-28 17:24:47.229 2111-2111/? I/MainService: app=100 cmd=-29 subcmd=90 content=
08-28 17:24:47.234 2111-2111/? I/MainService: app=100 cmd=-29 subcmd=91 content=
08-28 17:24:47.321 2111-2111/? I/MainService: app=100 cmd=-29 subcmd=91 content=
08-28 17:24:47.332 2111-2111/? I/MainService: app=100 cmd=-29 subcmd=91 content=
08-28 17:24:47.414 2111-2111/? I/MainService: app=100 cmd=-29 subcmd=91 content=
08-28 17:24:47.423 2111-2111/? I/MainService: app=100 cmd=-29 subcmd=92 content=
08-28 17:24:47.506 2111-2111/? I/MainService: app=100 cmd=-29 subcmd=92 content=
08-28 17:24:47.511 2111-2111/? I/MainService: app=100 cmd=-29 subcmd=92 content=
08-28 17:24:47.599 2111-2111/? I/MainService: app=100 cmd=-29 subcmd=92 content=
08-28 17:24:47.603 2111-2111/? I/MainService: app=100 cmd=-29 subcmd=93 content=
08-28 17:24:47.692 2111-2111/? I/MainService: app=100 cmd=-29 subcmd=93 content=
08-28 17:24:47.703 2111-2111/? I/MainService: app=100 cmd=-29 subcmd=93 content=
08-28 17:24:47.784 2111-2111/? I/MainService: app=100 cmd=-29 subcmd=93 content=
08-28 17:24:47.878 2111-2111/? I/MainService: app=100 cmd=-29 subcmd=94 content=
08-28 17:24:47.886 2111-2111/? I/MainService: app=100 cmd=-29 subcmd=94 content=
08-28 17:24:47.970 2111-2111/? I/MainService: app=100 cmd=-29 subcmd=94 content=
08-28 17:24:47.977 2111-2111/? I/MainService: app=100 cmd=-29 subcmd=94 content=
08-28 17:24:48.065 2111-2111/? I/MainService: app=100 cmd=-29 subcmd=95 content=
08-28 17:24:48.075 2111-2111/? I/MainService: app=100 cmd=-29 subcmd=95 content=
08-28 17:24:48.157 2111-2111/? I/MainService: app=100 cmd=-29 subcmd=95 content=
08-28 17:24:48.163 2111-2111/? I/MainService: app=100 cmd=-29 subcmd=95 content=
08-28 17:24:48.251 2111-2111/? I/MainService: app=100 cmd=-29 subcmd=96 content=
08-28 17:24:48.256 2111-2111/? I/MainService: app=100 cmd=-29 subcmd=96 content=
08-28 17:24:48.349 2111-2111/? I/MainService: app=100 cmd=-29 subcmd=96 content=
08-28 17:24:48.354 2111-2111/? I/MainService: app=100 cmd=-29 subcmd=96 content=
08-28 17:24:48.435 2111-2111/? I/MainService: app=100 cmd=-29 subcmd=97 content=
08-28 17:24:48.528 2111-2111/? I/MainService: app=100 cmd=-29 subcmd=97 content=
08-28 17:24:48.534 2111-2111/? I/MainService: app=100 cmd=-29 subcmd=97 content=
08-28 17:24:48.622 2111-2111/? I/MainService: app=100 cmd=-29 subcmd=97 content=
08-28 17:24:48.633 2111-2111/? I/MainService: app=100 cmd=-29 subcmd=97 content=
08-28 17:24:48.713 2111-2111/? I/MainService: app=100 cmd=-29 subcmd=98 content=
08-28 17:24:48.721 2111-2111/? I/MainService: app=100 cmd=-29 subcmd=98 content=
08-28 17:24:48.808 2111-2111/? I/MainService: app=100 cmd=-29 subcmd=98 content=
08-28 17:24:48.816 2111-2111/? I/MainService: app=100 cmd=-29 subcmd=98 content=
08-28 17:24:48.903 2111-2111/? I/MainService: app=100 cmd=-29 subcmd=99 content=
08-28 17:24:48.913 2111-2111/? I/MainService: app=100 cmd=-29 subcmd=99 content=
08-28 17:24:48.993 2111-2111/? I/MainService: app=100 cmd=-29 subcmd=99 content=
08-28 17:24:49.003 2111-2111/? I/MainService: app=100 cmd=-29 subcmd=99 content=
08-28 17:24:49.188 2111-2111/? D/Speech: 语音合成结束
08-28 17:24:49.188 2111-2111/? E/mcu: 发送到单片机 63
08-28 17:24:49.192 2111-2111/? I/MainService: app=0 cmd=0 subcmd=0 content=
08-28 17:24:49.200 2111-2111/? I/MainService: app=100 cmd=-3 subcmd=0 content=
08-28 17:24:49.209 19924-19924/? D/SANBAO: sdk ttsEnd
08-28 17:24:49.212 19924-19924/? D/SANBAO: stopSpeakAnimation
08-28 17:24:49.213 19924-19924/? D/FrameAnimationView: stopUpdate callOnFrameEnd
08-28 17:24:49.213 19924-19924/? D/FrameAnimationView: onFrameEnd！
08-28 17:24:49.214 19924-19924/? D/SANBAO: startWakeUp
08-28 17:24:49.223 2111-493/? E/MainService: socketcommand,functionId=com.qihancloud.zhiyin,cmd=272,subCmd=0,content=
08-28 17:24:49.223 2111-493/? D/SpeechManager: doWakeup:flag=false;mIsMute=false;mSpeechStatus1
08-28 17:24:49.223 2111-493/? D/SpeechManager: SpeechCmdReconizerStart:isReset=true
08-28 17:24:49.224 2111-493/? D/IflytekRecognizeManager: 开始语音识别
08-28 17:24:49.232 2111-493/? D/FucUtil: .cfg file not exist
08-28 17:24:49.232 2111-493/? D/IflytekRecognizeManager: vad_eos 配置有误：null
08-28 17:24:49.239 771-1896/? I/MediaFocusControl:  AudioFocus  requestAudioFocus() from android.media.AudioManager@5e05458 req=2flags=0x0
08-28 17:24:49.243 2111-493/? I/MainService: app=100 cmd=-1 subcmd=0 content=1
08-28 17:24:49.263 2111-493/? E/MainService: forbidWakeResponse=[com.qihancloud.zhiyin.ui.activity.MainActivity]
08-28 17:24:49.263 2111-493/? E/ScreenManager: 亮屏++++++++
08-28 17:24:49.305 236-32361/? I/AudioFlinger: AudioFlinger's thread 0xaff00000 ready to run
08-28 17:24:49.310 2111-2111/? D/IflytekRecognizeManager: 开始识别
08-28 17:24:49.332 236-32361/? D/audio_hw_primary: >>>>>> select_device
08-28 17:24:49.353 236-32361/? D/audio_hw_primary: >>>>>> in_ajust_rate is : 16000
08-28 17:24:49.385 2111-493/? E/doWakeByApp: doWakeByApp currentApp==100,appStatus==201
08-28 17:24:49.401 2111-493/? E/mAngle: 11111Angle == 36 currentApp=100
08-28 17:24:49.407 2111-493/? I/Cris: ledLevel==11
08-28 17:24:49.408 2111-493/? I/Cris: which==0 color==4
08-28 17:24:49.408 2111-493/? E/mcu: 发送到单片机 5
08-28 17:24:49.417 19924-19924/? I/SanbotOpenSDK: {"description":"指令执行成功","errorCode":1,"result":""}
08-28 17:24:49.434 19924-19924/? D/SANBAO: sdk onStartRecognize
08-28 17:24:49.438 19924-19924/? D/SANBAO: startRecognizeAnimation
08-28 17:24:49.717 2111-2411/? E/ServerNettySocket: current clients : com.qihancloud.map.MyService, com.qihancloud.rservice.TaskManagerService, com.qihancloud.zhiyin.ui.activity.MainActivity, 
08-28 17:24:49.950 2111-2111/? D/IflytekRecognizeManager: Volume: 16
08-28 17:24:50.078 2111-2111/? D/IflytekRecognizeManager: Volume: 15
08-28 17:24:50.115 2111-2111/? D/IflytekRecognizeManager: Volume: 15
08-28 17:24:50.160 2111-2111/? D/IflytekRecognizeManager: Volume: 14
08-28 17:24:50.760 2111-2437/? I/MainService: app=100 cmd=-10 subcmd=0 content={"pir_status":0,"pir_type":1,"point_tag":4,"ack_flg":1,"checkSum":0,"content_len":0,"mmnn":0,"msg_size":[0,0,0,0],"unUse":[0,0,0,0,0,0,0]}
08-28 17:24:51.668 2111-2435/? I/MainService: app=100 cmd=-13 subcmd=0 content={"LSBDriftAngle":0,"LSBElevation":17,"LSBRollAngle":0,"MSBDriftAngle":0,"MSBElevation":-128,"MSBRollAngle":0,"point_tag":2,"ack_flg":1,"checkSum":0,"content_len":0,"mmnn":0,"msg_size":[0,0,0,0],"unUse":[0,0,0,0,0,0,0]}
08-28 17:24:51.840 2111-2111/? E/mcu: 发送到单片机 20009
08-28 17:24:51.924 2111-2435/? E/power: mChargeStatus=1,mBattery=81 autoLimit=30
08-28 17:24:51.929 2111-2431/? D/RobotPowerManager: mChargeStatus=1 mBattery=81 isNeverShow=falseisGotoCharge=false
08-28 17:24:51.931 26414-26414/? I/ouyang:  头部电量广播  progress: 81  state:1  originalProgress:81  originalState:1
08-28 17:24:51.977 771-1808/? I/MediaFocusControl:  AudioFocus  abandonAudioFocus() from android.media.AudioManager@5e05458
08-28 17:24:51.980 2111-2111/? D/IflytekRecognizeManager: recognize initData ==好像是有意的
08-28 17:24:51.980 2111-2111/? D/SpeechManager: gotoSleep mode=0
08-28 17:24:51.980 2111-2111/? D/SpeechManager: SpeechCmdReconizerStop+++
08-28 17:24:51.980 2111-2111/? I/Cris: ledLevel==10
08-28 17:24:51.981 2111-2111/? I/Cris: which==0 color==1
08-28 17:24:51.981 2111-2111/? E/mcu: 发送到单片机 5
08-28 17:24:51.981 2111-2111/? I/MainService: app=100 cmd=-1 subcmd=0 content=0
08-28 17:24:51.982 19924-19924/? D/SANBAO: Sdk onStopRecognize
08-28 17:24:51.991 19924-19924/? D/SANBAO: stopReconizeAnimation
08-28 17:24:51.997 19924-19924/? D/FrameAnimationView: stopUpdate callOnFrameEnd
08-28 17:24:51.997 19924-19924/? D/FrameAnimationView: onFrameEnd！
08-28 17:24:52.021 236-32361/? D/audio_hw_primary: >>>>>> select_device
08-28 17:24:52.026 236-2590/? V/codec_audio_iface: phone_record_enable, line: 165
08-28 17:24:52.026 236-2590/? D/audio_hw_primary: adev_close_input_stream set voice record status
08-28 17:24:52.036 19924-19924/? D/SANBAO: sdk onSleep
08-28 17:24:52.039 19924-19924/? D/SANBAO: startSleepAnimation
08-28 17:24:52.041 19924-19924/? D/FrameAnimationView: stopUpdate callOnFrameEnd
08-28 17:24:52.041 19924-19924/? D/FrameAnimationView: onFrameEnd！
08-28 17:24:52.057 19924-19924/? W/SANBAO: sdk onRecognizeText:好像是有意的
08-28 17:24:52.060 19924-19924/? D/SANBAO: setStopReconize:false
08-28 17:24:52.063 19924-19924/? D/SANBAO: setSaidCommand:false
08-28 17:24:52.065 19924-19924/? I/SANBAO: question:好像是有意的
08-28 17:24:52.085 19924-3281/? I/SANBAO: questionContainsRosTxtIndex result:-100
08-28 17:24:52.110 19924-19924/? I/SANBAO: isMachedNormalCommand question=:好像是有意的,matchCommand=COMMAND_NOT_MATCH
08-28 17:24:52.110 19924-19924/? D/FRAGMENT: getFragment:1
08-28 17:24:52.111 19924-19924/? I/FRAGMENT: creatFragment:1,last fragment is:4
08-28 17:24:52.111 19924-19924/? D/SANBAO: setStopReconize:false
08-28 17:24:52.122 19924-19924/? D/SANBAO: setIsShowingHTML:false
08-28 17:24:52.129 19924-19924/? D/SANBAO: hideHTML
08-28 17:24:52.146 19924-19924/? D/FRAGMENT: FromUserFragment:refreshData：好像是有意的
08-28 17:24:52.147 19924-19924/? I/FRAGMENT: FromUserFragment updateData:好像是有意的
08-28 17:24:52.152 19924-19924/? D/FRAGMENT: changeFragment:com.qihancloud.zhiyin.ui.fragment.FromUserFragment
08-28 17:24:52.183 236-1220/? D/audio_hw_primary: out_standby
08-28 17:24:52.707 19924-19934/? I/art: Background sticky concurrent mark sweep GC freed 70599(12MB) AllocSpace objects, 51(1196KB) LOS objects, 36% free, 22MB/36MB, paused 5.792ms total 130.528ms
08-28 17:24:52.892 2111-32450/? E/ZhiyinAnalyzeManager: 开始请求网络:好像是有意的
08-28 17:24:52.968 2111-32450/? E/ZhiyinAnalyzeManager: {"rc":240003}
08-28 17:24:52.969 2111-32450/? I/SpeechManager: 知音请求获取回来的topic为空
08-28 17:24:53.161 2111-2111/? E/IflytekAnalyzeManager: language = zh
08-28 17:24:53.162 2111-2111/? I/DuerAnalyzeManager: dumi analyze
08-28 17:24:53.170 2111-2111/? I/DuerAnalysis: getDuerSpeak: content : 有一个成语叫做人无完人，所以原谅这一题我也无从解答。
08-28 17:24:53.174 2111-2111/? I/SpeechManager: doAnalyze: defaultFuture finalGrammar=Grammar [engine=1, text=好像是有意的, topic=chat, action=null, params={answer=有一个成语叫做人无完人，所以原谅这一题我也无从解答。, content=有一个成语叫做人无完人，所以原谅这一题我也无从解答。}, route=0]
08-28 17:24:53.224 2111-2111/? E/MainService: mistakenlyIdentified=[com.qihancloud.zhiyin.ui.activity.MainActivity]
08-28 17:24:53.243 2111-2111/? E/MainService: textCmd=好像是有意的
08-28 17:24:53.255 2111-2111/? I/MainService: app=100 cmd=1000 subcmd=0 content={"engine":1,"initialData":"{\"result\":{\"bot_id\":\"us.fallback.general\",\"bot_meta\":{\"version\":\"1.0.0\",\"type\":\"其他\",\"description\":\"desc\"},\"nlu\":{\"domain\":\"unknown\",\"intent\":\"unknown\",\"slots\":{}},\"speech\":{\"content\":\"有一个成语叫做人无完人，所以原谅这一题我也无从解答。\",\"type\":\"Text\"},\"views\":[{\"type\":\"txt\",\"content\":\"有一个成语叫做人无完人，所以原谅这一题我也无从解答。\"}]},\"session_id\":\"308a8997-4f6a-409a-b573-279b7af41e91\",\"id\":\"1566984292_68050usyk\",\"logid\":\"8847c96a41b14dc9997ae50c23d96f9e_DCSxzkspf3k03thna\",\"user_id\":\"433804e704a0309b48df3eae2ca92afe\",\"time\":1566984292,\"cuid\":\"433804e704a0309b48df3eae2ca92afe\",\"se_query\":\"好像是有意的\",\"msg\":\"ok\",\"status\":0,\"client_msg_id\":\"c91bbc35-3647-44fa-9300-3fdaad6875cf\"}","params":{"answer":"有一个成语叫做人无完人，所以原谅这一题我也无从解答。","content":"有一个成语叫做人无完人，所以原谅这一题我也无从解答。"},"route":0,"text":"好像是有意的","topic":"chat"}
08-28 17:24:53.256 2111-2111/? I/MainService: mode == true
08-28 17:24:53.257 2111-2111/? E/MainService: 获得result
08-28 17:24:53.261 771-1406/? D/WifiStateMachine: starting scan for "TP-LINK_jiqiren"WPA_PSK with 2437
08-28 17:24:53.420 19924-19924/? I/SANBAO: getInterceptTopic:not found
08-28 17:24:53.424 19924-19924/? I/SANBAO: Grammar:
    getEngine:1
    getText:好像是有意的
    getAction:null
    getParams:{answer=有一个成语叫做人无完人，所以原谅这一题我也无从解答。, content=有一个成语叫做人无完人，所以原谅这一题我也无从解答。}
    getInitialData:{"result":{"bot_id":"us.fallback.general","bot_meta":{"version":"1.0.0","type":"其他","description":"desc"},"nlu":{"domain":"unknown","intent":"unknown","slots":{}},"speech":{"content":"有一个成语叫做人无完人，所以原谅这一题我也无从解答。","type":"Text"},"views":[{"type":"txt","content":"有一个成语叫做人无完人，所以原谅这一题我也无从解答。"}]},"session_id":"308a8997-4f6a-409a-b573-279b7af41e91","id":"1566984292_68050usyk","logid":"8847c96a41b14dc9997ae50c23d96f9e_DCSxzkspf3k03thna","user_id":"433804e704a0309b48df3eae2ca92afe","time":1566984292,"cuid":"433804e704a0309b48df3eae2ca92afe","se_query":"好像是有意的","msg":"ok","status":0,"client_msg_id":"c91bbc35-3647-44fa-9300-3fdaad6875cf"}
08-28 17:24:53.432 19924-19924/? D/SANBAO: startSpeak：有一个成语叫做人无完人，所以原谅这一题我也无从解答。
08-28 17:24:53.449 2111-493/? E/MainService: socketcommand,functionId=com.qihancloud.zhiyin,cmd=865,subCmd=0,content=有一个成语叫做人无完人，所以原谅这一题我也无从解答。
08-28 17:24:53.449 2111-493/? D/SpeechManager: StopSpeak
08-28 17:24:53.449 2111-493/? D/SpeechManager: text == 有一个成语叫做人无完人，所以原谅这一题我也无从解答。
08-28 17:24:53.453 2524-2524/? D/qhpower: need keepScreenOn,qhpower sleep 5s
08-28 17:24:53.500 2111-493/? I/IflytekSynthesizeManage: speak: 有一个成语叫做人无完人，所以原谅这一题我也无从解答。
08-28 17:24:53.516 19924-19924/? I/SanbotOpenSDK: {"description":"指令执行成功","errorCode":1,"result":"ac3546e3-93b6-42b3-aae7-ae93619b44da"}
08-28 17:24:53.517 19924-19924/? I/SANBAO: answer:有一个成语叫做人无完人，所以原谅这一题我也无从解答。
08-28 17:24:53.525 19924-19924/? D/FRAGMENT: getFragment:2
08-28 17:24:53.526 19924-19924/? I/FRAGMENT: creatFragment:2,last fragment is:1
08-28 17:24:53.527 19924-19924/? D/SANBAO: mCurrentDealResult.getServerQuestion():好像是有意的
08-28 17:24:53.535 19924-19924/? D/SANBAO: setIsShowingHTML:false
08-28 17:24:53.538 19924-19924/? D/SANBAO: hideHTML
08-28 17:24:53.540 19924-19924/? D/FRAGMENT:  msg type is not MSG_TYPE_FROM_USER,cancel setFragmentHideListener:
08-28 17:24:53.545 19924-19924/? D/FRAGMENT: changeFragment:com.qihancloud.zhiyin.ui.fragment.ToUserFragment
08-28 17:24:53.554 19924-19924/? D/FRAGMENT: hideLoadingAnimation:2131230865
08-28 17:24:53.556 19924-19924/? I/FRAGMENT: FromUserFragment onHidden
08-28 17:24:53.559 19924-19924/? D/FRAGMENT: OnFragmentHiddenListener:好像是有意的
08-28 17:24:53.576 19924-19924/? I/SANBAO: addButton2HintContainer:hintText=我要听音乐
08-28 17:24:53.581 19924-19924/? I/SANBAO: addButton2HintContainer:hintText=我想看电影
08-28 17:24:53.586 19924-19924/? I/SANBAO: addButton2HintContainer:hintText=导航引路
08-28 17:24:53.590 19924-19924/? I/SANBAO: addButton2HintContainer:hintText=附近有什么好吃的
08-28 17:24:53.605 2111-2111/? E/MainService: latch.await()超时： false
08-28 17:24:53.605 2111-2111/? I/SpeechManager: isInterrupt: true
08-28 17:24:53.716 2070-2086/? W/art: Suspending all threads took: 10.492ms
08-28 17:24:53.727 2070-2086/? I/art: Background partial concurrent mark sweep GC freed 416(31KB) AllocSpace objects, 17(4MB) LOS objects, 50% free, 3MB/7MB, paused 12.120ms total 47.096ms
08-28 17:24:53.902 2111-2111/? E/mcu: 发送到单片机 63
08-28 17:24:53.911 2111-2111/? I/MainService: app=0 cmd=1 subcmd=0 content=
08-28 17:24:53.944 19924-19924/? D/SANBAO: sdk ttsStart
08-28 17:24:53.947 19924-19924/? D/SANBAO: startSpeakAnimation
08-28 17:24:53.950 19924-19924/? D/FrameAnimationView: stopUpdate callOnFrameEnd
08-28 17:24:53.950 19924-19924/? D/FrameAnimationView: onFrameEnd！
08-28 17:24:53.954 2111-2111/? I/MainService: app=100 cmd=-29 subcmd=0 content=
08-28 17:24:53.974 236-1220/? D/audio_hw_primary: init hdmi_plug: OUT
08-28 17:24:53.975 236-1220/? D/audio_hw_primary: >>>>>> select_device
08-28 17:24:53.987 2111-2111/? I/MainService: app=100 cmd=-29 subcmd=1 content=
08-28 17:24:54.010 2111-2111/? I/MainService: app=100 cmd=-29 subcmd=2 content=
08-28 17:24:54.037 2111-2111/? I/MainService: app=100 cmd=-29 subcmd=3 content=
08-28 17:24:54.044 2111-2111/? I/MainService: app=100 cmd=-29 subcmd=4 content=
08-28 17:24:54.046 236-1220/? D/AudioFlinger: mixer(0xb1340000) throttle end: throttle time(44)
08-28 17:24:54.119 2111-2111/? I/MainService: app=100 cmd=-29 subcmd=5 content=
08-28 17:24:54.131 2111-2111/? I/MainService: app=100 cmd=-29 subcmd=6 content=
08-28 17:24:54.211 2111-2111/? I/MainService: app=100 cmd=-29 subcmd=7 content=
08-28 17:24:54.218 2111-2111/? I/MainService: app=100 cmd=-29 subcmd=8 content=
08-28 17:24:54.304 2111-2111/? I/MainService: app=100 cmd=-29 subcmd=9 content=
08-28 17:24:54.309 2111-2111/? I/MainService: app=100 cmd=-29 subcmd=10 content=
08-28 17:24:54.397 2111-2111/? I/MainService: app=100 cmd=-29 subcmd=11 content=
08-28 17:24:54.403 2111-2111/? I/MainService: app=100 cmd=-29 subcmd=12 content=
08-28 17:24:54.489 2111-2111/? I/MainService: app=100 cmd=-29 subcmd=13 content=
08-28 17:24:54.581 2111-2111/? I/MainService: app=100 cmd=-29 subcmd=15 content=
08-28 17:24:54.591 2111-2111/? I/MainService: app=100 cmd=-29 subcmd=16 content=
08-28 17:24:54.677 2111-2111/? I/MainService: app=100 cmd=-29 subcmd=17 content=
08-28 17:24:54.687 2111-2111/? I/MainService: app=100 cmd=-29 subcmd=18 content=
08-28 17:24:54.768 2111-2111/? I/MainService: app=100 cmd=-29 subcmd=19 content=
08-28 17:24:54.774 2111-2111/? I/MainService: app=100 cmd=-29 subcmd=20 content=
08-28 17:24:54.860 2111-2111/? I/MainService: app=100 cmd=-29 subcmd=21 content=
08-28 17:24:54.866 2111-2111/? I/MainService: app=100 cmd=-29 subcmd=22 content=
08-28 17:24:54.956 2111-2111/? I/MainService: app=100 cmd=-29 subcmd=23 content=
08-28 17:24:54.962 2111-2111/? I/MainService: app=100 cmd=-29 subcmd=24 content=
08-28 17:24:55.047 2111-2111/? I/MainService: app=100 cmd=-29 subcmd=25 content=
08-28 17:24:55.054 2111-2111/? I/MainService: app=100 cmd=-29 subcmd=26 content=
08-28 17:24:55.141 2111-2111/? I/MainService: app=100 cmd=-29 subcmd=27 content=
08-28 17:24:55.245 2111-2111/? I/MainService: app=100 cmd=-29 subcmd=28 content=
08-28 17:24:55.264 2111-2111/? I/MainService: app=100 cmd=-29 subcmd=30 content=
08-28 17:24:55.328 2111-2111/? I/MainService: app=100 cmd=-29 subcmd=31 content=
08-28 17:24:55.367 2087-2110/? W/art: Suspending all threads took: 9.081ms
08-28 17:24:55.373 2111-2111/? I/MainService: app=100 cmd=-29 subcmd=32 content=
08-28 17:24:55.471 2111-2111/? I/MainService: app=100 cmd=-29 subcmd=33 content=
08-28 17:24:55.477 2111-2111/? I/MainService: app=100 cmd=-29 subcmd=34 content=
08-28 17:24:55.511 2111-2111/? I/MainService: app=100 cmd=-29 subcmd=35 content=
08-28 17:24:55.530 2111-2111/? I/MainService: app=100 cmd=-29 subcmd=36 content=
08-28 17:24:55.604 2111-2111/? I/MainService: app=100 cmd=-29 subcmd=37 content=
08-28 17:24:55.628 2111-2111/? I/MainService: app=100 cmd=-29 subcmd=38 content=
08-28 17:24:55.697 2111-2111/? I/MainService: app=100 cmd=-29 subcmd=39 content=
08-28 17:24:55.701 2111-2111/? I/MainService: app=100 cmd=-29 subcmd=40 content=
08-28 17:24:55.789 2111-2111/? I/MainService: app=100 cmd=-29 subcmd=41 content=
08-28 17:24:55.881 2111-2111/? I/MainService: app=100 cmd=-29 subcmd=42 content=
08-28 17:24:55.892 2111-2111/? I/MainService: app=100 cmd=-29 subcmd=43 content=
08-28 17:24:55.974 2111-2111/? I/MainService: app=100 cmd=-29 subcmd=45 content=
08-28 17:24:55.979 2111-2111/? I/MainService: app=100 cmd=-29 subcmd=46 content=
08-28 17:24:56.069 2111-2111/? I/MainService: app=100 cmd=-29 subcmd=47 content=
08-28 17:24:56.082 2111-2111/? I/MainService: app=100 cmd=-29 subcmd=48 content=
08-28 17:24:56.161 2111-2111/? I/MainService: app=100 cmd=-29 subcmd=49 content=
08-28 17:24:56.167 2111-2111/? I/MainService: app=100 cmd=-29 subcmd=50 content=
08-28 17:24:56.255 2111-2111/? I/MainService: app=100 cmd=-29 subcmd=51 content=
08-28 17:24:56.263 2111-2111/? I/MainService: app=100 cmd=-29 subcmd=52 content=
08-28 17:24:56.348 2111-2111/? I/MainService: app=100 cmd=-29 subcmd=53 content=
08-28 17:24:56.364 2111-2111/? I/MainService: app=100 cmd=-29 subcmd=54 content=
08-28 17:24:56.440 2111-2111/? I/MainService: app=100 cmd=-29 subcmd=55 content=
08-28 17:24:56.534 2111-2111/? I/MainService: app=100 cmd=-29 subcmd=56 content=
08-28 17:24:56.550 2111-2111/? I/MainService: app=100 cmd=-29 subcmd=57 content=
08-28 17:24:56.625 2111-2111/? I/MainService: app=100 cmd=-29 subcmd=58 content=
08-28 17:24:56.632 2111-2111/? I/MainService: app=100 cmd=-29 subcmd=60 content=
08-28 17:24:56.731 2111-2111/? I/MainService: app=100 cmd=-29 subcmd=61 content=
08-28 17:24:56.771 2111-2111/? I/MainService: app=100 cmd=-29 subcmd=62 content=
08-28 17:24:56.811 2111-2111/? I/MainService: app=100 cmd=-29 subcmd=63 content=
08-28 17:24:56.819 2111-2111/? I/MainService: app=100 cmd=-29 subcmd=64 content=
08-28 17:24:56.937 2111-2111/? E/mcu: 发送到单片机 20009
08-28 17:24:56.938 2111-2111/? I/MainService: app=100 cmd=-29 subcmd=65 content=
08-28 17:24:56.947 2111-2111/? I/MainService: app=100 cmd=-29 subcmd=66 content=
08-28 17:24:56.987 2111-2435/? E/power: mChargeStatus=1,mBattery=81 autoLimit=30
08-28 17:24:56.992 2111-2431/? E/mcu: 发送到单片机 5
08-28 17:24:56.994 2111-2431/? E/mcu: 发送到单片机 5
08-28 17:24:56.995 2111-2431/? D/RobotPowerManager: mChargeStatus=1 mBattery=81 isNeverShow=falseisGotoCharge=false
08-28 17:24:56.996 26414-26414/? I/ouyang:  头部电量广播  progress: 81  state:1  originalProgress:81  originalState:1
08-28 17:24:57.001 2111-2111/? I/MainService: app=100 cmd=-29 subcmd=67 content=
08-28 17:24:57.012 2111-2111/? I/MainService: app=100 cmd=-29 subcmd=68 content=
08-28 17:24:57.089 2111-2111/? I/MainService: app=100 cmd=-29 subcmd=69 content=
08-28 17:24:57.182 2111-2111/? I/MainService: app=100 cmd=-29 subcmd=70 content=
08-28 17:24:57.187 2111-2111/? I/MainService: app=100 cmd=-29 subcmd=71 content=
08-28 17:24:57.221 2111-2437/? I/MainService: app=100 cmd=-10 subcmd=0 content={"pir_status":1,"pir_type":1,"point_tag":4,"ack_flg":1,"checkSum":0,"content_len":0,"mmnn":0,"msg_size":[0,0,0,0],"unUse":[0,0,0,0,0,0,0]}
08-28 17:24:57.275 2111-2111/? I/MainService: app=100 cmd=-29 subcmd=72 content=
08-28 17:24:57.284 2111-2111/? I/MainService: app=100 cmd=-29 subcmd=74 content=
08-28 17:24:57.369 2111-2111/? I/MainService: app=100 cmd=-29 subcmd=75 content=
08-28 17:24:57.376 2111-2111/? I/MainService: app=100 cmd=-29 subcmd=76 content=
08-28 17:24:57.461 2111-2111/? I/MainService: app=100 cmd=-29 subcmd=77 content=
08-28 17:24:57.469 2111-2111/? I/MainService: app=100 cmd=-29 subcmd=78 content=
08-28 17:24:57.554 2111-2111/? I/MainService: app=100 cmd=-29 subcmd=79 content=
08-28 17:24:57.565 2111-2111/? I/MainService: app=100 cmd=-29 subcmd=80 content=
08-28 17:24:57.647 2111-2111/? I/MainService: app=100 cmd=-29 subcmd=81 content=
08-28 17:24:57.654 2111-2111/? I/MainService: app=100 cmd=-29 subcmd=82 content=
08-28 17:24:57.772 2111-2111/? I/MainService: app=100 cmd=-29 subcmd=83 content=
08-28 17:24:57.833 2111-2111/? I/MainService: app=100 cmd=-29 subcmd=84 content=
08-28 17:24:57.839 2111-2111/? I/MainService: app=100 cmd=-29 subcmd=85 content=
08-28 17:24:57.925 2111-2111/? I/MainService: app=100 cmd=-29 subcmd=86 content=
08-28 17:24:57.931 2111-2111/? I/MainService: app=100 cmd=-29 subcmd=87 content=
08-28 17:24:58.018 2111-2111/? I/MainService: app=100 cmd=-29 subcmd=89 content=
08-28 17:24:58.025 2111-2111/? I/MainService: app=100 cmd=-29 subcmd=90 content=
08-28 17:24:58.111 2111-2111/? I/MainService: app=100 cmd=-29 subcmd=91 content=
08-28 17:24:58.123 2111-2111/? I/MainService: app=100 cmd=-29 subcmd=92 content=
08-28 17:24:58.206 2111-2111/? I/MainService: app=100 cmd=-29 subcmd=93 content=
08-28 17:24:58.216 2111-2111/? I/MainService: app=100 cmd=-29 subcmd=94 content=
08-28 17:24:58.302 2111-2111/? I/MainService: app=100 cmd=-29 subcmd=95 content=
08-28 17:24:58.310 2111-2111/? I/MainService: app=100 cmd=-29 subcmd=96 content=
08-28 17:24:58.390 2111-2111/? I/MainService: app=100 cmd=-29 subcmd=97 content=
08-28 17:24:58.484 2111-2111/? I/MainService: app=100 cmd=-29 subcmd=98 content=
08-28 17:24:58.631 2111-2111/? D/Speech: 语音合成结束
08-28 17:24:58.632 2111-2111/? E/mcu: 发送到单片机 63
08-28 17:24:58.634 2111-2111/? I/MainService: app=0 cmd=0 subcmd=0 content=
08-28 17:24:58.635 2111-2111/? I/MainService: app=100 cmd=-3 subcmd=0 content=
08-28 17:24:58.644 19924-19924/? D/SANBAO: sdk ttsEnd
08-28 17:24:58.647 19924-19924/? D/SANBAO: stopSpeakAnimation
08-28 17:24:58.650 19924-19924/? D/FrameAnimationView: stopUpdate callOnFrameEnd
08-28 17:24:58.650 19924-19924/? D/FrameAnimationView: onFrameEnd！
08-28 17:24:58.650 19924-19924/? D/SANBAO: startWakeUp
08-28 17:24:58.658 2111-493/? E/MainService: socketcommand,functionId=com.qihancloud.zhiyin,cmd=272,subCmd=0,content=
08-28 17:24:58.659 2111-493/? D/SpeechManager: doWakeup:flag=false;mIsMute=false;mSpeechStatus1
08-28 17:24:58.659 2111-493/? D/SpeechManager: SpeechCmdReconizerStart:isReset=true
08-28 17:24:58.659 2111-493/? D/IflytekRecognizeManager: 开始语音识别
08-28 17:24:58.666 2111-493/? D/FucUtil: .cfg file not exist
08-28 17:24:58.666 2111-493/? D/IflytekRecognizeManager: vad_eos 配置有误：null
08-28 17:24:58.673 771-1931/? I/MediaFocusControl:  AudioFocus  requestAudioFocus() from android.media.AudioManager@5e05458 req=2flags=0x0
08-28 17:24:58.675 2111-493/? I/MainService: app=100 cmd=-1 subcmd=0 content=1
08-28 17:24:58.679 2111-2111/? D/IflytekRecognizeManager: 开始识别
08-28 17:24:58.682 2111-493/? E/MainService: forbidWakeResponse=[com.qihancloud.zhiyin.ui.activity.MainActivity]
08-28 17:24:58.682 2111-493/? E/ScreenManager: 亮屏++++++++
08-28 17:24:58.722 236-32622/? I/AudioFlinger: AudioFlinger's thread 0xaff00000 ready to run
08-28 17:24:58.764 236-32622/? D/audio_hw_primary: >>>>>> select_device
08-28 17:24:58.767 236-32622/? D/audio_hw_primary: >>>>>> in_ajust_rate is : 16000
08-28 17:24:58.778 2111-493/? E/doWakeByApp: doWakeByApp currentApp==100,appStatus==201
08-28 17:24:58.785 2111-493/? E/mAngle: 11111Angle == 36 currentApp=100
08-28 17:24:58.806 2111-493/? I/Cris: ledLevel==11
08-28 17:24:58.807 2111-493/? I/Cris: which==0 color==4
08-28 17:24:58.807 2111-493/? E/mcu: 发送到单片机 5
08-28 17:24:58.816 19924-19924/? I/SanbotOpenSDK: {"description":"指令执行成功","errorCode":1,"result":""}
08-28 17:24:58.829 19924-19924/? D/SANBAO: sdk onStartRecognize
08-28 17:24:58.832 19924-19924/? D/SANBAO: startRecognizeAnimation
08-28 17:24:59.857 2111-2111/? D/IflytekRecognizeManager: Volume: 15
08-28 17:24:59.885 2111-2111/? D/IflytekRecognizeManager: Volume: 14
08-28 17:25:00.095 1908-1908/? I/timeView: tag:status_time
08-28 17:25:00.155 2087-2087/? D/recetlog: [main] DEBUG [AutoChargeModule.java:onTimeChange:148] - onTimeChange:AttendanceEntity{id=1, type='charge_m', state='null', rostagId=0, rostagName='null', startTime='0000', endTime='0700'}
08-28 17:25:00.159 2087-2087/? D/recetlog: [main] DEBUG [AutoChargeModule.java:onTimeChange:148] - onTimeChange:AttendanceEntity{id=5, type='charge_n', state='null', rostagId=0, rostagName='null', startTime='2001', endTime='2359'}
08-28 17:25:00.756 2111-2411/? E/ServerNettySocket: current clients : com.qihancloud.map.MyService, com.qihancloud.rservice.TaskManagerService, com.qihancloud.zhiyin.ui.activity.MainActivity, 
08-28 17:25:01.042 2087-2110/? W/art: Suspending all threads took: 5.883ms
08-28 17:25:01.407 2111-2111/? D/IflytekRecognizeManager: Volume: 14
08-28 17:25:01.444 2111-2111/? D/IflytekRecognizeManager: Volume: 18
08-28 17:25:01.629 236-1220/? D/audio_hw_primary: out_standby
08-28 17:25:01.645 2111-2111/? D/IflytekRecognizeManager: Volume: 14
08-28 17:25:01.852 2111-2111/? D/IflytekRecognizeManager: Volume: 19
08-28 17:25:01.930 2111-2111/? D/IflytekRecognizeManager: Volume: 17
08-28 17:25:01.941 2111-2111/? D/IflytekRecognizeManager: Volume: 14
08-28 17:25:01.973 2111-2111/? E/mcu: 发送到单片机 20009
08-28 17:25:02.012 2111-2435/? E/power: mChargeStatus=1,mBattery=81 autoLimit=30
08-28 17:25:02.016 2111-2431/? D/RobotPowerManager: mChargeStatus=1 mBattery=81 isNeverShow=falseisGotoCharge=false
08-28 17:25:02.018 26414-26414/? I/ouyang:  头部电量广播  progress: 81  state:1  originalProgress:81  originalState:1
08-28 17:25:02.127 2111-2111/? D/IflytekRecognizeManager: Volume: 14
08-28 17:25:02.262 2111-2111/? D/IflytekRecognizeManager: Volume: 14
08-28 17:25:02.269 2111-2111/? D/IflytekRecognizeManager: Volume: 14
08-28 17:25:02.512 2111-2111/? D/IflytekRecognizeManager: Volume: 14
08-28 17:25:02.582 2111-2111/? D/IflytekRecognizeManager: Volume: 16
08-28 17:25:02.623 2111-2111/? D/IflytekRecognizeManager: Volume: 16
08-28 17:25:02.747 2111-2437/? I/MainService: app=100 cmd=-10 subcmd=0 content={"pir_status":0,"pir_type":1,"point_tag":4,"ack_flg":1,"checkSum":0,"content_len":0,"mmnn":0,"msg_size":[0,0,0,0],"unUse":[0,0,0,0,0,0,0]}
08-28 17:25:02.779 2111-2111/? D/IflytekRecognizeManager: Volume: 14
08-28 17:25:02.804 2111-2111/? D/IflytekRecognizeManager: Volume: 17
08-28 17:25:02.850 2111-2111/? D/IflytekRecognizeManager: Volume: 16
08-28 17:25:03.591 2111-2111/? D/IflytekRecognizeManager: Volume: 16
08-28 17:25:03.958 771-1996/? I/MediaFocusControl:  AudioFocus  abandonAudioFocus() from android.media.AudioManager@5e05458
08-28 17:25:03.960 19924-19924/? D/SANBAO: Sdk onStopRecognize
08-28 17:25:03.961 2111-2111/? D/IflytekRecognizeManager: recognize initData ==前冲
08-28 17:25:03.962 2111-2111/? D/SpeechManager: gotoSleep mode=0
08-28 17:25:03.962 2111-2111/? D/SpeechManager: SpeechCmdReconizerStop+++
08-28 17:25:03.962 2111-2111/? I/Cris: ledLevel==10
08-28 17:25:03.962 2111-2111/? I/Cris: which==0 color==1
08-28 17:25:03.962 2111-2111/? E/mcu: 发送到单片机 5
08-28 17:25:03.962 2111-2111/? I/MainService: app=100 cmd=-1 subcmd=0 content=0
08-28 17:25:03.963 19924-19924/? D/SANBAO: stopReconizeAnimation
08-28 17:25:03.966 19924-19924/? D/FrameAnimationView: stopUpdate callOnFrameEnd
08-28 17:25:03.967 19924-19924/? D/FrameAnimationView: onFrameEnd！
08-28 17:25:03.978 19924-19924/? D/SANBAO: sdk onSleep
08-28 17:25:03.984 19924-19924/? D/SANBAO: startSleepAnimation
08-28 17:25:03.988 19924-19924/? D/FrameAnimationView: stopUpdate callOnFrameEnd
08-28 17:25:03.988 19924-19924/? D/FrameAnimationView: onFrameEnd！
08-28 17:25:03.990 236-32622/? D/audio_hw_primary: >>>>>> select_device
08-28 17:25:04.003 236-2590/? V/codec_audio_iface: phone_record_enable, line: 165
08-28 17:25:04.003 236-2590/? D/audio_hw_primary: adev_close_input_stream set voice record status
08-28 17:25:04.014 19924-19924/? W/SANBAO: sdk onRecognizeText:前冲
08-28 17:25:04.017 19924-19924/? D/SANBAO: setStopReconize:false
08-28 17:25:04.024 19924-19924/? D/SANBAO: setSaidCommand:false
08-28 17:25:04.030 19924-19924/? I/SANBAO: question:前冲
08-28 17:25:04.037 19924-23189/? I/SANBAO: questionContainsRosTxtIndex result:-100
08-28 17:25:04.040 19924-19924/? I/SANBAO: isMachedNormalCommand question=:前冲,matchCommand=COMMAND_NOT_MATCH
08-28 17:25:04.041 19924-19924/? D/FRAGMENT: getFragment:1
08-28 17:25:04.041 19924-19924/? I/FRAGMENT: creatFragment:1,last fragment is:2
08-28 17:25:04.045 19924-19924/? D/SANBAO: setIsShowingHTML:false
08-28 17:25:04.047 19924-19924/? D/SANBAO: hideHTML
08-28 17:25:04.049 19924-19924/? D/FRAGMENT: FromUserFragment:refreshData：前冲
08-28 17:25:04.050 19924-19924/? I/FRAGMENT: FromUserFragment updateData:前冲
08-28 17:25:04.059 19924-19924/? D/FRAGMENT: changeFragment:com.qihancloud.zhiyin.ui.fragment.FromUserFragment
08-28 17:25:04.968 2111-322/? E/ZhiyinAnalyzeManager: 开始请求网络:前冲
08-28 17:25:05.125 2111-322/? E/ZhiyinAnalyzeManager: {"rc":240003}
08-28 17:25:05.126 2111-322/? I/SpeechManager: 知音请求获取回来的topic为空
08-28 17:25:05.340 2111-2111/? E/IflytekAnalyzeManager: language = zh
08-28 17:25:05.342 2111-2111/? I/DuerAnalyzeManager: dumi analyze
08-28 17:25:05.358 2111-2111/? I/DuerAnalysis: getDuerSpeak: content : 独立音乐人，民谣歌手，前冲原创作品，收录于网易云音乐平台。
08-28 17:25:05.359 2111-2111/? I/SpeechManager: doAnalyze: defaultFuture finalGrammar=Grammar [engine=1, text=前冲, topic=baike, action=null, params={answer=独立音乐人，民谣歌手，前冲原创作品，收录于网易云音乐平台。, content=独立音乐人，民谣歌手，前冲原创作品，收录于网易云音乐平台。}, route=0]
08-28 17:25:05.393 2111-2111/? E/MainService: mistakenlyIdentified=[com.qihancloud.zhiyin.ui.activity.MainActivity]
08-28 17:25:05.422 2111-2111/? E/MainService: textCmd=前冲
08-28 17:25:05.430 2111-2111/? I/MainService: app=100 cmd=1000 subcmd=0 content={"engine":1,"initialData":"{\"result\":{\"bot_id\":\"aries_general\",\"bot_meta\":{\"version\":\"1.0.0\",\"type\":\"其他\",\"description\":\"desc\"},\"nlu\":{\"domain\":\"universal_search\",\"intent\":\"baike\",\"sub_intent\":\"\",\"slots\":{}},\"speech\":{\"type\":\"Text\",\"content\":\"独立音乐人，民谣歌手，前冲原创作品，收录于网易云音乐平台。\"},\"views\":[{\"type\":\"list\",\"list\":[{\"title\":\"民谣在路上\",\"summary\":\"独立音乐人，民谣歌手 前冲原创作品，收录于网易云音乐平台。\",\"url\":\"https:\\/\\/baike.baidu.com\\/item\\/%E6%B0%91%E8%B0%A3%E5%9C%A8%E8%B7%AF%E4%B8%8A\\/22031804\",\"image\":\"https:\\/\\/ss1.baidu.com\\/6ONXsjip0QIZ8tyhnq\\/it\\/u\u003d2365021321,22073834\u0026fm\u003d82\u0026app\u003d16\u0026f\u003dJPEG?w\u003d200\u0026h\u003d200\u0026s\u003d7F2C34624103574D1EF4A8D70100C0B1\"}]}],\"hint\":[\"念一首杜甫的诗\",\"人生若只如初见的全文\",\"为什么长颈鹿的颈这么长\",\"世界最长的河流\",\"唐朝什么时间建立的\",\"葡萄美酒夜光杯的下一句是什么\",\"人为什么吃饱了就想睡觉\",\"公鸡为什么会打鸣\",\"冬至为何要吃饺子\",\"清朝第一任皇帝是谁\"],\"show_hint\":[{\"cue_words\":[\"念一首杜甫的诗\",\"人生若只如初见的全文\",\"为什么长颈鹿的颈这么长\",\"世界最长的河流\",\"唐朝什么时间建立的\",\"葡萄美酒夜光杯的下一句是什么\",\"人为什么吃饱了就想睡觉\",\"公鸡为什么会打鸣\",\"冬至为何要吃饺子\",\"清朝第一任皇帝是谁\"]}],\"resources\":[],\"resource\":{\"type\":\"baike\",\"data\":{\"image\":\"http:\\/\\/t11.baidu.com\\/it\\/u\u003d2365021321,22073834\u0026fm\u003d82\u0026app\u003d16\u0026f\u003dJPEG?w\u003d200\u0026h\u003d200\u0026s\u003d7F2C34624103574D1EF4A8D70100C0B1\",\"introduction\":\"独立音乐人，民谣歌手 前冲原创作品，收录于网易云音乐平台。\",\"speech\":\"独立音乐人，民谣歌手 前冲原创作品，收录于网易云音乐平台。\",\"title\":\"民谣在路上\",\"url\":\"http:\\/\\/baike.baidu.com\\/item\\/%E6%B0%91%E8%B0%A3%E5%9C%A8%E8%B7%AF%E4%B8%8A\\/22031804\"},\"payload\":{\"token\":\"eyJib3RfaWQiOiJhcmllc19nZW5lcmFsIiwicmVzdWx0X3Rva2VuIjoiMjI2ZmU4MGQ2N2U3NmE1NGVkMmY3YTlhZWMxYTg0OTAiLCJib3RfdG9rZW4iOiI5NGJiZWU5Mi1hYmVlLTRjNTAtODYxNi0xOWNiMzIxZWVjM2QiLCJsYXVuY2hfaWRzIjpbImFyaWVzX2dlbmVyYWwiXX0\u003d\"}}},\"session_id\":\"e240196b-8036-4cd4-b7e9-c155828ef017\",\"id\":\"1566984304_83637cldy\",\"logid\":\"e350186952d945bcbde572043b991c16_DCSa37kgy07lp4s8h\",\"user_id\":\"433804e704a0309b48df3eae2ca92afe\",\"time\":1566984304,\"cuid\":\"433804e704a0309b48df3eae2ca92afe\",\"se_query\":\"前冲\",\"msg\":\"ok\",\"status\":0,\"client_msg_id\":\"1664ac16-f07b-4f65-82f1-7c2c87afc70f\"}","params":{"answer":"独立音乐人，民谣歌手，前冲原创作品，收录于网易云音乐平台。","content":"独立音乐人，民谣歌手，前冲原创作品，收录于网易云音乐平台。"},"route":0,"text":"前冲","topic":"baike"}
08-28 17:25:05.432 2111-2111/? I/MainService: mode == true
08-28 17:25:05.432 2111-2111/? E/MainService: 获得result
08-28 17:25:05.703 19924-19924/? I/SANBAO: getInterceptTopic:not found
08-28 17:25:05.712 19924-19924/? I/SANBAO: Grammar:
    getEngine:1
    getText:前冲
    getAction:null
    getParams:{answer=独立音乐人，民谣歌手，前冲原创作品，收录于网易云音乐平台。, content=独立音乐人，民谣歌手，前冲原创作品，收录于网易云音乐平台。}
    getInitialData:{"result":{"bot_id":"aries_general","bot_meta":{"version":"1.0.0","type":"其他","description":"desc"},"nlu":{"domain":"universal_search","intent":"baike","sub_intent":"","slots":{}},"speech":{"type":"Text","content":"独立音乐人，民谣歌手，前冲原创作品，收录于网易云音乐平台。"},"views":[{"type":"list","list":[{"title":"民谣在路上","summary":"独立音乐人，民谣歌手 前冲原创作品，收录于网易云音乐平台。","url":"https:\/\/baike.baidu.com\/item\/%E6%B0%91%E8%B0%A3%E5%9C%A8%E8%B7%AF%E4%B8%8A\/22031804","image":"https:\/\/ss1.baidu.com\/6ONXsjip0QIZ8tyhnq\/it\/u=2365021321,22073834&fm=82&app=16&f=JPEG?w=200&h=200&s=7F2C34624103574D1EF4A8D70100C0B1"}]}],"hint":["念一首杜甫的诗","人生若只如初见的全文","为什么长颈鹿的颈这么长","世界最长的河流","唐朝什么时间建立的","葡萄美酒夜光杯的下一句是什么","人为什么吃饱了就想睡觉","公鸡为什么会打鸣","冬至为何要吃饺子","清朝第一任皇帝是谁"],"show_hint":[{"cue_words":["念一首杜甫的诗","人生若只如初见的全文","为什么长颈鹿的颈这么长","世界最长的河流","唐朝什么时间建立的","葡萄美酒夜光杯的下一句是什么","人为什么吃饱了就想睡觉","公鸡为什么会打鸣","冬至为何要吃饺子","清朝第一任皇帝是谁"]}],"resources":[],"resource":{"type":"baike","data":{"image":"http:\/\/t11.baidu.com\/it\/u=2365021321,22073834&fm=82&app=16&f=JPEG?w=200&h=200&s=7F2C34624103574D1EF4A8D70100C0B1","introduction":"独立音乐人，民谣歌手 前冲原创作品，收录于网易云音乐平台。","speech":"独立音乐人，民谣歌手 前冲原创作品，收录于网易云音乐平台。","title":"民谣在路上","url":"http:\/\/baike.baidu.com\/item\/%E6%B0%91%E8%B0%A3%E5%9C%A8%E8%B7%AF%E4%B8%8A\/22031804"},"payload":{"token":"eyJib3RfaWQiOiJhcmllc19nZW5lcmFsIiwicmVzdWx0X3Rva2VuIjoiMjI2ZmU4MGQ2N2U3NmE1NGVkMmY3YTlhZWMxYTg0OTAiLCJib3RfdG9rZW4iOiI5NGJiZWU5Mi1hYmVlLTRjNTAtODYxNi0xOWNiMzIxZWVjM2QiLCJsYXVuY2hfaWRzIjpbImFyaWVzX2dlbmVyYWwiXX0="}}},"session_id":"e240196b-8036-4cd4-b7e9-c155828ef017","id":"1566984304_83637cldy","logid":"e350186952d945bcbde572043b991c16_DCSa37kgy07lp4s8h","user_id":"433804e704a0309b48df3eae2ca92afe","time":1566984304,"cuid":"433804e704a0309b48df3eae2ca92afe","se_query":"前冲","msg":"ok","status":0,"client_msg_id":"1664ac16-f07b-4f65-82f1-7c2c87afc70f"}
08-28 17:25:05.730 19924-19924/? D/SANBAO: startSpeak：独立音乐人，民谣歌手，前冲原创作品，收录于网易云音乐平台。
08-28 17:25:05.749 2111-493/? E/MainService: socketcommand,functionId=com.qihancloud.zhiyin,cmd=865,subCmd=0,content=独立音乐人，民谣歌手，前冲原创作品，收录于网易云音乐平台。
08-28 17:25:05.751 2111-493/? D/SpeechManager: StopSpeak
08-28 17:25:05.751 2111-493/? D/SpeechManager: text == 独立音乐人，民谣歌手，前冲原创作品，收录于网易云音乐平台。
08-28 17:25:05.777 2111-2437/? I/MainService: app=100 cmd=-10 subcmd=0 content={"pir_status":1,"pir_type":2,"point_tag":4,"ack_flg":1,"checkSum":0,"content_len":0,"mmnn":0,"msg_size":[0,0,0,0],"unUse":[0,0,0,0,0,0,0]}
08-28 17:25:05.796 2111-493/? I/IflytekSynthesizeManage: speak: 独立音乐人，民谣歌手，前冲原创作品，收录于网易云音乐平台。
08-28 17:25:05.830 19924-19924/? I/SanbotOpenSDK: {"description":"指令执行成功","errorCode":1,"result":"1c15f9fd-821e-4e98-bd66-92ffa0dd2fbd"}
08-28 17:25:05.830 19924-19924/? I/SANBAO: answer:独立音乐人，民谣歌手，前冲原创作品，收录于网易云音乐平台。
08-28 17:25:05.833 19924-19924/? D/FRAGMENT: getFragment:4
08-28 17:25:05.833 19924-19924/? I/FRAGMENT: creatFragment:4,last fragment is:1
08-28 17:25:05.833 19924-19924/? D/SANBAO: mCurrentDealResult.getServerQuestion():前冲
08-28 17:25:05.840 19924-19924/? D/SANBAO: setIsShowingHTML:false
08-28 17:25:05.843 19924-19924/? D/SANBAO: hideHTML
08-28 17:25:05.848 19924-19924/? I/FRAGMENT: BaikeFragment updateData:ListBean{summary='独立音乐人，民谣歌手 前冲原创作品，收录于网易云音乐平台。', image='https://ss1.baidu.com/6ONXsjip0QIZ8tyhnq/it/u=2365021321,22073834&fm=82&app=16&f=JPEG?w=200&h=200&s=7F2C34624103574D1EF4A8D70100C0B1', url='https://baike.baidu.com/item/%E6%B0%91%E8%B0%A3%E5%9C%A8%E8%B7%AF%E4%B8%8A/22031804', title='民谣在路上', src='null'}
08-28 17:25:05.855 19924-19924/? D/FRAGMENT: BaikeFragment refreshData:独立音乐人，民谣歌手，前冲原创作品，收录于网易云音乐平台。
08-28 17:25:05.864 19924-19924/? D/FRAGMENT:  msg type is not MSG_TYPE_FROM_USER,cancel setFragmentHideListener:
08-28 17:25:05.867 19924-19924/? D/FRAGMENT: changeFragment:com.qihancloud.zhiyin.ui.fragment.BaikeFragment
08-28 17:25:05.873 19924-19924/? D/FRAGMENT: hideLoadingAnimation:2131230865
08-28 17:25:05.879 19924-19924/? I/FRAGMENT: FromUserFragment onHidden
08-28 17:25:05.883 19924-19924/? D/FRAGMENT: OnFragmentHiddenListener:前冲
08-28 17:25:05.896 19924-19924/? I/SANBAO: addButton2HintContainer:hintText=念一首杜甫的诗
08-28 17:25:05.899 19924-19924/? I/SANBAO: addButton2HintContainer:hintText=人生若只如初见的全文
08-28 17:25:05.902 19924-19924/? I/SANBAO: addButton2HintContainer:hintText=为什么长颈鹿的颈这么长
08-28 17:25:05.907 19924-19924/? I/SANBAO: addButton2HintContainer:hintText=世界最长的河流
08-28 17:25:05.930 2111-2111/? E/MainService: latch.await()超时： false
08-28 17:25:05.930 2111-2111/? I/SpeechManager: isInterrupt: true
08-28 17:25:06.109 2111-2111/? E/mcu: 发送到单片机 63
08-28 17:25:06.128 2111-2134/? W/art: Suspending all threads took: 12.008ms
08-28 17:25:06.141 2111-2111/? I/MainService: app=0 cmd=1 subcmd=0 content=
08-28 17:25:06.213 236-1220/? D/audio_hw_primary: init hdmi_plug: OUT
08-28 17:25:06.214 236-1220/? D/audio_hw_primary: >>>>>> select_device
08-28 17:25:06.236 236-1220/? D/AudioFlinger: mixer(0xb1340000) throttle end: throttle time(11)
08-28 17:25:06.272 2111-2111/? I/MainService: app=100 cmd=-29 subcmd=0 content=
08-28 17:25:06.283 236-1220/? D/AudioFlinger: mixer(0xb1340000) throttle end: throttle time(33)
08-28 17:25:06.315 19924-19924/? D/SANBAO: sdk ttsStart
08-28 17:25:06.319 19924-19924/? D/SANBAO: startSpeakAnimation
08-28 17:25:06.332 19924-19924/? D/FrameAnimationView: stopUpdate callOnFrameEnd
08-28 17:25:06.332 19924-19924/? D/FrameAnimationView: onFrameEnd！
08-28 17:25:06.338 2111-2111/? I/MainService: app=100 cmd=-29 subcmd=0 content=
08-28 17:25:06.418 2111-2111/? I/MainService: app=100 cmd=-29 subcmd=1 content=
08-28 17:25:06.438 2111-2111/? I/MainService: app=100 cmd=-29 subcmd=2 content=
08-28 17:25:06.446 2111-2111/? I/MainService: app=100 cmd=-29 subcmd=3 content=
08-28 17:25:06.465 2111-2111/? I/MainService: app=100 cmd=-29 subcmd=4 content=
08-28 17:25:06.479 2111-2111/? I/MainService: app=100 cmd=-29 subcmd=5 content=
08-28 17:25:06.485 2111-2111/? I/MainService: app=100 cmd=-29 subcmd=6 content=
08-28 17:25:06.502 2111-2111/? I/MainService: app=100 cmd=-29 subcmd=7 content=
08-28 17:25:06.524 2111-2111/? I/MainService: app=100 cmd=-29 subcmd=8 content=
08-28 17:25:06.538 2111-2111/? I/MainService: app=100 cmd=-29 subcmd=9 content=
08-28 17:25:06.611 2111-2111/? I/MainService: app=100 cmd=-29 subcmd=10 content=
08-28 17:25:06.618 2111-2111/? I/MainService: app=100 cmd=-29 subcmd=11 content=
08-28 17:25:06.705 2111-2111/? I/MainService: app=100 cmd=-29 subcmd=12 content=
08-28 17:25:06.795 2111-2111/? I/MainService: app=100 cmd=-29 subcmd=13 content=
08-28 17:25:06.799 2111-2111/? I/MainService: app=100 cmd=-29 subcmd=14 content=
08-28 17:25:06.889 2111-2111/? I/MainService: app=100 cmd=-29 subcmd=15 content=
08-28 17:25:06.900 2111-2111/? I/MainService: app=100 cmd=-29 subcmd=16 content=
08-28 17:25:06.986 2111-2111/? I/MainService: app=100 cmd=-29 subcmd=16 content=
08-28 17:25:07.018 2111-2111/? I/MainService: app=100 cmd=-29 subcmd=17 content=
08-28 17:25:07.027 2111-2111/? E/mcu: 发送到单片机 20009
08-28 17:25:07.074 2111-2111/? I/MainService: app=100 cmd=-29 subcmd=18 content=
08-28 17:25:07.085 2111-2435/? E/power: mChargeStatus=1,mBattery=81 autoLimit=30
08-28 17:25:07.088 2111-2431/? E/mcu: 发送到单片机 5
08-28 17:25:07.088 2111-2431/? E/mcu: 发送到单片机 5
08-28 17:25:07.089 2111-2431/? D/RobotPowerManager: mChargeStatus=1 mBattery=81 isNeverShow=falseisGotoCharge=false
08-28 17:25:07.091 26414-26414/? I/ouyang:  头部电量广播  progress: 81  state:1  originalProgress:81  originalState:1
08-28 17:25:07.114 2111-2111/? I/MainService: app=100 cmd=-29 subcmd=19 content=
08-28 17:25:07.169 2111-2111/? I/MainService: app=100 cmd=-29 subcmd=20 content=
08-28 17:25:07.196 2111-2111/? I/MainService: app=100 cmd=-29 subcmd=21 content=
08-28 17:25:07.262 2111-2111/? I/MainService: app=100 cmd=-29 subcmd=22 content=
08-28 17:25:07.294 2111-2111/? I/MainService: app=100 cmd=-29 subcmd=23 content=
08-28 17:25:07.359 2111-2111/? I/MainService: app=100 cmd=-29 subcmd=24 content=
08-28 17:25:07.446 2111-2111/? I/MainService: app=100 cmd=-29 subcmd=25 content=
08-28 17:25:07.451 2111-2111/? I/MainService: app=100 cmd=-29 subcmd=26 content=
08-28 17:25:07.540 2111-2111/? I/MainService: app=100 cmd=-29 subcmd=27 content=
08-28 17:25:07.558 2111-2111/? I/MainService: app=100 cmd=-29 subcmd=28 content=
08-28 17:25:07.632 2111-2111/? I/MainService: app=100 cmd=-29 subcmd=29 content=
08-28 17:25:07.657 2111-2111/? I/MainService: app=100 cmd=-29 subcmd=30 content=
08-28 17:25:07.724 2111-2111/? I/MainService: app=100 cmd=-29 subcmd=31 content=
08-28 17:25:07.776 2111-2111/? I/MainService: app=100 cmd=-29 subcmd=32 content=
08-28 17:25:07.817 2111-2111/? I/MainService: app=100 cmd=-29 subcmd=33 content=
08-28 17:25:07.829 2111-2111/? I/MainService: app=100 cmd=-29 subcmd=33 content=
08-28 17:25:07.911 2111-2111/? I/MainService: app=100 cmd=-29 subcmd=34 content=
08-28 17:25:07.915 2111-2111/? I/MainService: app=100 cmd=-29 subcmd=35 content=
08-28 17:25:08.003 2111-2111/? I/MainService: app=100 cmd=-29 subcmd=36 content=
08-28 17:25:08.099 2111-2111/? I/MainService: app=100 cmd=-29 subcmd=37 content=
08-28 17:25:08.115 2111-2111/? I/MainService: app=100 cmd=-29 subcmd=38 content=
08-28 17:25:08.189 2111-2111/? I/MainService: app=100 cmd=-29 subcmd=39 content=
08-28 17:25:08.193 2111-2111/? I/MainService: app=100 cmd=-29 subcmd=40 content=
08-28 17:25:08.281 2111-2111/? I/MainService: app=100 cmd=-29 subcmd=41 content=
08-28 17:25:08.285 2111-2111/? I/MainService: app=100 cmd=-29 subcmd=42 content=
08-28 17:25:08.377 2111-2111/? I/MainService: app=100 cmd=-29 subcmd=43 content=
08-28 17:25:08.384 2111-2111/? I/MainService: app=100 cmd=-29 subcmd=44 content=
08-28 17:25:08.407 2530-2530/? I/ZEUS: 28d17:25:8(zeus.c/822):
    for each with monitor_circle: 221
08-28 17:25:08.407 2530-2530/? I/ZEUS: 28d17:25:8(zeus.c/825):start monit task need_reboot_monitor
08-28 17:25:08.407 2530-2530/? I/ZEUS: 28d17:25:8(zeus.c/591):MT_INTERNAL MODE: need_reboot_monitor
08-28 17:25:08.407 2530-2530/? I/ZEUS: 28d17:25:8(zeus.c/412):do not monitor this time
08-28 17:25:08.407 2530-2530/? I/ZEUS: 28d17:25:8(zeus.c/574):monitor_circle is 221,last circle is 0 ,so clear action_record
08-28 17:25:08.407 2530-2530/? I/ZEUS: 28d17:25:8(zeus.c/825):start monit task service_communi
08-28 17:25:08.407 2530-2530/? I/ZEUS: 28d17:25:8(zeus.c/591):MT_INTERNAL MODE: service_communi
08-28 17:25:08.407 2530-2530/? I/ZEUS: 28d17:25:8(zeus.c/412):do not monitor this time
08-28 17:25:08.407 2530-2530/? I/ZEUS: 28d17:25:8(zeus.c/574):monitor_circle is 221,last circle is 0 ,so clear action_record
08-28 17:25:08.407 2530-2530/? I/ZEUS: 28d17:25:8(zeus.c/825):start monit task /system/bin/mediaserver
08-28 17:25:08.407 2530-2530/? I/ZEUS: 28d17:25:8(proc.c/317):start check_know_proc
08-28 17:25:08.408 2530-2530/? I/ZEUS: 28d17:25:8(proc.c/335):check_know_proc OK,no change
08-28 17:25:08.469 2111-2111/? I/MainService: app=100 cmd=-29 subcmd=45 content=
08-28 17:25:08.489 2111-2111/? I/MainService: app=100 cmd=-29 subcmd=46 content=
08-28 17:25:08.490 2524-2524/? D/qhpower: need keepScreenOn,qhpower sleep 5s
08-28 17:25:08.577 2111-2111/? I/MainService: app=100 cmd=-29 subcmd=47 content=
08-28 17:25:08.592 2111-2111/? I/MainService: app=100 cmd=-29 subcmd=48 content=
08-28 17:25:08.655 2111-2111/? I/MainService: app=100 cmd=-29 subcmd=49 content=
08-28 17:25:08.750 2111-2111/? I/MainService: app=100 cmd=-29 subcmd=50 content=
08-28 17:25:08.764 2111-2111/? I/MainService: app=100 cmd=-29 subcmd=50 content=
08-28 17:25:08.842 2111-2111/? I/MainService: app=100 cmd=-29 subcmd=51 content=
08-28 17:25:08.894 2111-2111/? I/MainService: app=100 cmd=-29 subcmd=52 content=
08-28 17:25:08.932 2111-2111/? I/MainService: app=100 cmd=-29 subcmd=53 content=
08-28 17:25:08.939 2111-2437/? E/Cris:  data[23]==16  data[24]==1
08-28 17:25:08.955 2111-2437/? D/touch: {"point_tag":-1,"touchInformation":1,"touchTurnal":16,"ack_flg":1,"checkSum":0,"content_len":0,"mmnn":0,"msg_size":[0,0,0,0],"unUse":[0,0,0,0,0,0,0]}
08-28 17:25:08.960 2111-2437/? I/MainService: app=100 cmd=-7 subcmd=0 content={"point_tag":-1,"touchInformation":1,"touchTurnal":16,"ack_flg":1,"checkSum":0,"content_len":0,"mmnn":0,"msg_size":[0,0,0,0],"unUse":[0,0,0,0,0,0,0]}
08-28 17:25:08.962 2111-2111/? I/MainService: app=100 cmd=-29 subcmd=54 content=
08-28 17:25:08.974 19924-19924/? D/ROBOT_ACTION: 传感器部位响应：右手手臂肩部传感器
