08-28 17:23:52.836 2111-2111/? D/IflytekRecognizeManager: Volume: 14
08-28 17:23:52.929 2111-2111/? D/IflytekRecognizeManager: Volume: 15
08-28 17:23:52.934 2111-2111/? D/IflytekRecognizeManager: Volume: 15
08-28 17:23:53.020 2111-2111/? D/IflytekRecognizeManager: Volume: 14
08-28 17:23:53.252 771-1406/? D/WifiStateMachine: starting scan for "TP-LINK_jiqiren"WPA_PSK with 2437
08-28 17:23:53.347 2524-2524/? D/qhpower: need keepScreenOn,qhpower sleep 5s
08-28 17:23:53.973 2111-2111/? D/IflytekRecognizeManager: Volume: 14
08-28 17:23:54.185 236-1220/? D/audio_hw_primary: out_standby
08-28 17:23:54.516 2111-2411/? E/ServerNettySocket: current clients : com.qihancloud.map.MyService, com.qihancloud.rservice.TaskManagerService, com.qihancloud.zhiyin.ui.activity.MainActivity, 
08-28 17:23:55.206 2111-2111/? D/IflytekRecognizeManager: Volume: 19
08-28 17:23:55.991 2111-2111/? E/mcu: 发送到单片机 20009
08-28 17:23:56.094 2111-2435/? E/power: mChargeStatus=1,mBattery=81 autoLimit=30
08-28 17:23:56.102 2111-2431/? E/mcu: 发送到单片机 5
08-28 17:23:56.103 2111-2431/? E/mcu: 发送到单片机 5
08-28 17:23:56.103 2111-2431/? D/RobotPowerManager: mChargeStatus=1 mBattery=81 isNeverShow=falseisGotoCharge=false
08-28 17:23:56.104 26414-26414/? I/ouyang:  头部电量广播  progress: 81  state:1  originalProgress:81  originalState:1
08-28 17:23:56.257 2111-2437/? I/MainService: app=100 cmd=-10 subcmd=0 content={"pir_status":1,"pir_type":1,"point_tag":4,"ack_flg":1,"checkSum":0,"content_len":0,"mmnn":0,"msg_size":[0,0,0,0],"unUse":[0,0,0,0,0,0,0]}
08-28 17:23:56.289 2111-2111/? D/IflytekRecognizeManager: Volume: 16
08-28 17:23:56.665 19924-19924/? D/SANBAO: Sdk onStopRecognize
08-28 17:23:56.667 19924-19924/? D/SANBAO: stopReconizeAnimation
08-28 17:23:56.669 19924-19924/? D/FrameAnimationView: stopUpdate callOnFrameEnd
08-28 17:23:56.669 19924-19924/? D/FrameAnimationView: onFrameEnd！
08-28 17:23:56.673 771-2812/? I/MediaFocusControl:  AudioFocus  abandonAudioFocus() from android.media.AudioManager@5e05458
08-28 17:23:56.675 2111-2111/? D/IflytekRecognizeManager: recognize initData ==后面
08-28 17:23:56.675 2111-2111/? D/SpeechManager: gotoSleep mode=0
08-28 17:23:56.675 2111-2111/? D/SpeechManager: SpeechCmdReconizerStop+++
08-28 17:23:56.675 2111-2111/? I/Cris: ledLevel==10
08-28 17:23:56.676 2111-2111/? I/Cris: which==0 color==1
08-28 17:23:56.676 2111-2111/? E/mcu: 发送到单片机 5
08-28 17:23:56.680 2111-2111/? I/MainService: app=100 cmd=-1 subcmd=0 content=0
08-28 17:23:56.708 19924-19924/? D/SANBAO: sdk onSleep
08-28 17:23:56.717 19924-19924/? D/SANBAO: startSleepAnimation
08-28 17:23:56.720 19924-19924/? D/FrameAnimationView: stopUpdate callOnFrameEnd
08-28 17:23:56.720 19924-19924/? D/FrameAnimationView: onFrameEnd！
08-28 17:23:56.723 236-30769/? D/audio_hw_primary: >>>>>> select_device
08-28 17:23:56.737 236-236/? V/codec_audio_iface: phone_record_enable, line: 165
08-28 17:23:56.737 236-236/? D/audio_hw_primary: adev_close_input_stream set voice record status
08-28 17:23:56.775 19924-19924/? W/SANBAO: sdk onRecognizeText:后面
08-28 17:23:56.779 19924-19924/? D/SANBAO: setStopReconize:false
08-28 17:23:56.785 19924-19924/? D/SANBAO: setSaidCommand:false
08-28 17:23:56.789 19924-19924/? I/SANBAO: question:后面
08-28 17:23:56.793 19924-6212/? I/SANBAO: questionContainsRosTxtIndex result:-100
08-28 17:23:56.795 19924-19924/? I/SANBAO: isMachedNormalCommand question=:后面,matchCommand=COMMAND_NOT_MATCH
08-28 17:23:56.795 19924-19924/? D/FRAGMENT: getFragment:1
08-28 17:23:56.795 19924-19924/? I/FRAGMENT: creatFragment:1,last fragment is:2
08-28 17:23:56.800 19924-19924/? D/SANBAO: setIsShowingHTML:false
08-28 17:23:56.803 19924-19924/? D/SANBAO: hideHTML
08-28 17:23:56.805 19924-19924/? D/FRAGMENT: FromUserFragment:refreshData：后面
08-28 17:23:56.806 19924-19924/? I/FRAGMENT: FromUserFragment updateData:后面
08-28 17:23:56.811 19924-19924/? D/FRAGMENT: changeFragment:com.qihancloud.zhiyin.ui.fragment.FromUserFragment
08-28 17:23:57.434 2111-30928/? E/ZhiyinAnalyzeManager: 开始请求网络:后面
08-28 17:23:57.547 2111-30928/? E/ZhiyinAnalyzeManager: {"rc":240003}
08-28 17:23:57.571 2111-30928/? I/SpeechManager: 知音请求获取回来的topic为空
08-28 17:23:57.906 2111-2111/? E/IflytekAnalyzeManager: language = zh
08-28 17:23:57.912 2111-2111/? I/DuerAnalyzeManager: dumi analyze
08-28 17:23:57.921 2111-2111/? I/DuerAnalysis: getDuerSpeak: content : 播放从电子商务到商务电子
08-28 17:23:57.925 2111-2111/? I/SpeechManager: doAnalyze: defaultFuture finalGrammar=Grammar [engine=1, text=后面, topic=ximalaya, action=null, params={actor=, category=}, route=0]
08-28 17:23:58.012 2111-2111/? E/MainService: mistakenlyIdentified=[com.qihancloud.zhiyin.ui.activity.MainActivity]
08-28 17:23:58.049 2111-2111/? E/MainService: textCmd=后面
08-28 17:23:58.054 2111-2111/? I/MainService: app=100 cmd=1000 subcmd=0 content={"engine":1,"initialData":"{\"result\":{\"bot_id\":\"audio_unicast\",\"_botDirectiveIndex\":[\"result.directives.0\",\"result.directives.1\",\"result.directives.2\"],\"directives\":[{\"header\":{\"message_id\":\"YXVkaW9fdW5pY2FzdCsxNTY2OTg0MjM3XzI3NjN3anQ1Yg\u003d\u003d\",\"name\":\"Play\",\"namespace\":\"AudioPlayer\"},\"payload\":{\"audio_item\":{\"audio_item_id\":\"57779550398\",\"stream\":{\"expiryTime\":\"2019-08-28T17:53:57+08:00\",\"offset_ms\":0,\"progress_report_interval_ms\":30000,\"stream_format\":\"m4a\",\"token\":\"57779550398\",\"url\":\"http:\\/\\/od.qingting.fm\\/vod\\/00\\/00\\/0000000000000000000002067274_48.m4a?from\u003ddumi\u0026logid\u003d7210f157bb0c413a9acd13d85333533f_DCSmpwavxztotu124\"}},\"play_behavior\":\"REPLACE_ALL\"}}],\"bot_meta\":{\"version\":\"1.0.0\",\"type\":\"其他\",\"description\":\"desc\"},\"nlu\":{\"domain\":\"audio.unicast\",\"intent\":\"audio.unicast.next\",\"slots\":{}},\"speech\":{\"content\":\"播放从电子商务到商务电子\",\"type\":\"Text\"},\"views\":[{\"type\":\"txt\",\"content\":\"播放从电子商务到商务电子\"}],\"resource\":{\"data\":{\"api\":{\"method\":\"GET\",\"url\":\"http:\\/\\/xiaodu.baidu.com\\/unicast\\/api\\/playlist?cuid\u003d433804e704a0309b48df3eae2ca92afe\"},\"media\":{\"album_id\":57328239638,\"artist\":[],\"first_category\":\"资讯\",\"high_quality\":1,\"source_bot_id\":\"cd41c33e-7ae8-080d-72c3-bdb82ea2b433\",\"source_name\":\"qingting\",\"title\":\"从电子商务到商务电子\",\"track_id\":57779550398}},\"payload\":{\"token\":\"eyJib3RfaWQiOiJhdWRpb191bmljYXN0IiwicmVzdWx0X3Rva2VuIjoiNDdhZGUyNGY0M2JmMDNjZjNjZmJkYzIxZDgyZjUwZjgiLCJib3RfdG9rZW4iOiJlYzYwYmRkZC03Yzk3LTRhNjktYjYyMC1hM2NmMzcwZjg3Y2UiLCJsYXVuY2hfaWRzIjpbImF1ZGlvX3VuaWNhc3QiXX0\u003d\"},\"type\":\"unicast_ref\"},\"hint\":[\"上一个\",\"下一个\",\"暂停\",\"订阅\",\"查看播放列表\"],\"query\":\"后面\"},\"session_id\":\"1482af23-ae2f-4cde-9597-4ec6c3a329ec\",\"id\":\"1566984237_337dzq0h1\",\"logid\":\"7210f157bb0c413a9acd13d85333533f_DCSmpwavxztotu124\",\"user_id\":\"433804e704a0309b48df3eae2ca92afe\",\"time\":1566984237,\"cuid\":\"433804e704a0309b48df3eae2ca92afe\",\"se_query\":\"后面\",\"msg\":\"ok\",\"status\":0,\"client_msg_id\":\"9da35297-15a0-48a9-b557-254f5b9e5274\"}","params":{"actor":"","category":""},"route":0,"text":"后面","topic":"ximalaya"}
08-28 17:23:58.059 2111-2111/? I/MainService: mode == true
08-28 17:23:58.059 2111-2111/? E/MainService: 获得result
08-28 17:23:58.478 19924-19924/? D/SANBAO: getInterceptTopic:ximalaya
08-28 17:23:58.481 19924-19924/? I/SANBAO: getInterceptTopic:ximalaya
08-28 17:23:58.483 19924-19924/? D/SANBAO: startSpeak：暂不支持此功能
08-28 17:23:58.497 2111-493/? E/MainService: socketcommand,functionId=com.qihancloud.zhiyin,cmd=865,subCmd=0,content=暂不支持此功能
08-28 17:23:58.497 2111-493/? D/SpeechManager: StopSpeak
08-28 17:23:58.497 2111-493/? D/SpeechManager: text == 暂不支持此功能
08-28 17:23:58.565 2111-493/? I/IflytekSynthesizeManage: speak: 暂不支持此功能
08-28 17:23:58.594 19924-19924/? I/SanbotOpenSDK: {"description":"指令执行成功","errorCode":1,"result":"cdd94266-b48d-4735-ba84-18ad60b51c93"}
08-28 17:23:58.595 19924-19924/? E/SANBAO: dealReconizeResult failed,grammar == null
08-28 17:23:58.598 19924-19924/? D/SANBAO: guideStr = 我要听音乐★我想看电影★导航引路★附近有什么好吃的,mDefaultGuide=我要听音乐★我想看电影★导航引路★附近有什么好吃的
08-28 17:23:58.600 19924-19924/? D/FRAGMENT: getFragment:0
08-28 17:23:58.600 19924-19924/? I/FRAGMENT: creatFragment:0,last fragment is:1
08-28 17:23:58.601 19924-19924/? I/FRAGMENT: mCurrentfragment is null:false
08-28 17:23:58.607 19924-19924/? D/FACEMANAGER: MainActivity setChatGuideTittle:你好，请问有什么可以帮你?
08-28 17:23:58.608 19924-19924/? D/SANBAO: setIsShowingHTML:false
08-28 17:23:58.611 19924-19924/? D/SANBAO: hideHTML
08-28 17:23:58.613 19924-19924/? D/FRAGMENT: DefaultGuideFragment:refreshData我要听音乐★我想看电影★导航引路★附近有什么好吃的
08-28 17:23:58.617 19924-19924/? D/FRAGMENT:  msg type is not MSG_TYPE_FROM_USER,cancel setFragmentHideListener:
08-28 17:23:58.621 19924-19924/? D/FRAGMENT: changeFragment:com.qihancloud.zhiyin.ui.fragment.DefaultGuideFragment
08-28 17:23:58.632 19924-19924/? D/FRAGMENT: hideLoadingAnimation:2131230865
08-28 17:23:58.635 19924-19924/? I/FRAGMENT: FromUserFragment onHidden
08-28 17:23:58.640 19924-19924/? D/FRAGMENT: OnFragmentHiddenListener:后面
08-28 17:23:58.650 19924-19924/? I/SANBAO: addButton2HintContainer:hintText=我要听音乐
08-28 17:23:58.654 19924-19924/? I/SANBAO: addButton2HintContainer:hintText=我想看电影
08-28 17:23:58.657 19924-19924/? I/SANBAO: addButton2HintContainer:hintText=导航引路
08-28 17:23:58.660 19924-19924/? I/SANBAO: addButton2HintContainer:hintText=附近有什么好吃的
08-28 17:23:58.678 2111-2111/? E/MainService: latch.await()超时： false
08-28 17:23:58.678 2111-2111/? I/SpeechManager: isInterrupt: true
08-28 17:23:58.704 19924-19924/? D/FRAGMENT: getButton:我要听音乐
08-28 17:23:58.708 19924-19924/? D/FRAGMENT: getButton:我想看电影
08-28 17:23:58.712 19924-19924/? D/FRAGMENT: getButton:导航引路
08-28 17:23:58.715 19924-19924/? D/FRAGMENT: getButton:附近有什么好吃的
08-28 17:23:58.725 2111-2111/? E/mcu: 发送到单片机 63
08-28 17:23:58.727 2111-2111/? I/MainService: app=0 cmd=1 subcmd=0 content=
08-28 17:23:58.779 2111-2111/? I/MainService: app=100 cmd=-29 subcmd=0 content=
08-28 17:23:58.781 19924-19924/? D/SANBAO: sdk ttsStart
08-28 17:23:58.796 19924-19924/? D/SANBAO: startSpeakAnimation
08-28 17:23:58.803 236-1220/? D/audio_hw_primary: init hdmi_plug: OUT
08-28 17:23:58.803 236-1220/? D/audio_hw_primary: >>>>>> select_device
08-28 17:23:58.804 2111-2111/? I/MainService: app=100 cmd=-29 subcmd=4 content=
08-28 17:23:58.807 19924-19924/? D/FrameAnimationView: stopUpdate callOnFrameEnd
08-28 17:23:58.807 19924-19924/? D/FrameAnimationView: onFrameEnd！
08-28 17:23:58.818 2111-2111/? I/MainService: app=100 cmd=-29 subcmd=8 content=
08-28 17:23:58.869 2111-2111/? I/MainService: app=100 cmd=-29 subcmd=12 content=
08-28 17:23:58.893 2111-2111/? I/MainService: app=100 cmd=-29 subcmd=16 content=
08-28 17:23:58.896 236-1220/? D/AudioFlinger: mixer(0xb1340000) throttle end: throttle time(45)
08-28 17:23:58.944 2111-2111/? I/MainService: app=100 cmd=-29 subcmd=20 content=
08-28 17:23:58.970 2111-2111/? I/MainService: app=100 cmd=-29 subcmd=24 content=
08-28 17:23:59.037 2111-2111/? I/MainService: app=100 cmd=-29 subcmd=28 content=
08-28 17:23:59.042 2111-2111/? I/MainService: app=100 cmd=-29 subcmd=32 content=
08-28 17:23:59.129 2111-2111/? I/MainService: app=100 cmd=-29 subcmd=36 content=
08-28 17:23:59.134 2111-2111/? I/MainService: app=100 cmd=-29 subcmd=41 content=
08-28 17:23:59.223 2111-2111/? I/MainService: app=100 cmd=-29 subcmd=45 content=
08-28 17:23:59.228 2111-2111/? I/MainService: app=100 cmd=-29 subcmd=49 content=
08-28 17:23:59.316 2111-2111/? I/MainService: app=100 cmd=-29 subcmd=53 content=
08-28 17:23:59.409 2111-2111/? I/MainService: app=100 cmd=-29 subcmd=57 content=
08-28 17:23:59.422 2111-2111/? I/MainService: app=100 cmd=-29 subcmd=61 content=
08-28 17:23:59.508 2111-2111/? I/MainService: app=100 cmd=-29 subcmd=65 content=
08-28 17:23:59.538 2111-2111/? I/MainService: app=100 cmd=-29 subcmd=69 content=
08-28 17:23:59.601 2111-2111/? I/MainService: app=100 cmd=-29 subcmd=73 content=
08-28 17:23:59.614 2111-2111/? I/MainService: app=100 cmd=-29 subcmd=77 content=
08-28 17:23:59.718 2111-2111/? I/MainService: app=100 cmd=-29 subcmd=82 content=
08-28 17:23:59.724 2111-2111/? I/MainService: app=100 cmd=-29 subcmd=86 content=
08-28 17:23:59.784 2111-2111/? I/MainService: app=100 cmd=-29 subcmd=90 content=
08-28 17:23:59.814 2111-2111/? I/MainService: app=100 cmd=-29 subcmd=94 content=
08-28 17:23:59.847 19924-19934/? I/art: Background sticky concurrent mark sweep GC freed 81937(12MB) AllocSpace objects, 81(1880KB) LOS objects, 39% free, 22MB/36MB, paused 3.369ms total 107.287ms
08-28 17:24:00.031 2111-2111/? D/Speech: 语音合成结束
08-28 17:24:00.032 2111-2111/? E/mcu: 发送到单片机 63
08-28 17:24:00.033 2111-2111/? I/MainService: app=0 cmd=0 subcmd=0 content=
08-28 17:24:00.038 2111-2111/? I/MainService: app=100 cmd=-3 subcmd=0 content=
08-28 17:24:00.057 19924-19924/? D/SANBAO: sdk ttsEnd
08-28 17:24:00.060 19924-19924/? D/SANBAO: stopSpeakAnimation
08-28 17:24:00.066 19924-19924/? D/FrameAnimationView: stopUpdate callOnFrameEnd
08-28 17:24:00.066 19924-19924/? D/FrameAnimationView: onFrameEnd！
08-28 17:24:00.067 19924-19924/? D/SANBAO: startWakeUp
08-28 17:24:00.075 2111-493/? E/MainService: socketcommand,functionId=com.qihancloud.zhiyin,cmd=272,subCmd=0,content=
08-28 17:24:00.075 2111-493/? D/SpeechManager: doWakeup:flag=false;mIsMute=false;mSpeechStatus1
08-28 17:24:00.075 2111-493/? D/SpeechManager: SpeechCmdReconizerStart:isReset=true
08-28 17:24:00.075 2111-493/? D/IflytekRecognizeManager: 开始语音识别
08-28 17:24:00.081 2111-493/? D/FucUtil: .cfg file not exist
08-28 17:24:00.081 2111-493/? D/IflytekRecognizeManager: vad_eos 配置有误：null
08-28 17:24:00.087 1908-1908/? I/timeView: tag:status_time
08-28 17:24:00.087 771-2812/? I/MediaFocusControl:  AudioFocus  requestAudioFocus() from android.media.AudioManager@5e05458 req=2flags=0x0
08-28 17:24:00.091 2111-493/? I/MainService: app=100 cmd=-1 subcmd=0 content=1
08-28 17:24:00.103 2111-2111/? D/IflytekRecognizeManager: 开始识别
08-28 17:24:00.106 2111-493/? E/MainService: forbidWakeResponse=[com.qihancloud.zhiyin.ui.activity.MainActivity]
08-28 17:24:00.107 2111-493/? E/ScreenManager: 亮屏++++++++
08-28 17:24:00.127 2087-2087/? D/recetlog: [main] DEBUG [AutoChargeModule.java:onTimeChange:148] - onTimeChange:AttendanceEntity{id=1, type='charge_m', state='null', rostagId=0, rostagName='null', startTime='0000', endTime='0700'}
08-28 17:24:00.129 2087-2087/? D/recetlog: [main] DEBUG [AutoChargeModule.java:onTimeChange:148] - onTimeChange:AttendanceEntity{id=5, type='charge_n', state='null', rostagId=0, rostagName='null', startTime='2001', endTime='2359'}
08-28 17:24:00.174 236-30998/? I/AudioFlinger: AudioFlinger's thread 0xaff00000 ready to run
08-28 17:24:00.197 236-30998/? D/audio_hw_primary: >>>>>> select_device
08-28 17:24:00.200 236-30998/? D/audio_hw_primary: >>>>>> in_ajust_rate is : 16000
08-28 17:24:00.225 2111-493/? E/doWakeByApp: doWakeByApp currentApp==100,appStatus==201
08-28 17:24:00.232 2111-493/? E/mAngle: 11111Angle == 36 currentApp=100
08-28 17:24:00.234 2111-493/? I/Cris: ledLevel==11
08-28 17:24:00.235 2111-493/? I/Cris: which==0 color==4
08-28 17:24:00.235 2111-493/? E/mcu: 发送到单片机 5
08-28 17:24:00.240 19924-19924/? I/SanbotOpenSDK: {"description":"指令执行成功","errorCode":1,"result":""}
08-28 17:24:00.250 19924-19924/? D/SANBAO: sdk onStartRecognize
08-28 17:24:00.254 19924-19924/? D/SANBAO: startRecognizeAnimation
08-28 17:24:01.097 2111-2111/? E/mcu: 发送到单片机 20009
08-28 17:24:01.264 2111-2435/? E/power: mChargeStatus=1,mBattery=81 autoLimit=30
08-28 17:24:01.267 2111-2431/? D/RobotPowerManager: mChargeStatus=1 mBattery=81 isNeverShow=falseisGotoCharge=false
08-28 17:24:01.268 26414-26414/? I/ouyang:  头部电量广播  progress: 81  state:1  originalProgress:81  originalState:1
08-28 17:24:01.316 2111-2111/? D/IflytekRecognizeManager: Volume: 15
08-28 17:24:02.407 2111-2111/? D/IflytekRecognizeManager: Volume: 14
08-28 17:24:02.570 2111-2436/? I/MainService: app=100 cmd=-13 subcmd=0 content={"LSBDriftAngle":0,"LSBElevation":79,"LSBRollAngle":43,"MSBDriftAngle":0,"MSBElevation":0,"MSBRollAngle":0,"point_tag":1,"ack_flg":1,"checkSum":0,"content_len":0,"mmnn":0,"msg_size":[0,0,0,0],"unUse":[0,0,0,0,0,0,0]}
08-28 17:24:02.741 2111-2437/? I/MainService: app=100 cmd=-10 subcmd=0 content={"pir_status":0,"pir_type":1,"point_tag":4,"ack_flg":1,"checkSum":0,"content_len":0,"mmnn":0,"msg_size":[0,0,0,0],"unUse":[0,0,0,0,0,0,0]}
08-28 17:24:03.017 236-1220/? D/audio_hw_primary: out_standby
08-28 17:24:03.421 19924-19924/? D/SANBAO: Sdk onStopRecognize
08-28 17:24:03.426 19924-19924/? D/SANBAO: stopReconizeAnimation
08-28 17:24:03.429 19924-19924/? D/FrameAnimationView: stopUpdate callOnFrameEnd
08-28 17:24:03.429 19924-19924/? D/FrameAnimationView: onFrameEnd！
08-28 17:24:03.477 236-30998/? D/audio_hw_primary: >>>>>> select_device
08-28 17:24:03.482 236-1223/? V/codec_audio_iface: phone_record_enable, line: 165
08-28 17:24:03.482 236-1223/? D/audio_hw_primary: adev_close_input_stream set voice record status
08-28 17:24:03.498 771-2077/? I/MediaFocusControl:  AudioFocus  abandonAudioFocus() from android.media.AudioManager@5e05458
08-28 17:24:03.500 2111-2111/? D/IflytekRecognizeManager: recognize initData ==告诉你
08-28 17:24:03.500 2111-2111/? D/SpeechManager: gotoSleep mode=0
08-28 17:24:03.500 2111-2111/? D/SpeechManager: SpeechCmdReconizerStop+++
08-28 17:24:03.501 2111-2111/? I/Cris: ledLevel==10
08-28 17:24:03.501 2111-2111/? I/Cris: which==0 color==1
08-28 17:24:03.501 2111-2111/? E/mcu: 发送到单片机 5
08-28 17:24:03.502 2111-2111/? I/MainService: app=100 cmd=-1 subcmd=0 content=0
08-28 17:24:03.521 19924-19924/? D/SANBAO: sdk onSleep
08-28 17:24:03.524 19924-19924/? D/SANBAO: startSleepAnimation
08-28 17:24:03.538 19924-19924/? W/SANBAO: sdk onRecognizeText:告诉你
08-28 17:24:03.543 19924-19924/? D/SANBAO: setStopReconize:false
08-28 17:24:03.546 19924-19924/? D/SANBAO: setSaidCommand:false
08-28 17:24:03.548 19924-19924/? I/SANBAO: question:告诉你
08-28 17:24:03.551 19924-23206/? I/SANBAO: questionContainsRosTxtIndex result:-100
08-28 17:24:03.553 19924-19924/? I/SANBAO: isMachedNormalCommand question=:告诉你,matchCommand=COMMAND_NOT_MATCH
08-28 17:24:03.553 19924-19924/? D/FRAGMENT: getFragment:1
08-28 17:24:03.553 19924-19924/? I/FRAGMENT: creatFragment:1,last fragment is:0
08-28 17:24:03.554 19924-19924/? D/SANBAO: setStopReconize:false
08-28 17:24:03.564 19924-19924/? D/SANBAO: setIsShowingHTML:false
08-28 17:24:03.567 19924-19924/? D/SANBAO: hideHTML
08-28 17:24:03.569 19924-19924/? D/FRAGMENT: FromUserFragment:refreshData：告诉你
08-28 17:24:03.570 19924-19924/? I/FRAGMENT: FromUserFragment updateData:告诉你
08-28 17:24:03.573 19924-19924/? D/FRAGMENT: changeFragment:com.qihancloud.zhiyin.ui.fragment.FromUserFragment
08-28 17:24:03.953 2111-31102/? E/ZhiyinAnalyzeManager: 开始请求网络:告诉你
08-28 17:24:04.223 2111-31102/? E/ZhiyinAnalyzeManager: {"rc":240003}
08-28 17:24:04.224 2111-31102/? I/SpeechManager: 知音请求获取回来的topic为空
08-28 17:24:04.224 2111-31102/? I/SpeechManager: 知音请求获取回来的topic为空并且tempGrammar不为空
08-28 17:24:04.225 2111-31102/? E/IflytekAnalyzeManager: language = zh
08-28 17:24:04.231 2111-31102/? I/DuerAnalyzeManager: dumi analyze
08-28 17:24:04.239 2111-31102/? I/DuerAnalysis: getDuerSpeak: content : 好的，我认真听。
08-28 17:24:04.239 2111-31102/? I/SpeechManager: doAnalyze: defaultFuture finalGrammar=Grammar [engine=1, text=告诉你, topic=chat, action=null, params={answer=好的，我认真听。, content=好的，我认真听。}, route=0]
08-28 17:24:04.312 2111-31102/? E/MainService: mistakenlyIdentified=[com.qihancloud.zhiyin.ui.activity.MainActivity]
08-28 17:24:04.340 2111-31102/? E/MainService: textCmd=告诉你
08-28 17:24:04.360 2111-31102/? I/MainService: app=100 cmd=1000 subcmd=0 content={"engine":1,"initialData":"{\"result\":{\"bot_id\":\"doudi_server\",\"bot_meta\":{\"version\":\"1.0.0\",\"type\":\"其他\",\"description\":\"desc\"},\"nlu\":{\"domain\":\"unknown\",\"intent\":\"unknown\",\"slots\":{}},\"speech\":{\"type\":\"Text\",\"content\":\"好的，我认真听。\"},\"views\":[{\"type\":\"txt\",\"content\":\"好的，我认真听。\"}]},\"session_id\":\"b1966fe4-da36-465f-8a75-6330e4ebabff\",\"id\":\"1566984243_717f9bza0\",\"logid\":\"304cbef4772b4e43b2a45048d90f8c67_DCS90ckwowek4fw50\",\"user_id\":\"433804e704a0309b48df3eae2ca92afe\",\"time\":1566984243,\"cuid\":\"433804e704a0309b48df3eae2ca92afe\",\"se_query\":\"告诉你\",\"msg\":\"ok\",\"status\":0,\"client_msg_id\":\"0b6e0741-af18-42d5-8366-ce8e8c481680\"}","params":{"answer":"好的，我认真听。","content":"好的，我认真听。"},"route":0,"text":"告诉你","topic":"chat"}
08-28 17:24:04.370 2111-31102/? I/MainService: mode == true
08-28 17:24:04.370 2111-31102/? E/MainService: 获得result
08-28 17:24:04.571 19924-19924/? I/SANBAO: getInterceptTopic:not found
08-28 17:24:04.574 19924-19924/? I/SANBAO: Grammar:
    getEngine:1
    getText:告诉你
    getAction:null
    getParams:{answer=好的，我认真听。, content=好的，我认真听。}
    getInitialData:{"result":{"bot_id":"doudi_server","bot_meta":{"version":"1.0.0","type":"其他","description":"desc"},"nlu":{"domain":"unknown","intent":"unknown","slots":{}},"speech":{"type":"Text","content":"好的，我认真听。"},"views":[{"type":"txt","content":"好的，我认真听。"}]},"session_id":"b1966fe4-da36-465f-8a75-6330e4ebabff","id":"1566984243_717f9bza0","logid":"304cbef4772b4e43b2a45048d90f8c67_DCS90ckwowek4fw50","user_id":"433804e704a0309b48df3eae2ca92afe","time":1566984243,"cuid":"433804e704a0309b48df3eae2ca92afe","se_query":"告诉你","msg":"ok","status":0,"client_msg_id":"0b6e0741-af18-42d5-8366-ce8e8c481680"}
08-28 17:24:04.589 19924-19924/? D/SANBAO: startSpeak：好的，我认真听。
08-28 17:24:04.603 2111-493/? E/MainService: socketcommand,functionId=com.qihancloud.zhiyin,cmd=865,subCmd=0,content=好的，我认真听。
08-28 17:24:04.604 2111-493/? D/SpeechManager: StopSpeak
08-28 17:24:04.604 2111-493/? D/SpeechManager: text == 好的，我认真听。
08-28 17:24:04.685 2111-493/? I/IflytekSynthesizeManage: speak: 好的，我认真听。
08-28 17:24:04.708 19924-19924/? I/SanbotOpenSDK: {"description":"指令执行成功","errorCode":1,"result":"fa45a572-79ea-4f9d-9b43-ff4d13c81d9c"}
08-28 17:24:04.708 19924-19924/? I/SANBAO: answer:好的，我认真听。
08-28 17:24:04.711 19924-19924/? D/FRAGMENT: getFragment:2
08-28 17:24:04.711 19924-19924/? I/FRAGMENT: creatFragment:2,last fragment is:1
08-28 17:24:04.711 19924-19924/? D/SANBAO: mCurrentDealResult.getServerQuestion():告诉你
08-28 17:24:04.717 19924-19924/? D/SANBAO: setIsShowingHTML:false
08-28 17:24:04.719 19924-19924/? D/SANBAO: hideHTML
08-28 17:24:04.722 19924-19924/? D/FRAGMENT:  msg type is not MSG_TYPE_FROM_USER,cancel setFragmentHideListener:
08-28 17:24:04.725 19924-19924/? D/FRAGMENT: changeFragment:com.qihancloud.zhiyin.ui.fragment.ToUserFragment
08-28 17:24:04.732 19924-19924/? D/FRAGMENT: hideLoadingAnimation:2131230865
08-28 17:24:04.734 19924-19924/? I/FRAGMENT: FromUserFragment onHidden
08-28 17:24:04.753 19924-19924/? D/FRAGMENT: OnFragmentHiddenListener:告诉你
08-28 17:24:04.783 19924-19924/? I/SANBAO: addButton2HintContainer:hintText=我要听音乐
08-28 17:24:04.787 19924-19924/? I/SANBAO: addButton2HintContainer:hintText=我想看电影
08-28 17:24:04.790 19924-19924/? I/SANBAO: addButton2HintContainer:hintText=导航引路
08-28 17:24:04.794 19924-19924/? I/SANBAO: addButton2HintContainer:hintText=附近有什么好吃的
08-28 17:24:04.820 2111-31102/? E/MainService: latch.await()超时： false
08-28 17:24:04.820 2111-31102/? I/SpeechManager: isInterrupt: true
08-28 17:24:04.894 771-784/? I/art: Background partial concurrent mark sweep GC freed 8527(380KB) AllocSpace objects, 0(0B) LOS objects, 33% free, 9MB/14MB, paused 5.448ms total 143.225ms
08-28 17:24:04.977 2111-2111/? E/mcu: 发送到单片机 63
08-28 17:24:04.982 2111-2111/? I/MainService: app=0 cmd=1 subcmd=0 content=
08-28 17:24:05.048 19924-19924/? D/SANBAO: sdk ttsStart
08-28 17:24:05.053 19924-19924/? D/SANBAO: startSpeakAnimation
08-28 17:24:05.057 19924-19924/? D/FrameAnimationView: stopUpdate callOnFrameEnd
08-28 17:24:05.057 19924-19924/? D/FrameAnimationView: onFrameEnd！
08-28 17:24:05.068 2111-2111/? I/MainService: app=100 cmd=-29 subcmd=0 content=
08-28 17:24:05.076 2111-2111/? I/MainService: app=100 cmd=-29 subcmd=2 content=
08-28 17:24:05.081 236-1220/? D/audio_hw_primary: init hdmi_plug: OUT
08-28 17:24:05.082 236-1220/? D/audio_hw_primary: >>>>>> select_device
08-28 17:24:05.108 236-1220/? D/AudioFlinger: mixer(0xb1340000) throttle end: throttle time(11)
08-28 17:24:05.111 2111-2111/? I/MainService: app=100 cmd=-29 subcmd=4 content=
08-28 17:24:05.133 2111-2111/? I/MainService: app=100 cmd=-29 subcmd=9 content=
08-28 17:24:05.139 2111-2111/? I/MainService: app=100 cmd=-29 subcmd=12 content=
08-28 17:24:05.178 236-1220/? D/AudioFlinger: mixer(0xb1340000) throttle end: throttle time(34)
08-28 17:24:05.203 2111-2111/? I/MainService: app=100 cmd=-29 subcmd=15 content=
08-28 17:24:05.210 2111-2111/? I/MainService: app=100 cmd=-29 subcmd=18 content=
08-28 17:24:05.305 2111-2111/? I/MainService: app=100 cmd=-29 subcmd=21 content=
08-28 17:24:05.312 2111-2111/? I/MainService: app=100 cmd=-29 subcmd=25 content=
08-28 17:24:05.395 2111-2111/? I/MainService: app=100 cmd=-29 subcmd=28 content=
08-28 17:24:05.417 2111-2111/? I/MainService: app=100 cmd=-29 subcmd=31 content=
08-28 17:24:05.483 2111-2111/? I/MainService: app=100 cmd=-29 subcmd=34 content=
08-28 17:24:05.512 2111-2111/? I/MainService: app=100 cmd=-29 subcmd=37 content=
08-28 17:24:05.556 2111-2411/? E/ServerNettySocket: current clients : com.qihancloud.map.MyService, com.qihancloud.rservice.TaskManagerService, com.qihancloud.zhiyin.ui.activity.MainActivity, 
08-28 17:24:05.575 2111-2111/? I/MainService: app=100 cmd=-29 subcmd=40 content=
08-28 17:24:05.668 2111-2111/? I/MainService: app=100 cmd=-29 subcmd=43 content=
08-28 17:24:05.674 2111-2111/? I/MainService: app=100 cmd=-29 subcmd=47 content=
08-28 17:24:05.761 2111-2111/? I/MainService: app=100 cmd=-29 subcmd=50 content=
08-28 17:24:05.766 2111-2111/? I/MainService: app=100 cmd=-29 subcmd=53 content=
08-28 17:24:05.788 2530-2530/? I/ZEUS: 28d17:24:5(zeus.c/822):
    for each with monitor_circle: 220
08-28 17:24:05.788 2530-2530/? I/ZEUS: 28d17:24:5(zeus.c/825):start monit task need_reboot_monitor
08-28 17:24:05.788 2530-2530/? I/ZEUS: 28d17:24:5(zeus.c/591):MT_INTERNAL MODE: need_reboot_monitor
08-28 17:24:05.788 2530-2530/? I/ZEUS: 28d17:24:5(zeus.c/412):do not monitor this time
08-28 17:24:05.788 2530-2530/? I/ZEUS: 28d17:24:5(zeus.c/574):monitor_circle is 220,last circle is 0 ,so clear action_record
08-28 17:24:05.788 2530-2530/? I/ZEUS: 28d17:24:5(zeus.c/825):start monit task service_communi
08-28 17:24:05.788 2530-2530/? I/ZEUS: 28d17:24:5(zeus.c/591):MT_INTERNAL MODE: service_communi
08-28 17:24:05.788 2530-2530/? I/ZEUS: 28d17:24:5(zeus.c/574):monitor_circle is 220,last circle is 0 ,so clear action_record
08-28 17:24:05.788 2530-2530/? I/ZEUS: 28d17:24:5(zeus.c/825):start monit task /system/bin/mediaserver
08-28 17:24:05.788 2530-2530/? I/ZEUS: 28d17:24:5(proc.c/317):start check_know_proc
08-28 17:24:05.789 2530-2530/? I/ZEUS: 28d17:24:5(proc.c/335):check_know_proc OK,no change
08-28 17:24:05.853 2111-2111/? I/MainService: app=100 cmd=-29 subcmd=56 content=
08-28 17:24:05.858 2111-2111/? I/MainService: app=100 cmd=-29 subcmd=59 content=
08-28 17:24:05.960 2111-2111/? I/MainService: app=100 cmd=-29 subcmd=62 content=
08-28 17:24:05.966 2111-2111/? I/MainService: app=100 cmd=-29 subcmd=65 content=
08-28 17:24:06.040 2111-2111/? I/MainService: app=100 cmd=-29 subcmd=69 content=
08-28 17:24:06.067 2111-2111/? I/MainService: app=100 cmd=-29 subcmd=72 content=
08-28 17:24:06.138 2111-2111/? I/MainService: app=100 cmd=-29 subcmd=75 content=
08-28 17:24:06.144 2111-2111/? I/MainService: app=100 cmd=-29 subcmd=78 content=
08-28 17:24:06.227 2111-2111/? I/MainService: app=100 cmd=-29 subcmd=81 content=
08-28 17:24:06.246 2111-2111/? E/mcu: 发送到单片机 20009
08-28 17:24:06.320 2111-2111/? I/MainService: app=100 cmd=-29 subcmd=84 content=
08-28 17:24:06.339 2111-2435/? E/power: mChargeStatus=1,mBattery=81 autoLimit=30
08-28 17:24:06.346 2111-2431/? E/mcu: 发送到单片机 5
08-28 17:24:06.346 2111-2431/? E/mcu: 发送到单片机 5
08-28 17:24:06.347 26414-26414/? I/ouyang:  头部电量广播  progress: 81  state:1  originalProgress:81  originalState:1
08-28 17:24:06.347 2111-2431/? D/RobotPowerManager: mChargeStatus=1 mBattery=81 isNeverShow=falseisGotoCharge=false
08-28 17:24:06.351 2111-2111/? I/MainService: app=100 cmd=-29 subcmd=87 content=
08-28 17:24:06.418 2111-2111/? I/MainService: app=100 cmd=-29 subcmd=91 content=
08-28 17:24:06.451 2111-2111/? I/MainService: app=100 cmd=-29 subcmd=94 content=
08-28 17:24:06.657 2111-2111/? D/Speech: 语音合成结束
08-28 17:24:06.669 2111-2111/? E/mcu: 发送到单片机 63
08-28 17:24:06.673 2111-2111/? I/MainService: app=0 cmd=0 subcmd=0 content=
08-28 17:24:06.674 2111-2111/? I/MainService: app=100 cmd=-3 subcmd=0 content=
08-28 17:24:06.710 19924-19924/? D/SANBAO: sdk ttsEnd
08-28 17:24:06.713 19924-19924/? D/SANBAO: stopSpeakAnimation
08-28 17:24:06.720 19924-19924/? D/FrameAnimationView: stopUpdate callOnFrameEnd
08-28 17:24:06.720 19924-19924/? D/FrameAnimationView: onFrameEnd！
08-28 17:24:06.722 19924-19924/? D/SANBAO: startWakeUp
08-28 17:24:06.748 2111-493/? E/MainService: socketcommand,functionId=com.qihancloud.zhiyin,cmd=272,subCmd=0,content=
08-28 17:24:06.748 2111-493/? D/SpeechManager: doWakeup:flag=false;mIsMute=false;mSpeechStatus1
08-28 17:24:06.748 2111-493/? D/SpeechManager: SpeechCmdReconizerStart:isReset=true
08-28 17:24:06.749 2111-493/? D/IflytekRecognizeManager: 开始语音识别
08-28 17:24:06.764 2111-493/? D/FucUtil: .cfg file not exist
08-28 17:24:06.764 2111-493/? D/IflytekRecognizeManager: vad_eos 配置有误：null
08-28 17:24:06.774 771-2026/? I/MediaFocusControl:  AudioFocus  requestAudioFocus() from android.media.AudioManager@5e05458 req=2flags=0x0
08-28 17:24:06.780 2111-493/? I/MainService: app=100 cmd=-1 subcmd=0 content=1
08-28 17:24:06.787 2111-2111/? D/IflytekRecognizeManager: 开始识别
08-28 17:24:06.805 2111-493/? E/MainService: forbidWakeResponse=[com.qihancloud.zhiyin.ui.activity.MainActivity]
08-28 17:24:06.806 2111-493/? E/ScreenManager: 亮屏++++++++
08-28 17:24:06.812 236-31186/? I/AudioFlinger: AudioFlinger's thread 0xaff00000 ready to run
08-28 17:24:06.902 236-31186/? D/audio_hw_primary: >>>>>> select_device
08-28 17:24:06.910 236-31186/? D/audio_hw_primary: >>>>>> in_ajust_rate is : 16000
08-28 17:24:06.971 2111-493/? E/doWakeByApp: doWakeByApp currentApp==100,appStatus==201
08-28 17:24:06.979 2111-493/? E/mAngle: 11111Angle == 36 currentApp=100
08-28 17:24:07.018 2111-493/? I/Cris: ledLevel==11
08-28 17:24:07.021 2111-493/? I/Cris: which==0 color==4
08-28 17:24:07.021 2111-493/? E/mcu: 发送到单片机 5
08-28 17:24:07.035 19924-19924/? E/SanbotOpenSDK: 连接超时
08-28 17:24:07.037 19924-19924/? I/SanbotOpenSDK: {"description":"主服务连接超时","errorCode":-1009,"result":""}
08-28 17:24:07.091 19924-19924/? D/SANBAO: sdk onStartRecognize
08-28 17:24:07.097 19924-19924/? D/SANBAO: startRecognizeAnimation
08-28 17:24:07.655 2111-2111/? D/IflytekRecognizeManager: Volume: 16
08-28 17:24:08.051 2111-2111/? D/IflytekRecognizeManager: Volume: 14
08-28 17:24:08.084 2111-2111/? D/IflytekRecognizeManager: Volume: 14
08-28 17:24:08.138 2530-2530/? I/ZEUS: 28d17:24:8(proc.c/64):get_rss_from_pid: 144784K   23032K   15531K   12380K   10532K     120K   11788K     840K  TOTAL
08-28 17:24:08.139 2530-2530/? I/ZEUS: 28d17:24:8(proc.c/72):after strtok,the rss is: 23032K
08-28 17:24:08.139 2530-2530/? D/ZEUS: 28d17:24:8(zeus.c/627):-----------------------------------------------
08-28 17:24:08.139 2530-2530/? D/ZEUS: 28d17:24:8(zeus.c/628):/system/bin/mediaserver pid is 236 open files is 26,mem is23032K
08-28 17:24:08.139 2530-2530/? I/ZEUS: 28d17:24:8(zeus.c/574):monitor_circle is 220,last circle is 0 ,so clear action_record
08-28 17:24:08.139 2530-2530/? I/ZEUS: 28d17:24:8(zeus.c/825):start monit task com.sanbot.c_test
08-28 17:24:08.139 2530-2530/? I/ZEUS: 28d17:24:8(proc.c/317):start check_know_proc
08-28 17:24:08.140 2530-2530/? E/ZEUS: 28d17:24:8(proc.c/45):can't find dir /proc/-1
08-28 17:24:08.140 2530-2530/? E/ZEUS: 28d17:24:8(zeus.c/601):process com.sanbot.c_test maybe has changed,need find it and fetch it
08-28 17:24:08.140 2530-2530/? I/ZEUS: 28d17:24:8(proc.c/177): start find pid_num by  cmd: com.sanbot.c_test,my_pid is 2530
08-28 17:24:08.173 2530-2530/? E/ZEUS: 28d17:24:8(proc.c/45):can't find dir /proc/31214
08-28 17:24:08.177 2530-2530/? E/ZEUS: 28d17:24:8(proc.c/214):can't find pid_num -1 by  cmd: com.sanbot.c_test,my_pid is 2530
08-28 17:24:08.177 2530-2530/? E/ZEUS: 28d17:24:8(zeus.c/609):can't found com.sanbot.c_test, need do action
08-28 17:24:08.177 2530-2530/? I/ZEUS: 28d17:24:8(zeus.c/574):monitor_circle is 220,last circle is 0 ,so clear action_record
08-28 17:24:08.177 2530-2530/? I/ZEUS: 28d17:24:8(zeus.c/825):start monit task com.sanbot.c_test
08-28 17:24:08.177 2530-2530/? I/ZEUS: 28d17:24:8(proc.c/317):start check_know_proc
08-28 17:24:08.178 2530-2530/? E/ZEUS: 28d17:24:8(proc.c/45):can't find dir /proc/-1
08-28 17:24:08.178 2530-2530/? E/ZEUS: 28d17:24:8(zeus.c/601):process com.sanbot.c_test maybe has changed,need find it and fetch it
08-28 17:24:08.178 2530-2530/? I/ZEUS: 28d17:24:8(proc.c/177): start find pid_num by  cmd: com.sanbot.c_test,my_pid is 2530
08-28 17:24:08.204 2530-2530/? E/ZEUS: 28d17:24:8(proc.c/214):can't find pid_num -1 by  cmd: com.sanbot.c_test,my_pid is 2530
08-28 17:24:08.204 2530-2530/? E/ZEUS: 28d17:24:8(zeus.c/609):can't found com.sanbot.c_test, need do action
08-28 17:24:08.204 2530-2530/? I/ZEUS: 28d17:24:8(zeus.c/574):monitor_circle is 220,last circle is 0 ,so clear action_record
08-28 17:24:08.205 2530-2530/? I/ZEUS: 28d17:24:8(zeus.c/591):MT_INTERNAL MODE: system_lock_monitor
08-28 17:24:08.327 31228-31228/? E/Parcel: Reading a NULL string not supported here.
08-28 17:24:08.328 31228-31228/? E/Parcel: Reading a NULL string not supported here.
08-28 17:24:08.329 31228-31228/? E/Parcel: Reading a NULL string not supported here.
08-28 17:24:08.334 31228-31228/? E/Parcel: Reading a NULL string not supported here.
08-28 17:24:08.339 31228-31228/? E/Parcel: Reading a NULL string not supported here.
08-28 17:24:08.369 2524-2524/? D/qhpower: need keepScreenOn,qhpower sleep 5s
08-28 17:24:08.378 31228-31228/? E/Parcel: Reading a NULL string not supported here.
08-28 17:24:08.380 31228-31228/? E/Parcel: Reading a NULL string not supported here.
08-28 17:24:08.381 31228-31228/? E/Parcel: Reading a NULL string not supported here.
08-28 17:24:08.381 31228-31228/? E/Parcel: Reading a NULL string not supported here.
08-28 17:24:08.382 31228-31228/? E/Parcel: Reading a NULL string not supported here.
08-28 17:24:08.406 2530-2530/? I/ZEUS: 28d17:24:8(zeus.c/439):timeout 60 ret is 103	android.service.gatekeeper.IGateKeeperService: [android.service.gatekeeper.IGateKeeperService],len is 98
08-28 17:24:08.406 2530-2530/? I/ZEUS: 28d17:24:8(zeus.c/574):monitor_circle is 220,last circle is 0 ,so clear action_record
08-28 17:24:08.406 2530-2530/? I/ZEUS: 28d17:24:8(zeus.c/832):
    for each end
08-28 17:24:08.675 2111-2111/? D/IflytekRecognizeManager: Volume: 14
08-28 17:24:09.127 2111-2111/? D/IflytekRecognizeManager: Volume: 14
08-28 17:24:09.349 19924-19934/? I/art: Background sticky concurrent mark sweep GC freed 81778(12MB) AllocSpace objects, 88(2MB) LOS objects, 39% free, 22MB/36MB, paused 3.836ms total 101.330ms
08-28 17:24:09.648 236-1220/? D/audio_hw_primary: out_standby
08-28 17:24:09.686 2111-2435/? I/MainService: app=100 cmd=-13 subcmd=0 content={"LSBDriftAngle":0,"LSBElevation":15,"LSBRollAngle":0,"MSBDriftAngle":0,"MSBElevation":-128,"MSBRollAngle":0,"point_tag":2,"ack_flg":1,"checkSum":0,"content_len":0,"mmnn":0,"msg_size":[0,0,0,0],"unUse":[0,0,0,0,0,0,0]}
08-28 17:24:11.336 2111-2111/? E/mcu: 发送到单片机 20009
08-28 17:24:11.358 19924-19924/? D/SANBAO: Sdk onStopRecognize
08-28 17:24:11.360 19924-19924/? D/SANBAO: stopReconizeAnimation
08-28 17:24:11.362 19924-19924/? D/FrameAnimationView: stopUpdate callOnFrameEnd
08-28 17:24:11.362 19924-19924/? D/FrameAnimationView: onFrameEnd！
08-28 17:24:11.405 236-31186/? D/audio_hw_primary: >>>>>> select_device
08-28 17:24:11.417 236-1223/? V/codec_audio_iface: phone_record_enable, line: 165
08-28 17:24:11.418 236-1223/? D/audio_hw_primary: adev_close_input_stream set voice record status
08-28 17:24:11.429 2111-2435/? E/power: mChargeStatus=1,mBattery=81 autoLimit=30
08-28 17:24:11.432 2111-2431/? D/RobotPowerManager: mChargeStatus=1 mBattery=81 isNeverShow=falseisGotoCharge=false
08-28 17:24:11.433 26414-26414/? I/ouyang:  头部电量广播  progress: 81  state:1  originalProgress:81  originalState:1
08-28 17:24:11.575 771-1979/? I/MediaFocusControl:  AudioFocus  abandonAudioFocus() from android.media.AudioManager@5e05458
08-28 17:24:11.576 2111-2111/? D/IflytekRecognizeManager: recognize initData ==改了这个问题
08-28 17:24:11.576 2111-2111/? D/SpeechManager: gotoSleep mode=0
08-28 17:24:11.576 2111-2111/? D/SpeechManager: SpeechCmdReconizerStop+++
08-28 17:24:11.576 2111-2111/? I/Cris: ledLevel==10
08-28 17:24:11.577 2111-2111/? I/Cris: which==0 color==1
08-28 17:24:11.577 2111-2111/? E/mcu: 发送到单片机 5
08-28 17:24:11.577 2111-2111/? I/MainService: app=100 cmd=-1 subcmd=0 content=0
08-28 17:24:11.608 19924-19924/? D/SANBAO: sdk onSleep
08-28 17:24:11.611 19924-19924/? D/SANBAO: startSleepAnimation
08-28 17:24:11.619 19924-19924/? W/SANBAO: sdk onRecognizeText:改了这个问题
08-28 17:24:11.623 19924-19924/? D/SANBAO: setStopReconize:false
08-28 17:24:11.629 19924-19924/? D/SANBAO: setSaidCommand:false
08-28 17:24:11.631 19924-19924/? I/SANBAO: question:改了这个问题
08-28 17:24:11.634 19924-26292/? I/SANBAO: questionContainsRosTxtIndex result:-100
08-28 17:24:11.635 19924-19924/? I/SANBAO: isMachedNormalCommand question=:改了这个问题,matchCommand=COMMAND_NOT_MATCH
08-28 17:24:11.636 19924-19924/? D/FRAGMENT: getFragment:1
08-28 17:24:11.636 19924-19924/? I/FRAGMENT: creatFragment:1,last fragment is:2
08-28 17:24:11.636 19924-19924/? D/SANBAO: setStopReconize:false
08-28 17:24:11.642 19924-19924/? D/SANBAO: setIsShowingHTML:false
08-28 17:24:11.645 19924-19924/? D/SANBAO: hideHTML
08-28 17:24:11.647 19924-19924/? D/FRAGMENT: FromUserFragment:refreshData：改了这个问题
08-28 17:24:11.647 19924-19924/? I/FRAGMENT: FromUserFragment updateData:改了这个问题
08-28 17:24:11.653 19924-19924/? D/FRAGMENT: changeFragment:com.qihancloud.zhiyin.ui.fragment.FromUserFragment
08-28 17:24:11.963 2070-2086/? W/art: Suspending all threads took: 9.871ms
08-28 17:24:11.983 2070-2086/? I/art: Background sticky concurrent mark sweep GC freed 299(21KB) AllocSpace objects, 10(2MB) LOS objects, 32% free, 5MB/7MB, paused 11.599ms total 36.501ms
08-28 17:24:12.126 2111-31330/? E/ZhiyinAnalyzeManager: 开始请求网络:改了这个问题
08-28 17:24:12.255 2111-31330/? E/ZhiyinAnalyzeManager: {"rc":240003}
08-28 17:24:12.266 2111-31330/? I/SpeechManager: 知音请求获取回来的topic为空
08-28 17:24:12.440 2111-2111/? E/IflytekAnalyzeManager: language = zh
08-28 17:24:12.441 2111-2111/? I/DuerAnalyzeManager: dumi analyze
08-28 17:24:12.444 2111-2111/? I/DuerAnalysis: getDuerSpeak: content : 我此刻的大脑正在飞速旋转，但就是转不出个答案。
08-28 17:24:12.445 2111-2111/? I/SpeechManager: doAnalyze: defaultFuture finalGrammar=Grammar [engine=1, text=改了这个问题, topic=chat, action=null, params={answer=我此刻的大脑正在飞速旋转，但就是转不出个答案。, content=我此刻的大脑正在飞速旋转，但就是转不出个答案。}, route=0]
08-28 17:24:12.484 2111-2111/? E/MainService: mistakenlyIdentified=[com.qihancloud.zhiyin.ui.activity.MainActivity]
08-28 17:24:12.528 2111-2111/? E/MainService: textCmd=改了这个问题
08-28 17:24:12.545 2111-2111/? I/MainService: app=100 cmd=1000 subcmd=0 content={"engine":1,"initialData":"{\"result\":{\"bot_id\":\"us.fallback.general\",\"bot_meta\":{\"version\":\"1.0.0\",\"type\":\"其他\",\"description\":\"desc\"},\"nlu\":{\"domain\":\"unknown\",\"intent\":\"unknown\",\"slots\":{}},\"speech\":{\"content\":\"我此刻的大脑正在飞速旋转，但就是转不出个答案。\",\"type\":\"Text\"},\"views\":[{\"type\":\"txt\",\"content\":\"我此刻的大脑正在飞速旋转，但就是转不出个答案。\"}]},\"session_id\":\"797bd8ce-aea4-4172-994a-2b37b5ce1cba\",\"id\":\"1566984251_945fjo3h3\",\"logid\":\"b2ada6ab94654ecebea11c4772317d38_DCSo0bfh6u1iki6vx\",\"user_id\":\"433804e704a0309b48df3eae2ca92afe\",\"time\":1566984251,\"cuid\":\"433804e704a0309b48df3eae2ca92afe\",\"se_query\":\"改了这个问题\",\"msg\":\"ok\",\"status\":0,\"client_msg_id\":\"53ef59d1-f595-4b69-a6c1-3138140512e6\"}","params":{"answer":"我此刻的大脑正在飞速旋转，但就是转不出个答案。","content":"我此刻的大脑正在飞速旋转，但就是转不出个答案。"},"route":0,"text":"改了这个问题","topic":"chat"}
08-28 17:24:12.560 2111-2111/? I/MainService: mode == true
08-28 17:24:12.560 2111-2111/? E/MainService: 获得result
08-28 17:24:12.725 19924-19924/? I/SANBAO: getInterceptTopic:not found
08-28 17:24:12.729 19924-19924/? I/SANBAO: Grammar:
    getEngine:1
    getText:改了这个问题
    getAction:null
    getParams:{answer=我此刻的大脑正在飞速旋转，但就是转不出个答案。, content=我此刻的大脑正在飞速旋转，但就是转不出个答案。}
    getInitialData:{"result":{"bot_id":"us.fallback.general","bot_meta":{"version":"1.0.0","type":"其他","description":"desc"},"nlu":{"domain":"unknown","intent":"unknown","slots":{}},"speech":{"content":"我此刻的大脑正在飞速旋转，但就是转不出个答案。","type":"Text"},"views":[{"type":"txt","content":"我此刻的大脑正在飞速旋转，但就是转不出个答案。"}]},"session_id":"797bd8ce-aea4-4172-994a-2b37b5ce1cba","id":"1566984251_945fjo3h3","logid":"b2ada6ab94654ecebea11c4772317d38_DCSo0bfh6u1iki6vx","user_id":"433804e704a0309b48df3eae2ca92afe","time":1566984251,"cuid":"433804e704a0309b48df3eae2ca92afe","se_query":"改了这个问题","msg":"ok","status":0,"client_msg_id":"53ef59d1-f595-4b69-a6c1-3138140512e6"}
08-28 17:24:12.737 19924-19924/? D/SANBAO: startSpeak：我此刻的大脑正在飞速旋转，但就是转不出个答案。
08-28 17:24:12.751 2111-493/? E/MainService: socketcommand,functionId=com.qihancloud.zhiyin,cmd=865,subCmd=0,content=我此刻的大脑正在飞速旋转，但就是转不出个答案。
08-28 17:24:12.751 2111-493/? D/SpeechManager: StopSpeak
08-28 17:24:12.751 2111-493/? D/SpeechManager: text == 我此刻的大脑正在飞速旋转，但就是转不出个答案。
08-28 17:24:12.807 2111-493/? I/IflytekSynthesizeManage: speak: 我此刻的大脑正在飞速旋转，但就是转不出个答案。
08-28 17:24:12.829 19924-19924/? I/SanbotOpenSDK: {"description":"指令执行成功","errorCode":1,"result":"6326bb9a-063d-4c10-83c4-905bedc49a42"}
08-28 17:24:12.830 19924-19924/? I/SANBAO: answer:我此刻的大脑正在飞速旋转，但就是转不出个答案。
08-28 17:24:12.832 19924-19924/? D/FRAGMENT: getFragment:2
08-28 17:24:12.833 19924-19924/? I/FRAGMENT: creatFragment:2,last fragment is:1
08-28 17:24:12.833 19924-19924/? D/SANBAO: mCurrentDealResult.getServerQuestion():改了这个问题
08-28 17:24:12.838 19924-19924/? D/SANBAO: setIsShowingHTML:false
08-28 17:24:12.842 19924-19924/? D/SANBAO: hideHTML
08-28 17:24:12.846 19924-19924/? D/FRAGMENT:  msg type is not MSG_TYPE_FROM_USER,cancel setFragmentHideListener:
08-28 17:24:12.850 19924-19924/? D/FRAGMENT: changeFragment:com.qihancloud.zhiyin.ui.fragment.ToUserFragment
08-28 17:24:12.856 19924-19924/? D/FRAGMENT: hideLoadingAnimation:2131230865
08-28 17:24:12.863 19924-19924/? I/FRAGMENT: FromUserFragment onHidden
08-28 17:24:12.866 19924-19924/? D/FRAGMENT: OnFragmentHiddenListener:改了这个问题
08-28 17:24:12.879 19924-19924/? I/SANBAO: addButton2HintContainer:hintText=我要听音乐
08-28 17:24:12.891 19924-19924/? I/SANBAO: addButton2HintContainer:hintText=我想看电影
08-28 17:24:12.895 19924-19924/? I/SANBAO: addButton2HintContainer:hintText=导航引路
08-28 17:24:12.902 19924-19924/? I/SANBAO: addButton2HintContainer:hintText=附近有什么好吃的
08-28 17:24:12.919 2111-2111/? E/MainService: latch.await()超时： false
08-28 17:24:12.920 2111-2111/? I/SpeechManager: isInterrupt: true
08-28 17:24:13.139 2044-2072/? I/art: Background sticky concurrent mark sweep GC freed 23477(3MB) AllocSpace objects, 0(0B) LOS objects, 50% free, 3MB/7MB, paused 15.851ms total 68.400ms
08-28 17:24:13.416 2111-2111/? E/mcu: 发送到单片机 63
08-28 17:24:13.422 2111-2111/? I/MainService: app=0 cmd=1 subcmd=0 content=
08-28 17:24:13.447 19924-19924/? D/SANBAO: sdk ttsStart
08-28 17:24:13.451 19924-19924/? D/SANBAO: startSpeakAnimation
08-28 17:24:13.455 19924-19924/? D/FrameAnimationView: stopUpdate callOnFrameEnd
08-28 17:24:13.455 19924-19924/? D/FrameAnimationView: onFrameEnd！
08-28 17:24:13.471 2111-2111/? I/MainService: app=100 cmd=-29 subcmd=0 content=
08-28 17:24:13.483 2111-2111/? I/MainService: app=100 cmd=-29 subcmd=1 content=
08-28 17:24:13.491 236-1220/? D/audio_hw_primary: init hdmi_plug: OUT
08-28 17:24:13.491 236-1220/? D/audio_hw_primary: >>>>>> select_device
08-28 17:24:13.506 2111-2111/? I/MainService: app=100 cmd=-29 subcmd=2 content=
08-28 17:24:13.517 236-1220/? D/AudioFlinger: mixer(0xb1340000) throttle end: throttle time(11)
08-28 17:24:13.542 2111-2111/? I/MainService: app=100 cmd=-29 subcmd=3 content=
08-28 17:24:13.558 2111-2111/? I/MainService: app=100 cmd=-29 subcmd=4 content=
08-28 17:24:13.587 236-1220/? D/AudioFlinger: mixer(0xb1340000) throttle end: throttle time(34)
08-28 17:24:13.612 2111-2111/? I/MainService: app=100 cmd=-29 subcmd=6 content=
08-28 17:24:13.628 2111-2111/? I/MainService: app=100 cmd=-29 subcmd=7 content=
08-28 17:24:13.705 2111-2111/? I/MainService: app=100 cmd=-29 subcmd=8 content=
08-28 17:24:13.718 2111-2111/? I/MainService: app=100 cmd=-29 subcmd=9 content=
08-28 17:24:13.797 2111-2111/? I/MainService: app=100 cmd=-29 subcmd=10 content=
08-28 17:24:13.810 2111-2111/? I/MainService: app=100 cmd=-29 subcmd=12 content=
08-28 17:24:13.891 2111-2111/? I/MainService: app=100 cmd=-29 subcmd=13 content=
08-28 17:24:13.896 2111-2111/? I/MainService: app=100 cmd=-29 subcmd=14 content=
08-28 17:24:13.984 2111-2111/? I/MainService: app=100 cmd=-29 subcmd=15 content=
08-28 17:24:14.076 2111-2111/? I/MainService: app=100 cmd=-29 subcmd=17 content=
08-28 17:24:14.081 2111-2111/? I/MainService: app=100 cmd=-29 subcmd=18 content=
08-28 17:24:14.169 2111-2111/? I/MainService: app=100 cmd=-29 subcmd=19 content=
08-28 17:24:14.174 2111-2111/? I/MainService: app=100 cmd=-29 subcmd=20 content=
08-28 17:24:14.263 2111-2111/? I/MainService: app=100 cmd=-29 subcmd=21 content=
08-28 17:24:14.271 2111-2111/? I/MainService: app=100 cmd=-29 subcmd=23 content=
08-28 17:24:14.355 2111-2111/? I/MainService: app=100 cmd=-29 subcmd=24 content=
08-28 17:24:14.362 2111-2111/? I/MainService: app=100 cmd=-29 subcmd=25 content=
08-28 17:24:14.454 2111-2111/? I/MainService: app=100 cmd=-29 subcmd=26 content=
08-28 17:24:14.473 2111-2111/? I/MainService: app=100 cmd=-29 subcmd=28 content=
08-28 17:24:14.546 2111-2111/? I/MainService: app=100 cmd=-29 subcmd=29 content=
08-28 17:24:14.573 2111-2111/? I/MainService: app=100 cmd=-29 subcmd=30 content=
08-28 17:24:14.636 2111-2111/? I/MainService: app=100 cmd=-29 subcmd=31 content=
08-28 17:24:14.783 2111-2111/? I/MainService: app=100 cmd=-29 subcmd=32 content=
08-28 17:24:14.825 2111-2111/? I/MainService: app=100 cmd=-29 subcmd=34 content=
08-28 17:24:14.850 2111-2111/? I/MainService: app=100 cmd=-29 subcmd=35 content=
08-28 17:24:14.866 2111-2111/? I/MainService: app=100 cmd=-29 subcmd=36 content=
08-28 17:24:14.875 2111-2111/? I/MainService: app=100 cmd=-29 subcmd=37 content=
08-28 17:24:14.935 2111-2111/? I/MainService: app=100 cmd=-29 subcmd=39 content=
08-28 17:24:15.028 2111-2111/? I/MainService: app=100 cmd=-29 subcmd=40 content=
08-28 17:24:15.045 2111-2111/? I/MainService: app=100 cmd=-29 subcmd=41 content=
08-28 17:24:15.122 2111-2111/? I/MainService: app=100 cmd=-29 subcmd=42 content=
08-28 17:24:15.137 2111-2111/? I/MainService: app=100 cmd=-29 subcmd=43 content=
08-28 17:24:15.214 2111-2111/? I/MainService: app=100 cmd=-29 subcmd=45 content=
08-28 17:24:15.237 2111-2111/? I/MainService: app=100 cmd=-29 subcmd=46 content=
08-28 17:24:15.308 2111-2111/? I/MainService: app=100 cmd=-29 subcmd=47 content=
08-28 17:24:15.320 2111-2111/? I/MainService: app=100 cmd=-29 subcmd=48 content=
08-28 17:24:15.400 2111-2111/? I/MainService: app=100 cmd=-29 subcmd=49 content=
08-28 17:24:15.410 2111-2111/? I/MainService: app=100 cmd=-29 subcmd=51 content=
08-28 17:24:15.496 2111-2111/? I/MainService: app=100 cmd=-29 subcmd=52 content=
08-28 17:24:15.504 2111-2111/? I/MainService: app=100 cmd=-29 subcmd=53 content=
08-28 17:24:15.585 2111-2111/? I/MainService: app=100 cmd=-29 subcmd=54 content=
08-28 17:24:15.590 2111-2111/? I/MainService: app=100 cmd=-29 subcmd=56 content=
08-28 17:24:15.678 2111-2111/? I/MainService: app=100 cmd=-29 subcmd=57 content=
08-28 17:24:15.771 2111-2111/? I/MainService: app=100 cmd=-29 subcmd=58 content=
08-28 17:24:15.776 2111-2111/? I/MainService: app=100 cmd=-29 subcmd=59 content=
08-28 17:24:15.867 2111-2111/? I/MainService: app=100 cmd=-29 subcmd=60 content=
08-28 17:24:15.875 2111-2111/? I/MainService: app=100 cmd=-29 subcmd=62 content=
08-28 17:24:15.961 2111-2111/? I/MainService: app=100 cmd=-29 subcmd=63 content=
08-28 17:24:15.969 2111-2111/? I/MainService: app=100 cmd=-29 subcmd=64 content=
08-28 17:24:16.073 2111-2111/? I/MainService: app=100 cmd=-29 subcmd=65 content=
08-28 17:24:16.081 2111-2111/? I/MainService: app=100 cmd=-29 subcmd=67 content=
08-28 17:24:16.143 2111-2111/? I/MainService: app=100 cmd=-29 subcmd=68 content=
08-28 17:24:16.151 2111-2111/? I/MainService: app=100 cmd=-29 subcmd=69 content=
08-28 17:24:16.239 2111-2111/? I/MainService: app=100 cmd=-29 subcmd=70 content=
08-28 17:24:16.257 2111-2111/? I/MainService: app=100 cmd=-29 subcmd=71 content=
08-28 17:24:16.330 2111-2111/? I/MainService: app=100 cmd=-29 subcmd=73 content=
08-28 17:24:16.386 2111-2111/? E/mcu: 发送到单片机 20009
08-28 17:24:16.421 2111-2111/? I/MainService: app=100 cmd=-29 subcmd=74 content=
08-28 17:24:16.426 2111-2111/? I/MainService: app=100 cmd=-29 subcmd=75 content=
08-28 17:24:16.468 2111-2435/? E/power: mChargeStatus=1,mBattery=81 autoLimit=30
08-28 17:24:16.471 2111-2431/? E/mcu: 发送到单片机 5
08-28 17:24:16.473 26414-26414/? I/ouyang:  头部电量广播  progress: 81  state:1  originalProgress:81  originalState:1
08-28 17:24:16.475 2111-2431/? E/mcu: 发送到单片机 5
08-28 17:24:16.476 2111-2431/? D/RobotPowerManager: mChargeStatus=1 mBattery=81 isNeverShow=falseisGotoCharge=false
08-28 17:24:16.516 2111-2111/? I/MainService: app=100 cmd=-29 subcmd=76 content=
08-28 17:24:16.529 2111-2111/? I/MainService: app=100 cmd=-29 subcmd=78 content=
08-28 17:24:16.597 2111-2411/? E/ServerNettySocket: current clients : com.qihancloud.map.MyService, com.qihancloud.rservice.TaskManagerService, com.qihancloud.zhiyin.ui.activity.MainActivity, 
08-28 17:24:16.607 2111-2111/? I/MainService: app=100 cmd=-29 subcmd=79 content=
