08-28 17:23:28.298 2111-2437/? I/MainService: app=100 cmd=-10 subcmd=0 content={"pir_status":0,"pir_type":1,"point_tag":4,"ack_flg":1,"checkSum":0,"content_len":0,"mmnn":0,"msg_size":[0,0,0,0],"unUse":[0,0,0,0,0,0,0]}
08-28 17:23:28.540 2111-30154/? E/ZhiyinAnalyzeManager: 开始请求网络:十二生肖为什么没有猫
08-28 17:23:28.674 2111-30154/? E/ZhiyinAnalyzeManager: {"rc":240003}
08-28 17:23:28.675 2111-30154/? I/SpeechManager: 知音请求获取回来的topic为空
08-28 17:23:28.676 2087-25780/? D/recetlog: [RxComputationScheduler-4] DEBUG [AppUtil.java:isActiveEnable:198] - 机器人机型0
08-28 17:23:28.680 2087-25780/? D/recetlog: [RxComputationScheduler-4] DEBUG [TaskManagerService.java:startCheckWork:213] - startCheckWork: nowTime: 1043
08-28 17:23:28.743 2087-25780/? D/recetlog: [RxComputationScheduler-4] DEBUG [AutoChargeModule.java:isChargeTime:355] - isChargeTime now=1043
08-28 17:23:28.804 2087-25780/? D/recetlog: [RxComputationScheduler-4] DEBUG [AutoChargeModule.java:isChargeTime:360] - isChargeTime:AttendanceEntity{id=1, type='charge_m', state='null', rostagId=0, rostagName='null', startTime='0000', endTime='0700'}
08-28 17:23:28.810 2087-25780/? D/recetlog: [RxComputationScheduler-4] DEBUG [AutoChargeModule.java:isChargeTime:360] - isChargeTime:AttendanceEntity{id=5, type='charge_n', state='null', rostagId=0, rostagName='null', startTime='2001', endTime='2359'}
08-28 17:23:28.838 2111-2111/? E/IflytekAnalyzeManager: language = zh
08-28 17:23:28.842 2111-2111/? I/DuerAnalyzeManager: dumi analyze
08-28 17:23:28.860 2111-2111/? I/DuerAnalysis: getDuerSpeak: content : 以下结果来自匠子视频:十二生肖起源于战国晚期，到了东汉才逐渐有了固定的次序与内涵，即一鼠二牛，三虎四兔，五龙六蛇，七马八羊，九猴十鸡，十一狗十二猪。而猫产生于埃及，历史上直至西汉才有家猫出现，此时十二生肖已经成型，所以和猫也没什么关系了。
08-28 17:23:28.861 2111-2111/? I/SpeechManager: doAnalyze: defaultFuture finalGrammar=Grammar [engine=1, text=十二生肖为什么没有猫, topic=baike, action=null, params={answer=以下结果来自匠子视频:十二生肖起源于战国晚期，到了东汉才逐渐有了固定的次序与内涵，即一鼠二牛，三虎四兔，五龙六蛇，七马八羊，九猴十鸡，十一狗十二猪。而猫产生于埃及，历史上直至西汉才有家猫出现，此时十二生肖已经成型，所以和猫也没什么关系了。, content=以下结果来自匠子视频:十二生肖起源于战国晚期，到了东汉才逐渐有了固定的次序与内涵，即一鼠二牛，三虎四兔，五龙六蛇，七马八羊，九猴十鸡，十一狗十二猪。而猫产生于埃及，历史上直至西汉才有家猫出现，此时十二生肖已经成型，所以和猫也没什么关系了。}, route=0]
08-28 17:23:28.919 2111-2111/? E/MainService: mistakenlyIdentified=[com.qihancloud.zhiyin.ui.activity.MainActivity]
08-28 17:23:28.948 2111-2111/? E/MainService: textCmd=十二生肖为什么没有猫
08-28 17:23:28.966 2111-2111/? I/MainService: app=100 cmd=1000 subcmd=0 content={"engine":1,"initialData":"{\"result\":{\"bot_id\":\"aries_general\",\"bot_meta\":{\"version\":\"1.0.0\",\"type\":\"其他\",\"description\":\"desc\"},\"nlu\":{\"domain\":\"universal_search\",\"intent\":\"deepqa\",\"sub_intent\":\"deepqa\",\"slots\":{}},\"speech\":{\"type\":\"Text\",\"content\":\"以下结果来自匠子视频:十二生肖起源于战国晚期，到了东汉才逐渐有了固定的次序与内涵，即一鼠二牛，三虎四兔，五龙六蛇，七马八羊，九猴十鸡，十一狗十二猪。而猫产生于埃及，历史上直至西汉才有家猫出现，此时十二生肖已经成型，所以和猫也没什么关系了。\"},\"views\":[{\"type\":\"txt\",\"content\":\"以下结果来自匠子视频:十二生肖起源于战国晚期，到了东汉才逐渐有了固定的次序与内涵，即一鼠二牛，三虎四兔，五龙六蛇，七马八羊，九猴十鸡，十一狗十二猪。而猫产生于埃及，历史上直至西汉才有家猫出现，此时十二生肖已经成型，所以和猫也没什么关系了。\"}],\"hint\":[\"小李杜指的是谁和谁\",\"百度的市值多少\",\"一欧元能换多少人民币\",\"美好的英文\",\"长江的发源地在哪\",\"故乡的英文翻译\",\"赵丽颖的基本信息\",\"今天限行时间几点到几点\",\"3d开奖结果\",\"北京是什么时区\"],\"show_hint\":[{\"cue_words\":[\"小李杜指的是谁和谁\",\"百度的市值多少\",\"一欧元能换多少人民币\",\"美好的英文\",\"长江的发源地在哪\",\"故乡的英文翻译\",\"赵丽颖的基本信息\",\"今天限行时间几点到几点\",\"3d开奖结果\",\"北京是什么时区\"]}]},\"session_id\":\"c51036d2-2bce-46c3-9892-c868a011ac80\",\"id\":\"1566984208_3545otakj\",\"logid\":\"a8e89ad1f2f7409ca64370384592915a_DCScnt168lae4yfnq\",\"user_id\":\"433804e704a0309b48df3eae2ca92afe\",\"time\":1566984208,\"cuid\":\"433804e704a0309b48df3eae2ca92afe\",\"se_query\":\"十二生肖为什么没有猫\",\"msg\":\"ok\",\"status\":0,\"client_msg_id\":\"3a5881c5-96d9-4a55-92e0-c4c31194793d\"}","params":{"answer":"以下结果来自匠子视频:十二生肖起源于战国晚期，到了东汉才逐渐有了固定的次序与内涵，即一鼠二牛，三虎四兔，五龙六蛇，七马八羊，九猴十鸡，十一狗十二猪。而猫产生于埃及，历史上直至西汉才有家猫出现，此时十二生肖已经成型，所以和猫也没什么关系了。","content":"以下结果来自匠子视频:十二生肖起源于战国晚期，到了东汉才逐渐有了固定的次序与内涵，即一鼠二牛，三虎四兔，五龙六蛇，七马八羊，九猴十鸡，十一狗十二猪。而猫产生于埃及，历史上直至西汉才有家猫出现，此时十二生肖已经成型，所以和猫也没什么关系了。"},"route":0,"text":"十二生肖为什么没有猫","topic":"baike"}
08-28 17:23:28.988 2111-2111/? I/MainService: mode == true
08-28 17:23:28.988 2111-2111/? E/MainService: 获得result
08-28 17:23:29.151 19924-19924/? I/SANBAO: getInterceptTopic:not found
08-28 17:23:29.159 19924-19924/? I/SANBAO: Grammar:
    getEngine:1
    getText:十二生肖为什么没有猫
    getAction:null
    getParams:{answer=以下结果来自匠子视频:十二生肖起源于战国晚期，到了东汉才逐渐有了固定的次序与内涵，即一鼠二牛，三虎四兔，五龙六蛇，七马八羊，九猴十鸡，十一狗十二猪。而猫产生于埃及，历史上直至西汉才有家猫出现，此时十二生肖已经成型，所以和猫也没什么关系了。, content=以下结果来自匠子视频:十二生肖起源于战国晚期，到了东汉才逐渐有了固定的次序与内涵，即一鼠二牛，三虎四兔，五龙六蛇，七马八羊，九猴十鸡，十一狗十二猪。而猫产生于埃及，历史上直至西汉才有家猫出现，此时十二生肖已经成型，所以和猫也没什么关系了。}
    getInitialData:{"result":{"bot_id":"aries_general","bot_meta":{"version":"1.0.0","type":"其他","description":"desc"},"nlu":{"domain":"universal_search","intent":"deepqa","sub_intent":"deepqa","slots":{}},"speech":{"type":"Text","content":"以下结果来自匠子视频:十二生肖起源于战国晚期，到了东汉才逐渐有了固定的次序与内涵，即一鼠二牛，三虎四兔，五龙六蛇，七马八羊，九猴十鸡，十一狗十二猪。而猫产生于埃及，历史上直至西汉才有家猫出现，此时十二生肖已经成型，所以和猫也没什么关系了。"},"views":[{"type":"txt","content":"以下结果来自匠子视频:十二生肖起源于战国晚期，到了东汉才逐渐有了固定的次序与内涵，即一鼠二牛，三虎四兔，五龙六蛇，七马八羊，九猴十鸡，十一狗十二猪。而猫产生于埃及，历史上直至西汉才有家猫出现，此时十二生肖已经成型，所以和猫也没什么关系了。"}],"hint":["小李杜指的是谁和谁","百度的市值多少","一欧元能换多少人民币","美好的英文","长江的发源地在哪","故乡的英文翻译","赵丽颖的基本信息","今天限行时间几点到几点","3d开奖结果","北京是什么时区"],"show_hint":[{"cue_words":["小李杜指的是谁和谁","百度的市值多少","一欧元能换多少人民币","美好的英文","长江的发源地在哪","故乡的英文翻译","赵丽颖的基本信息","今天限行时间几点到几点","3d开奖结果","北京是什么时区"]}]},"session_id":"c51036d2-2bce-46c3-9892-c868a011ac80","id":"1566984208_3545otakj","logid":"a8e89ad1f2f7409ca64370384592915a_DCScnt168lae4yfnq","user_id":"433804e704a0309b48df3eae2ca92afe","time":1566984208,"cuid":"433804e704a0309b48df3eae2ca92afe","se_query":"十二生肖为什么没有猫","msg":"ok","status":0,"client_msg_id":"3a5881c5-96d9-4a55-92e0-c4c31194793d"}
08-28 17:23:29.168 19924-19924/? D/SANBAO: startSpeak：以下结果来自匠子视频:十二生肖起源于战国晚期，到了东汉才逐渐有了固定的次序与内涵，即一鼠二牛，三虎四兔，五龙六蛇，七马八羊，九猴十鸡，十一狗十二猪。而猫产生于埃及，历史上直至西汉才有家猫出现，此时十二生肖已经成型，所以和猫也没什么关系了。
08-28 17:23:29.186 2111-493/? E/MainService: socketcommand,functionId=com.qihancloud.zhiyin,cmd=865,subCmd=0,content=以下结果来自匠子视频:十二生肖起源于战国晚期，到了东汉才逐渐有了固定的次序与内涵，即一鼠二牛，三虎四兔，五龙六蛇，七马八羊，九猴十鸡，十一狗十二猪。而猫产生于埃及，历史上直至西汉才有家猫出现，此时十二生肖已经成型，所以和猫也没什么关系了。
08-28 17:23:29.186 2111-493/? D/SpeechManager: StopSpeak
08-28 17:23:29.186 2111-493/? D/SpeechManager: text == 以下结果来自匠子视频:十二生肖起源于战国晚期，到了东汉才逐渐有了固定的次序与内涵，即一鼠二牛，三虎四兔，五龙六蛇，七马八羊，九猴十鸡，十一狗十二猪。而猫产生于埃及，历史上直至西汉才有家猫出现，此时十二生肖已经成型，所以和猫也没什么关系了。
08-28 17:23:29.214 2111-493/? I/IflytekSynthesizeManage: speak: 以下结果来自匠子视频:十二生肖起源于战国晚期，到了东汉才逐渐有了固定的次序与内涵，即一鼠二牛，三虎四兔，五龙六蛇，七马八羊，九猴十鸡，十一狗十二猪。而猫产生于埃及，历史上直至西汉才有家猫出现，此时十二生肖已经成型，所以和猫也没什么关系了。
08-28 17:23:29.238 19924-19924/? I/SanbotOpenSDK: {"description":"指令执行成功","errorCode":1,"result":"af9a7467-4778-48e1-8f18-be23a740a7f2"}
08-28 17:23:29.239 19924-19924/? I/SANBAO: answer:以下结果来自匠子视频:十二生肖起源于战国晚期，到了东汉才逐渐有了固定的次序与内涵，即一鼠二牛，三虎四兔，五龙六蛇，七马八羊，九猴十鸡，十一狗十二猪。而猫产生于埃及，历史上直至西汉才有家猫出现，此时十二生肖已经成型，所以和猫也没什么关系了。
08-28 17:23:29.241 19924-19924/? D/FRAGMENT: getFragment:2
08-28 17:23:29.241 19924-19924/? I/FRAGMENT: creatFragment:2,last fragment is:1
08-28 17:23:29.242 19924-19924/? D/SANBAO: mCurrentDealResult.getServerQuestion():十二生肖为什么没有猫
08-28 17:23:29.249 19924-19924/? D/SANBAO: setIsShowingHTML:false
08-28 17:23:29.253 19924-19924/? D/SANBAO: hideHTML
08-28 17:23:29.256 19924-19924/? D/FRAGMENT:  msg type is not MSG_TYPE_FROM_USER,cancel setFragmentHideListener:
08-28 17:23:29.258 19924-19924/? D/FRAGMENT: changeFragment:com.qihancloud.zhiyin.ui.fragment.ToUserFragment
08-28 17:23:29.265 19924-19924/? D/FRAGMENT: hideLoadingAnimation:2131230865
08-28 17:23:29.268 19924-19924/? I/FRAGMENT: FromUserFragment onHidden
08-28 17:23:29.271 19924-19924/? D/FRAGMENT: OnFragmentHiddenListener:十二生肖为什么没有猫
08-28 17:23:29.283 19924-19924/? I/SANBAO: addButton2HintContainer:hintText=小李杜指的是谁和谁
08-28 17:23:29.287 19924-19924/? I/SANBAO: addButton2HintContainer:hintText=百度的市值多少
08-28 17:23:29.291 19924-19924/? I/SANBAO: addButton2HintContainer:hintText=一欧元能换多少人民币
08-28 17:23:29.294 19924-19924/? I/SANBAO: addButton2HintContainer:hintText=美好的英文
08-28 17:23:29.313 2111-2111/? E/MainService: latch.await()超时： false
08-28 17:23:29.313 2111-2111/? I/SpeechManager: isInterrupt: true
08-28 17:23:29.507 2111-2111/? E/mcu: 发送到单片机 63
08-28 17:23:29.533 2111-2111/? I/MainService: app=0 cmd=1 subcmd=0 content=
08-28 17:23:29.559 19924-19924/? D/SANBAO: sdk ttsStart
08-28 17:23:29.561 2111-2111/? I/MainService: app=100 cmd=-29 subcmd=0 content=
08-28 17:23:29.570 19924-19924/? D/SANBAO: startSpeakAnimation
08-28 17:23:29.587 19924-19924/? D/FrameAnimationView: stopUpdate callOnFrameEnd
08-28 17:23:29.588 19924-19924/? D/FrameAnimationView: onFrameEnd！
08-28 17:23:29.705 236-1220/? D/audio_hw_primary: >>>>>> select_device
08-28 17:23:29.712 2111-2111/? I/MainService: app=100 cmd=-29 subcmd=0 content=
08-28 17:23:29.725 236-1220/? D/audio_hw_primary: init hdmi_plug: OUT
08-28 17:23:29.725 236-1220/? D/audio_hw_primary: >>>>>> select_device
08-28 17:23:29.726 2111-2111/? I/MainService: app=100 cmd=-29 subcmd=0 content=
08-28 17:23:29.776 2111-2111/? I/MainService: app=100 cmd=-29 subcmd=0 content=
08-28 17:23:29.783 2111-2111/? I/MainService: app=100 cmd=-29 subcmd=0 content=
08-28 17:23:29.816 236-1220/? D/AudioFlinger: mixer(0xb1340000) throttle end: throttle time(37)
08-28 17:23:29.843 2111-2111/? I/MainService: app=100 cmd=-29 subcmd=1 content=
08-28 17:23:29.864 2111-2111/? I/MainService: app=100 cmd=-29 subcmd=1 content=
08-28 17:23:29.934 2111-2111/? I/MainService: app=100 cmd=-29 subcmd=1 content=
08-28 17:23:29.956 2111-2111/? I/MainService: app=100 cmd=-29 subcmd=1 content=
08-28 17:23:30.028 2111-2111/? I/MainService: app=100 cmd=-29 subcmd=2 content=
08-28 17:23:30.034 2111-2111/? I/MainService: app=100 cmd=-29 subcmd=2 content=
08-28 17:23:30.142 2111-2111/? I/MainService: app=100 cmd=-29 subcmd=2 content=
08-28 17:23:30.156 2111-2111/? I/MainService: app=100 cmd=-29 subcmd=2 content=
08-28 17:23:30.213 2111-2111/? I/MainService: app=100 cmd=-29 subcmd=2 content=
08-28 17:23:30.305 2111-2111/? I/MainService: app=100 cmd=-29 subcmd=3 content=
08-28 17:23:30.312 2111-2111/? I/MainService: app=100 cmd=-29 subcmd=3 content=
08-28 17:23:30.400 2111-2111/? I/MainService: app=100 cmd=-29 subcmd=3 content=
08-28 17:23:30.425 2111-2111/? I/MainService: app=100 cmd=-29 subcmd=3 content=
08-28 17:23:30.491 2111-2111/? I/MainService: app=100 cmd=-29 subcmd=4 content=
08-28 17:23:30.498 2111-2111/? I/MainService: app=100 cmd=-29 subcmd=4 content=
08-28 17:23:30.588 2111-2111/? I/MainService: app=100 cmd=-29 subcmd=4 content=
08-28 17:23:30.597 2111-2111/? I/MainService: app=100 cmd=-29 subcmd=4 content=
08-28 17:23:30.706 2111-2111/? E/mcu: 发送到单片机 20009
08-28 17:23:30.708 2111-2111/? I/MainService: app=100 cmd=-29 subcmd=5 content=
08-28 17:23:30.713 2111-2111/? I/MainService: app=100 cmd=-29 subcmd=5 content=
08-28 17:23:30.773 2111-2111/? I/MainService: app=100 cmd=-29 subcmd=5 content=
08-28 17:23:30.778 2111-2435/? E/power: mChargeStatus=1,mBattery=81 autoLimit=30
08-28 17:23:30.781 2111-2431/? D/RobotPowerManager: mChargeStatus=1 mBattery=81 isNeverShow=falseisGotoCharge=false
08-28 17:23:30.783 26414-26414/? I/ouyang:  头部电量广播  progress: 81  state:1  originalProgress:81  originalState:1
08-28 17:23:30.796 2111-2111/? I/MainService: app=100 cmd=-29 subcmd=5 content=
08-28 17:23:30.873 2111-2111/? I/MainService: app=100 cmd=-29 subcmd=6 content=
08-28 17:23:30.959 2111-2111/? I/MainService: app=100 cmd=-29 subcmd=6 content=
08-28 17:23:31.020 2111-2111/? I/MainService: app=100 cmd=-29 subcmd=6 content=
08-28 17:23:31.065 2111-2111/? I/MainService: app=100 cmd=-29 subcmd=6 content=
08-28 17:23:31.115 2111-2111/? I/MainService: app=100 cmd=-29 subcmd=6 content=
08-28 17:23:31.170 2111-2111/? I/MainService: app=100 cmd=-29 subcmd=7 content=
08-28 17:23:31.199 2111-2111/? I/MainService: app=100 cmd=-29 subcmd=7 content=
08-28 17:23:31.235 2111-2111/? I/MainService: app=100 cmd=-29 subcmd=7 content=
08-28 17:23:31.251 2111-2111/? I/MainService: app=100 cmd=-29 subcmd=7 content=
08-28 17:23:31.369 2111-2111/? I/MainService: app=100 cmd=-29 subcmd=8 content=
08-28 17:23:31.388 2111-2111/? I/MainService: app=100 cmd=-29 subcmd=8 content=
08-28 17:23:31.421 2111-2111/? I/MainService: app=100 cmd=-29 subcmd=8 content=
08-28 17:23:31.436 2111-2111/? I/MainService: app=100 cmd=-29 subcmd=8 content=
08-28 17:23:31.512 2111-2111/? I/MainService: app=100 cmd=-29 subcmd=9 content=
08-28 17:23:31.606 2111-2111/? I/MainService: app=100 cmd=-29 subcmd=9 content=
08-28 17:23:31.612 2111-2111/? I/MainService: app=100 cmd=-29 subcmd=9 content=
08-28 17:23:31.698 2111-2111/? I/MainService: app=100 cmd=-29 subcmd=9 content=
08-28 17:23:31.705 2111-2111/? I/MainService: app=100 cmd=-29 subcmd=10 content=
08-28 17:23:31.791 2111-2111/? I/MainService: app=100 cmd=-29 subcmd=10 content=
08-28 17:23:31.804 2111-2111/? I/MainService: app=100 cmd=-29 subcmd=10 content=
08-28 17:23:31.885 2111-2111/? I/MainService: app=100 cmd=-29 subcmd=10 content=
08-28 17:23:31.903 2111-2111/? I/MainService: app=100 cmd=-29 subcmd=10 content=
08-28 17:23:31.977 2111-2111/? I/MainService: app=100 cmd=-29 subcmd=11 content=
08-28 17:23:31.984 2111-2111/? I/MainService: app=100 cmd=-29 subcmd=11 content=
08-28 17:23:32.070 2111-2111/? I/MainService: app=100 cmd=-29 subcmd=11 content=
08-28 17:23:32.075 2111-2111/? I/MainService: app=100 cmd=-29 subcmd=11 content=
08-28 17:23:32.163 2111-2111/? I/MainService: app=100 cmd=-29 subcmd=12 content=
08-28 17:23:32.255 2111-2111/? I/MainService: app=100 cmd=-29 subcmd=12 content=
08-28 17:23:32.260 2111-2111/? I/MainService: app=100 cmd=-29 subcmd=12 content=
08-28 17:23:32.348 2111-2111/? I/MainService: app=100 cmd=-29 subcmd=12 content=
08-28 17:23:32.371 2111-2111/? I/MainService: app=100 cmd=-29 subcmd=13 content=
08-28 17:23:32.438 2111-2411/? E/ServerNettySocket: current clients : com.qihancloud.map.MyService, com.qihancloud.rservice.TaskManagerService, com.qihancloud.zhiyin.ui.activity.MainActivity, 
08-28 17:23:32.469 2111-2111/? I/MainService: app=100 cmd=-29 subcmd=13 content=
08-28 17:23:32.485 2111-2111/? I/MainService: app=100 cmd=-29 subcmd=13 content=
08-28 17:23:32.545 2111-2111/? I/MainService: app=100 cmd=-29 subcmd=13 content=
08-28 17:23:32.558 2111-2111/? I/MainService: app=100 cmd=-29 subcmd=13 content=
08-28 17:23:32.630 2111-2111/? I/MainService: app=100 cmd=-29 subcmd=14 content=
08-28 17:23:32.637 2111-2111/? I/MainService: app=100 cmd=-29 subcmd=14 content=
08-28 17:23:32.720 2111-2111/? I/MainService: app=100 cmd=-29 subcmd=14 content=
08-28 17:23:32.735 2111-2111/? I/MainService: app=100 cmd=-29 subcmd=14 content=
08-28 17:23:32.814 2111-2111/? I/MainService: app=100 cmd=-29 subcmd=15 content=
08-28 17:23:32.907 2111-2111/? I/MainService: app=100 cmd=-29 subcmd=15 content=
08-28 17:23:32.913 2111-2111/? I/MainService: app=100 cmd=-29 subcmd=15 content=
08-28 17:23:33.000 2111-2111/? I/MainService: app=100 cmd=-29 subcmd=15 content=
08-28 17:23:33.007 2111-2111/? I/MainService: app=100 cmd=-29 subcmd=16 content=
08-28 17:23:33.092 2111-2111/? I/MainService: app=100 cmd=-29 subcmd=16 content=
08-28 17:23:33.100 2111-2111/? I/MainService: app=100 cmd=-29 subcmd=16 content=
08-28 17:23:33.184 2111-2111/? I/MainService: app=100 cmd=-29 subcmd=16 content=
08-28 17:23:33.199 2111-2111/? I/MainService: app=100 cmd=-29 subcmd=16 content=
08-28 17:23:33.277 2111-2111/? I/MainService: app=100 cmd=-29 subcmd=17 content=
08-28 17:23:33.282 2111-2111/? I/MainService: app=100 cmd=-29 subcmd=17 content=
08-28 17:23:33.375 2111-2111/? I/MainService: app=100 cmd=-29 subcmd=17 content=
08-28 17:23:33.381 2111-2111/? I/MainService: app=100 cmd=-29 subcmd=17 content=
08-28 17:23:33.466 2111-2111/? I/MainService: app=100 cmd=-29 subcmd=18 content=
08-28 17:23:33.556 2111-2111/? I/MainService: app=100 cmd=-29 subcmd=18 content=
08-28 17:23:33.561 2111-2111/? I/MainService: app=100 cmd=-29 subcmd=18 content=
08-28 17:23:33.649 2111-2111/? I/MainService: app=100 cmd=-29 subcmd=18 content=
08-28 17:23:33.657 2111-2111/? I/MainService: app=100 cmd=-29 subcmd=19 content=
08-28 17:23:33.743 2111-2437/? I/MainService: app=100 cmd=-10 subcmd=0 content={"pir_status":0,"pir_type":2,"point_tag":4,"ack_flg":1,"checkSum":0,"content_len":0,"mmnn":0,"msg_size":[0,0,0,0],"unUse":[0,0,0,0,0,0,0]}
08-28 17:23:33.747 2111-2111/? I/MainService: app=100 cmd=-29 subcmd=19 content=
08-28 17:23:33.753 2111-2111/? I/MainService: app=100 cmd=-29 subcmd=19 content=
08-28 17:23:33.835 2111-2111/? I/MainService: app=100 cmd=-29 subcmd=19 content=
08-28 17:23:33.850 2111-2111/? I/MainService: app=100 cmd=-29 subcmd=20 content=
08-28 17:23:33.927 2111-2111/? I/MainService: app=100 cmd=-29 subcmd=20 content=
08-28 17:23:33.934 2111-2111/? I/MainService: app=100 cmd=-29 subcmd=20 content=
08-28 17:23:34.020 2111-2111/? I/MainService: app=100 cmd=-29 subcmd=20 content=
08-28 17:23:34.026 2111-2111/? I/MainService: app=100 cmd=-29 subcmd=20 content=
08-28 17:23:34.113 2111-2111/? I/MainService: app=100 cmd=-29 subcmd=21 content=
08-28 17:23:34.207 2111-2111/? I/MainService: app=100 cmd=-29 subcmd=21 content=
08-28 17:23:34.214 2111-2111/? I/MainService: app=100 cmd=-29 subcmd=21 content=
08-28 17:23:34.299 2111-2111/? I/MainService: app=100 cmd=-29 subcmd=21 content=
08-28 17:23:34.308 2111-2111/? I/MainService: app=100 cmd=-29 subcmd=22 content=
08-28 17:23:34.391 2111-2111/? I/MainService: app=100 cmd=-29 subcmd=22 content=
08-28 17:23:34.397 2111-2111/? I/MainService: app=100 cmd=-29 subcmd=22 content=
08-28 17:23:34.485 2111-2111/? I/MainService: app=100 cmd=-29 subcmd=22 content=
08-28 17:23:34.495 2111-2111/? I/MainService: app=100 cmd=-29 subcmd=23 content=
08-28 17:23:34.577 2111-2111/? I/MainService: app=100 cmd=-29 subcmd=23 content=
08-28 17:23:34.584 2111-2111/? I/MainService: app=100 cmd=-29 subcmd=23 content=
08-28 17:23:34.671 2111-2111/? I/MainService: app=100 cmd=-29 subcmd=23 content=
08-28 17:23:34.681 2111-2111/? I/MainService: app=100 cmd=-29 subcmd=23 content=
08-28 17:23:34.763 2111-2111/? I/MainService: app=100 cmd=-29 subcmd=24 content=
08-28 17:23:34.856 2111-2111/? I/MainService: app=100 cmd=-29 subcmd=24 content=
08-28 17:23:34.862 2111-2111/? I/MainService: app=100 cmd=-29 subcmd=24 content=
08-28 17:23:34.949 2111-2111/? I/MainService: app=100 cmd=-29 subcmd=24 content=
08-28 17:23:34.957 2111-2111/? I/MainService: app=100 cmd=-29 subcmd=25 content=
08-28 17:23:35.042 2111-2111/? I/MainService: app=100 cmd=-29 subcmd=25 content=
08-28 17:23:35.049 2111-2111/? I/MainService: app=100 cmd=-29 subcmd=25 content=
08-28 17:23:35.135 2111-2111/? I/MainService: app=100 cmd=-29 subcmd=25 content=
08-28 17:23:35.140 2111-2111/? I/MainService: app=100 cmd=-29 subcmd=26 content=
08-28 17:23:35.231 2111-2111/? I/MainService: app=100 cmd=-29 subcmd=26 content=
08-28 17:23:35.244 2111-2111/? I/MainService: app=100 cmd=-29 subcmd=26 content=
08-28 17:23:35.321 2111-2111/? I/MainService: app=100 cmd=-29 subcmd=26 content=
08-28 17:23:35.333 2111-2111/? I/MainService: app=100 cmd=-29 subcmd=26 content=
08-28 17:23:35.420 2111-2111/? I/MainService: app=100 cmd=-29 subcmd=27 content=
08-28 17:23:35.511 2111-2111/? I/MainService: app=100 cmd=-29 subcmd=27 content=
08-28 17:23:35.520 2111-2111/? I/MainService: app=100 cmd=-29 subcmd=27 content=
08-28 17:23:35.604 2111-2111/? I/MainService: app=100 cmd=-29 subcmd=27 content=
08-28 17:23:35.610 2111-2111/? I/MainService: app=100 cmd=-29 subcmd=28 content=
08-28 17:23:35.694 2111-2111/? I/MainService: app=100 cmd=-29 subcmd=28 content=
08-28 17:23:35.701 2111-2111/? I/MainService: app=100 cmd=-29 subcmd=28 content=
08-28 17:23:35.776 2111-2111/? E/mcu: 发送到单片机 20009
08-28 17:23:35.790 2111-2111/? I/MainService: app=100 cmd=-29 subcmd=28 content=
08-28 17:23:35.804 2111-2111/? I/MainService: app=100 cmd=-29 subcmd=29 content=
08-28 17:23:35.834 2111-2435/? E/power: mChargeStatus=1,mBattery=81 autoLimit=30
08-28 17:23:35.839 2111-2431/? E/mcu: 发送到单片机 5
08-28 17:23:35.839 26414-26414/? I/ouyang:  头部电量广播  progress: 81  state:1  originalProgress:81  originalState:1
08-28 17:23:35.840 2111-2431/? E/mcu: 发送到单片机 5
08-28 17:23:35.841 2111-2431/? D/RobotPowerManager: mChargeStatus=1 mBattery=81 isNeverShow=falseisGotoCharge=false
08-28 17:23:35.881 2111-2111/? I/MainService: app=100 cmd=-29 subcmd=29 content=
08-28 17:23:35.894 2111-2111/? I/MainService: app=100 cmd=-29 subcmd=29 content=
08-28 17:23:35.971 2111-2111/? I/MainService: app=100 cmd=-29 subcmd=29 content=
08-28 17:23:35.987 2111-2111/? I/MainService: app=100 cmd=-29 subcmd=30 content=
08-28 17:23:36.063 2111-2111/? I/MainService: app=100 cmd=-29 subcmd=30 content=
08-28 17:23:36.156 2111-2111/? I/MainService: app=100 cmd=-29 subcmd=30 content=
08-28 17:23:36.166 2111-2111/? I/MainService: app=100 cmd=-29 subcmd=30 content=
08-28 17:23:36.250 2111-2111/? I/MainService: app=100 cmd=-29 subcmd=30 content=
08-28 17:23:36.255 2111-2111/? I/MainService: app=100 cmd=-29 subcmd=31 content=
08-28 17:23:36.342 2111-2111/? I/MainService: app=100 cmd=-29 subcmd=31 content=
08-28 17:23:36.347 2111-2111/? I/MainService: app=100 cmd=-29 subcmd=31 content=
08-28 17:23:36.435 2111-2111/? I/MainService: app=100 cmd=-29 subcmd=31 content=
08-28 17:23:36.443 2111-2111/? I/MainService: app=100 cmd=-29 subcmd=32 content=
08-28 17:23:36.548 2111-2111/? I/MainService: app=100 cmd=-29 subcmd=32 content=
08-28 17:23:36.553 2111-2111/? I/MainService: app=100 cmd=-29 subcmd=32 content=
08-28 17:23:36.624 2111-2111/? I/MainService: app=100 cmd=-29 subcmd=32 content=
08-28 17:23:36.629 2111-2111/? I/MainService: app=100 cmd=-29 subcmd=33 content=
08-28 17:23:36.714 2111-2111/? I/MainService: app=100 cmd=-29 subcmd=33 content=
08-28 17:23:36.807 2111-2111/? I/MainService: app=100 cmd=-29 subcmd=33 content=
08-28 17:23:36.813 2111-2111/? I/MainService: app=100 cmd=-29 subcmd=33 content=
08-28 17:23:36.906 2111-2111/? I/MainService: app=100 cmd=-29 subcmd=33 content=
08-28 17:23:36.913 2111-2111/? I/MainService: app=100 cmd=-29 subcmd=34 content=
08-28 17:23:36.993 2111-2111/? I/MainService: app=100 cmd=-29 subcmd=34 content=
08-28 17:23:37.006 2111-2111/? I/MainService: app=100 cmd=-29 subcmd=34 content=
08-28 17:23:37.085 2111-2111/? I/MainService: app=100 cmd=-29 subcmd=34 content=
08-28 17:23:37.091 2111-2111/? I/MainService: app=100 cmd=-29 subcmd=35 content=
08-28 17:23:37.179 2111-2111/? I/MainService: app=100 cmd=-29 subcmd=35 content=
08-28 17:23:37.190 2111-2111/? I/MainService: app=100 cmd=-29 subcmd=35 content=
08-28 17:23:37.230 2111-2437/? I/MainService: app=100 cmd=-10 subcmd=0 content={"pir_status":1,"pir_type":1,"point_tag":4,"ack_flg":1,"checkSum":0,"content_len":0,"mmnn":0,"msg_size":[0,0,0,0],"unUse":[0,0,0,0,0,0,0]}
08-28 17:23:37.281 2111-2111/? I/MainService: app=100 cmd=-29 subcmd=35 content=
08-28 17:23:37.290 2111-2111/? I/MainService: app=100 cmd=-29 subcmd=36 content=
08-28 17:23:37.364 2111-2111/? I/MainService: app=100 cmd=-29 subcmd=36 content=
08-28 17:23:37.457 2111-2111/? I/MainService: app=100 cmd=-29 subcmd=36 content=
08-28 17:23:37.467 2111-2111/? I/MainService: app=100 cmd=-29 subcmd=36 content=
08-28 17:23:37.590 2111-2111/? I/MainService: app=100 cmd=-29 subcmd=36 content=
08-28 17:23:37.600 2111-2111/? I/MainService: app=100 cmd=-29 subcmd=37 content=
08-28 17:23:37.644 2111-2111/? I/MainService: app=100 cmd=-29 subcmd=37 content=
08-28 17:23:37.652 2111-2111/? I/MainService: app=100 cmd=-29 subcmd=37 content=
08-28 17:23:37.736 2111-2111/? I/MainService: app=100 cmd=-29 subcmd=37 content=
08-28 17:23:37.742 2111-2111/? I/MainService: app=100 cmd=-29 subcmd=38 content=
08-28 17:23:37.828 2111-2111/? I/MainService: app=100 cmd=-29 subcmd=38 content=
08-28 17:23:37.837 2111-2111/? I/MainService: app=100 cmd=-29 subcmd=38 content=
08-28 17:23:37.921 2111-2111/? I/MainService: app=100 cmd=-29 subcmd=38 content=
08-28 17:23:37.927 2111-2111/? I/MainService: app=100 cmd=-29 subcmd=39 content=
08-28 17:23:38.014 2111-2111/? I/MainService: app=100 cmd=-29 subcmd=39 content=
08-28 17:23:38.108 2111-2111/? I/MainService: app=100 cmd=-29 subcmd=39 content=
08-28 17:23:38.113 2111-2111/? I/MainService: app=100 cmd=-29 subcmd=39 content=
08-28 17:23:38.200 2111-2111/? I/MainService: app=100 cmd=-29 subcmd=40 content=
08-28 17:23:38.209 2111-2111/? I/MainService: app=100 cmd=-29 subcmd=40 content=
08-28 17:23:38.293 2111-2111/? I/MainService: app=100 cmd=-29 subcmd=40 content=
08-28 17:23:38.304 2111-2111/? I/MainService: app=100 cmd=-29 subcmd=40 content=
08-28 17:23:38.311 2524-2524/? D/qhpower: need keepScreenOn,qhpower sleep 5s
08-28 17:23:38.386 2111-2111/? I/MainService: app=100 cmd=-29 subcmd=40 content=
08-28 17:23:38.401 2111-2111/? I/MainService: app=100 cmd=-29 subcmd=41 content=
08-28 17:23:38.487 2111-2111/? I/MainService: app=100 cmd=-29 subcmd=41 content=
08-28 17:23:38.498 2111-2111/? I/MainService: app=100 cmd=-29 subcmd=41 content=
08-28 17:23:38.572 2111-2111/? I/MainService: app=100 cmd=-29 subcmd=41 content=
08-28 17:23:38.590 2111-2111/? I/MainService: app=100 cmd=-29 subcmd=42 content=
08-28 17:23:38.669 2111-2111/? I/MainService: app=100 cmd=-29 subcmd=42 content=
08-28 17:23:38.758 2111-2111/? I/MainService: app=100 cmd=-29 subcmd=42 content=
08-28 17:23:38.773 2111-2111/? I/MainService: app=100 cmd=-29 subcmd=42 content=
08-28 17:23:38.850 2111-2111/? I/MainService: app=100 cmd=-29 subcmd=43 content=
08-28 17:23:38.857 2111-2111/? I/MainService: app=100 cmd=-29 subcmd=43 content=
08-28 17:23:38.951 2111-2111/? I/MainService: app=100 cmd=-29 subcmd=43 content=
08-28 17:23:38.961 2111-2111/? I/MainService: app=100 cmd=-29 subcmd=43 content=
08-28 17:23:39.036 2111-2111/? I/MainService: app=100 cmd=-29 subcmd=43 content=
08-28 17:23:39.048 2111-2111/? I/MainService: app=100 cmd=-29 subcmd=44 content=
08-28 17:23:39.129 2111-2111/? I/MainService: app=100 cmd=-29 subcmd=44 content=
08-28 17:23:39.138 2111-2111/? I/MainService: app=100 cmd=-29 subcmd=44 content=
08-28 17:23:39.221 2111-2111/? I/MainService: app=100 cmd=-29 subcmd=44 content=
08-28 17:23:39.227 2111-2111/? I/MainService: app=100 cmd=-29 subcmd=45 content=
08-28 17:23:39.314 2111-2111/? I/MainService: app=100 cmd=-29 subcmd=45 content=
08-28 17:23:39.318 2111-2111/? I/MainService: app=100 cmd=-29 subcmd=45 content=
08-28 17:23:39.407 2111-2111/? I/MainService: app=100 cmd=-29 subcmd=45 content=
08-28 17:23:39.508 2111-2111/? I/MainService: app=100 cmd=-29 subcmd=46 content=
08-28 17:23:39.520 2111-2111/? I/MainService: app=100 cmd=-29 subcmd=46 content=
08-28 17:23:39.593 2111-2111/? I/MainService: app=100 cmd=-29 subcmd=46 content=
08-28 17:23:39.600 2111-2111/? I/MainService: app=100 cmd=-29 subcmd=46 content=
08-28 17:23:39.686 2111-2111/? I/MainService: app=100 cmd=-29 subcmd=46 content=
08-28 17:23:39.692 2111-2111/? I/MainService: app=100 cmd=-29 subcmd=47 content=
08-28 17:23:39.782 2111-2111/? I/MainService: app=100 cmd=-29 subcmd=47 content=
08-28 17:23:39.798 2111-2111/? I/MainService: app=100 cmd=-29 subcmd=47 content=
08-28 17:23:39.881 2111-2111/? I/MainService: app=100 cmd=-29 subcmd=47 content=
08-28 17:23:39.893 2111-2111/? I/MainService: app=100 cmd=-29 subcmd=48 content=
08-28 17:23:39.965 2111-2111/? I/MainService: app=100 cmd=-29 subcmd=48 content=
08-28 17:23:39.984 2111-2111/? I/MainService: app=100 cmd=-29 subcmd=48 content=
08-28 17:23:40.059 2111-2111/? I/MainService: app=100 cmd=-29 subcmd=48 content=
08-28 17:23:40.152 2111-2111/? I/MainService: app=100 cmd=-29 subcmd=49 content=
08-28 17:23:40.171 2111-2111/? I/MainService: app=100 cmd=-29 subcmd=49 content=
08-28 17:23:40.243 2111-2111/? I/MainService: app=100 cmd=-29 subcmd=49 content=
08-28 17:23:40.249 2111-2111/? I/MainService: app=100 cmd=-29 subcmd=49 content=
08-28 17:23:40.336 2111-2111/? I/MainService: app=100 cmd=-29 subcmd=50 content=
08-28 17:23:40.344 2111-2111/? I/MainService: app=100 cmd=-29 subcmd=50 content=
08-28 17:23:40.428 2111-2111/? I/MainService: app=100 cmd=-29 subcmd=50 content=
08-28 17:23:40.433 2111-2111/? I/MainService: app=100 cmd=-29 subcmd=50 content=
08-28 17:23:40.522 2111-2111/? I/MainService: app=100 cmd=-29 subcmd=50 content=
08-28 17:23:40.530 2111-2111/? I/MainService: app=100 cmd=-29 subcmd=51 content=
08-28 17:23:40.638 2111-2111/? I/MainService: app=100 cmd=-29 subcmd=51 content=
08-28 17:23:40.642 2111-2111/? I/MainService: app=100 cmd=-29 subcmd=51 content=
08-28 17:23:40.708 2111-2111/? I/MainService: app=100 cmd=-29 subcmd=51 content=
08-28 17:23:40.826 2111-2111/? E/mcu: 发送到单片机 20009
08-28 17:23:40.828 2111-2111/? I/MainService: app=100 cmd=-29 subcmd=52 content=
08-28 17:23:40.836 2111-2111/? I/MainService: app=100 cmd=-29 subcmd=52 content=
08-28 17:23:40.895 2111-2111/? I/MainService: app=100 cmd=-29 subcmd=52 content=
08-28 17:23:40.904 2111-2435/? E/power: mChargeStatus=1,mBattery=81 autoLimit=30
08-28 17:23:40.909 26414-26414/? I/ouyang:  头部电量广播  progress: 81  state:1  originalProgress:81  originalState:1
08-28 17:23:40.914 2111-2111/? I/MainService: app=100 cmd=-29 subcmd=52 content=
08-28 17:23:40.932 2111-2431/? D/RobotPowerManager: mChargeStatus=1 mBattery=81 isNeverShow=falseisGotoCharge=false
08-28 17:23:40.986 2111-2111/? I/MainService: app=100 cmd=-29 subcmd=53 content=
08-28 17:23:40.995 2111-2111/? I/MainService: app=100 cmd=-29 subcmd=53 content=
08-28 17:23:41.079 2111-2111/? I/MainService: app=100 cmd=-29 subcmd=53 content=
08-28 17:23:41.086 2111-2111/? I/MainService: app=100 cmd=-29 subcmd=53 content=
08-28 17:23:41.173 2111-2111/? I/MainService: app=100 cmd=-29 subcmd=53 content=
08-28 17:23:41.181 2111-2111/? I/MainService: app=100 cmd=-29 subcmd=54 content=
08-28 17:23:41.264 2111-2111/? I/MainService: app=100 cmd=-29 subcmd=54 content=
08-28 17:23:41.269 2111-2111/? I/MainService: app=100 cmd=-29 subcmd=54 content=
08-28 17:23:41.358 2111-2111/? I/MainService: app=100 cmd=-29 subcmd=54 content=
08-28 17:23:41.452 2111-2111/? I/MainService: app=100 cmd=-29 subcmd=55 content=
08-28 17:23:41.460 2111-2111/? I/MainService: app=100 cmd=-29 subcmd=55 content=
08-28 17:23:41.543 2111-2111/? I/MainService: app=100 cmd=-29 subcmd=55 content=
08-28 17:23:41.555 2111-2111/? I/MainService: app=100 cmd=-29 subcmd=55 content=
08-28 17:23:41.641 2111-2111/? I/MainService: app=100 cmd=-29 subcmd=56 content=
08-28 17:23:41.657 2111-2111/? I/MainService: app=100 cmd=-29 subcmd=56 content=
08-28 17:23:41.736 2111-2111/? I/MainService: app=100 cmd=-29 subcmd=56 content=
08-28 17:23:41.745 2111-2111/? I/MainService: app=100 cmd=-29 subcmd=56 content=
08-28 17:23:41.822 2111-2111/? I/MainService: app=100 cmd=-29 subcmd=56 content=
08-28 17:23:41.828 2111-2111/? I/MainService: app=100 cmd=-29 subcmd=57 content=
08-28 17:23:41.915 2111-2111/? I/MainService: app=100 cmd=-29 subcmd=57 content=
08-28 17:23:41.920 2111-2111/? I/MainService: app=100 cmd=-29 subcmd=57 content=
08-28 17:23:42.010 2111-2111/? I/MainService: app=100 cmd=-29 subcmd=57 content=
08-28 17:23:42.101 2111-2111/? I/MainService: app=100 cmd=-29 subcmd=58 content=
08-28 17:23:42.106 2111-2111/? I/MainService: app=100 cmd=-29 subcmd=58 content=
08-28 17:23:42.194 2111-2111/? I/MainService: app=100 cmd=-29 subcmd=58 content=
08-28 17:23:42.201 2111-2111/? I/MainService: app=100 cmd=-29 subcmd=58 content=
08-28 17:23:42.289 2111-2111/? I/MainService: app=100 cmd=-29 subcmd=59 content=
08-28 17:23:42.300 2111-2111/? I/MainService: app=100 cmd=-29 subcmd=59 content=
08-28 17:23:42.380 2111-2111/? I/MainService: app=100 cmd=-29 subcmd=59 content=
08-28 17:23:42.387 2111-2111/? I/MainService: app=100 cmd=-29 subcmd=59 content=
08-28 17:23:42.476 2111-2111/? I/MainService: app=100 cmd=-29 subcmd=60 content=
08-28 17:23:42.485 2111-2111/? I/MainService: app=100 cmd=-29 subcmd=60 content=
08-28 17:23:42.566 2111-2111/? I/MainService: app=100 cmd=-29 subcmd=60 content=
08-28 17:23:42.575 2111-2111/? I/MainService: app=100 cmd=-29 subcmd=60 content=
08-28 17:23:42.678 2111-2111/? I/MainService: app=100 cmd=-29 subcmd=60 content=
08-28 17:23:42.756 2111-2437/? I/MainService: app=100 cmd=-10 subcmd=0 content={"pir_status":0,"pir_type":1,"point_tag":4,"ack_flg":1,"checkSum":0,"content_len":0,"mmnn":0,"msg_size":[0,0,0,0],"unUse":[0,0,0,0,0,0,0]}
08-28 17:23:42.758 2111-2111/? I/MainService: app=100 cmd=-29 subcmd=61 content=
08-28 17:23:42.765 2111-2111/? I/MainService: app=100 cmd=-29 subcmd=61 content=
08-28 17:23:42.848 2111-2111/? I/MainService: app=100 cmd=-29 subcmd=61 content=
08-28 17:23:42.874 2111-2111/? I/MainService: app=100 cmd=-29 subcmd=61 content=
08-28 17:23:42.937 2111-2111/? I/MainService: app=100 cmd=-29 subcmd=62 content=
08-28 17:23:42.942 2111-2111/? I/MainService: app=100 cmd=-29 subcmd=62 content=
08-28 17:23:43.029 2111-2111/? I/MainService: app=100 cmd=-29 subcmd=62 content=
08-28 17:23:43.036 2111-2111/? I/MainService: app=100 cmd=-29 subcmd=62 content=
08-28 17:23:43.123 2111-2111/? I/MainService: app=100 cmd=-29 subcmd=63 content=
08-28 17:23:43.135 2111-2111/? I/MainService: app=100 cmd=-29 subcmd=63 content=
08-28 17:23:43.215 2111-2111/? I/MainService: app=100 cmd=-29 subcmd=63 content=
08-28 17:23:43.232 2111-2111/? I/MainService: app=100 cmd=-29 subcmd=63 content=
08-28 17:23:43.308 2111-2111/? I/MainService: app=100 cmd=-29 subcmd=63 content=
08-28 17:23:43.405 2111-2111/? I/MainService: app=100 cmd=-29 subcmd=64 content=
08-28 17:23:43.413 2111-2111/? I/MainService: app=100 cmd=-29 subcmd=64 content=
08-28 17:23:43.476 2111-2411/? E/ServerNettySocket: current clients : com.qihancloud.map.MyService, com.qihancloud.rservice.TaskManagerService, com.qihancloud.zhiyin.ui.activity.MainActivity, 
08-28 17:23:43.494 2111-2111/? I/MainService: app=100 cmd=-29 subcmd=64 content=
08-28 17:23:43.510 2111-2111/? I/MainService: app=100 cmd=-29 subcmd=64 content=
08-28 17:23:43.589 2111-2111/? I/MainService: app=100 cmd=-29 subcmd=65 content=
08-28 17:23:43.595 2111-2111/? I/MainService: app=100 cmd=-29 subcmd=65 content=
08-28 17:23:43.720 2111-2111/? I/MainService: app=100 cmd=-29 subcmd=65 content=
08-28 17:23:43.726 2111-2111/? I/MainService: app=100 cmd=-29 subcmd=65 content=
08-28 17:23:43.793 2111-2111/? I/MainService: app=100 cmd=-29 subcmd=66 content=
08-28 17:23:43.801 2111-2111/? I/MainService: app=100 cmd=-29 subcmd=66 content=
08-28 17:23:43.865 2111-2111/? I/MainService: app=100 cmd=-29 subcmd=66 content=
08-28 17:23:43.874 2111-2111/? I/MainService: app=100 cmd=-29 subcmd=66 content=
08-28 17:23:43.964 2111-2111/? I/MainService: app=100 cmd=-29 subcmd=66 content=
08-28 17:23:44.051 2111-2111/? I/MainService: app=100 cmd=-29 subcmd=67 content=
08-28 17:23:44.056 2111-2111/? I/MainService: app=100 cmd=-29 subcmd=67 content=
08-28 17:23:44.145 2111-2111/? I/MainService: app=100 cmd=-29 subcmd=67 content=
08-28 17:23:44.154 2111-2111/? I/MainService: app=100 cmd=-29 subcmd=67 content=
08-28 17:23:44.238 2111-2111/? I/MainService: app=100 cmd=-29 subcmd=68 content=
08-28 17:23:44.244 2111-2111/? I/MainService: app=100 cmd=-29 subcmd=68 content=
08-28 17:23:44.334 2111-2111/? I/MainService: app=100 cmd=-29 subcmd=68 content=
08-28 17:23:44.340 2111-2111/? I/MainService: app=100 cmd=-29 subcmd=68 content=
08-28 17:23:44.424 2111-2111/? I/MainService: app=100 cmd=-29 subcmd=69 content=
08-28 17:23:44.431 2111-2111/? I/MainService: app=100 cmd=-29 subcmd=69 content=
08-28 17:23:44.516 2111-2111/? I/MainService: app=100 cmd=-29 subcmd=69 content=
08-28 17:23:44.520 2111-2111/? I/MainService: app=100 cmd=-29 subcmd=69 content=
08-28 17:23:44.609 2111-2111/? I/MainService: app=100 cmd=-29 subcmd=70 content=
08-28 17:23:44.705 2111-2111/? I/MainService: app=100 cmd=-29 subcmd=70 content=
08-28 17:23:44.725 2111-2111/? I/MainService: app=100 cmd=-29 subcmd=70 content=
08-28 17:23:44.801 2111-2111/? I/MainService: app=100 cmd=-29 subcmd=70 content=
08-28 17:23:44.809 2111-2111/? I/MainService: app=100 cmd=-29 subcmd=70 content=
08-28 17:23:44.891 2111-2111/? I/MainService: app=100 cmd=-29 subcmd=71 content=
08-28 17:23:44.920 2111-2111/? I/MainService: app=100 cmd=-29 subcmd=71 content=
08-28 17:23:44.983 2111-2111/? I/MainService: app=100 cmd=-29 subcmd=71 content=
08-28 17:23:45.005 2111-2111/? I/MainService: app=100 cmd=-29 subcmd=71 content=
08-28 17:23:45.073 2111-2111/? I/MainService: app=100 cmd=-29 subcmd=72 content=
08-28 17:23:45.078 2111-2111/? I/MainService: app=100 cmd=-29 subcmd=72 content=
08-28 17:23:45.167 2111-2111/? I/MainService: app=100 cmd=-29 subcmd=72 content=
08-28 17:23:45.172 2111-2111/? I/MainService: app=100 cmd=-29 subcmd=72 content=
08-28 17:23:45.258 2111-2111/? I/MainService: app=100 cmd=-29 subcmd=73 content=
08-28 17:23:45.352 2111-2111/? I/MainService: app=100 cmd=-29 subcmd=73 content=
08-28 17:23:45.357 2111-2111/? I/MainService: app=100 cmd=-29 subcmd=73 content=
08-28 17:23:45.445 2111-2111/? I/MainService: app=100 cmd=-29 subcmd=73 content=
08-28 17:23:45.453 2111-2111/? I/MainService: app=100 cmd=-29 subcmd=73 content=
08-28 17:23:45.537 2111-2111/? I/MainService: app=100 cmd=-29 subcmd=74 content=
08-28 17:23:45.542 2111-2111/? I/MainService: app=100 cmd=-29 subcmd=74 content=
08-28 17:23:45.630 2111-2111/? I/MainService: app=100 cmd=-29 subcmd=74 content=
08-28 17:23:45.636 2111-2111/? I/MainService: app=100 cmd=-29 subcmd=74 content=
08-28 17:23:45.723 2111-2111/? I/MainService: app=100 cmd=-29 subcmd=75 content=
08-28 17:23:45.728 2111-2111/? I/MainService: app=100 cmd=-29 subcmd=75 content=
08-28 17:23:45.817 2111-2111/? I/MainService: app=100 cmd=-29 subcmd=75 content=
08-28 17:23:45.823 2111-2111/? I/MainService: app=100 cmd=-29 subcmd=75 content=
08-28 17:23:45.878 2111-2111/? E/mcu: 发送到单片机 20009
08-28 17:23:45.914 2111-2111/? I/MainService: app=100 cmd=-29 subcmd=76 content=
08-28 17:23:45.945 2111-2435/? E/power: mChargeStatus=1,mBattery=81 autoLimit=30
08-28 17:23:45.949 2111-2431/? E/mcu: 发送到单片机 5
08-28 17:23:45.950 2111-2431/? E/mcu: 发送到单片机 5
08-28 17:23:45.951 2111-2431/? D/RobotPowerManager: mChargeStatus=1 mBattery=81 isNeverShow=falseisGotoCharge=false
08-28 17:23:45.952 26414-26414/? I/ouyang:  头部电量广播  progress: 81  state:1  originalProgress:81  originalState:1
08-28 17:23:46.003 2111-2111/? I/MainService: app=100 cmd=-29 subcmd=76 content=
08-28 17:23:46.026 2111-2111/? I/MainService: app=100 cmd=-29 subcmd=76 content=
08-28 17:23:46.095 2111-2111/? I/MainService: app=100 cmd=-29 subcmd=76 content=
08-28 17:23:46.103 2111-2111/? I/MainService: app=100 cmd=-29 subcmd=76 content=
08-28 17:23:46.153 2070-2086/? I/art: Background partial concurrent mark sweep GC freed 333(22KB) AllocSpace objects, 15(4MB) LOS objects, 53% free, 3MB/7MB, paused 5.783ms total 40.192ms
08-28 17:23:46.188 2111-2111/? I/MainService: app=100 cmd=-29 subcmd=77 content=
08-28 17:23:46.196 2111-2111/? I/MainService: app=100 cmd=-29 subcmd=77 content=
08-28 17:23:46.278 2111-2437/? I/MainService: app=100 cmd=-10 subcmd=0 content={"pir_status":1,"pir_type":1,"point_tag":4,"ack_flg":1,"checkSum":0,"content_len":0,"mmnn":0,"msg_size":[0,0,0,0],"unUse":[0,0,0,0,0,0,0]}
08-28 17:23:46.286 2111-2111/? I/MainService: app=100 cmd=-29 subcmd=77 content=
08-28 17:23:46.305 2111-2111/? I/MainService: app=100 cmd=-29 subcmd=77 content=
08-28 17:23:46.384 2111-2111/? I/MainService: app=100 cmd=-29 subcmd=78 content=
08-28 17:23:46.390 2111-2111/? I/MainService: app=100 cmd=-29 subcmd=78 content=
08-28 17:23:46.467 2111-2111/? I/MainService: app=100 cmd=-29 subcmd=78 content=
08-28 17:23:46.474 2111-2111/? I/MainService: app=100 cmd=-29 subcmd=78 content=
08-28 17:23:46.561 2111-2111/? I/MainService: app=100 cmd=-29 subcmd=79 content=
08-28 17:23:46.652 2111-2111/? I/MainService: app=100 cmd=-29 subcmd=79 content=
08-28 17:23:46.657 2111-2111/? I/MainService: app=100 cmd=-29 subcmd=79 content=
08-28 17:23:46.789 2111-2111/? I/MainService: app=100 cmd=-29 subcmd=79 content=
08-28 17:23:46.799 2111-2111/? I/MainService: app=100 cmd=-29 subcmd=80 content=
08-28 17:23:46.838 2111-2111/? I/MainService: app=100 cmd=-29 subcmd=80 content=
08-28 17:23:46.844 2111-2111/? I/MainService: app=100 cmd=-29 subcmd=80 content=
08-28 17:23:46.932 2111-2111/? I/MainService: app=100 cmd=-29 subcmd=80 content=
08-28 17:23:46.938 2111-2111/? I/MainService: app=100 cmd=-29 subcmd=80 content=
08-28 17:23:47.024 2111-2111/? I/MainService: app=100 cmd=-29 subcmd=81 content=
08-28 17:23:47.030 2111-2111/? I/MainService: app=100 cmd=-29 subcmd=81 content=
08-28 17:23:47.117 2111-2111/? I/MainService: app=100 cmd=-29 subcmd=81 content=
08-28 17:23:47.124 2111-2111/? I/MainService: app=100 cmd=-29 subcmd=81 content=
08-28 17:23:47.209 2111-2111/? I/MainService: app=100 cmd=-29 subcmd=82 content=
08-28 17:23:47.303 2111-2111/? I/MainService: app=100 cmd=-29 subcmd=82 content=
08-28 17:23:47.310 2111-2111/? I/MainService: app=100 cmd=-29 subcmd=82 content=
08-28 17:23:47.403 2111-2111/? I/MainService: app=100 cmd=-29 subcmd=82 content=
08-28 17:23:47.420 2111-2111/? I/MainService: app=100 cmd=-29 subcmd=83 content=
08-28 17:23:47.488 2111-2111/? I/MainService: app=100 cmd=-29 subcmd=83 content=
08-28 17:23:47.500 2111-2111/? I/MainService: app=100 cmd=-29 subcmd=83 content=
08-28 17:23:47.581 2111-2111/? I/MainService: app=100 cmd=-29 subcmd=83 content=
08-28 17:23:47.596 2111-2111/? I/MainService: app=100 cmd=-29 subcmd=83 content=
08-28 17:23:47.676 2111-2111/? I/MainService: app=100 cmd=-29 subcmd=84 content=
08-28 17:23:47.704 2111-2111/? I/MainService: app=100 cmd=-29 subcmd=84 content=
08-28 17:23:47.767 2111-2111/? I/MainService: app=100 cmd=-29 subcmd=84 content=
08-28 17:23:47.795 2111-2111/? I/MainService: app=100 cmd=-29 subcmd=84 content=
08-28 17:23:47.859 2111-2111/? I/MainService: app=100 cmd=-29 subcmd=85 content=
08-28 17:23:47.952 2111-2111/? I/MainService: app=100 cmd=-29 subcmd=85 content=
08-28 17:23:47.958 2111-2111/? I/MainService: app=100 cmd=-29 subcmd=85 content=
08-28 17:23:48.045 2111-2111/? I/MainService: app=100 cmd=-29 subcmd=85 content=
08-28 17:23:48.050 2111-2111/? I/MainService: app=100 cmd=-29 subcmd=86 content=
08-28 17:23:48.138 2111-2111/? I/MainService: app=100 cmd=-29 subcmd=86 content=
08-28 17:23:48.151 2111-2111/? I/MainService: app=100 cmd=-29 subcmd=86 content=
08-28 17:23:48.231 2111-2111/? I/MainService: app=100 cmd=-29 subcmd=86 content=
08-28 17:23:48.235 2111-2111/? I/MainService: app=100 cmd=-29 subcmd=86 content=
08-28 17:23:48.323 2111-2111/? I/MainService: app=100 cmd=-29 subcmd=87 content=
08-28 17:23:48.328 2111-2111/? I/MainService: app=100 cmd=-29 subcmd=87 content=
08-28 17:23:48.417 2111-2111/? I/MainService: app=100 cmd=-29 subcmd=87 content=
08-28 17:23:48.422 2111-2111/? I/MainService: app=100 cmd=-29 subcmd=87 content=
08-28 17:23:48.509 2111-2111/? I/MainService: app=100 cmd=-29 subcmd=88 content=
08-28 17:23:48.571 2111-2435/? I/MainService: app=100 cmd=-13 subcmd=0 content={"LSBDriftAngle":0,"LSBElevation":21,"LSBRollAngle":8,"MSBDriftAngle":0,"MSBElevation":-128,"MSBRollAngle":-128,"point_tag":2,"ack_flg":1,"checkSum":0,"content_len":0,"mmnn":0,"msg_size":[0,0,0,0],"unUse":[0,0,0,0,0,0,0]}
08-28 17:23:48.602 2111-2111/? I/MainService: app=100 cmd=-29 subcmd=88 content=
08-28 17:23:48.612 2111-2111/? I/MainService: app=100 cmd=-29 subcmd=88 content=
08-28 17:23:48.696 2111-2111/? I/MainService: app=100 cmd=-29 subcmd=88 content=
08-28 17:23:48.704 2111-2111/? I/MainService: app=100 cmd=-29 subcmd=89 content=
08-28 17:23:48.788 2111-2111/? I/MainService: app=100 cmd=-29 subcmd=89 content=
08-28 17:23:48.795 2111-2111/? I/MainService: app=100 cmd=-29 subcmd=89 content=
08-28 17:23:48.882 2111-2111/? I/MainService: app=100 cmd=-29 subcmd=89 content=
08-28 17:23:48.888 2111-2111/? I/MainService: app=100 cmd=-29 subcmd=90 content=
08-28 17:23:48.997 2111-2111/? I/MainService: app=100 cmd=-29 subcmd=90 content=
08-28 17:23:49.024 2111-2111/? I/MainService: app=100 cmd=-29 subcmd=90 content=
08-28 17:23:49.068 2111-2111/? I/MainService: app=100 cmd=-29 subcmd=90 content=
08-28 17:23:49.075 2111-2111/? I/MainService: app=100 cmd=-29 subcmd=90 content=
08-28 17:23:49.160 2111-2111/? I/MainService: app=100 cmd=-29 subcmd=91 content=
08-28 17:23:49.252 2111-2111/? I/MainService: app=100 cmd=-29 subcmd=91 content=
08-28 17:23:49.265 2111-2111/? I/MainService: app=100 cmd=-29 subcmd=91 content=
08-28 17:23:49.347 2111-2111/? I/MainService: app=100 cmd=-29 subcmd=91 content=
08-28 17:23:49.366 2111-2111/? I/MainService: app=100 cmd=-29 subcmd=92 content=
08-28 17:23:49.438 2111-2111/? I/MainService: app=100 cmd=-29 subcmd=92 content=
08-28 17:23:49.445 2111-2111/? I/MainService: app=100 cmd=-29 subcmd=92 content=
08-28 17:23:49.532 2111-2111/? I/MainService: app=100 cmd=-29 subcmd=92 content=
08-28 17:23:49.554 2111-2111/? I/MainService: app=100 cmd=-29 subcmd=93 content=
08-28 17:23:49.626 2111-2111/? I/MainService: app=100 cmd=-29 subcmd=93 content=
08-28 17:23:49.636 2111-2111/? I/MainService: app=100 cmd=-29 subcmd=93 content=
08-28 17:23:49.717 2111-2111/? I/MainService: app=100 cmd=-29 subcmd=93 content=
08-28 17:23:49.721 2111-2111/? I/MainService: app=100 cmd=-29 subcmd=93 content=
08-28 17:23:49.810 2111-2111/? I/MainService: app=100 cmd=-29 subcmd=94 content=
08-28 17:23:49.904 2111-2111/? I/MainService: app=100 cmd=-29 subcmd=94 content=
08-28 17:23:49.911 2111-2111/? I/MainService: app=100 cmd=-29 subcmd=94 content=
08-28 17:23:49.996 2111-2111/? I/MainService: app=100 cmd=-29 subcmd=94 content=
08-28 17:23:50.001 2111-2111/? I/MainService: app=100 cmd=-29 subcmd=95 content=
08-28 17:23:50.090 2111-2111/? I/MainService: app=100 cmd=-29 subcmd=95 content=
08-28 17:23:50.098 2111-2111/? I/MainService: app=100 cmd=-29 subcmd=95 content=
08-28 17:23:50.181 2111-2111/? I/MainService: app=100 cmd=-29 subcmd=95 content=
08-28 17:23:50.192 2111-2111/? I/MainService: app=100 cmd=-29 subcmd=96 content=
08-28 17:23:50.274 2111-2111/? I/MainService: app=100 cmd=-29 subcmd=96 content=
08-28 17:23:50.280 2111-2111/? I/MainService: app=100 cmd=-29 subcmd=96 content=
08-28 17:23:50.372 2111-2111/? I/MainService: app=100 cmd=-29 subcmd=96 content=
08-28 17:23:50.387 2111-2111/? I/MainService: app=100 cmd=-29 subcmd=96 content=
08-28 17:23:50.461 2111-2111/? I/MainService: app=100 cmd=-29 subcmd=97 content=
08-28 17:23:50.553 2111-2111/? I/MainService: app=100 cmd=-29 subcmd=97 content=
08-28 17:23:50.558 2111-2111/? I/MainService: app=100 cmd=-29 subcmd=97 content=
08-28 17:23:50.647 2111-2111/? I/MainService: app=100 cmd=-29 subcmd=97 content=
08-28 17:23:50.654 2111-2111/? I/MainService: app=100 cmd=-29 subcmd=98 content=
08-28 17:23:50.740 2111-2111/? I/MainService: app=100 cmd=-29 subcmd=98 content=
08-28 17:23:50.761 2111-2111/? I/MainService: app=100 cmd=-29 subcmd=98 content=
08-28 17:23:50.853 2111-2111/? I/MainService: app=100 cmd=-29 subcmd=98 content=
08-28 17:23:50.858 2111-2111/? I/MainService: app=100 cmd=-29 subcmd=99 content=
08-28 17:23:50.936 2111-2111/? E/mcu: 发送到单片机 20009
08-28 17:23:50.938 2111-2111/? I/MainService: app=100 cmd=-29 subcmd=99 content=
08-28 17:23:50.954 2111-2111/? I/MainService: app=100 cmd=-29 subcmd=99 content=
08-28 17:23:51.011 2111-2435/? E/power: mChargeStatus=1,mBattery=81 autoLimit=30
08-28 17:23:51.014 2111-2431/? D/RobotPowerManager: mChargeStatus=1 mBattery=81 isNeverShow=falseisGotoCharge=false
08-28 17:23:51.017 26414-26414/? I/ouyang:  头部电量广播  progress: 81  state:1  originalProgress:81  originalState:1
08-28 17:23:51.192 2111-2111/? D/Speech: 语音合成结束
08-28 17:23:51.193 2111-2111/? E/mcu: 发送到单片机 63
08-28 17:23:51.195 2111-2111/? I/MainService: app=0 cmd=0 subcmd=0 content=
08-28 17:23:51.196 2111-2111/? I/MainService: app=100 cmd=-3 subcmd=0 content=
08-28 17:23:51.207 19924-19924/? D/SANBAO: sdk ttsEnd
08-28 17:23:51.209 19924-19924/? D/SANBAO: stopSpeakAnimation
08-28 17:23:51.211 19924-19924/? D/FrameAnimationView: stopUpdate callOnFrameEnd
08-28 17:23:51.211 19924-19924/? D/FrameAnimationView: onFrameEnd！
08-28 17:23:51.211 19924-19924/? D/SANBAO: startWakeUp
08-28 17:23:51.219 2111-493/? E/MainService: socketcommand,functionId=com.qihancloud.zhiyin,cmd=272,subCmd=0,content=
08-28 17:23:51.219 2111-493/? D/SpeechManager: doWakeup:flag=false;mIsMute=false;mSpeechStatus1
08-28 17:23:51.220 2111-493/? D/SpeechManager: SpeechCmdReconizerStart:isReset=true
08-28 17:23:51.220 2111-493/? D/IflytekRecognizeManager: 开始语音识别
08-28 17:23:51.223 2111-493/? D/FucUtil: .cfg file not exist
08-28 17:23:51.223 2111-493/? D/IflytekRecognizeManager: vad_eos 配置有误：null
08-28 17:23:51.228 771-2097/? I/MediaFocusControl:  AudioFocus  requestAudioFocus() from android.media.AudioManager@5e05458 req=2flags=0x0
08-28 17:23:51.229 2111-493/? I/MainService: app=100 cmd=-1 subcmd=0 content=1
08-28 17:23:51.233 2111-2111/? D/IflytekRecognizeManager: 开始识别
08-28 17:23:51.235 2111-493/? E/MainService: forbidWakeResponse=[com.qihancloud.zhiyin.ui.activity.MainActivity]
08-28 17:23:51.235 2111-493/? E/ScreenManager: 亮屏++++++++
08-28 17:23:51.306 236-30769/? I/AudioFlinger: AudioFlinger's thread 0xaff00000 ready to run
08-28 17:23:51.328 236-30769/? D/audio_hw_primary: >>>>>> select_device
08-28 17:23:51.331 236-30769/? D/audio_hw_primary: >>>>>> in_ajust_rate is : 16000
08-28 17:23:51.364 2111-493/? E/doWakeByApp: doWakeByApp currentApp==100,appStatus==201
08-28 17:23:51.383 2111-493/? E/mAngle: 11111Angle == 36 currentApp=100
08-28 17:23:51.386 2111-493/? I/Cris: ledLevel==11
08-28 17:23:51.387 2111-493/? I/Cris: which==0 color==4
08-28 17:23:51.387 2111-493/? E/mcu: 发送到单片机 5
08-28 17:23:51.394 19924-19924/? I/SanbotOpenSDK: {"description":"指令执行成功","errorCode":1,"result":""}
08-28 17:23:51.404 19924-19924/? D/SANBAO: sdk onStartRecognize
08-28 17:23:51.407 19924-19924/? D/SANBAO: startRecognizeAnimation
08-28 17:23:52.296 2111-2437/? I/MainService: app=100 cmd=-10 subcmd=0 content={"pir_status":0,"pir_type":1,"point_tag":4,"ack_flg":1,"checkSum":0,"content_len":0,"mmnn":0,"msg_size":[0,0,0,0],"unUse":[0,0,0,0,0,0,0]}
08-28 17:23:52.558 2111-2111/? D/IflytekRecognizeManager: Volume: 16
08-28 17:23:52.664 2111-2111/? D/IflytekRecognizeManager: Volume: 14
