07-12 09:42:54.570 2872-4386/? W/System.err:     at com.qihancloud.usher.Utils.CountDownTimerPie.start(CountDownTimerPie.java:96)
07-12 09:42:54.570 2872-4386/? W/System.err:     at com.qihancloud.usher.service.WelcomeService.checkStartWelcomeTask(WelcomeService.java:442)
07-12 09:42:54.570 2872-4386/? W/System.err:     at com.qihancloud.usher.service.WelcomeService.access$500(WelcomeService.java:55)
07-12 09:42:54.570 2872-4386/? W/System.err:     at com.qihancloud.usher.service.WelcomeService$6.onFinish(WelcomeService.java:241)
07-12 09:42:54.570 2872-4386/? W/System.err:     at com.qihancloud.usher.Utils.CountDownTimerPie.start(CountDownTimerPie.java:96)
07-12 09:42:54.570 2872-4386/? W/System.err:     at com.qihancloud.usher.service.WelcomeService.checkStartWelcomeTask(WelcomeService.java:442)
07-12 09:42:54.570 2872-4386/? W/System.err:     at com.qihancloud.usher.service.WelcomeService.access$500(WelcomeService.java:55)
07-12 09:42:54.570 2872-4386/? W/System.err:     at com.qihancloud.usher.service.WelcomeService$6.onFinish(WelcomeService.java:241)
07-12 09:42:54.570 2872-4386/? W/System.err:     at com.qihancloud.usher.Utils.CountDownTimerPie.start(CountDownTimerPie.java:96)
07-12 09:42:54.570 2872-4386/? W/System.err:     at com.qihancloud.usher.service.WelcomeService.checkStartWelcomeTask(WelcomeService.java:442)
07-12 09:42:54.570 2872-4386/? W/System.err:     at com.qihancloud.usher.service.WelcomeService.access$500(WelcomeService.java:55)
07-12 09:42:54.570 2872-4386/? W/System.err:     at com.qihancloud.usher.service.WelcomeService$4.recognizeResult(WelcomeService.java:189)
07-12 09:42:54.570 2872-4386/? W/System.err:     at com.sanbot.opensdk.function.unit.HDCameraManager.onFaceRecognize(HDCameraManager.kt:76)
07-12 09:42:54.570 2872-4386/? W/System.err: 	... 6 more
07-12 09:42:54.580 2872-2883/? E/com.qihancloud.usher/WelcomeService$4.recognizeResult(Line:182): face list.size1
07-12 09:42:54.590 2872-2883/? D/com.qihancloud.usher/WelcomeService$4.recognizeResult(Line:188): try to start welcome: FACE
07-12 09:42:54.590 2872-2883/? D/com.qihancloud.usher/WelcomeService$6.onFinish(Line:238): com.qihancloud.usher.service.WelcomeService$6@425bc030倒计时结束，判断是否可以继续******每次倒计时时间*********0
07-12 09:42:54.600 2872-2883/? D/com.qihancloud.usher/WelcomeService.hasPeople(Line:321): infrared ray is ROBOT_STATE_NONE, so set boolean_pir = false
07-12 09:42:54.600 2872-2883/? D/com.qihancloud.usher/WelcomeService.hasPeople(Line:324): ***********倒计时结束，pir rec *falsetrue
07-12 09:42:54.610 2872-2883/? D/com.qihancloud.usher/WelcomeService$6.onFinish(Line:240): try to start welcome: COUNT DOWN TIMER
07-12 09:42:54.610 2872-2883/? D/com.qihancloud.usher/WelcomeService$6.onFinish(Line:238): com.qihancloud.usher.service.WelcomeService$6@425bc030倒计时结束，判断是否可以继续******每次倒计时时间*********0
07-12 09:42:54.620 2872-2883/? D/com.qihancloud.usher/WelcomeService.hasPeople(Line:321): infrared ray is ROBOT_STATE_NONE, so set boolean_pir = false
07-12 09:42:54.630 2872-2883/? D/com.qihancloud.usher/WelcomeService.hasPeople(Line:324): ***********倒计时结束，pir rec *falsetrue
07-12 09:42:54.630 2872-2883/? D/com.qihancloud.usher/WelcomeService$6.onFinish(Line:240): try to start welcome: COUNT DOWN TIMER
07-12 09:42:54.640 2872-2956/? D/com.qihancloud.usher/FrameAnimation.run(Line:263):  FrameAnimation run1 --> runner  mIsThreadRunning:true
07-12 09:42:54.640 2872-2883/? D/com.qihancloud.usher/WelcomeService$6.onFinish(Line:238): com.qihancloud.usher.service.WelcomeService$6@425bc030倒计时结束，判断是否可以继续******每次倒计时时间*********0
07-12 09:42:54.640 2872-2883/? D/com.qihancloud.usher/WelcomeService.hasPeople(Line:321): infrared ray is ROBOT_STATE_NONE, so set boolean_pir = false
07-12 09:42:54.650 2872-2883/? D/com.qihancloud.usher/WelcomeService.hasPeople(Line:324): ***********倒计时结束，pir rec *falsetrue
07-12 09:42:54.660 2872-2883/? D/com.qihancloud.usher/WelcomeService$6.onFinish(Line:240): try to start welcome: COUNT DOWN TIMER
07-12 09:42:54.660 2872-2883/? D/com.qihancloud.usher/WelcomeService$6.onFinish(Line:238): com.qihancloud.usher.service.WelcomeService$6@425bc030倒计时结束，判断是否可以继续******每次倒计时时间*********0
07-12 09:42:54.660 2872-2883/? D/com.qihancloud.usher/WelcomeService.hasPeople(Line:321): infrared ray is ROBOT_STATE_NONE, so set boolean_pir = false
07-12 09:42:54.670 2872-2883/? D/com.qihancloud.usher/WelcomeService.hasPeople(Line:324): ***********倒计时结束，pir rec *falsetrue
07-12 09:42:54.670 2872-2883/? D/com.qihancloud.usher/WelcomeService$6.onFinish(Line:240): try to start welcome: COUNT DOWN TIMER
07-12 09:42:54.680 2872-2883/? D/com.qihancloud.usher/WelcomeService$6.onFinish(Line:238): com.qihancloud.usher.service.WelcomeService$6@425bc030倒计时结束，判断是否可以继续******每次倒计时时间*********0
07-12 09:42:54.680 2872-2883/? D/com.qihancloud.usher/WelcomeService.hasPeople(Line:321): infrared ray is ROBOT_STATE_NONE, so set boolean_pir = false
07-12 09:42:54.680 2872-2883/? D/com.qihancloud.usher/WelcomeService.hasPeople(Line:324): ***********倒计时结束，pir rec *falsetrue
07-12 09:42:54.690 2872-2883/? D/com.qihancloud.usher/WelcomeService$6.onFinish(Line:240): try to start welcome: COUNT DOWN TIMER
07-12 09:42:54.690 2872-2883/? D/com.qihancloud.usher/WelcomeService$6.onFinish(Line:238): com.qihancloud.usher.service.WelcomeService$6@425bc030倒计时结束，判断是否可以继续******每次倒计时时间*********0
07-12 09:42:54.700 2872-2883/? D/com.qihancloud.usher/WelcomeService.hasPeople(Line:321): infrared ray is ROBOT_STATE_NONE, so set boolean_pir = false
07-12 09:42:54.700 2872-2883/? D/com.qihancloud.usher/WelcomeService.hasPeople(Line:324): ***********倒计时结束，pir rec *falsetrue
07-12 09:42:54.700 2872-2883/? D/com.qihancloud.usher/WelcomeService$6.onFinish(Line:240): try to start welcome: COUNT DOWN TIMER
07-12 09:42:54.710 2872-2883/? D/com.qihancloud.usher/WelcomeService$6.onFinish(Line:238): com.qihancloud.usher.service.WelcomeService$6@425bc030倒计时结束，判断是否可以继续******每次倒计时时间*********0
07-12 09:42:54.710 2872-2883/? D/com.qihancloud.usher/WelcomeService.hasPeople(Line:321): infrared ray is ROBOT_STATE_NONE, so set boolean_pir = false
07-12 09:42:54.720 2872-2883/? D/com.qihancloud.usher/WelcomeService.hasPeople(Line:324): ***********倒计时结束，pir rec *falsetrue
07-12 09:42:54.720 2872-2883/? D/com.qihancloud.usher/WelcomeService$6.onFinish(Line:240): try to start welcome: COUNT DOWN TIMER
07-12 09:42:54.730 2872-2883/? D/com.qihancloud.usher/WelcomeService$6.onFinish(Line:238): com.qihancloud.usher.service.WelcomeService$6@425bc030倒计时结束，判断是否可以继续******每次倒计时时间*********0
07-12 09:42:54.730 2872-2883/? D/com.qihancloud.usher/WelcomeService.hasPeople(Line:321): infrared ray is ROBOT_STATE_NONE, so set boolean_pir = false
07-12 09:42:54.740 2872-2883/? D/com.qihancloud.usher/WelcomeService.hasPeople(Line:324): ***********倒计时结束，pir rec *falsetrue
07-12 09:42:54.740 2872-2883/? D/com.qihancloud.usher/WelcomeService$6.onFinish(Line:240): try to start welcome: COUNT DOWN TIMER
07-12 09:42:54.740 2872-2883/? D/com.qihancloud.usher/WelcomeService$6.onFinish(Line:238): com.qihancloud.usher.service.WelcomeService$6@425bc030倒计时结束，判断是否可以继续******每次倒计时时间*********0
07-12 09:42:54.750 2872-2883/? D/com.qihancloud.usher/WelcomeService.hasPeople(Line:321): infrared ray is ROBOT_STATE_NONE, so set boolean_pir = false
07-12 09:42:54.750 2872-2883/? D/com.qihancloud.usher/WelcomeService.hasPeople(Line:324): ***********倒计时结束，pir rec *falsetrue
07-12 09:42:54.760 2872-2883/? D/com.qihancloud.usher/WelcomeService$6.onFinish(Line:240): try to start welcome: COUNT DOWN TIMER
07-12 09:42:54.760 2872-2883/? D/com.qihancloud.usher/WelcomeService$6.onFinish(Line:238): com.qihancloud.usher.service.WelcomeService$6@425bc030倒计时结束，判断是否可以继续******每次倒计时时间*********0
07-12 09:42:54.760 2872-2883/? D/com.qihancloud.usher/WelcomeService.hasPeople(Line:321): infrared ray is ROBOT_STATE_NONE, so set boolean_pir = false
07-12 09:42:54.770 2872-2883/? D/com.qihancloud.usher/WelcomeService.hasPeople(Line:324): ***********倒计时结束，pir rec *falsetrue
07-12 09:42:54.770 2872-2883/? D/com.qihancloud.usher/WelcomeService$6.onFinish(Line:240): try to start welcome: COUNT DOWN TIMER
07-12 09:42:54.780 2872-2883/? D/com.qihancloud.usher/WelcomeService$6.onFinish(Line:238): com.qihancloud.usher.service.WelcomeService$6@425bc030倒计时结束，判断是否可以继续******每次倒计时时间*********0
07-12 09:42:54.780 2872-2883/? D/com.qihancloud.usher/WelcomeService.hasPeople(Line:321): infrared ray is ROBOT_STATE_NONE, so set boolean_pir = false
07-12 09:42:54.790 2872-2883/? D/com.qihancloud.usher/WelcomeService.hasPeople(Line:324): ***********倒计时结束，pir rec *falsetrue
07-12 09:42:54.790 2872-2883/? D/com.qihancloud.usher/WelcomeService$6.onFinish(Line:240): try to start welcome: COUNT DOWN TIMER
07-12 09:42:54.790 2872-2883/? D/com.qihancloud.usher/WelcomeService$6.onFinish(Line:238): com.qihancloud.usher.service.WelcomeService$6@425bc030倒计时结束，判断是否可以继续******每次倒计时时间*********0
07-12 09:42:54.800 2872-2883/? D/com.qihancloud.usher/WelcomeService.hasPeople(Line:321): infrared ray is ROBOT_STATE_NONE, so set boolean_pir = false
07-12 09:42:54.800 2872-2883/? D/com.qihancloud.usher/WelcomeService.hasPeople(Line:324): ***********倒计时结束，pir rec *falsetrue
07-12 09:42:54.870 2872-2956/? D/dalvikvm: GC_FOR_ALLOC freed 12871K, 54% free 7735K/16628K, paused 68ms, total 68ms
07-12 09:42:54.900 2872-2956/? I/dalvikvm-heap: Grow heap (frag case) to 16.364MB for 9216016-byte allocation
07-12 09:42:54.950 2872-2883/? D/dalvikvm: GC_FOR_ALLOC freed 3K, 35% free 16732K/25632K, paused 48ms, total 48ms
07-12 09:42:54.970 2872-2883/? D/com.qihancloud.usher/WelcomeService$6.onFinish(Line:240): try to start welcome: COUNT DOWN TIMER
07-12 09:42:54.970 2872-2883/? D/com.qihancloud.usher/WelcomeService$6.onFinish(Line:238): com.qihancloud.usher.service.WelcomeService$6@425bc030倒计时结束，判断是否可以继续******每次倒计时时间*********0
07-12 09:42:54.980 2872-2883/? D/com.qihancloud.usher/WelcomeService.hasPeople(Line:321): infrared ray is ROBOT_STATE_NONE, so set boolean_pir = false
07-12 09:42:54.990 2872-2883/? D/com.qihancloud.usher/WelcomeService.hasPeople(Line:324): ***********倒计时结束，pir rec *falsetrue
07-12 09:42:55.000 2872-2883/? D/com.qihancloud.usher/WelcomeService$6.onFinish(Line:240): try to start welcome: COUNT DOWN TIMER
07-12 09:42:55.000 2872-2883/? D/com.qihancloud.usher/WelcomeService$6.onFinish(Line:238): com.qihancloud.usher.service.WelcomeService$6@425bc030倒计时结束，判断是否可以继续******每次倒计时时间*********0
07-12 09:42:55.010 2872-2883/? D/com.qihancloud.usher/WelcomeService.hasPeople(Line:321): infrared ray is ROBOT_STATE_NONE, so set boolean_pir = false
07-12 09:42:55.020 2872-2876/? D/dalvikvm: GC_CONCURRENT freed 444K, 35% free 16760K/25632K, paused 5ms+9ms, total 71ms
07-12 09:42:55.030 2872-2883/? D/com.qihancloud.usher/WelcomeService.hasPeople(Line:324): ***********倒计时结束，pir rec *falsetrue
07-12 09:42:55.030 2872-2883/? D/com.qihancloud.usher/WelcomeService$6.onFinish(Line:240): try to start welcome: COUNT DOWN TIMER
07-12 09:42:55.040 2872-2883/? D/com.qihancloud.usher/WelcomeService$6.onFinish(Line:238): com.qihancloud.usher.service.WelcomeService$6@425bc030倒计时结束，判断是否可以继续******每次倒计时时间*********0
07-12 09:42:55.040 2872-2883/? D/com.qihancloud.usher/WelcomeService.hasPeople(Line:321): infrared ray is ROBOT_STATE_NONE, so set boolean_pir = false
07-12 09:42:55.050 2872-2883/? D/com.qihancloud.usher/WelcomeService.hasPeople(Line:324): ***********倒计时结束，pir rec *falsetrue
07-12 09:42:55.050 2872-2883/? D/com.qihancloud.usher/WelcomeService$6.onFinish(Line:240): try to start welcome: COUNT DOWN TIMER
07-12 09:42:55.060 2872-2883/? D/com.qihancloud.usher/WelcomeService$6.onFinish(Line:238): com.qihancloud.usher.service.WelcomeService$6@425bc030倒计时结束，判断是否可以继续******每次倒计时时间*********0
07-12 09:42:55.060 2872-2883/? D/com.qihancloud.usher/WelcomeService.hasPeople(Line:321): infrared ray is ROBOT_STATE_NONE, so set boolean_pir = false
07-12 09:42:55.070 2872-2883/? D/com.qihancloud.usher/WelcomeService.hasPeople(Line:324): ***********倒计时结束，pir rec *falsetrue
07-12 09:42:55.080 2872-2883/? D/com.qihancloud.usher/WelcomeService$6.onFinish(Line:240): try to start welcome: COUNT DOWN TIMER
07-12 09:42:55.080 2872-2883/? D/com.qihancloud.usher/WelcomeService$6.onFinish(Line:238): com.qihancloud.usher.service.WelcomeService$6@425bc030倒计时结束，判断是否可以继续******每次倒计时时间*********0
07-12 09:42:55.090 2872-2883/? D/com.qihancloud.usher/WelcomeService.hasPeople(Line:321): infrared ray is ROBOT_STATE_NONE, so set boolean_pir = false
07-12 09:42:55.100 2872-2883/? D/com.qihancloud.usher/WelcomeService.hasPeople(Line:324): ***********倒计时结束，pir rec *falsetrue
07-12 09:42:55.100 2872-2883/? D/com.qihancloud.usher/WelcomeService$6.onFinish(Line:240): try to start welcome: COUNT DOWN TIMER
07-12 09:42:55.110 2872-2883/? D/com.qihancloud.usher/WelcomeService$6.onFinish(Line:238): com.qihancloud.usher.service.WelcomeService$6@425bc030倒计时结束，判断是否可以继续******每次倒计时时间*********0
07-12 09:42:55.120 2872-2883/? D/com.qihancloud.usher/WelcomeService.hasPeople(Line:321): infrared ray is ROBOT_STATE_NONE, so set boolean_pir = false
07-12 09:42:55.130 2872-2883/? D/com.qihancloud.usher/WelcomeService.hasPeople(Line:324): ***********倒计时结束，pir rec *falsetrue
07-12 09:42:55.140 2872-2883/? D/com.qihancloud.usher/WelcomeService$6.onFinish(Line:240): try to start welcome: COUNT DOWN TIMER
07-12 09:42:55.150 2872-2883/? D/com.qihancloud.usher/WelcomeService$6.onFinish(Line:238): com.qihancloud.usher.service.WelcomeService$6@425bc030倒计时结束，判断是否可以继续******每次倒计时时间*********0
07-12 09:42:55.160 2872-2883/? D/com.qihancloud.usher/WelcomeService.hasPeople(Line:321): infrared ray is ROBOT_STATE_NONE, so set boolean_pir = false
07-12 09:42:55.160 2872-2883/? D/com.qihancloud.usher/WelcomeService.hasPeople(Line:324): ***********倒计时结束，pir rec *falsetrue
07-12 09:42:55.170 2872-2883/? D/com.qihancloud.usher/WelcomeService$6.onFinish(Line:240): try to start welcome: COUNT DOWN TIMER
07-12 09:42:55.170 2872-2956/? D/com.qihancloud.usher/FrameAnimation.run(Line:263):  FrameAnimation run1 --> runner  mIsThreadRunning:true
07-12 09:42:55.180 2872-2883/? D/com.qihancloud.usher/WelcomeService$6.onFinish(Line:238): com.qihancloud.usher.service.WelcomeService$6@425bc030倒计时结束，判断是否可以继续******每次倒计时时间*********0
07-12 09:42:55.190 2872-2883/? D/com.qihancloud.usher/WelcomeService.hasPeople(Line:321): infrared ray is ROBOT_STATE_NONE, so set boolean_pir = false
07-12 09:42:55.190 2872-2883/? D/com.qihancloud.usher/WelcomeService.hasPeople(Line:324): ***********倒计时结束，pir rec *falsetrue
07-12 09:42:55.200 2872-2883/? D/com.qihancloud.usher/WelcomeService$6.onFinish(Line:240): try to start welcome: COUNT DOWN TIMER
07-12 09:42:55.200 2872-2883/? D/com.qihancloud.usher/WelcomeService$6.onFinish(Line:238): com.qihancloud.usher.service.WelcomeService$6@425bc030倒计时结束，判断是否可以继续******每次倒计时时间*********0
07-12 09:42:55.210 2872-2883/? D/com.qihancloud.usher/WelcomeService.hasPeople(Line:321): infrared ray is ROBOT_STATE_NONE, so set boolean_pir = false
07-12 09:42:55.220 2872-2883/? D/com.qihancloud.usher/WelcomeService.hasPeople(Line:324): ***********倒计时结束，pir rec *falsetrue
07-12 09:42:55.220 2872-2883/? D/com.qihancloud.usher/WelcomeService$6.onFinish(Line:240): try to start welcome: COUNT DOWN TIMER
07-12 09:42:55.230 2261-2275/? I/sdkMsg: Gw_onlineDevicesPolling
07-12 09:42:55.230 2261-2275/? I/sdkMsg: now time:1562895775  timestamp:1562895750 
07-12 09:42:55.230 2261-2275/? I/sdkMsg: time between:25  device lost timeout :60 
07-12 09:42:55.230 2261-2275/? I/sdkMsg:  00 
07-12 09:42:55.230 2261-2275/? I/sdkMsg:  12 
07-12 09:42:55.230 2261-2275/? I/sdkMsg:  4b 
07-12 09:42:55.230 2261-2275/? I/sdkMsg:  00 
07-12 09:42:55.230 2261-2275/? I/sdkMsg:  0c 
07-12 09:42:55.230 2261-2275/? I/sdkMsg:  86 
07-12 09:42:55.230 2261-2275/? I/sdkMsg:  0d 
07-12 09:42:55.230 2261-2275/? I/sdkMsg:  35 
07-12 09:42:55.230 2872-2883/? D/com.qihancloud.usher/WelcomeService$6.onFinish(Line:238): com.qihancloud.usher.service.WelcomeService$6@425bc030倒计时结束，判断是否可以继续******每次倒计时时间*********0
07-12 09:42:55.230 2872-2883/? D/com.qihancloud.usher/WelcomeService.hasPeople(Line:321): infrared ray is ROBOT_STATE_NONE, so set boolean_pir = false
07-12 09:42:55.240 2872-2883/? D/com.qihancloud.usher/WelcomeService.hasPeople(Line:324): ***********倒计时结束，pir rec *falsetrue
07-12 09:42:55.250 2872-2883/? D/com.qihancloud.usher/WelcomeService$6.onFinish(Line:240): try to start welcome: COUNT DOWN TIMER
07-12 09:42:55.250 2872-2883/? D/com.qihancloud.usher/WelcomeService$6.onFinish(Line:238): com.qihancloud.usher.service.WelcomeService$6@425bc030倒计时结束，判断是否可以继续******每次倒计时时间*********0
07-12 09:42:55.260 2872-2883/? D/com.qihancloud.usher/WelcomeService.hasPeople(Line:321): infrared ray is ROBOT_STATE_NONE, so set boolean_pir = false
07-12 09:42:55.270 2872-2883/? D/com.qihancloud.usher/WelcomeService.hasPeople(Line:324): ***********倒计时结束，pir rec *falsetrue
07-12 09:42:55.270 2872-2883/? D/com.qihancloud.usher/WelcomeService$6.onFinish(Line:240): try to start welcome: COUNT DOWN TIMER
07-12 09:42:55.280 1102-2449/? D/dalvikvm: GC_FOR_ALLOC freed 1424K, 52% free 3800K/7856K, paused 22ms, total 22ms
07-12 09:42:55.280 2872-2883/? D/com.qihancloud.usher/WelcomeService$6.onFinish(Line:238): com.qihancloud.usher.service.WelcomeService$6@425bc030倒计时结束，判断是否可以继续******每次倒计时时间*********0
07-12 09:42:55.290 2872-2883/? D/com.qihancloud.usher/WelcomeService.hasPeople(Line:321): infrared ray is ROBOT_STATE_NONE, so set boolean_pir = false
07-12 09:42:55.290 2872-2883/? D/com.qihancloud.usher/WelcomeService.hasPeople(Line:324): ***********倒计时结束，pir rec *falsetrue
07-12 09:42:55.300 2872-2883/? D/com.qihancloud.usher/WelcomeService$6.onFinish(Line:240): try to start welcome: COUNT DOWN TIMER
07-12 09:42:55.310 2872-2883/? D/com.qihancloud.usher/WelcomeService$6.onFinish(Line:238): com.qihancloud.usher.service.WelcomeService$6@425bc030倒计时结束，判断是否可以继续******每次倒计时时间*********0
07-12 09:42:55.310 2872-2883/? D/com.qihancloud.usher/WelcomeService.hasPeople(Line:321): infrared ray is ROBOT_STATE_NONE, so set boolean_pir = false
07-12 09:42:55.320 2872-2883/? D/com.qihancloud.usher/WelcomeService.hasPeople(Line:324): ***********倒计时结束，pir rec *falsetrue
07-12 09:42:55.320 2872-12884/? W/System.err: java.lang.NullPointerException
07-12 09:42:55.320 2872-12884/? W/System.err:     at com.qihancloud.usher.service.WelcomeService$11.run(WelcomeService.java:541)
07-12 09:42:55.320 2872-12884/? W/System.err:     at java.util.concurrent.ThreadPoolExecutor.runWorker(ThreadPoolExecutor.java:1112)
07-12 09:42:55.320 2872-12884/? W/System.err:     at java.util.concurrent.ThreadPoolExecutor$Worker.run(ThreadPoolExecutor.java:587)
07-12 09:42:55.320 2872-12884/? W/System.err:     at java.lang.Thread.run(Thread.java:841)
07-12 09:42:55.320 2872-12884/? I/com.qihancloud.usher/WelcomeService$11.run(Line:548): start speak welcome content: 欢迎光临!我如果任何事然后短发撒撒
07-12 09:42:55.330 2872-2883/? D/com.qihancloud.usher/WelcomeService$6.onFinish(Line:240): try to start welcome: COUNT DOWN TIMER
07-12 09:42:55.340 2872-2883/? D/com.qihancloud.usher/WelcomeService$6.onFinish(Line:238): com.qihancloud.usher.service.WelcomeService$6@425bc030倒计时结束，判断是否可以继续******每次倒计时时间*********0
07-12 09:42:55.410 2872-2956/? D/dalvikvm: GC_FOR_ALLOC freed 12190K, 54% free 7765K/16628K, paused 65ms, total 65ms
07-12 09:42:55.450 2872-2956/? I/dalvikvm-heap: Grow heap (frag case) to 16.392MB for 9216016-byte allocation
07-12 09:42:55.490 900-1236/? I/MeetEvent: {"ack_flag":1,"pir_status":1,"pir_type":2,"point_tag":-1}
07-12 09:42:55.510 2872-4639/? D/dalvikvm: GC_FOR_ALLOC freed 13K, 35% free 16751K/25632K, paused 55ms, total 55ms
07-12 09:42:55.520 2872-2883/? D/com.qihancloud.usher/WelcomeService.hasPeople(Line:321): infrared ray is ROBOT_STATE_NONE, so set boolean_pir = false
07-12 09:42:55.540 2872-2883/? D/com.qihancloud.usher/WelcomeService.hasPeople(Line:324): ***********倒计时结束，pir rec *falsetrue
07-12 09:42:55.550 2872-2883/? D/com.qihancloud.usher/WelcomeService$6.onFinish(Line:240): try to start welcome: COUNT DOWN TIMER
07-12 09:42:55.560 2872-2883/? D/com.qihancloud.usher/WelcomeService$6.onFinish(Line:238): com.qihancloud.usher.service.WelcomeService$6@425bc030倒计时结束，判断是否可以继续******每次倒计时时间*********0
07-12 09:42:55.580 2872-2883/? D/com.qihancloud.usher/WelcomeService.hasPeople(Line:321): infrared ray is ROBOT_STATE_NONE, so set boolean_pir = false
07-12 09:42:55.580 2872-2876/? D/dalvikvm: GC_CONCURRENT freed 344K, 35% free 16855K/25632K, paused 4ms+10ms, total 75ms
07-12 09:42:55.590 2872-2883/? D/com.qihancloud.usher/WelcomeService.hasPeople(Line:324): ***********倒计时结束，pir rec *falsetrue
07-12 09:42:55.600 2872-2883/? D/com.qihancloud.usher/WelcomeService$6.onFinish(Line:240): try to start welcome: COUNT DOWN TIMER
07-12 09:42:55.610 2872-2883/? D/com.qihancloud.usher/WelcomeService$6.onFinish(Line:238): com.qihancloud.usher.service.WelcomeService$6@425bc030倒计时结束，判断是否可以继续******每次倒计时时间*********0
07-12 09:42:55.620 2872-2883/? D/com.qihancloud.usher/WelcomeService.hasPeople(Line:321): infrared ray is ROBOT_STATE_NONE, so set boolean_pir = false
07-12 09:42:55.620 770-773/? D/dalvikvm: GC_CONCURRENT freed 1950K, 45% free 3109K/5616K, paused 2ms+3ms, total 44ms
07-12 09:42:55.630 2872-2883/? D/com.qihancloud.usher/WelcomeService.hasPeople(Line:324): ***********倒计时结束，pir rec *falsetrue
07-12 09:42:55.640 2872-2883/? D/com.qihancloud.usher/WelcomeService$6.onFinish(Line:240): try to start welcome: COUNT DOWN TIMER
07-12 09:42:55.650 2872-2883/? D/com.qihancloud.usher/WelcomeService$6.onFinish(Line:238): com.qihancloud.usher.service.WelcomeService$6@425bc030倒计时结束，判断是否可以继续******每次倒计时时间*********0
07-12 09:42:55.660 2872-2883/? D/com.qihancloud.usher/WelcomeService.hasPeople(Line:321): infrared ray is ROBOT_STATE_NONE, so set boolean_pir = false
07-12 09:42:55.670 609-613/? D/dalvikvm: GC_CONCURRENT freed 3595K, 19% free 16183K/19800K, paused 5ms+7ms, total 53ms
07-12 09:42:55.670 2872-2883/? D/com.qihancloud.usher/WelcomeService.hasPeople(Line:324): ***********倒计时结束，pir rec *falsetrue
07-12 09:42:55.680 2872-2883/? D/com.qihancloud.usher/WelcomeService$6.onFinish(Line:240): try to start welcome: COUNT DOWN TIMER
07-12 09:42:55.680 2872-2883/? D/com.qihancloud.usher/WelcomeService$6.onFinish(Line:238): com.qihancloud.usher.service.WelcomeService$6@425bc030倒计时结束，判断是否可以继续******每次倒计时时间*********0
07-12 09:42:55.690 2872-2883/? D/com.qihancloud.usher/WelcomeService.hasPeople(Line:321): infrared ray is ROBOT_STATE_NONE, so set boolean_pir = false
07-12 09:42:55.700 2872-2883/? D/com.qihancloud.usher/WelcomeService.hasPeople(Line:324): ***********倒计时结束，pir rec *falsetrue
07-12 09:42:55.700 2872-2883/? D/com.qihancloud.usher/WelcomeService$6.onFinish(Line:240): try to start welcome: COUNT DOWN TIMER
07-12 09:42:55.710 2872-2883/? D/com.qihancloud.usher/WelcomeService$6.onFinish(Line:238): com.qihancloud.usher.service.WelcomeService$6@425bc030倒计时结束，判断是否可以继续******每次倒计时时间*********0
07-12 09:42:55.720 2872-2883/? D/com.qihancloud.usher/WelcomeService.hasPeople(Line:321): infrared ray is ROBOT_STATE_NONE, so set boolean_pir = false
07-12 09:42:55.720 2872-2883/? D/com.qihancloud.usher/WelcomeService.hasPeople(Line:324): ***********倒计时结束，pir rec *falsetrue
07-12 09:42:55.730 2872-2883/? D/com.qihancloud.usher/WelcomeService$6.onFinish(Line:240): try to start welcome: COUNT DOWN TIMER
07-12 09:42:55.740 2872-2883/? D/com.qihancloud.usher/WelcomeService$6.onFinish(Line:238): com.qihancloud.usher.service.WelcomeService$6@425bc030倒计时结束，判断是否可以继续******每次倒计时时间*********0
07-12 09:42:55.740 2872-2883/? D/com.qihancloud.usher/WelcomeService.hasPeople(Line:321): infrared ray is ROBOT_STATE_NONE, so set boolean_pir = false
07-12 09:42:55.750 2872-2883/? D/com.qihancloud.usher/WelcomeService.hasPeople(Line:324): ***********倒计时结束，pir rec *falsetrue
07-12 09:42:55.750 2872-2956/? D/com.qihancloud.usher/FrameAnimation.run(Line:263):  FrameAnimation run1 --> runner  mIsThreadRunning:true
07-12 09:42:55.760 2872-2883/? D/com.qihancloud.usher/WelcomeService$6.onFinish(Line:240): try to start welcome: COUNT DOWN TIMER
07-12 09:42:55.760 2872-2883/? D/com.qihancloud.usher/WelcomeService$6.onFinish(Line:238): com.qihancloud.usher.service.WelcomeService$6@425bc030倒计时结束，判断是否可以继续******每次倒计时时间*********0
07-12 09:42:55.770 2872-2883/? D/com.qihancloud.usher/WelcomeService.hasPeople(Line:321): infrared ray is ROBOT_STATE_NONE, so set boolean_pir = false
07-12 09:42:55.780 2872-2883/? D/com.qihancloud.usher/WelcomeService.hasPeople(Line:324): ***********倒计时结束，pir rec *falsetrue
07-12 09:42:55.780 2872-2883/? D/com.qihancloud.usher/WelcomeService$6.onFinish(Line:240): try to start welcome: COUNT DOWN TIMER
07-12 09:42:55.790 2872-2883/? D/com.qihancloud.usher/WelcomeService$6.onFinish(Line:238): com.qihancloud.usher.service.WelcomeService$6@425bc030倒计时结束，判断是否可以继续******每次倒计时时间*********0
07-12 09:42:55.790 2872-2883/? D/com.qihancloud.usher/WelcomeService.hasPeople(Line:321): infrared ray is ROBOT_STATE_NONE, so set boolean_pir = false
07-12 09:42:55.800 2872-2883/? D/com.qihancloud.usher/WelcomeService.hasPeople(Line:324): ***********倒计时结束，pir rec *falsetrue
07-12 09:42:55.800 2872-2883/? D/com.qihancloud.usher/WelcomeService$6.onFinish(Line:240): try to start welcome: COUNT DOWN TIMER
07-12 09:42:55.810 2872-2883/? D/com.qihancloud.usher/WelcomeService$6.onFinish(Line:238): com.qihancloud.usher.service.WelcomeService$6@425bc030倒计时结束，判断是否可以继续******每次倒计时时间*********0
07-12 09:42:55.820 2872-2883/? D/com.qihancloud.usher/WelcomeService.hasPeople(Line:321): infrared ray is ROBOT_STATE_NONE, so set boolean_pir = false
07-12 09:42:55.820 2872-2883/? D/com.qihancloud.usher/WelcomeService.hasPeople(Line:324): ***********倒计时结束，pir rec *falsetrue
07-12 09:42:55.830 2872-2883/? D/com.qihancloud.usher/WelcomeService$6.onFinish(Line:240): try to start welcome: COUNT DOWN TIMER
07-12 09:42:55.840 2872-2883/? D/com.qihancloud.usher/WelcomeService$6.onFinish(Line:238): com.qihancloud.usher.service.WelcomeService$6@425bc030倒计时结束，判断是否可以继续******每次倒计时时间*********0
07-12 09:42:55.860 2872-2883/? D/com.qihancloud.usher/WelcomeService.hasPeople(Line:321): infrared ray is ROBOT_STATE_NONE, so set boolean_pir = false
07-12 09:42:55.870 2872-2883/? D/com.qihancloud.usher/WelcomeService.hasPeople(Line:324): ***********倒计时结束，pir rec *falsetrue
07-12 09:42:55.880 2872-2883/? D/com.qihancloud.usher/WelcomeService$6.onFinish(Line:240): try to start welcome: COUNT DOWN TIMER
07-12 09:42:55.880 2872-2883/? D/com.qihancloud.usher/WelcomeService$6.onFinish(Line:238): com.qihancloud.usher.service.WelcomeService$6@425bc030倒计时结束，判断是否可以继续******每次倒计时时间*********0
07-12 09:42:55.890 2872-2883/? D/com.qihancloud.usher/WelcomeService.hasPeople(Line:321): infrared ray is ROBOT_STATE_NONE, so set boolean_pir = false
07-12 09:42:55.890 2872-2883/? D/com.qihancloud.usher/WelcomeService.hasPeople(Line:324): ***********倒计时结束，pir rec *falsetrue
07-12 09:42:55.900 2872-2883/? D/com.qihancloud.usher/WelcomeService$6.onFinish(Line:240): try to start welcome: COUNT DOWN TIMER
07-12 09:42:55.910 2872-2883/? D/com.qihancloud.usher/WelcomeService$6.onFinish(Line:238): com.qihancloud.usher.service.WelcomeService$6@425bc030倒计时结束，判断是否可以继续******每次倒计时时间*********0
07-12 09:42:55.980 2872-2956/? D/dalvikvm: GC_FOR_ALLOC freed 12832K, 54% free 7790K/16628K, paused 67ms, total 67ms
07-12 09:42:56.020 2872-2956/? I/dalvikvm-heap: Grow heap (frag case) to 16.416MB for 9216016-byte allocation
07-12 09:42:56.030 472-590/? D/PowerManagerService: acquireWakeLockInternal: lock=1099510240, flags=0x1, tag="NetworkStats", ws=null, uid=1000, pid=472
07-12 09:42:56.030 472-590/? D/PowerManagerService: updateWakeLockSummaryLocked: mWakefulness=Awake, mWakeLockSummary=0x23
07-12 09:42:56.030 472-590/? D/PowerManagerService: updateScreenStateLocked: mDisplayReady=true, newScreenState=2, mWakefulness=1, mWakeLockSummary=0x23, mUserActivitySummary=0x1, mBootCompleted=true
07-12 09:42:56.030 472-576/? D/PowerManagerService: handleSandman: canDream=true, mWakefulness=Awake
07-12 09:42:56.040 158-471/? E/SocketListener: mListen=1, max=36, mSocketName=netd
07-12 09:42:56.040 472-590/? D/PowerManagerService: releaseWakeLockInternal: lock=1099510240 [NetworkStats], flags=0x0
07-12 09:42:56.040 472-590/? D/PowerManagerService: updateWakeLockSummaryLocked: mWakefulness=Awake, mWakeLockSummary=0x23
07-12 09:42:56.040 472-590/? D/PowerManagerService: updateScreenStateLocked: mDisplayReady=true, newScreenState=2, mWakefulness=1, mWakeLockSummary=0x23, mUserActivitySummary=0x1, mBootCompleted=true
07-12 09:42:56.040 472-576/? D/PowerManagerService: handleSandman: canDream=true, mWakefulness=Awake
07-12 09:42:56.050 158-471/? E/SocketListener: mListen=1, max=36, mSocketName=netd
07-12 09:42:56.070 2872-2883/? D/dalvikvm: GC_FOR_ALLOC freed 4K, 35% free 16785K/25632K, paused 51ms, total 51ms
07-12 09:42:56.070 2872-12887/? W/System.err: java.lang.NullPointerException
07-12 09:42:56.070 2872-2883/? D/com.qihancloud.usher/WelcomeService.hasPeople(Line:321): infrared ray is ROBOT_STATE_NONE, so set boolean_pir = false
07-12 09:42:56.070 2872-12887/? W/System.err:     at com.qihancloud.usher.service.WelcomeService$11.run(WelcomeService.java:541)
07-12 09:42:56.070 2872-12887/? W/System.err:     at java.util.concurrent.ThreadPoolExecutor.runWorker(ThreadPoolExecutor.java:1112)
07-12 09:42:56.070 2872-12887/? W/System.err:     at java.util.concurrent.ThreadPoolExecutor$Worker.run(ThreadPoolExecutor.java:587)
07-12 09:42:56.080 2872-12887/? W/System.err:     at java.lang.Thread.run(Thread.java:841)
07-12 09:42:56.080 2872-12887/? I/com.qihancloud.usher/WelcomeService$11.run(Line:548): start speak welcome content: 欢迎光临!我如果任何事然后短发撒撒
07-12 09:42:56.090 2872-2883/? D/com.qihancloud.usher/WelcomeService.hasPeople(Line:324): ***********倒计时结束，pir rec *falsetrue
07-12 09:42:56.100 2872-2883/? D/com.qihancloud.usher/WelcomeService$6.onFinish(Line:240): try to start welcome: COUNT DOWN TIMER
07-12 09:42:56.110 2872-2883/? D/com.qihancloud.usher/WelcomeService$6.onFinish(Line:238): com.qihancloud.usher.service.WelcomeService$6@425bc030倒计时结束，判断是否可以继续******每次倒计时时间*********0
07-12 09:42:56.130 2872-2883/? D/com.qihancloud.usher/WelcomeService.hasPeople(Line:321): infrared ray is ROBOT_STATE_NONE, so set boolean_pir = false
07-12 09:42:56.150 900-1349/? I/UsbMessageMrg: head timeout
07-12 09:42:56.150 2872-2883/? D/com.qihancloud.usher/WelcomeService.hasPeople(Line:324): ***********倒计时结束，pir rec *falsetrue
07-12 09:42:56.150 2872-2876/? D/dalvikvm: GC_CONCURRENT freed 468K, 35% free 16881K/25632K, paused 6ms+10ms, total 81ms
07-12 09:42:56.160 2872-2883/? D/com.qihancloud.usher/WelcomeService$6.onFinish(Line:240): try to start welcome: COUNT DOWN TIMER
07-12 09:42:56.170 2872-2883/? D/com.qihancloud.usher/WelcomeService$6.onFinish(Line:238): com.qihancloud.usher.service.WelcomeService$6@425bc030倒计时结束，判断是否可以继续******每次倒计时时间*********0
07-12 09:42:56.180 2872-2883/? D/com.qihancloud.usher/WelcomeService.hasPeople(Line:321): infrared ray is ROBOT_STATE_NONE, so set boolean_pir = false
07-12 09:42:56.180 2872-2883/? D/com.qihancloud.usher/WelcomeService.hasPeople(Line:324): ***********倒计时结束，pir rec *falsetrue
07-12 09:42:56.190 2872-2883/? D/com.qihancloud.usher/WelcomeService$6.onFinish(Line:240): try to start welcome: COUNT DOWN TIMER
07-12 09:42:56.200 2872-2883/? D/com.qihancloud.usher/WelcomeService$6.onFinish(Line:238): com.qihancloud.usher.service.WelcomeService$6@425bc030倒计时结束，判断是否可以继续******每次倒计时时间*********0
07-12 09:42:56.200 2872-2883/? D/com.qihancloud.usher/WelcomeService.hasPeople(Line:321): infrared ray is ROBOT_STATE_NONE, so set boolean_pir = false
07-12 09:42:56.210 2872-2883/? D/com.qihancloud.usher/WelcomeService.hasPeople(Line:324): ***********倒计时结束，pir rec *falsetrue
07-12 09:42:56.220 2872-2883/? D/com.qihancloud.usher/WelcomeService$6.onFinish(Line:240): try to start welcome: COUNT DOWN TIMER
07-12 09:42:56.230 2872-2883/? D/com.qihancloud.usher/WelcomeService$6.onFinish(Line:238): com.qihancloud.usher.service.WelcomeService$6@425bc030倒计时结束，判断是否可以继续******每次倒计时时间*********0
07-12 09:42:56.230 2261-2275/? I/sdkMsg: now time:1562895776  timestamp:1562895750 
07-12 09:42:56.230 2261-2275/? I/sdkMsg: time between:26  device lost timeout :60 
07-12 09:42:56.230 2261-2275/? I/sdkMsg:  00 
07-12 09:42:56.230 2261-2275/? I/sdkMsg:  12 
07-12 09:42:56.230 2261-2275/? I/sdkMsg:  4b 
07-12 09:42:56.230 2261-2275/? I/sdkMsg:  00 
07-12 09:42:56.230 2261-2275/? I/sdkMsg:  0c 
07-12 09:42:56.230 2261-2275/? I/sdkMsg:  86 
07-12 09:42:56.230 2261-2275/? I/sdkMsg:  0d 
07-12 09:42:56.230 2261-2275/? I/sdkMsg:  35 
07-12 09:42:56.230 2872-2883/? D/com.qihancloud.usher/WelcomeService.hasPeople(Line:321): infrared ray is ROBOT_STATE_NONE, so set boolean_pir = false
07-12 09:42:56.240 2872-2883/? D/com.qihancloud.usher/WelcomeService.hasPeople(Line:324): ***********倒计时结束，pir rec *falsetrue
07-12 09:42:56.250 2872-2883/? D/com.qihancloud.usher/WelcomeService$6.onFinish(Line:240): try to start welcome: COUNT DOWN TIMER
07-12 09:42:56.260 2872-2883/? D/com.qihancloud.usher/WelcomeService$6.onFinish(Line:238): com.qihancloud.usher.service.WelcomeService$6@425bc030倒计时结束，判断是否可以继续******每次倒计时时间*********0
07-12 09:42:56.260 2872-2883/? D/com.qihancloud.usher/WelcomeService.hasPeople(Line:321): infrared ray is ROBOT_STATE_NONE, so set boolean_pir = false
07-12 09:42:56.270 2872-2883/? D/com.qihancloud.usher/WelcomeService.hasPeople(Line:324): ***********倒计时结束，pir rec *falsetrue
07-12 09:42:56.280 2872-2883/? D/com.qihancloud.usher/WelcomeService$6.onFinish(Line:240): try to start welcome: COUNT DOWN TIMER
07-12 09:42:56.280 2872-2883/? D/com.qihancloud.usher/WelcomeService$6.onFinish(Line:238): com.qihancloud.usher.service.WelcomeService$6@425bc030倒计时结束，判断是否可以继续******每次倒计时时间*********0
07-12 09:42:56.290 2872-2883/? D/com.qihancloud.usher/WelcomeService.hasPeople(Line:321): infrared ray is ROBOT_STATE_NONE, so set boolean_pir = false
07-12 09:42:56.300 2872-2883/? D/com.qihancloud.usher/WelcomeService.hasPeople(Line:324): ***********倒计时结束，pir rec *falsetrue
07-12 09:42:56.300 2872-2956/? D/com.qihancloud.usher/FrameAnimation.run(Line:263):  FrameAnimation run1 --> runner  mIsThreadRunning:true
07-12 09:42:56.300 2872-2883/? D/com.qihancloud.usher/WelcomeService$6.onFinish(Line:240): try to start welcome: COUNT DOWN TIMER
07-12 09:42:56.310 2872-2883/? D/com.qihancloud.usher/WelcomeService$6.onFinish(Line:238): com.qihancloud.usher.service.WelcomeService$6@425bc030倒计时结束，判断是否可以继续******每次倒计时时间*********0
07-12 09:42:56.320 2872-2883/? D/com.qihancloud.usher/WelcomeService.hasPeople(Line:321): infrared ray is ROBOT_STATE_NONE, so set boolean_pir = false
07-12 09:42:56.330 2872-2883/? D/com.qihancloud.usher/WelcomeService.hasPeople(Line:324): ***********倒计时结束，pir rec *falsetrue
07-12 09:42:56.330 2872-2883/? D/com.qihancloud.usher/WelcomeService$6.onFinish(Line:240): try to start welcome: COUNT DOWN TIMER
07-12 09:42:56.340 2872-2883/? D/com.qihancloud.usher/WelcomeService$6.onFinish(Line:238): com.qihancloud.usher.service.WelcomeService$6@425bc030倒计时结束，判断是否可以继续******每次倒计时时间*********0
07-12 09:42:56.350 2872-2883/? D/com.qihancloud.usher/WelcomeService.hasPeople(Line:321): infrared ray is ROBOT_STATE_NONE, so set boolean_pir = false
07-12 09:42:56.350 2872-2883/? D/com.qihancloud.usher/WelcomeService.hasPeople(Line:324): ***********倒计时结束，pir rec *falsetrue
07-12 09:42:56.360 2872-2883/? D/com.qihancloud.usher/WelcomeService$6.onFinish(Line:240): try to start welcome: COUNT DOWN TIMER
07-12 09:42:56.370 2872-2883/? D/com.qihancloud.usher/WelcomeService$6.onFinish(Line:238): com.qihancloud.usher.service.WelcomeService$6@425bc030倒计时结束，判断是否可以继续******每次倒计时时间*********0
07-12 09:42:56.380 2872-2883/? D/com.qihancloud.usher/WelcomeService.hasPeople(Line:321): infrared ray is ROBOT_STATE_NONE, so set boolean_pir = false
07-12 09:42:56.380 2872-2883/? D/com.qihancloud.usher/WelcomeService.hasPeople(Line:324): ***********倒计时结束，pir rec *falsetrue
07-12 09:42:56.390 2872-2883/? D/com.qihancloud.usher/WelcomeService$6.onFinish(Line:240): try to start welcome: COUNT DOWN TIMER
07-12 09:42:56.400 2872-2883/? D/com.qihancloud.usher/WelcomeService$6.onFinish(Line:238): com.qihancloud.usher.service.WelcomeService$6@425bc030倒计时结束，判断是否可以继续******每次倒计时时间*********0
07-12 09:42:56.400 2872-2883/? D/com.qihancloud.usher/WelcomeService.hasPeople(Line:321): infrared ray is ROBOT_STATE_NONE, so set boolean_pir = false
07-12 09:42:56.410 2872-2883/? D/com.qihancloud.usher/WelcomeService.hasPeople(Line:324): ***********倒计时结束，pir rec *falsetrue
07-12 09:42:56.420 2872-2883/? D/com.qihancloud.usher/WelcomeService$6.onFinish(Line:240): try to start welcome: COUNT DOWN TIMER
07-12 09:42:56.430 2872-2883/? D/com.qihancloud.usher/WelcomeService$6.onFinish(Line:238): com.qihancloud.usher.service.WelcomeService$6@425bc030倒计时结束，判断是否可以继续******每次倒计时时间*********0
07-12 09:42:56.430 2872-2883/? D/com.qihancloud.usher/WelcomeService.hasPeople(Line:321): infrared ray is ROBOT_STATE_NONE, so set boolean_pir = false
07-12 09:42:56.440 2872-2883/? D/com.qihancloud.usher/WelcomeService.hasPeople(Line:324): ***********倒计时结束，pir rec *falsetrue
07-12 09:42:56.450 2872-2883/? D/com.qihancloud.usher/WelcomeService$6.onFinish(Line:240): try to start welcome: COUNT DOWN TIMER
07-12 09:42:56.450 2872-2883/? D/com.qihancloud.usher/WelcomeService$6.onFinish(Line:238): com.qihancloud.usher.service.WelcomeService$6@425bc030倒计时结束，判断是否可以继续******每次倒计时时间*********0
07-12 09:42:56.460 2872-2883/? D/com.qihancloud.usher/WelcomeService.hasPeople(Line:321): infrared ray is ROBOT_STATE_NONE, so set boolean_pir = false
07-12 09:42:56.530 2872-2956/? D/dalvikvm: GC_FOR_ALLOC freed 13421K, 54% free 7809K/16628K, paused 70ms, total 70ms
07-12 09:42:56.570 2872-2956/? I/dalvikvm-heap: Grow heap (frag case) to 16.436MB for 9216016-byte allocation
07-12 09:42:56.620 2872-2883/? D/dalvikvm: GC_FOR_ALLOC freed 2K, 35% free 16807K/25632K, paused 52ms, total 52ms
07-12 09:42:56.630 2872-2883/? D/com.qihancloud.usher/WelcomeService.hasPeople(Line:324): ***********倒计时结束，pir rec *falsetrue
07-12 09:42:56.640 2872-2883/? D/com.qihancloud.usher/WelcomeService$6.onFinish(Line:240): try to start welcome: COUNT DOWN TIMER
07-12 09:42:56.650 2872-2883/? D/com.qihancloud.usher/WelcomeService$6.onFinish(Line:238): com.qihancloud.usher.service.WelcomeService$6@425bc030倒计时结束，判断是否可以继续******每次倒计时时间*********0
07-12 09:42:56.660 2872-2883/? D/com.qihancloud.usher/WelcomeService.hasPeople(Line:321): infrared ray is ROBOT_STATE_NONE, so set boolean_pir = false
07-12 09:42:56.670 2872-2883/? D/com.qihancloud.usher/WelcomeService.hasPeople(Line:324): ***********倒计时结束，pir rec *falsetrue
07-12 09:42:56.690 2872-12890/? W/System.err: java.lang.NullPointerException
07-12 09:42:56.700 2872-2876/? D/dalvikvm: GC_CONCURRENT freed 590K, 35% free 16812K/25632K, paused 4ms+10ms, total 77ms
07-12 09:42:56.700 2872-12890/? W/System.err:     at com.qihancloud.usher.service.WelcomeService$11.run(WelcomeService.java:541)
07-12 09:42:56.700 2872-12890/? W/System.err:     at java.util.concurrent.ThreadPoolExecutor.runWorker(ThreadPoolExecutor.java:1112)
07-12 09:42:56.700 2872-12890/? W/System.err:     at java.util.concurrent.ThreadPoolExecutor$Worker.run(ThreadPoolExecutor.java:587)
07-12 09:42:56.700 2872-12890/? W/System.err:     at java.lang.Thread.run(Thread.java:841)
07-12 09:42:56.700 2872-12890/? I/com.qihancloud.usher/WelcomeService$11.run(Line:548): start speak welcome content: 欢迎光临!我如果任何事然后短发撒撒
07-12 09:42:56.700 2872-2883/? D/com.qihancloud.usher/WelcomeService$6.onFinish(Line:240): try to start welcome: COUNT DOWN TIMER
07-12 09:42:56.710 2872-2883/? D/com.qihancloud.usher/WelcomeService$6.onFinish(Line:238): com.qihancloud.usher.service.WelcomeService$6@425bc030倒计时结束，判断是否可以继续******每次倒计时时间*********0
07-12 09:42:56.720 2872-2883/? D/com.qihancloud.usher/WelcomeService.hasPeople(Line:321): infrared ray is ROBOT_STATE_NONE, so set boolean_pir = false
07-12 09:42:56.730 2872-2883/? D/com.qihancloud.usher/WelcomeService.hasPeople(Line:324): ***********倒计时结束，pir rec *falsetrue
07-12 09:42:56.740 2872-2883/? D/com.qihancloud.usher/WelcomeService$6.onFinish(Line:240): try to start welcome: COUNT DOWN TIMER
07-12 09:42:56.740 2872-2883/? D/com.qihancloud.usher/WelcomeService$6.onFinish(Line:238): com.qihancloud.usher.service.WelcomeService$6@425bc030倒计时结束，判断是否可以继续******每次倒计时时间*********0
07-12 09:42:56.750 2872-2883/? D/com.qihancloud.usher/WelcomeService.hasPeople(Line:321): infrared ray is ROBOT_STATE_NONE, so set boolean_pir = false
07-12 09:42:56.760 2872-2883/? D/com.qihancloud.usher/WelcomeService.hasPeople(Line:324): ***********倒计时结束，pir rec *falsetrue
07-12 09:42:56.770 2872-2883/? D/com.qihancloud.usher/WelcomeService$6.onFinish(Line:240): try to start welcome: COUNT DOWN TIMER
07-12 09:42:56.770 1102-2449/? D/dalvikvm: GC_FOR_ALLOC freed 1417K, 52% free 3800K/7856K, paused 22ms, total 22ms
07-12 09:42:56.780 2872-2883/? D/com.qihancloud.usher/WelcomeService$6.onFinish(Line:238): com.qihancloud.usher.service.WelcomeService$6@425bc030倒计时结束，判断是否可以继续******每次倒计时时间*********0
07-12 09:42:56.790 2872-2956/? D/com.qihancloud.usher/FrameAnimation.run(Line:263):  FrameAnimation run1 --> runner  mIsThreadRunning:true
07-12 09:42:56.790 2872-2883/? D/com.qihancloud.usher/WelcomeService.hasPeople(Line:321): infrared ray is ROBOT_STATE_NONE, so set boolean_pir = false
07-12 09:42:56.800 2872-2883/? D/com.qihancloud.usher/WelcomeService.hasPeople(Line:324): ***********倒计时结束，pir rec *falsetrue
07-12 09:42:56.810 2872-2883/? D/com.qihancloud.usher/WelcomeService$6.onFinish(Line:240): try to start welcome: COUNT DOWN TIMER
07-12 09:42:56.810 2872-2883/? D/com.qihancloud.usher/WelcomeService$6.onFinish(Line:238): com.qihancloud.usher.service.WelcomeService$6@425bc030倒计时结束，判断是否可以继续******每次倒计时时间*********0
07-12 09:42:56.820 2872-2883/? D/com.qihancloud.usher/WelcomeService.hasPeople(Line:321): infrared ray is ROBOT_STATE_NONE, so set boolean_pir = false
07-12 09:42:56.830 2872-2883/? D/com.qihancloud.usher/WelcomeService.hasPeople(Line:324): ***********倒计时结束，pir rec *falsetrue
07-12 09:42:56.840 2872-2883/? D/com.qihancloud.usher/WelcomeService$6.onFinish(Line:240): try to start welcome: COUNT DOWN TIMER
07-12 09:42:56.850 2872-2883/? D/com.qihancloud.usher/WelcomeService$6.onFinish(Line:238): com.qihancloud.usher.service.WelcomeService$6@425bc030倒计时结束，判断是否可以继续******每次倒计时时间*********0
07-12 09:42:56.860 2872-2883/? D/com.qihancloud.usher/WelcomeService.hasPeople(Line:321): infrared ray is ROBOT_STATE_NONE, so set boolean_pir = false
07-12 09:42:56.870 2872-2883/? D/com.qihancloud.usher/WelcomeService.hasPeople(Line:324): ***********倒计时结束，pir rec *falsetrue
07-12 09:42:56.870 2872-2883/? D/com.qihancloud.usher/WelcomeService$6.onFinish(Line:240): try to start welcome: COUNT DOWN TIMER
07-12 09:42:56.880 2872-2883/? D/com.qihancloud.usher/WelcomeService$6.onFinish(Line:238): com.qihancloud.usher.service.WelcomeService$6@425bc030倒计时结束，判断是否可以继续******每次倒计时时间*********0
07-12 09:42:56.890 2872-2883/? D/com.qihancloud.usher/WelcomeService.hasPeople(Line:321): infrared ray is ROBOT_STATE_NONE, so set boolean_pir = false
07-12 09:42:56.900 2872-2883/? D/com.qihancloud.usher/WelcomeService.hasPeople(Line:324): ***********倒计时结束，pir rec *falsetrue
07-12 09:42:56.900 2872-2883/? D/com.qihancloud.usher/WelcomeService$6.onFinish(Line:240): try to start welcome: COUNT DOWN TIMER
07-12 09:42:56.910 2872-2883/? D/com.qihancloud.usher/WelcomeService$6.onFinish(Line:238): com.qihancloud.usher.service.WelcomeService$6@425bc030倒计时结束，判断是否可以继续******每次倒计时时间*********0
07-12 09:42:56.920 2872-2883/? D/com.qihancloud.usher/WelcomeService.hasPeople(Line:321): infrared ray is ROBOT_STATE_NONE, so set boolean_pir = false
07-12 09:42:56.930 2872-2883/? D/com.qihancloud.usher/WelcomeService.hasPeople(Line:324): ***********倒计时结束，pir rec *falsetrue
07-12 09:42:56.930 2872-2883/? D/com.qihancloud.usher/WelcomeService$6.onFinish(Line:240): try to start welcome: COUNT DOWN TIMER
07-12 09:42:56.940 2872-2883/? D/com.qihancloud.usher/WelcomeService$6.onFinish(Line:238): com.qihancloud.usher.service.WelcomeService$6@425bc030倒计时结束，判断是否可以继续******每次倒计时时间*********0
07-12 09:42:57.020 2872-2956/? D/dalvikvm: GC_FOR_ALLOC freed 12554K, 53% free 7848K/16628K, paused 66ms, total 66ms
07-12 09:42:57.060 2872-2956/? I/dalvikvm-heap: Grow heap (frag case) to 16.474MB for 9216016-byte allocation
07-12 09:42:57.110 2872-2883/? D/dalvikvm: GC_FOR_ALLOC freed 3K, 35% free 16844K/25632K, paused 52ms, total 52ms
07-12 09:42:57.120 2872-2883/? D/com.qihancloud.usher/WelcomeService.hasPeople(Line:321): infrared ray is ROBOT_STATE_NONE, so set boolean_pir = false
07-12 09:42:57.130 2872-2883/? D/com.qihancloud.usher/WelcomeService.hasPeople(Line:324): ***********倒计时结束，pir rec *falsetrue
07-12 09:42:57.150 2872-2883/? D/com.qihancloud.usher/WelcomeService$6.onFinish(Line:240): try to start welcome: COUNT DOWN TIMER
07-12 09:42:57.160 2872-2883/? D/com.qihancloud.usher/WelcomeService$6.onFinish(Line:238): com.qihancloud.usher.service.WelcomeService$6@425bc030倒计时结束，判断是否可以继续******每次倒计时时间*********0
07-12 09:42:57.160 2872-2883/? D/com.qihancloud.usher/WelcomeService.hasPeople(Line:321): infrared ray is ROBOT_STATE_NONE, so set boolean_pir = false
07-12 09:42:57.180 2872-2876/? D/dalvikvm: GC_CONCURRENT freed 539K, 35% free 16914K/25632K, paused 5ms+11ms, total 73ms
07-12 09:42:57.190 2872-2883/? D/com.qihancloud.usher/WelcomeService.hasPeople(Line:324): ***********倒计时结束，pir rec *falsetrue
07-12 09:42:57.200 2872-2883/? D/com.qihancloud.usher/WelcomeService$6.onFinish(Line:240): try to start welcome: COUNT DOWN TIMER
07-12 09:42:57.200 2872-2883/? D/com.qihancloud.usher/WelcomeService$6.onFinish(Line:238): com.qihancloud.usher.service.WelcomeService$6@425bc030倒计时结束，判断是否可以继续******每次倒计时时间*********0
07-12 09:42:57.210 2872-2883/? D/com.qihancloud.usher/WelcomeService.hasPeople(Line:321): infrared ray is ROBOT_STATE_NONE, so set boolean_pir = false
07-12 09:42:57.220 2872-2883/? D/com.qihancloud.usher/WelcomeService.hasPeople(Line:324): ***********倒计时结束，pir rec *falsetrue
07-12 09:42:57.230 2261-2275/? I/sdkMsg: Gw_onlineDevicesPolling
07-12 09:42:57.230 2261-2275/? I/sdkMsg: now time:1562895777  timestamp:1562895750 
07-12 09:42:57.230 2261-2275/? I/sdkMsg: time between:27  device lost timeout :60 
07-12 09:42:57.230 2261-2275/? I/sdkMsg:  00 
07-12 09:42:57.230 2261-2275/? I/sdkMsg:  12 
07-12 09:42:57.230 2261-2275/? I/sdkMsg:  4b 
07-12 09:42:57.230 2261-2275/? I/sdkMsg:  00 
07-12 09:42:57.230 2261-2275/? I/sdkMsg:  0c 
07-12 09:42:57.230 2261-2275/? I/sdkMsg:  86 
07-12 09:42:57.230 2261-2275/? I/sdkMsg:  0d 
07-12 09:42:57.230 2261-2275/? I/sdkMsg:  35 
07-12 09:42:57.230 2872-2883/? D/com.qihancloud.usher/WelcomeService$6.onFinish(Line:240): try to start welcome: COUNT DOWN TIMER
07-12 09:42:57.240 2872-2883/? D/com.qihancloud.usher/WelcomeService$6.onFinish(Line:238): com.qihancloud.usher.service.WelcomeService$6@425bc030倒计时结束，判断是否可以继续******每次倒计时时间*********0
07-12 09:42:57.250 2872-2883/? D/com.qihancloud.usher/WelcomeService.hasPeople(Line:321): infrared ray is ROBOT_STATE_NONE, so set boolean_pir = false
07-12 09:42:57.260 2872-2883/? D/com.qihancloud.usher/WelcomeService.hasPeople(Line:324): ***********倒计时结束，pir rec *falsetrue
07-12 09:42:57.270 2872-2883/? D/com.qihancloud.usher/WelcomeService$6.onFinish(Line:240): try to start welcome: COUNT DOWN TIMER
07-12 09:42:57.280 2872-2956/? D/com.qihancloud.usher/FrameAnimation.run(Line:263):  FrameAnimation run1 --> runner  mIsThreadRunning:true
07-12 09:42:57.280 2872-2883/? D/com.qihancloud.usher/WelcomeService$6.onFinish(Line:238): com.qihancloud.usher.service.WelcomeService$6@425bc030倒计时结束，判断是否可以继续******每次倒计时时间*********0
07-12 09:42:57.290 2872-2883/? D/com.qihancloud.usher/WelcomeService.hasPeople(Line:321): infrared ray is ROBOT_STATE_NONE, so set boolean_pir = false
07-12 09:42:57.300 2872-2883/? D/com.qihancloud.usher/WelcomeService.hasPeople(Line:324): ***********倒计时结束，pir rec *falsetrue
07-12 09:42:57.310 2872-2883/? D/com.qihancloud.usher/WelcomeService$6.onFinish(Line:240): try to start welcome: COUNT DOWN TIMER
07-12 09:42:57.320 2872-2883/? D/com.qihancloud.usher/WelcomeService$6.onFinish(Line:238): com.qihancloud.usher.service.WelcomeService$6@425bc030倒计时结束，判断是否可以继续******每次倒计时时间*********0
07-12 09:42:57.330 2872-2883/? D/com.qihancloud.usher/WelcomeService.hasPeople(Line:321): infrared ray is ROBOT_STATE_NONE, so set boolean_pir = false
07-12 09:42:57.330 2872-2883/? D/com.qihancloud.usher/WelcomeService.hasPeople(Line:324): ***********倒计时结束，pir rec *falsetrue
07-12 09:42:57.340 2872-2883/? D/com.qihancloud.usher/WelcomeService$6.onFinish(Line:240): try to start welcome: COUNT DOWN TIMER
07-12 09:42:57.360 2872-2883/? D/com.qihancloud.usher/WelcomeService$6.onFinish(Line:238): com.qihancloud.usher.service.WelcomeService$6@425bc030倒计时结束，判断是否可以继续******每次倒计时时间*********0
07-12 09:42:57.360 2872-2883/? D/com.qihancloud.usher/WelcomeService.hasPeople(Line:321): infrared ray is ROBOT_STATE_NONE, so set boolean_pir = false
07-12 09:42:57.370 2872-2883/? D/com.qihancloud.usher/WelcomeService.hasPeople(Line:324): ***********倒计时结束，pir rec *falsetrue
07-12 09:42:57.380 2872-2883/? D/com.qihancloud.usher/WelcomeService$6.onFinish(Line:240): try to start welcome: COUNT DOWN TIMER
07-12 09:42:57.390 2872-2883/? D/com.qihancloud.usher/WelcomeService$6.onFinish(Line:238): com.qihancloud.usher.service.WelcomeService$6@425bc030倒计时结束，判断是否可以继续******每次倒计时时间*********0
07-12 09:42:57.390 2872-2883/? D/com.qihancloud.usher/WelcomeService.hasPeople(Line:321): infrared ray is ROBOT_STATE_NONE, so set boolean_pir = false
07-12 09:42:57.400 2872-2883/? D/com.qihancloud.usher/WelcomeService.hasPeople(Line:324): ***********倒计时结束，pir rec *falsetrue
07-12 09:42:57.410 2872-2883/? D/com.qihancloud.usher/WelcomeService$6.onFinish(Line:240): try to start welcome: COUNT DOWN TIMER
