956/? I/dalvikvm-heap: Grow heap (frag case) to 16.094MB for 9216016-byte allocation
07-12 09:42:51.020 2872-4386/? D/dalvikvm: GC_FOR_ALLOC freed 3K, 36% free 16456K/25632K, paused 50ms, total 50ms
07-12 09:42:51.040 2872-4386/? D/com.qihancloud.usher/WelcomeService$6.onFinish(Line:238): com.qihancloud.usher.service.WelcomeService$6@425bc030倒计时结束，判断是否可以继续******每次倒计时时间*********0
07-12 09:42:51.050 2872-4386/? D/com.qihancloud.usher/WelcomeService.hasPeople(Line:321): infrared ray is ROBOT_STATE_NONE, so set boolean_pir = false
07-12 09:42:51.060 2872-4386/? D/com.qihancloud.usher/WelcomeService.hasPeople(Line:324): ***********倒计时结束，pir rec *falsetrue
07-12 09:42:51.070 2872-4386/? D/com.qihancloud.usher/WelcomeService$6.onFinish(Line:240): try to start welcome: COUNT DOWN TIMER
07-12 09:42:51.090 2872-2876/? D/dalvikvm: GC_CONCURRENT freed 478K, 36% free 16524K/25632K, paused 5ms+12ms, total 69ms
07-12 09:42:51.090 2872-4386/? D/com.qihancloud.usher/WelcomeService$6.onFinish(Line:238): com.qihancloud.usher.service.WelcomeService$6@425bc030倒计时结束，判断是否可以继续******每次倒计时时间*********0
07-12 09:42:51.100 2872-4386/? D/com.qihancloud.usher/WelcomeService.hasPeople(Line:321): infrared ray is ROBOT_STATE_NONE, so set boolean_pir = false
07-12 09:42:51.110 2872-4386/? D/com.qihancloud.usher/WelcomeService.hasPeople(Line:324): ***********倒计时结束，pir rec *falsetrue
07-12 09:42:51.120 2872-4386/? D/com.qihancloud.usher/WelcomeService$6.onFinish(Line:240): try to start welcome: COUNT DOWN TIMER
07-12 09:42:51.120 900-1236/? I/MotionInterpreter: 返回的运动状态为:0,2
07-12 09:42:51.130 2872-4386/? D/com.qihancloud.usher/WelcomeService$6.onFinish(Line:238): com.qihancloud.usher.service.WelcomeService$6@425bc030倒计时结束，判断是否可以继续******每次倒计时时间*********0
07-12 09:42:51.130 2872-4386/? D/com.qihancloud.usher/WelcomeService.hasPeople(Line:321): infrared ray is ROBOT_STATE_NONE, so set boolean_pir = false
07-12 09:42:51.150 2872-4386/? D/com.qihancloud.usher/WelcomeService.hasPeople(Line:324): ***********倒计时结束，pir rec *falsetrue
07-12 09:42:51.150 2872-4386/? D/com.qihancloud.usher/WelcomeService$6.onFinish(Line:240): try to start welcome: COUNT DOWN TIMER
07-12 09:42:51.160 2872-4386/? D/com.qihancloud.usher/WelcomeService$6.onFinish(Line:238): com.qihancloud.usher.service.WelcomeService$6@425bc030倒计时结束，判断是否可以继续******每次倒计时时间*********0
07-12 09:42:51.170 2872-4386/? D/com.qihancloud.usher/WelcomeService.hasPeople(Line:321): infrared ray is ROBOT_STATE_NONE, so set boolean_pir = false
07-12 09:42:51.180 2872-4386/? D/com.qihancloud.usher/WelcomeService.hasPeople(Line:324): ***********倒计时结束，pir rec *falsetrue
07-12 09:42:51.180 2872-4386/? D/com.qihancloud.usher/WelcomeService$6.onFinish(Line:240): try to start welcome: COUNT DOWN TIMER
07-12 09:42:51.190 2872-4386/? D/com.qihancloud.usher/WelcomeService$6.onFinish(Line:238): com.qihancloud.usher.service.WelcomeService$6@425bc030倒计时结束，判断是否可以继续******每次倒计时时间*********0
07-12 09:42:51.200 2872-4386/? D/com.qihancloud.usher/WelcomeService.hasPeople(Line:321): infrared ray is ROBOT_STATE_NONE, so set boolean_pir = false
07-12 09:42:51.210 2872-4386/? D/com.qihancloud.usher/WelcomeService.hasPeople(Line:324): ***********倒计时结束，pir rec *falsetrue
07-12 09:42:51.220 2872-4386/? D/com.qihancloud.usher/WelcomeService$6.onFinish(Line:240): try to start welcome: COUNT DOWN TIMER
07-12 09:42:51.220 2872-4386/? D/com.qihancloud.usher/WelcomeService$6.onFinish(Line:238): com.qihancloud.usher.service.WelcomeService$6@425bc030倒计时结束，判断是否可以继续******每次倒计时时间*********0
07-12 09:42:51.230 2261-2275/? I/sdkMsg: Gw_onlineDevicesPolling
07-12 09:42:51.230 2261-2275/? I/sdkMsg: now time:1562895771  timestamp:1562895750 
07-12 09:42:51.230 2261-2275/? I/sdkMsg: time between:21  device lost timeout :60 
07-12 09:42:51.230 2261-2275/? I/sdkMsg:  00 
07-12 09:42:51.230 2261-2275/? I/sdkMsg:  12 
07-12 09:42:51.230 2261-2275/? I/sdkMsg:  4b 
07-12 09:42:51.230 2261-2275/? I/sdkMsg:  00 
07-12 09:42:51.230 2261-2275/? I/sdkMsg:  0c 
07-12 09:42:51.230 2261-2275/? I/sdkMsg:  86 
07-12 09:42:51.230 2261-2275/? I/sdkMsg:  0d 
07-12 09:42:51.230 2261-2275/? I/sdkMsg:  35 
07-12 09:42:51.230 2872-4386/? D/com.qihancloud.usher/WelcomeService.hasPeople(Line:321): infrared ray is ROBOT_STATE_NONE, so set boolean_pir = false
07-12 09:42:51.250 2872-4386/? D/com.qihancloud.usher/WelcomeService.hasPeople(Line:324): ***********倒计时结束，pir rec *falsetrue
07-12 09:42:51.250 2872-4386/? D/com.qihancloud.usher/WelcomeService$6.onFinish(Line:240): try to start welcome: COUNT DOWN TIMER
07-12 09:42:51.260 2872-2956/? D/com.qihancloud.usher/FrameAnimation.run(Line:263):  FrameAnimation run1 --> runner  mIsThreadRunning:true
07-12 09:42:51.260 2872-4386/? D/com.qihancloud.usher/WelcomeService$6.onFinish(Line:238): com.qihancloud.usher.service.WelcomeService$6@425bc030倒计时结束，判断是否可以继续******每次倒计时时间*********0
07-12 09:42:51.270 2872-4386/? D/com.qihancloud.usher/WelcomeService.hasPeople(Line:321): infrared ray is ROBOT_STATE_NONE, so set boolean_pir = false
07-12 09:42:51.280 2872-4386/? D/com.qihancloud.usher/WelcomeService.hasPeople(Line:324): ***********倒计时结束，pir rec *falsetrue
07-12 09:42:51.290 2872-4386/? D/com.qihancloud.usher/WelcomeService$6.onFinish(Line:240): try to start welcome: COUNT DOWN TIMER
07-12 09:42:51.290 2872-4386/? D/com.qihancloud.usher/WelcomeService$6.onFinish(Line:238): com.qihancloud.usher.service.WelcomeService$6@425bc030倒计时结束，判断是否可以继续******每次倒计时时间*********0
07-12 09:42:51.300 2872-4386/? D/com.qihancloud.usher/WelcomeService.hasPeople(Line:321): infrared ray is ROBOT_STATE_NONE, so set boolean_pir = false
07-12 09:42:51.310 2872-4386/? D/com.qihancloud.usher/WelcomeService.hasPeople(Line:324): ***********倒计时结束，pir rec *falsetrue
07-12 09:42:51.310 2872-4386/? D/com.qihancloud.usher/WelcomeService$6.onFinish(Line:240): try to start welcome: COUNT DOWN TIMER
07-12 09:42:51.320 2872-4386/? D/com.qihancloud.usher/WelcomeService$6.onFinish(Line:238): com.qihancloud.usher.service.WelcomeService$6@425bc030倒计时结束，判断是否可以继续******每次倒计时时间*********0
07-12 09:42:51.330 2872-4386/? D/com.qihancloud.usher/WelcomeService.hasPeople(Line:321): infrared ray is ROBOT_STATE_NONE, so set boolean_pir = false
07-12 09:42:51.330 2872-4386/? D/com.qihancloud.usher/WelcomeService.hasPeople(Line:324): ***********倒计时结束，pir rec *falsetrue
07-12 09:42:51.340 2872-4386/? D/com.qihancloud.usher/WelcomeService$6.onFinish(Line:240): try to start welcome: COUNT DOWN TIMER
07-12 09:42:51.350 2872-4386/? D/com.qihancloud.usher/WelcomeService$6.onFinish(Line:238): com.qihancloud.usher.service.WelcomeService$6@425bc030倒计时结束，判断是否可以继续******每次倒计时时间*********0
07-12 09:42:51.360 2872-4386/? D/com.qihancloud.usher/WelcomeService.hasPeople(Line:321): infrared ray is ROBOT_STATE_NONE, so set boolean_pir = false
07-12 09:42:51.360 2872-4386/? D/com.qihancloud.usher/WelcomeService.hasPeople(Line:324): ***********倒计时结束，pir rec *falsetrue
07-12 09:42:51.370 2872-4386/? D/com.qihancloud.usher/WelcomeService$6.onFinish(Line:240): try to start welcome: COUNT DOWN TIMER
07-12 09:42:51.380 2872-4386/? D/com.qihancloud.usher/WelcomeService$6.onFinish(Line:238): com.qihancloud.usher.service.WelcomeService$6@425bc030倒计时结束，判断是否可以继续******每次倒计时时间*********0
07-12 09:42:51.390 2872-4386/? D/com.qihancloud.usher/WelcomeService.hasPeople(Line:321): infrared ray is ROBOT_STATE_NONE, so set boolean_pir = false
07-12 09:42:51.390 2872-4386/? D/com.qihancloud.usher/WelcomeService.hasPeople(Line:324): ***********倒计时结束，pir rec *falsetrue
07-12 09:42:51.400 2872-4386/? D/com.qihancloud.usher/WelcomeService$6.onFinish(Line:240): try to start welcome: COUNT DOWN TIMER
07-12 09:42:51.400 2872-12875/? W/System.err: java.lang.NullPointerException
07-12 09:42:51.400 2872-12875/? W/System.err:     at com.qihancloud.usher.service.WelcomeService$11.run(WelcomeService.java:541)
07-12 09:42:51.400 2872-12875/? W/System.err:     at java.util.concurrent.ThreadPoolExecutor.runWorker(ThreadPoolExecutor.java:1112)
07-12 09:42:51.400 2872-12875/? W/System.err:     at java.util.concurrent.ThreadPoolExecutor$Worker.run(ThreadPoolExecutor.java:587)
07-12 09:42:51.400 2872-12875/? W/System.err:     at java.lang.Thread.run(Thread.java:841)
07-12 09:42:51.400 2872-12875/? I/com.qihancloud.usher/WelcomeService$11.run(Line:548): start speak welcome content: 欢迎光临!我如果任何事然后短发撒撒
07-12 09:42:51.410 2872-4386/? D/com.qihancloud.usher/WelcomeService$6.onFinish(Line:238): com.qihancloud.usher.service.WelcomeService$6@425bc030倒计时结束，判断是否可以继续******每次倒计时时间*********0
07-12 09:42:51.420 2872-4386/? D/com.qihancloud.usher/WelcomeService.hasPeople(Line:321): infrared ray is ROBOT_STATE_NONE, so set boolean_pir = false
07-12 09:42:51.490 2872-2956/? D/dalvikvm: GC_FOR_ALLOC freed 13513K, 55% free 7527K/16628K, paused 67ms, total 67ms
07-12 09:42:51.520 2872-2956/? I/dalvikvm-heap: Grow heap (frag case) to 16.161MB for 9216016-byte allocation
07-12 09:42:51.580 2872-4386/? D/dalvikvm: GC_FOR_ALLOC freed 3K, 36% free 16524K/25632K, paused 52ms, total 52ms
07-12 09:42:51.580 2872-4386/? D/com.qihancloud.usher/WelcomeService.hasPeople(Line:324): ***********倒计时结束，pir rec *falsetrue
07-12 09:42:51.650 2872-4386/? D/com.qihancloud.usher/WelcomeService$6.onFinish(Line:240): try to start welcome: COUNT DOWN TIMER
07-12 09:42:51.660 2872-2876/? D/dalvikvm: GC_CONCURRENT freed 51K, 36% free 16637K/25632K, paused 4ms+19ms, total 86ms
07-12 09:42:51.680 2872-4386/? D/com.qihancloud.usher/WelcomeService$6.onFinish(Line:238): com.qihancloud.usher.service.WelcomeService$6@425bc030倒计时结束，判断是否可以继续******每次倒计时时间*********0
07-12 09:42:51.700 2872-4386/? D/com.qihancloud.usher/WelcomeService.hasPeople(Line:321): infrared ray is ROBOT_STATE_NONE, so set boolean_pir = false
07-12 09:42:51.700 2872-12878/? W/System.err: java.lang.NullPointerException
07-12 09:42:51.700 2872-12878/? W/System.err:     at com.qihancloud.usher.service.WelcomeService$11.run(WelcomeService.java:541)
07-12 09:42:51.710 2872-12878/? W/System.err:     at java.util.concurrent.ThreadPoolExecutor.runWorker(ThreadPoolExecutor.java:1112)
07-12 09:42:51.710 2872-12878/? W/System.err:     at java.util.concurrent.ThreadPoolExecutor$Worker.run(ThreadPoolExecutor.java:587)
07-12 09:42:51.710 2872-12878/? W/System.err:     at java.lang.Thread.run(Thread.java:841)
07-12 09:42:51.710 2872-12878/? I/com.qihancloud.usher/WelcomeService$11.run(Line:548): start speak welcome content: 欢迎光临!我如果任何事然后短发撒撒
07-12 09:42:51.710 2872-4386/? D/com.qihancloud.usher/WelcomeService.hasPeople(Line:324): ***********倒计时结束，pir rec *falsetrue
07-12 09:42:51.720 2872-4386/? D/com.qihancloud.usher/WelcomeService$6.onFinish(Line:240): try to start welcome: COUNT DOWN TIMER
07-12 09:42:51.720 2872-4386/? D/com.qihancloud.usher/WelcomeService$6.onFinish(Line:238): com.qihancloud.usher.service.WelcomeService$6@425bc030倒计时结束，判断是否可以继续******每次倒计时时间*********0
07-12 09:42:51.730 2872-4386/? D/com.qihancloud.usher/WelcomeService.hasPeople(Line:321): infrared ray is ROBOT_STATE_NONE, so set boolean_pir = false
07-12 09:42:51.740 2872-4386/? D/com.qihancloud.usher/WelcomeService.hasPeople(Line:324): ***********倒计时结束，pir rec *falsetrue
07-12 09:42:51.750 2872-4386/? D/com.qihancloud.usher/WelcomeService$6.onFinish(Line:240): try to start welcome: COUNT DOWN TIMER
07-12 09:42:51.760 2872-4386/? D/com.qihancloud.usher/WelcomeService$6.onFinish(Line:238): com.qihancloud.usher.service.WelcomeService$6@425bc030倒计时结束，判断是否可以继续******每次倒计时时间*********0
07-12 09:42:51.770 2872-4386/? D/com.qihancloud.usher/WelcomeService.hasPeople(Line:321): infrared ray is ROBOT_STATE_NONE, so set boolean_pir = false
07-12 09:42:51.780 2872-4386/? D/com.qihancloud.usher/WelcomeService.hasPeople(Line:324): ***********倒计时结束，pir rec *falsetrue
07-12 09:42:51.790 2872-4386/? D/com.qihancloud.usher/WelcomeService$6.onFinish(Line:240): try to start welcome: COUNT DOWN TIMER
07-12 09:42:51.790 2872-4386/? D/com.qihancloud.usher/WelcomeService$6.onFinish(Line:238): com.qihancloud.usher.service.WelcomeService$6@425bc030倒计时结束，判断是否可以继续******每次倒计时时间*********0
07-12 09:42:51.800 2872-4386/? D/com.qihancloud.usher/WelcomeService.hasPeople(Line:321): infrared ray is ROBOT_STATE_NONE, so set boolean_pir = false
07-12 09:42:51.810 2872-4386/? D/com.qihancloud.usher/WelcomeService.hasPeople(Line:324): ***********倒计时结束，pir rec *falsetrue
07-12 09:42:51.820 2872-4386/? D/com.qihancloud.usher/WelcomeService$6.onFinish(Line:240): try to start welcome: COUNT DOWN TIMER
07-12 09:42:51.830 2872-4386/? D/com.qihancloud.usher/WelcomeService$6.onFinish(Line:238): com.qihancloud.usher.service.WelcomeService$6@425bc030倒计时结束，判断是否可以继续******每次倒计时时间*********0
07-12 09:42:51.840 2872-4386/? D/com.qihancloud.usher/WelcomeService.hasPeople(Line:321): infrared ray is ROBOT_STATE_NONE, so set boolean_pir = false
07-12 09:42:51.850 2872-2956/? D/com.qihancloud.usher/FrameAnimation.run(Line:263):  FrameAnimation run1 --> runner  mIsThreadRunning:true
07-12 09:42:51.850 2872-4386/? D/com.qihancloud.usher/WelcomeService.hasPeople(Line:324): ***********倒计时结束，pir rec *falsetrue
07-12 09:42:51.860 2872-4386/? D/com.qihancloud.usher/WelcomeService$6.onFinish(Line:240): try to start welcome: COUNT DOWN TIMER
07-12 09:42:51.870 2872-4386/? D/com.qihancloud.usher/WelcomeService$6.onFinish(Line:238): com.qihancloud.usher.service.WelcomeService$6@425bc030倒计时结束，判断是否可以继续******每次倒计时时间*********0
07-12 09:42:51.880 2872-4386/? D/com.qihancloud.usher/WelcomeService.hasPeople(Line:321): infrared ray is ROBOT_STATE_NONE, so set boolean_pir = false
07-12 09:42:51.890 2872-4386/? D/com.qihancloud.usher/WelcomeService.hasPeople(Line:324): ***********倒计时结束，pir rec *falsetrue
07-12 09:42:51.890 2872-4386/? D/com.qihancloud.usher/WelcomeService$6.onFinish(Line:240): try to start welcome: COUNT DOWN TIMER
07-12 09:42:51.900 2872-4386/? D/com.qihancloud.usher/WelcomeService$6.onFinish(Line:238): com.qihancloud.usher.service.WelcomeService$6@425bc030倒计时结束，判断是否可以继续******每次倒计时时间*********0
07-12 09:42:51.910 2872-4386/? D/com.qihancloud.usher/WelcomeService.hasPeople(Line:321): infrared ray is ROBOT_STATE_NONE, so set boolean_pir = false
07-12 09:42:51.920 2872-4386/? D/com.qihancloud.usher/WelcomeService.hasPeople(Line:324): ***********倒计时结束，pir rec *falsetrue
07-12 09:42:51.930 2872-4386/? D/com.qihancloud.usher/WelcomeService$6.onFinish(Line:240): try to start welcome: COUNT DOWN TIMER
07-12 09:42:51.940 2872-4386/? D/com.qihancloud.usher/WelcomeService$6.onFinish(Line:238): com.qihancloud.usher.service.WelcomeService$6@425bc030倒计时结束，判断是否可以继续******每次倒计时时间*********0
07-12 09:42:51.950 2872-4386/? D/com.qihancloud.usher/WelcomeService.hasPeople(Line:321): infrared ray is ROBOT_STATE_NONE, so set boolean_pir = false
07-12 09:42:51.960 2872-4386/? D/com.qihancloud.usher/WelcomeService.hasPeople(Line:324): ***********倒计时结束，pir rec *falsetrue
07-12 09:42:51.970 2872-4386/? D/com.qihancloud.usher/WelcomeService$6.onFinish(Line:240): try to start welcome: COUNT DOWN TIMER
07-12 09:42:51.980 2872-4386/? D/com.qihancloud.usher/WelcomeService$6.onFinish(Line:238): com.qihancloud.usher.service.WelcomeService$6@425bc030倒计时结束，判断是否可以继续******每次倒计时时间*********0
07-12 09:42:51.980 2872-4386/? D/com.qihancloud.usher/WelcomeService.hasPeople(Line:321): infrared ray is ROBOT_STATE_NONE, so set boolean_pir = false
07-12 09:42:51.990 2872-4386/? D/com.qihancloud.usher/WelcomeService.hasPeople(Line:324): ***********倒计时结束，pir rec *falsetrue
07-12 09:42:52.000 2872-4386/? D/com.qihancloud.usher/WelcomeService$6.onFinish(Line:240): try to start welcome: COUNT DOWN TIMER
07-12 09:42:52.010 2872-4386/? D/com.qihancloud.usher/WelcomeService$6.onFinish(Line:238): com.qihancloud.usher.service.WelcomeService$6@425bc030倒计时结束，判断是否可以继续******每次倒计时时间*********0
07-12 09:42:52.020 2872-4386/? D/com.qihancloud.usher/WelcomeService.hasPeople(Line:321): infrared ray is ROBOT_STATE_NONE, so set boolean_pir = false
07-12 09:42:52.090 2872-2956/? D/dalvikvm: GC_FOR_ALLOC freed 13816K, 55% free 7490K/16628K, paused 71ms, total 71ms
07-12 09:42:52.120 2872-2956/? I/dalvikvm-heap: Grow heap (frag case) to 16.125MB for 9216016-byte allocation
07-12 09:42:52.180 2872-4386/? D/dalvikvm: GC_FOR_ALLOC freed 2K, 36% free 16488K/25632K, paused 58ms, total 58ms
07-12 09:42:52.210 2872-4386/? D/com.qihancloud.usher/WelcomeService.hasPeople(Line:324): ***********倒计时结束，pir rec *falsetrue
07-12 09:42:52.220 2872-4386/? D/com.qihancloud.usher/WelcomeService$6.onFinish(Line:240): try to start welcome: COUNT DOWN TIMER
07-12 09:42:52.230 2261-2275/? I/sdkMsg: now time:1562895772  timestamp:1562895750 
07-12 09:42:52.230 2261-2275/? I/sdkMsg: time between:22  device lost timeout :60 
07-12 09:42:52.230 2261-2275/? I/sdkMsg:  00 
07-12 09:42:52.230 2261-2275/? I/sdkMsg:  12 
07-12 09:42:52.230 2261-2275/? I/sdkMsg:  4b 
07-12 09:42:52.230 2261-2275/? I/sdkMsg:  00 
07-12 09:42:52.230 2261-2275/? I/sdkMsg:  0c 
07-12 09:42:52.230 2261-2275/? I/sdkMsg:  86 
07-12 09:42:52.230 2261-2275/? I/sdkMsg:  0d 
07-12 09:42:52.230 2261-2275/? I/sdkMsg:  35 
07-12 09:42:52.230 2872-4386/? D/com.qihancloud.usher/WelcomeService$6.onFinish(Line:238): com.qihancloud.usher.service.WelcomeService$6@425bc030倒计时结束，判断是否可以继续******每次倒计时时间*********0
07-12 09:42:52.240 2872-4386/? D/com.qihancloud.usher/WelcomeService.hasPeople(Line:321): infrared ray is ROBOT_STATE_NONE, so set boolean_pir = false
07-12 09:42:52.260 2872-4386/? D/com.qihancloud.usher/WelcomeService.hasPeople(Line:324): ***********倒计时结束，pir rec *falsetrue
07-12 09:42:52.260 900-1236/? I/MeetEvent: {"ack_flag":1,"pir_status":1,"pir_type":1,"point_tag":-1}
07-12 09:42:52.260 900-1236/? I/MeetEvent: ipir 前面
07-12 09:42:52.270 472-590/? D/PowerManagerService: acquireWakeLockInternal: lock=1099510240, flags=0x1, tag="NetworkStats", ws=null, uid=1000, pid=472
07-12 09:42:52.280 472-590/? D/PowerManagerService: updateWakeLockSummaryLocked: mWakefulness=Awake, mWakeLockSummary=0x23
07-12 09:42:52.280 472-590/? D/PowerManagerService: updateScreenStateLocked: mDisplayReady=true, newScreenState=2, mWakefulness=1, mWakeLockSummary=0x23, mUserActivitySummary=0x0, mBootCompleted=true
07-12 09:42:52.280 472-576/? D/PowerManagerService: handleSandman: canDream=true, mWakefulness=Awake
07-12 09:42:52.280 1102-2449/? D/dalvikvm: GC_FOR_ALLOC freed 1417K, 52% free 3801K/7856K, paused 23ms, total 23ms
07-12 09:42:52.290 158-471/? E/SocketListener: mListen=1, max=36, mSocketName=netd
07-12 09:42:52.300 472-590/? D/PowerManagerService: releaseWakeLockInternal: lock=1099510240 [NetworkStats], flags=0x0
07-12 09:42:52.300 472-590/? D/PowerManagerService: updateWakeLockSummaryLocked: mWakefulness=Awake, mWakeLockSummary=0x23
07-12 09:42:52.300 472-590/? D/PowerManagerService: updateScreenStateLocked: mDisplayReady=true, newScreenState=2, mWakefulness=1, mWakeLockSummary=0x23, mUserActivitySummary=0x0, mBootCompleted=true
07-12 09:42:52.300 472-576/? D/PowerManagerService: handleSandman: canDream=true, mWakefulness=Awake
07-12 09:42:52.300 158-471/? E/SocketListener: mListen=1, max=36, mSocketName=netd
07-12 09:42:52.320 2872-2876/? D/dalvikvm: GC_CONCURRENT freed 886K, 35% free 16671K/25632K, paused 7ms+23ms, total 130ms
07-12 09:42:52.320 2872-4386/? D/com.qihancloud.usher/WelcomeService$6.onFinish(Line:240): try to start welcome: COUNT DOWN TIMER
07-12 09:42:52.330 2872-4386/? D/com.qihancloud.usher/WelcomeService$6.onFinish(Line:238): com.qihancloud.usher.service.WelcomeService$6@425bc030倒计时结束，判断是否可以继续******每次倒计时时间*********0
07-12 09:42:52.350 2872-4386/? D/com.qihancloud.usher/WelcomeService.hasPeople(Line:321): infrared ray is ROBOT_STATE_NONE, so set boolean_pir = false
07-12 09:42:52.370 2872-4386/? D/com.qihancloud.usher/WelcomeService.hasPeople(Line:324): ***********倒计时结束，pir rec *falsetrue
07-12 09:42:52.380 2872-4386/? D/com.qihancloud.usher/WelcomeService$6.onFinish(Line:240): try to start welcome: COUNT DOWN TIMER
07-12 09:42:52.390 2872-4386/? D/com.qihancloud.usher/WelcomeService$6.onFinish(Line:238): com.qihancloud.usher.service.WelcomeService$6@425bc030倒计时结束，判断是否可以继续******每次倒计时时间*********0
07-12 09:42:52.410 2872-4386/? D/com.qihancloud.usher/WelcomeService.hasPeople(Line:321): infrared ray is ROBOT_STATE_NONE, so set boolean_pir = false
07-12 09:42:52.420 2872-4386/? D/com.qihancloud.usher/WelcomeService.hasPeople(Line:324): ***********倒计时结束，pir rec *falsetrue
07-12 09:42:52.440 2872-4386/? D/com.qihancloud.usher/WelcomeService$6.onFinish(Line:240): try to start welcome: COUNT DOWN TIMER
07-12 09:42:52.460 2872-4386/? D/com.qihancloud.usher/WelcomeService$6.onFinish(Line:238): com.qihancloud.usher.service.WelcomeService$6@425bc030倒计时结束，判断是否可以继续******每次倒计时时间*********0
07-12 09:42:52.470 2872-4386/? D/com.qihancloud.usher/WelcomeService.hasPeople(Line:321): infrared ray is ROBOT_STATE_NONE, so set boolean_pir = false
07-12 09:42:52.480 2872-4386/? D/com.qihancloud.usher/WelcomeService.hasPeople(Line:324): ***********倒计时结束，pir rec *falsetrue
07-12 09:42:52.500 2872-4386/? D/com.qihancloud.usher/WelcomeService$6.onFinish(Line:240): try to start welcome: COUNT DOWN TIMER
07-12 09:42:52.510 2872-4386/? D/com.qihancloud.usher/WelcomeService$6.onFinish(Line:238): com.qihancloud.usher.service.WelcomeService$6@425bc030倒计时结束，判断是否可以继续******每次倒计时时间*********0
07-12 09:42:52.530 2872-4386/? D/com.qihancloud.usher/WelcomeService.hasPeople(Line:321): infrared ray is ROBOT_STATE_NONE, so set boolean_pir = false
07-12 09:42:52.540 2872-4386/? D/com.qihancloud.usher/WelcomeService.hasPeople(Line:324): ***********倒计时结束，pir rec *falsetrue
07-12 09:42:52.540 2872-2956/? D/com.qihancloud.usher/FrameAnimation.run(Line:263):  FrameAnimation run1 --> runner  mIsThreadRunning:true
07-12 09:42:52.560 2872-4386/? D/com.qihancloud.usher/WelcomeService$6.onFinish(Line:240): try to start welcome: COUNT DOWN TIMER
07-12 09:42:52.580 2872-4386/? D/com.qihancloud.usher/WelcomeService$6.onFinish(Line:238): com.qihancloud.usher.service.WelcomeService$6@425bc030倒计时结束，判断是否可以继续******每次倒计时时间*********0
07-12 09:42:52.590 2872-4386/? D/com.qihancloud.usher/WelcomeService.hasPeople(Line:321): infrared ray is ROBOT_STATE_NONE, so set boolean_pir = false
07-12 09:42:52.600 900-906/? D/dalvikvm: GC_CONCURRENT freed 2046K, 31% free 5793K/8364K, paused 5ms+4ms, total 64ms
07-12 09:42:52.600 2872-4386/? D/com.qihancloud.usher/WelcomeService.hasPeople(Line:324): ***********倒计时结束，pir rec *falsetrue
07-12 09:42:52.620 2872-4386/? D/com.qihancloud.usher/WelcomeService$6.onFinish(Line:240): try to start welcome: COUNT DOWN TIMER
07-12 09:42:52.630 2872-4386/? D/com.qihancloud.usher/WelcomeService$6.onFinish(Line:238): com.qihancloud.usher.service.WelcomeService$6@425bc030倒计时结束，判断是否可以继续******每次倒计时时间*********0
07-12 09:42:52.650 2872-4386/? D/com.qihancloud.usher/WelcomeService.hasPeople(Line:321): infrared ray is ROBOT_STATE_NONE, so set boolean_pir = false
07-12 09:42:52.660 2872-4386/? D/com.qihancloud.usher/WelcomeService.hasPeople(Line:324): ***********倒计时结束，pir rec *falsetrue
07-12 09:42:52.680 2872-4386/? D/com.qihancloud.usher/WelcomeService$6.onFinish(Line:240): try to start welcome: COUNT DOWN TIMER
07-12 09:42:52.690 2872-4386/? D/com.qihancloud.usher/WelcomeService$6.onFinish(Line:238): com.qihancloud.usher.service.WelcomeService$6@425bc030倒计时结束，判断是否可以继续******每次倒计时时间*********0
07-12 09:42:52.710 2872-4386/? D/com.qihancloud.usher/WelcomeService.hasPeople(Line:321): infrared ray is ROBOT_STATE_NONE, so set boolean_pir = false
07-12 09:42:52.790 2872-2956/? D/dalvikvm: GC_FOR_ALLOC freed 12914K, 55% free 7616K/16628K, paused 69ms, total 70ms
07-12 09:42:52.820 2872-2956/? I/dalvikvm-heap: Grow heap (frag case) to 16.248MB for 9216016-byte allocation
07-12 09:42:52.860 2872-4386/? D/dalvikvm: GC_FOR_ALLOC freed 2K, 36% free 16614K/25632K, paused 43ms, total 43ms
07-12 09:42:52.870 2872-4386/? D/com.qihancloud.usher/WelcomeService.hasPeople(Line:324): ***********倒计时结束，pir rec *falsetrue
07-12 09:42:52.880 2872-4386/? D/com.qihancloud.usher/WelcomeService$6.onFinish(Line:240): try to start welcome: COUNT DOWN TIMER
07-12 09:42:52.890 2872-4386/? D/com.qihancloud.usher/WelcomeService$6.onFinish(Line:238): com.qihancloud.usher.service.WelcomeService$6@425bc030倒计时结束，判断是否可以继续******每次倒计时时间*********0
07-12 09:42:52.910 2872-4386/? D/com.qihancloud.usher/WelcomeService.hasPeople(Line:321): infrared ray is ROBOT_STATE_NONE, so set boolean_pir = false
07-12 09:42:52.930 2872-2876/? D/dalvikvm: GC_CONCURRENT freed 512K, 35% free 16681K/25632K, paused 4ms+11ms, total 68ms
07-12 09:42:52.930 2872-4386/? D/com.qihancloud.usher/WelcomeService.hasPeople(Line:324): ***********倒计时结束，pir rec *falsetrue
07-12 09:42:52.950 2872-4386/? D/com.qihancloud.usher/WelcomeService$6.onFinish(Line:240): try to start welcome: COUNT DOWN TIMER
07-12 09:42:52.960 2872-4386/? D/com.qihancloud.usher/WelcomeService$6.onFinish(Line:238): com.qihancloud.usher.service.WelcomeService$6@425bc030倒计时结束，判断是否可以继续******每次倒计时时间*********0
07-12 09:42:52.970 2872-4386/? D/com.qihancloud.usher/WelcomeService.hasPeople(Line:321): infrared ray is ROBOT_STATE_NONE, so set boolean_pir = false
07-12 09:42:52.970 2872-4386/? D/com.qihancloud.usher/WelcomeService.hasPeople(Line:324): ***********倒计时结束，pir rec *falsetrue
07-12 09:42:52.980 2872-4386/? D/com.qihancloud.usher/WelcomeService$6.onFinish(Line:240): try to start welcome: COUNT DOWN TIMER
07-12 09:42:52.990 2872-4386/? D/com.qihancloud.usher/WelcomeService$6.onFinish(Line:238): com.qihancloud.usher.service.WelcomeService$6@425bc030倒计时结束，判断是否可以继续******每次倒计时时间*********0
07-12 09:42:53.000 2872-4386/? D/com.qihancloud.usher/WelcomeService.hasPeople(Line:321): infrared ray is ROBOT_STATE_NONE, so set boolean_pir = false
07-12 09:42:53.010 2872-4386/? D/com.qihancloud.usher/WelcomeService.hasPeople(Line:324): ***********倒计时结束，pir rec *falsetrue
07-12 09:42:53.020 2872-4386/? D/com.qihancloud.usher/WelcomeService$6.onFinish(Line:240): try to start welcome: COUNT DOWN TIMER
07-12 09:42:53.030 2872-4386/? D/com.qihancloud.usher/WelcomeService$6.onFinish(Line:238): com.qihancloud.usher.service.WelcomeService$6@425bc030倒计时结束，判断是否可以继续******每次倒计时时间*********0
07-12 09:42:53.040 2872-4386/? D/com.qihancloud.usher/WelcomeService.hasPeople(Line:321): infrared ray is ROBOT_STATE_NONE, so set boolean_pir = false
07-12 09:42:53.040 2872-2956/? D/com.qihancloud.usher/FrameAnimation.run(Line:263):  FrameAnimation run1 --> runner  mIsThreadRunning:true
07-12 09:42:53.050 2872-4386/? D/com.qihancloud.usher/WelcomeService.hasPeople(Line:324): ***********倒计时结束，pir rec *falsetrue
07-12 09:42:53.060 2872-4386/? D/com.qihancloud.usher/WelcomeService$6.onFinish(Line:240): try to start welcome: COUNT DOWN TIMER
07-12 09:42:53.070 2872-4386/? D/com.qihancloud.usher/WelcomeService$6.onFinish(Line:238): com.qihancloud.usher.service.WelcomeService$6@425bc030倒计时结束，判断是否可以继续******每次倒计时时间*********0
07-12 09:42:53.070 2872-4386/? D/com.qihancloud.usher/WelcomeService.hasPeople(Line:321): infrared ray is ROBOT_STATE_NONE, so set boolean_pir = false
07-12 09:42:53.080 2872-4386/? D/com.qihancloud.usher/WelcomeService.hasPeople(Line:324): ***********倒计时结束，pir rec *falsetrue
07-12 09:42:53.090 2872-4386/? D/com.qihancloud.usher/WelcomeService$6.onFinish(Line:240): try to start welcome: COUNT DOWN TIMER
07-12 09:42:53.090 2872-4386/? D/com.qihancloud.usher/WelcomeService$6.onFinish(Line:238): com.qihancloud.usher.service.WelcomeService$6@425bc030倒计时结束，判断是否可以继续******每次倒计时时间*********0
07-12 09:42:53.100 2872-4386/? D/com.qihancloud.usher/WelcomeService.hasPeople(Line:321): infrared ray is ROBOT_STATE_NONE, so set boolean_pir = false
07-12 09:42:53.110 2872-4386/? D/com.qihancloud.usher/WelcomeService.hasPeople(Line:324): ***********倒计时结束，pir rec *falsetrue
07-12 09:42:53.110 2872-4386/? D/com.qihancloud.usher/WelcomeService$6.onFinish(Line:240): try to start welcome: COUNT DOWN TIMER
07-12 09:42:53.120 2872-4386/? D/com.qihancloud.usher/WelcomeService$6.onFinish(Line:238): com.qihancloud.usher.service.WelcomeService$6@425bc030倒计时结束，判断是否可以继续******每次倒计时时间*********0
07-12 09:42:53.130 2872-4386/? D/com.qihancloud.usher/WelcomeService.hasPeople(Line:321): infrared ray is ROBOT_STATE_NONE, so set boolean_pir = false
07-12 09:42:53.140 2872-4386/? D/com.qihancloud.usher/WelcomeService.hasPeople(Line:324): ***********倒计时结束，pir rec *falsetrue
07-12 09:42:53.150 900-1349/? I/UsbMessageMrg: head timeout
07-12 09:42:53.150 2872-4386/? D/com.qihancloud.usher/WelcomeService$6.onFinish(Line:240): try to start welcome: COUNT DOWN TIMER
07-12 09:42:53.160 2872-4386/? D/com.qihancloud.usher/WelcomeService$6.onFinish(Line:238): com.qihancloud.usher.service.WelcomeService$6@425bc030倒计时结束，判断是否可以继续******每次倒计时时间*********0
07-12 09:42:53.170 2872-4386/? D/com.qihancloud.usher/WelcomeService.hasPeople(Line:321): infrared ray is ROBOT_STATE_NONE, so set boolean_pir = false
07-12 09:42:53.180 2872-4386/? D/com.qihancloud.usher/WelcomeService.hasPeople(Line:324): ***********倒计时结束，pir rec *falsetrue
07-12 09:42:53.180 2872-4386/? D/com.qihancloud.usher/WelcomeService$6.onFinish(Line:240): try to start welcome: COUNT DOWN TIMER
07-12 09:42:53.190 2872-4386/? D/com.qihancloud.usher/WelcomeService$6.onFinish(Line:238): com.qihancloud.usher.service.WelcomeService$6@425bc030倒计时结束，判断是否可以继续******每次倒计时时间*********0
07-12 09:42:53.200 2872-4386/? D/com.qihancloud.usher/WelcomeService.hasPeople(Line:321): infrared ray is ROBOT_STATE_NONE, so set boolean_pir = false
07-12 09:42:53.200 2872-4386/? D/com.qihancloud.usher/WelcomeService.hasPeople(Line:324): ***********倒计时结束，pir rec *falsetrue
07-12 09:42:53.230 2261-2275/? I/sdkMsg: Gw_onlineDevicesPolling
07-12 09:42:53.230 2261-2275/? I/sdkMsg: now time:1562895773  timestamp:1562895750 
07-12 09:42:53.230 2261-2275/? I/sdkMsg: time between:23  device lost timeout :60 
07-12 09:42:53.230 2261-2275/? I/sdkMsg:  00 
07-12 09:42:53.230 2261-2275/? I/sdkMsg:  12 
07-12 09:42:53.230 2261-2275/? I/sdkMsg:  4b 
07-12 09:42:53.230 2261-2275/? I/sdkMsg:  00 
07-12 09:42:53.230 2261-2275/? I/sdkMsg:  0c 
07-12 09:42:53.230 2261-2275/? I/sdkMsg:  86 
07-12 09:42:53.230 2261-2275/? I/sdkMsg:  0d 
07-12 09:42:53.230 2261-2275/? I/sdkMsg:  35 
07-12 09:42:53.270 2872-2956/? D/dalvikvm: GC_FOR_ALLOC freed 14014K, 55% free 7606K/16628K, paused 61ms, total 61ms
07-12 09:42:53.300 2872-2956/? I/dalvikvm-heap: Grow heap (frag case) to 16.238MB for 9216016-byte allocation
07-12 09:42:53.340 2872-4386/? D/dalvikvm: GC_FOR_ALLOC freed 3K, 36% free 16603K/25632K, paused 47ms, total 47ms
07-12 09:42:53.370 2872-4386/? D/com.qihancloud.usher/WelcomeService$6.onFinish(Line:240): try to start welcome: COUNT DOWN TIMER
07-12 09:42:53.380 2872-4386/? D/com.qihancloud.usher/WelcomeService$6.onFinish(Line:238): com.qihancloud.usher.service.WelcomeService$6@425bc030倒计时结束，判断是否可以继续******每次倒计时时间*********0
07-12 09:42:53.390 2872-4386/? D/com.qihancloud.usher/WelcomeService.hasPeople(Line:321): infrared ray is ROBOT_STATE_NONE, so set boolean_pir = false
07-12 09:42:53.400 2872-4386/? D/com.qihancloud.usher/WelcomeService.hasPeople(Line:324): ***********倒计时结束，pir rec *falsetrue
07-12 09:42:53.410 2872-2876/? D/dalvikvm: GC_CONCURRENT freed 548K, 35% free 16736K/25632K, paused 5ms+8ms, total 67ms
07-12 09:42:53.420 2872-4386/? D/com.qihancloud.usher/WelcomeService$6.onFinish(Line:240): try to start welcome: COUNT DOWN TIMER
07-12 09:42:53.430 2872-4386/? D/com.qihancloud.usher/WelcomeService$6.onFinish(Line:238): com.qihancloud.usher.service.WelcomeService$6@425bc030倒计时结束，判断是否可以继续******每次倒计时时间*********0
07-12 09:42:53.440 2872-4386/? D/com.qihancloud.usher/WelcomeService.hasPeople(Line:321): infrared ray is ROBOT_STATE_NONE, so set boolean_pir = false
07-12 09:42:53.450 2872-4386/? D/com.qihancloud.usher/WelcomeService.hasPeople(Line:324): ***********倒计时结束，pir rec *falsetrue
07-12 09:42:53.460 2872-4386/? D/com.qihancloud.usher/WelcomeService$6.onFinish(Line:240): try to start welcome: COUNT DOWN TIMER
07-12 09:42:53.470 2872-4386/? D/com.qihancloud.usher/WelcomeService$6.onFinish(Line:238): com.qihancloud.usher.service.WelcomeService$6@425bc030倒计时结束，判断是否可以继续******每次倒计时时间*********0
07-12 09:42:53.480 2872-4386/? D/com.qihancloud.usher/WelcomeService.hasPeople(Line:321): infrared ray is ROBOT_STATE_NONE, so set boolean_pir = false
07-12 09:42:53.480 2872-4386/? D/com.qihancloud.usher/WelcomeService.hasPeople(Line:324): ***********倒计时结束，pir rec *falsetrue
07-12 09:42:53.490 2872-4386/? D/com.qihancloud.usher/WelcomeService$6.onFinish(Line:240): try to start welcome: COUNT DOWN TIMER
07-12 09:42:53.500 2872-4386/? D/com.qihancloud.usher/WelcomeService$6.onFinish(Line:238): com.qihancloud.usher.service.WelcomeService$6@425bc030倒计时结束，判断是否可以继续******每次倒计时时间*********0
07-12 09:42:53.510 2872-4386/? D/com.qihancloud.usher/WelcomeService.hasPeople(Line:321): infrared ray is ROBOT_STATE_NONE, so set boolean_pir = false
07-12 09:42:53.520 2872-4386/? D/com.qihancloud.usher/WelcomeService.hasPeople(Line:324): ***********倒计时结束，pir rec *falsetrue
07-12 09:42:53.520 2872-2956/? D/com.qihancloud.usher/FrameAnimation.run(Line:263):  FrameAnimation run1 --> runner  mIsThreadRunning:true
07-12 09:42:53.530 2872-4386/? D/com.qihancloud.usher/WelcomeService$6.onFinish(Line:240): try to start welcome: COUNT DOWN TIMER
07-12 09:42:53.540 2872-4386/? D/com.qihancloud.usher/WelcomeService$6.onFinish(Line:238): com.qihancloud.usher.service.WelcomeService$6@425bc030倒计时结束，判断是否可以继续******每次倒计时时间*********0
07-12 09:42:53.550 2872-4386/? D/com.qihancloud.usher/WelcomeService.hasPeople(Line:321): infrared ray is ROBOT_STATE_NONE, so set boolean_pir = false
07-12 09:42:53.560 2872-4386/? D/com.qihancloud.usher/WelcomeService.hasPeople(Line:324): ***********倒计时结束，pir rec *falsetrue
07-12 09:42:53.570 2872-4386/? D/com.qihancloud.usher/WelcomeService$6.onFinish(Line:240): try to start welcome: COUNT DOWN TIMER
07-12 09:42:53.580 2872-4386/? D/com.qihancloud.usher/WelcomeService$6.onFinish(Line:238): com.qihancloud.usher.service.WelcomeService$6@425bc030倒计时结束，判断是否可以继续******每次倒计时时间*********0
07-12 09:42:53.590 2872-4386/? D/com.qihancloud.usher/WelcomeService.hasPeople(Line:321): infrared ray is ROBOT_STATE_NONE, so set boolean_pir = false
07-12 09:42:53.600 2872-4386/? D/com.qihancloud.usher/WelcomeService.hasPeople(Line:324): ***********倒计时结束，pir rec *falsetrue
07-12 09:42:53.610 2872-4386/? D/com.qihancloud.usher/WelcomeService$6.onFinish(Line:240): try to start welcome: COUNT DOWN TIMER
07-12 09:42:53.620 2872-4386/? D/com.qihancloud.usher/WelcomeService$6.onFinish(Line:238): com.qihancloud.usher.service.WelcomeService$6@425bc030倒计时结束，判断是否可以继续******每次倒计时时间*********0
07-12 09:42:53.630 2872-4386/? D/com.qihancloud.usher/WelcomeService.hasPeople(Line:321): infrared ray is ROBOT_STATE_NONE, so set boolean_pir = false
07-12 09:42:53.640 2872-4386/? D/com.qihancloud.usher/WelcomeService.hasPeople(Line:324): ***********倒计时结束，pir rec *falsetrue
07-12 09:42:53.650 2872-4386/? D/com.qihancloud.usher/WelcomeService$6.onFinish(Line:240): try to start welcome: COUNT DOWN TIMER
07-12 09:42:53.660 2872-4386/? D/com.qihancloud.usher/WelcomeService$6.onFinish(Line:238): com.qihancloud.usher.service.WelcomeService$6@425bc030倒计时结束，判断是否可以继续******每次倒计时时间*********0
07-12 09:42:53.670 2872-4386/? D/com.qihancloud.usher/WelcomeService.hasPeople(Line:321): infrared ray is ROBOT_STATE_NONE, so set boolean_pir = false
07-12 09:42:53.680 2872-4386/? D/com.qihancloud.usher/WelcomeService.hasPeople(Line:324): ***********倒计时结束，pir rec *falsetrue
07-12 09:42:53.690 924-2394/? D/dalvikvm: GC_FOR_ALLOC freed 1848K, 45% free 3014K/5384K, paused 23ms, total 23ms
07-12 09:42:53.770 2872-2956/? D/dalvikvm: GC_FOR_ALLOC freed 13622K, 54% free 7654K/16628K, paused 76ms, total 76ms
07-12 09:42:53.770 1102-2449/? D/dalvikvm: GC_FOR_ALLOC freed 1423K, 52% free 3801K/7856K, paused 21ms, total 21ms
07-12 09:42:53.800 2872-2956/? I/dalvikvm-heap: Grow heap (frag case) to 16.285MB for 9216016-byte allocation
07-12 09:42:53.860 2872-4386/? D/dalvikvm: GC_FOR_ALLOC freed 3K, 36% free 16651K/25632K, paused 59ms, total 59ms
07-12 09:42:53.900 2872-4386/? D/com.qihancloud.usher/WelcomeService$6.onFinish(Line:240): try to start welcome: COUNT DOWN TIMER
07-12 09:42:53.910 2872-4386/? D/com.qihancloud.usher/WelcomeService$6.onFinish(Line:238): com.qihancloud.usher.service.WelcomeService$6@425bc030倒计时结束，判断是否可以继续******每次倒计时时间*********0
07-12 09:42:53.920 2872-4386/? D/com.qihancloud.usher/WelcomeService.hasPeople(Line:321): infrared ray is ROBOT_STATE_NONE, so set boolean_pir = false
07-12 09:42:53.940 2872-2876/? D/dalvikvm: GC_CONCURRENT freed 594K, 35% free 16687K/25632K, paused 6ms+10ms, total 76ms
07-12 09:42:53.950 2872-12881/? W/System.err: java.lang.NullPointerException
07-12 09:42:53.950 2872-4386/? D/com.qihancloud.usher/WelcomeService.hasPeople(Line:324): ***********倒计时结束，pir rec *falsetrue
07-12 09:42:53.950 2872-12881/? W/System.err:     at com.qihancloud.usher.service.WelcomeService$11.run(WelcomeService.java:541)
07-12 09:42:53.950 2872-12881/? W/System.err:     at java.util.concurrent.ThreadPoolExecutor.runWorker(ThreadPoolExecutor.java:1112)
07-12 09:42:53.950 2872-12881/? W/System.err:     at java.util.concurrent.ThreadPoolExecutor$Worker.run(ThreadPoolExecutor.java:587)
07-12 09:42:53.950 2872-12881/? W/System.err:     at java.lang.Thread.run(Thread.java:841)
07-12 09:42:53.950 2872-12881/? I/com.qihancloud.usher/WelcomeService$11.run(Line:548): start speak welcome content: 欢迎光临!我如果任何事然后短发撒撒
07-12 09:42:53.970 2872-4386/? D/com.qihancloud.usher/WelcomeService$6.onFinish(Line:240): try to start welcome: COUNT DOWN TIMER
07-12 09:42:53.980 2872-4386/? D/com.qihancloud.usher/WelcomeService$6.onFinish(Line:238): com.qihancloud.usher.service.WelcomeService$6@425bc030倒计时结束，判断是否可以继续******每次倒计时时间*********0
07-12 09:42:53.990 2872-4386/? D/com.qihancloud.usher/WelcomeService.hasPeople(Line:321): infrared ray is ROBOT_STATE_NONE, so set boolean_pir = false
07-12 09:42:54.000 2872-4386/? D/com.qihancloud.usher/WelcomeService.hasPeople(Line:324): ***********倒计时结束，pir rec *falsetrue
07-12 09:42:54.010 2872-4386/? D/com.qihancloud.usher/WelcomeService$6.onFinish(Line:240): try to start welcome: COUNT DOWN TIMER
07-12 09:42:54.020 2872-4386/? D/com.qihancloud.usher/WelcomeService$6.onFinish(Line:238): com.qihancloud.usher.service.WelcomeService$6@425bc030倒计时结束，判断是否可以继续******每次倒计时时间*********0
07-12 09:42:54.030 2872-4386/? D/com.qihancloud.usher/WelcomeService.hasPeople(Line:321): infrared ray is ROBOT_STATE_NONE, so set boolean_pir = false
07-12 09:42:54.040 2872-4386/? D/com.qihancloud.usher/WelcomeService.hasPeople(Line:324): ***********倒计时结束，pir rec *falsetrue
07-12 09:42:54.050 2872-4386/? D/com.qihancloud.usher/WelcomeService$6.onFinish(Line:240): try to start welcome: COUNT DOWN TIMER
07-12 09:42:54.060 2872-4386/? D/com.qihancloud.usher/WelcomeService$6.onFinish(Line:238): com.qihancloud.usher.service.WelcomeService$6@425bc030倒计时结束，判断是否可以继续******每次倒计时时间*********0
07-12 09:42:54.080 2872-4386/? D/com.qihancloud.usher/WelcomeService.hasPeople(Line:321): infrared ray is ROBOT_STATE_NONE, so set boolean_pir = false
07-12 09:42:54.080 2872-2956/? D/com.qihancloud.usher/FrameAnimation.run(Line:263):  FrameAnimation run1 --> runner  mIsThreadRunning:true
07-12 09:42:54.090 2872-4386/? D/com.qihancloud.usher/WelcomeService.hasPeople(Line:324): ***********倒计时结束，pir rec *falsetrue
07-12 09:42:54.100 2872-4386/? D/com.qihancloud.usher/WelcomeService$6.onFinish(Line:240): try to start welcome: COUNT DOWN TIMER
07-12 09:42:54.110 2872-4386/? D/com.qihancloud.usher/WelcomeService$6.onFinish(Line:238): com.qihancloud.usher.service.WelcomeService$6@425bc030倒计时结束，判断是否可以继续******每次倒计时时间*********0
07-12 09:42:54.120 2872-4386/? D/com.qihancloud.usher/WelcomeService.hasPeople(Line:321): infrared ray is ROBOT_STATE_NONE, so set boolean_pir = false
07-12 09:42:54.130 2872-4386/? D/com.qihancloud.usher/WelcomeService.hasPeople(Line:324): ***********倒计时结束，pir rec *falsetrue
07-12 09:42:54.140 2872-4386/? D/com.qihancloud.usher/WelcomeService$6.onFinish(Line:240): try to start welcome: COUNT DOWN TIMER
07-12 09:42:54.150 2872-4386/? D/com.qihancloud.usher/WelcomeService$6.onFinish(Line:238): com.qihancloud.usher.service.WelcomeService$6@425bc030倒计时结束，判断是否可以继续******每次倒计时时间*********0
07-12 09:42:54.160 2872-4386/? D/com.qihancloud.usher/WelcomeService.hasPeople(Line:321): infrared ray is ROBOT_STATE_NONE, so set boolean_pir = false
07-12 09:42:54.170 2872-4386/? D/com.qihancloud.usher/WelcomeService.hasPeople(Line:324): ***********倒计时结束，pir rec *falsetrue
07-12 09:42:54.180 2872-4386/? D/com.qihancloud.usher/WelcomeService$6.onFinish(Line:240): try to start welcome: COUNT DOWN TIMER
07-12 09:42:54.190 2872-4386/? D/com.qihancloud.usher/WelcomeService$6.onFinish(Line:238): com.qihancloud.usher.service.WelcomeService$6@425bc030倒计时结束，判断是否可以继续******每次倒计时时间*********0
07-12 09:42:54.200 2872-4386/? D/com.qihancloud.usher/WelcomeService.hasPeople(Line:321): infrared ray is ROBOT_STATE_NONE, so set boolean_pir = false
07-12 09:42:54.200 2872-4386/? D/com.qihancloud.usher/WelcomeService.hasPeople(Line:324): ***********倒计时结束，pir rec *falsetrue
07-12 09:42:54.210 2872-4386/? D/com.qihancloud.usher/WelcomeService$6.onFinish(Line:240): try to start welcome: COUNT DOWN TIMER
07-12 09:42:54.220 472-583/? D/PowerManagerService: userActivityNoUpdateLocked: eventTime=685710, event=2, flags=0x0, uid=1000
07-12 09:42:54.220 472-583/? D/PowerManagerService:  yly debug  
                                                    mLastWakeTime=0 (685711 ms ago)
07-12 09:42:54.220 472-583/? D/PowerManagerService: mLastUserActivityTime=685710 (1 ms ago)
07-12 09:42:54.220 472-583/? D/PowerManagerService: mLastUserActivityTimeNoChangeLights=685710 (1 ms ago)
07-12 09:42:54.220 472-583/? D/PowerManagerService: updateUserActivitySummaryLocked: mWakefulness=Awake, mUserActivitySummary=0x1, nextTimeout=697710 (in 11999 ms)
07-12 09:42:54.220 472-583/? D/PowerManagerService: nextTimeout=  697710
                                                     yly debug end
07-12 09:42:54.220 472-583/? D/PowerManagerService: updateScreenStateLocked: mDisplayReady=true, newScreenState=2, mWakefulness=1, mWakeLockSummary=0x23, mUserActivitySummary=0x1, mBootCompleted=true
07-12 09:42:54.220 472-583/? D/PowerManagerService: native user activity trig,the event is 2the flags is 0
07-12 09:42:54.220 472-576/? D/PowerManagerService: handleSandman: canDream=true, mWakefulness=Awake
07-12 09:42:54.220 472-583/? D/PowerManagerService: set askForDim and askForScreenOff to false
07-12 09:42:54.220 2872-4386/? D/com.qihancloud.usher/WelcomeService$6.onFinish(Line:238): com.qihancloud.usher.service.WelcomeService$6@425bc030倒计时结束，判断是否可以继续******每次倒计时时间*********0
07-12 09:42:54.230 2261-2275/? I/sdkMsg: now time:1562895774  timestamp:1562895750 
07-12 09:42:54.230 2261-2275/? I/sdkMsg: time between:24  device lost timeout :60 
07-12 09:42:54.230 2261-2275/? I/sdkMsg:  00 
07-12 09:42:54.230 2261-2275/? I/sdkMsg:  12 
07-12 09:42:54.230 2261-2275/? I/sdkMsg:  4b 
07-12 09:42:54.230 2261-2275/? I/sdkMsg:  00 
07-12 09:42:54.230 2261-2275/? I/sdkMsg:  0c 
07-12 09:42:54.230 2261-2275/? I/sdkMsg:  86 
07-12 09:42:54.230 2261-2275/? I/sdkMsg:  0d 
07-12 09:42:54.230 2261-2275/? I/sdkMsg:  35 
07-12 09:42:54.230 2872-4386/? D/com.qihancloud.usher/WelcomeService.hasPeople(Line:321): infrared ray is ROBOT_STATE_NONE, so set boolean_pir = false
07-12 09:42:54.250 2872-4386/? D/com.qihancloud.usher/WelcomeService.hasPeople(Line:324): ***********倒计时结束，pir rec *falsetrue
07-12 09:42:54.320 2872-2956/? D/dalvikvm: GC_FOR_ALLOC freed 14011K, 54% free 7704K/16628K, paused 71ms, total 72ms
07-12 09:42:54.360 2872-2956/? I/dalvikvm-heap: Grow heap (frag case) to 16.333MB for 9216016-byte allocation
07-12 09:42:54.410 2872-12226/? D/dalvikvm: GC_FOR_ALLOC freed 3K, 35% free 16700K/25632K, paused 50ms, total 50ms
07-12 09:42:54.430 2872-4386/? D/com.qihancloud.usher/WelcomeService$6.onFinish(Line:240): try to start welcome: COUNT DOWN TIMER
07-12 09:42:54.440 2872-4386/? D/com.qihancloud.usher/WelcomeService$6.onFinish(Line:238): com.qihancloud.usher.service.WelcomeService$6@425bc030倒计时结束，判断是否可以继续******每次倒计时时间*********0
07-12 09:42:54.450 2872-4386/? D/com.qihancloud.usher/WelcomeService.hasPeople(Line:321): infrared ray is ROBOT_STATE_NONE, so set boolean_pir = false
07-12 09:42:54.480 2872-2876/? D/dalvikvm: GC_CONCURRENT freed 622K, 35% free 16802K/25632K, paused 5ms+10ms, total 69ms
07-12 09:42:54.480 2872-4386/? D/com.qihancloud.usher/WelcomeService.hasPeople(Line:324): ***********倒计时结束，pir rec *falsetrue
07-12 09:42:54.490 2872-4386/? D/com.qihancloud.usher/WelcomeService$6.onFinish(Line:240): try to start welcome: COUNT DOWN TIMER
07-12 09:42:54.500 2872-4386/? D/com.qihancloud.usher/WelcomeService$6.onFinish(Line:238): com.qihancloud.usher.service.WelcomeService$6@425bc030倒计时结束，判断是否可以继续******每次倒计时时间*********0
07-12 09:42:54.510 2872-4386/? D/com.qihancloud.usher/WelcomeService.hasPeople(Line:321): infrared ray is ROBOT_STATE_NONE, so set boolean_pir = false
07-12 09:42:54.520 2872-4386/? D/com.qihancloud.usher/WelcomeService.hasPeople(Line:324): ***********倒计时结束，pir rec *falsetrue
07-12 09:42:54.530 2872-4386/? D/com.qihancloud.usher/WelcomeService$6.onFinish(Line:240): try to start welcome: COUNT DOWN TIMER
07-12 09:42:54.540 2872-4386/? D/com.qihancloud.usher/WelcomeService$6.onFinish(Line:238): com.qihancloud.usher.service.WelcomeService$6@425bc030倒计时结束，判断是否可以继续******每次倒计时时间*********0
07-12 09:42:54.540 2872-4386/? I/dalvikvm: threadid=31: stack overflow on call to Ljava/util/Arrays;.checkBinarySearchBounds:VIII
07-12 09:42:54.540 2872-4386/? I/dalvikvm:   method requires 16+20+4=40 bytes, fp is 0x6a712310 (16 left)
07-12 09:42:54.540 2872-4386/? I/dalvikvm:   expanding stack end (0x6a712300 to 0x6a712000)
07-12 09:42:54.540 2872-4386/? I/dalvikvm: Shrank stack (to 0x6a712300, curFrame is 0x6a7126bc)
07-12 09:42:54.540 2872-4386/? W/System.err: java.lang.reflect.InvocationTargetException
07-12 09:42:54.540 2872-4386/? W/System.err:     at java.lang.reflect.Method.invokeNative(Native Method)
07-12 09:42:54.540 2872-4386/? W/System.err:     at java.lang.reflect.Method.invoke(Method.java:515)
07-12 09:42:54.540 2872-4386/? W/System.err:     at com.sanbot.opensdk.base.BindBaseService$iFaceInfoNotification$1.faceInfo(BindBaseService.kt:180)
07-12 09:42:54.540 2872-4386/? W/System.err:     at com.qihancloud.hfisone.IFaceInfoNotification$Stub.onTransact(IFaceInfoNotification.java:68)
07-12 09:42:54.540 2872-4386/? W/System.err:     at android.os.Binder.execTransact(Binder.java:404)
07-12 09:42:54.540 2872-4386/? W/System.err:     at dalvik.system.NativeStart.run(Native Method)
07-12 09:42:54.540 2872-4386/? W/System.err: Caused by: java.lang.StackOverflowError
07-12 09:42:54.550 2872-4386/? W/System.err:     at java.util.Arrays.binarySearch(Arrays.java:411)
07-12 09:42:54.550 2872-4386/? W/System.err:     at java.util.Arrays.binarySearch(Arrays.java:391)
07-12 09:42:54.550 2872-4386/? W/System.err:     at libcore.util.ZoneInfo.getOffset(ZoneInfo.java:207)
07-12 09:42:54.550 2872-4386/? W/System.err:     at libcore.util.ZoneInfo.getOffset(ZoneInfo.java:201)
07-12 09:42:54.550 2872-4386/? W/System.err:     at java.util.GregorianCalendar.fullFieldsCalc(GregorianCalendar.java:493)
07-12 09:42:54.550 2872-4386/? W/System.err:     at java.util.GregorianCalendar.computeFields(GregorianCalendar.java:573)
07-12 09:42:54.550 2872-4386/? W/System.err:     at java.util.GregorianCalendar.computeTime(GregorianCalendar.java:783)
07-12 09:42:54.550 2872-4386/? W/System.err:     at java.util.Calendar.complete(Calendar.java:826)
07-12 09:42:54.550 2872-4386/? W/System.err:     at java.util.GregorianCalendar.add(GregorianCalendar.java:394)
07-12 09:42:54.550 2872-4386/? W/System.err:     at java.text.SimpleDateFormat.<init>(SimpleDateFormat.java:366)
07-12 09:42:54.550 2872-4386/? W/System.err:     at java.text.SimpleDateFormat.<init>(SimpleDateFormat.java:355)
07-12 09:42:54.550 2872-4386/? W/System.err:     at java.text.SimpleDateFormat.<init>(SimpleDateFormat.java:249)
07-12 09:42:54.550 2872-4386/? W/System.err:     at com.qihancloud.log.utils.DateUtils.getCurrentLogTime(DateUtils.java:31)
07-12 09:42:54.550 2872-4386/? W/System.err:     at com.qihancloud.log.utils.LogUtils.point(LogUtils.java:443)
07-12 09:42:54.550 2872-4386/? W/System.err:     at com.qihancloud.log.utils.LogUtils.d(LogUtils.java:122)
07-12 09:42:54.550 2872-4386/? W/System.err:     at com.qihancloud.usher.service.WelcomeService$6.onFinish(WelcomeService.java:238)
07-12 09:42:54.550 2872-4386/? W/System.err:     at com.qihancloud.usher.Utils.CountDownTimerPie.start(CountDownTimerPie.java:96)
07-12 09:42:54.550 2872-4386/? W/System.err:     at com.qihancloud.usher.service.WelcomeService.checkStartWelcomeTask(WelcomeService.java:442)
07-12 09:42:54.550 2872-4386/? W/System.err:     at com.qihancloud.usher.service.WelcomeService.access$500(WelcomeService.java:55)
07-12 09:42:54.550 2872-4386/? W/System.err:     at com.qihancloud.usher.service.WelcomeService$6.onFinish(WelcomeService.java:241)
07-12 09:42:54.550 2872-4386/? W/System.err:     at com.qihancloud.usher.Utils.CountDownTimerPie.start(CountDownTimerPie.java:96)
07-12 09:42:54.550 2872-4386/? W/System.err:     at com.qihancloud.usher.service.WelcomeService.checkStartWelcomeTask(WelcomeService.java:442)
07-12 09:42:54.550 2872-4386/? W/System.err:     at com.qihancloud.usher.service.WelcomeService.access$500(WelcomeService.java:55)
07-12 09:42:54.550 2872-4386/? W/System.err:     at com.qihancloud.usher.service.WelcomeService$6.onFinish(WelcomeService.java:241)
07-12 09:42:54.550 2872-4386/? W/System.err:     at com.qihancloud.usher.Utils.CountDownTimerPie.start(CountDownTimerPie.java:96)
07-12 09:42:54.550 2872-4386/? W/System.err:     at com.qihancloud.usher.service.WelcomeService.checkStartWelcomeTask(WelcomeService.java:442)
07-12 09:42:54.550 2872-4386/? W/System.err:     at com.qihancloud.usher.service.WelcomeService.access$500(WelcomeService.java:55)
