07-12 09:42:57.420 2872-2883/? D/com.qihancloud.usher/WelcomeService$6.onFinish(Line:238): com.qihancloud.usher.service.WelcomeService$6@425bc030倒计时结束，判断是否可以继续******每次倒计时时间*********0
07-12 09:42:57.420 2872-2883/? D/com.qihancloud.usher/WelcomeService.hasPeople(Line:321): infrared ray is ROBOT_STATE_NONE, so set boolean_pir = false
07-12 09:42:57.430 2872-2883/? D/com.qihancloud.usher/WelcomeService.hasPeople(Line:324): ***********倒计时结束，pir rec *falsetrue
07-12 09:42:57.440 2872-2883/? D/com.qihancloud.usher/WelcomeService$6.onFinish(Line:240): try to start welcome: COUNT DOWN TIMER
07-12 09:42:57.450 2872-2883/? D/com.qihancloud.usher/WelcomeService$6.onFinish(Line:238): com.qihancloud.usher.service.WelcomeService$6@425bc030倒计时结束，判断是否可以继续******每次倒计时时间*********0
07-12 09:42:57.470 1248-1248/? I/ZEUS: 12d9:42:57(zeus.c/812):
                                       for each with monitor_circle: 10
07-12 09:42:57.470 1248-1248/? I/ZEUS: 12d9:42:57(zeus.c/815):start monit task /system/bin/mediaserver
07-12 09:42:57.470 1248-1248/? I/ZEUS: 12d9:42:57(proc.c/317):start check_know_proc
07-12 09:42:57.470 1248-1248/? I/ZEUS: 12d9:42:57(proc.c/335):check_know_proc OK,no change
07-12 09:42:57.530 2872-2956/? D/dalvikvm: GC_FOR_ALLOC freed 13152K, 53% free 7857K/16628K, paused 75ms, total 75ms
07-12 09:42:57.580 2872-2956/? I/dalvikvm-heap: Grow heap (frag case) to 16.483MB for 9216016-byte allocation
07-12 09:42:57.620 900-906/? D/dalvikvm: GC_CONCURRENT freed 1945K, 31% free 5785K/8364K, paused 8ms+4ms, total 67ms
07-12 09:42:57.640 2872-2883/? D/dalvikvm: GC_FOR_ALLOC freed 3K, 35% free 16854K/25632K, paused 54ms, total 54ms
07-12 09:42:57.660 2872-2883/? D/com.qihancloud.usher/WelcomeService.hasPeople(Line:321): infrared ray is ROBOT_STATE_NONE, so set boolean_pir = false
07-12 09:42:57.660 472-583/? D/PowerManagerService: userActivityNoUpdateLocked: eventTime=689152, event=2, flags=0x0, uid=1000
07-12 09:42:57.660 472-583/? D/PowerManagerService:  yly debug  
                                                    mLastWakeTime=0 (689154 ms ago)
07-12 09:42:57.660 472-583/? D/PowerManagerService: mLastUserActivityTime=689152 (2 ms ago)
07-12 09:42:57.660 472-583/? D/PowerManagerService: mLastUserActivityTimeNoChangeLights=689152 (2 ms ago)
07-12 09:42:57.660 472-583/? D/PowerManagerService: updateUserActivitySummaryLocked: mWakefulness=Awake, mUserActivitySummary=0x1, nextTimeout=701152 (in 11998 ms)
07-12 09:42:57.660 472-583/? D/PowerManagerService: nextTimeout=  701152
                                                     yly debug end
07-12 09:42:57.660 472-583/? D/PowerManagerService: updateScreenStateLocked: mDisplayReady=true, newScreenState=2, mWakefulness=1, mWakeLockSummary=0x23, mUserActivitySummary=0x1, mBootCompleted=true
07-12 09:42:57.660 472-583/? D/PowerManagerService: native user activity trig,the event is 2the flags is 0
07-12 09:42:57.660 472-583/? D/PowerManagerService: set askForDim and askForScreenOff to false
07-12 09:42:57.660 472-576/? D/PowerManagerService: handleSandman: canDream=true, mWakefulness=Awake
07-12 09:42:57.680 2872-2883/? D/com.qihancloud.usher/WelcomeService.hasPeople(Line:324): ***********倒计时结束，pir rec *falsetrue
07-12 09:42:57.690 2872-2883/? D/com.qihancloud.usher/WelcomeService$6.onFinish(Line:240): try to start welcome: COUNT DOWN TIMER
07-12 09:42:57.710 2872-2876/? D/dalvikvm: GC_CONCURRENT freed 505K, 35% free 16906K/25632K, paused 6ms+10ms, total 74ms
07-12 09:42:57.710 2872-2883/? D/com.qihancloud.usher/WelcomeService$6.onFinish(Line:238): com.qihancloud.usher.service.WelcomeService$6@425bc030倒计时结束，判断是否可以继续******每次倒计时时间*********0
07-12 09:42:57.730 2872-2883/? D/com.qihancloud.usher/WelcomeService.hasPeople(Line:321): infrared ray is ROBOT_STATE_NONE, so set boolean_pir = false
07-12 09:42:57.730 2872-2883/? D/com.qihancloud.usher/WelcomeService.hasPeople(Line:324): ***********倒计时结束，pir rec *falsetrue
07-12 09:42:57.740 2872-2883/? D/com.qihancloud.usher/WelcomeService$6.onFinish(Line:240): try to start welcome: COUNT DOWN TIMER
07-12 09:42:57.760 2872-2883/? D/com.qihancloud.usher/WelcomeService$6.onFinish(Line:238): com.qihancloud.usher.service.WelcomeService$6@425bc030倒计时结束，判断是否可以继续******每次倒计时时间*********0
07-12 09:42:57.770 2872-2883/? D/com.qihancloud.usher/WelcomeService.hasPeople(Line:321): infrared ray is ROBOT_STATE_NONE, so set boolean_pir = false
07-12 09:42:57.780 2872-2883/? D/com.qihancloud.usher/WelcomeService.hasPeople(Line:324): ***********倒计时结束，pir rec *falsetrue
07-12 09:42:57.790 2872-2883/? D/com.qihancloud.usher/WelcomeService$6.onFinish(Line:240): try to start welcome: COUNT DOWN TIMER
07-12 09:42:57.800 2872-2883/? D/com.qihancloud.usher/WelcomeService$6.onFinish(Line:238): com.qihancloud.usher.service.WelcomeService$6@425bc030倒计时结束，判断是否可以继续******每次倒计时时间*********0
07-12 09:42:57.810 2872-2883/? D/com.qihancloud.usher/WelcomeService.hasPeople(Line:321): infrared ray is ROBOT_STATE_NONE, so set boolean_pir = false
07-12 09:42:57.820 2872-2956/? D/com.qihancloud.usher/FrameAnimation.run(Line:263):  FrameAnimation run1 --> runner  mIsThreadRunning:true
07-12 09:42:57.830 2872-2883/? D/com.qihancloud.usher/WelcomeService.hasPeople(Line:324): ***********倒计时结束，pir rec *falsetrue
07-12 09:42:57.840 2872-2883/? D/com.qihancloud.usher/WelcomeService$6.onFinish(Line:240): try to start welcome: COUNT DOWN TIMER
07-12 09:42:57.860 2872-2883/? D/com.qihancloud.usher/WelcomeService$6.onFinish(Line:238): com.qihancloud.usher.service.WelcomeService$6@425bc030倒计时结束，判断是否可以继续******每次倒计时时间*********0
07-12 09:42:57.870 2872-2883/? D/com.qihancloud.usher/WelcomeService.hasPeople(Line:321): infrared ray is ROBOT_STATE_NONE, so set boolean_pir = false
07-12 09:42:57.870 2872-2883/? D/com.qihancloud.usher/WelcomeService.hasPeople(Line:324): ***********倒计时结束，pir rec *falsetrue
07-12 09:42:57.880 2872-2883/? D/com.qihancloud.usher/WelcomeService$6.onFinish(Line:240): try to start welcome: COUNT DOWN TIMER
07-12 09:42:57.890 2872-2883/? D/com.qihancloud.usher/WelcomeService$6.onFinish(Line:238): com.qihancloud.usher.service.WelcomeService$6@425bc030倒计时结束，判断是否可以继续******每次倒计时时间*********0
07-12 09:42:57.900 2872-2883/? D/com.qihancloud.usher/WelcomeService.hasPeople(Line:321): infrared ray is ROBOT_STATE_NONE, so set boolean_pir = false
07-12 09:42:57.910 2872-2883/? D/com.qihancloud.usher/WelcomeService.hasPeople(Line:324): ***********倒计时结束，pir rec *falsetrue
07-12 09:42:57.910 2872-2883/? D/com.qihancloud.usher/WelcomeService$6.onFinish(Line:240): try to start welcome: COUNT DOWN TIMER
07-12 09:42:57.920 2872-2883/? D/com.qihancloud.usher/WelcomeService$6.onFinish(Line:238): com.qihancloud.usher.service.WelcomeService$6@425bc030倒计时结束，判断是否可以继续******每次倒计时时间*********0
07-12 09:42:57.930 2872-2883/? D/com.qihancloud.usher/WelcomeService.hasPeople(Line:321): infrared ray is ROBOT_STATE_NONE, so set boolean_pir = false
07-12 09:42:57.940 1248-1248/? I/ZEUS: 12d9:42:57(proc.c/64):get_rss_from_pid:  40824K    9232K    6148K    5052K    4152K      28K    5284K       8K  TOTAL
07-12 09:42:57.940 1248-1248/? I/ZEUS: 12d9:42:57(proc.c/72):after strtok,the rss is: 9232K
07-12 09:42:57.940 1248-1248/? D/ZEUS: 12d9:42:57(zeus.c/622):-----------------------------------------------
07-12 09:42:57.940 1248-1248/? D/ZEUS: 12d9:42:57(zeus.c/623):/system/bin/mediaserver pid is 164 open files is 27,mem is9232K
07-12 09:42:57.940 1248-1248/? I/ZEUS: 12d9:42:57(zeus.c/569):monitor_circle is 10,last circle is 0 ,so clear action_record
07-12 09:42:57.940 1248-1248/? I/ZEUS: 12d9:42:57(zeus.c/815):start monit task com.sunbo.main
07-12 09:42:57.940 1248-1248/? I/ZEUS: 12d9:42:57(proc.c/317):start check_know_proc
07-12 09:42:57.940 1248-1248/? I/ZEUS: 12d9:42:57(proc.c/335):check_know_proc OK,no change
07-12 09:42:57.940 1248-1248/? D/ZEUS: 12d9:42:57(zeus.c/622):-----------------------------------------------
07-12 09:42:57.940 1248-1248/? D/ZEUS: 12d9:42:57(zeus.c/623):com.sunbo.main pid is 900 open files is 0,mem is0K
07-12 09:42:57.940 1248-1248/? I/ZEUS: 12d9:42:57(zeus.c/569):monitor_circle is 10,last circle is 0 ,so clear action_record
07-12 09:42:57.940 1248-1248/? I/ZEUS: 12d9:42:57(zeus.c/815):start monit task com.qihancloud.launcher
07-12 09:42:57.940 1248-1248/? I/ZEUS: 12d9:42:57(proc.c/317):start check_know_proc
07-12 09:42:57.940 1248-1248/? I/ZEUS: 12d9:42:57(proc.c/335):check_know_proc OK,no change
07-12 09:42:57.940 1248-1248/? D/ZEUS: 12d9:42:57(zeus.c/622):-----------------------------------------------
07-12 09:42:57.940 1248-1248/? D/ZEUS: 12d9:42:57(zeus.c/623):com.qihancloud.launcher pid is 784 open files is 0,mem is0K
07-12 09:42:57.940 1248-1248/? I/ZEUS: 12d9:42:57(zeus.c/569):monitor_circle is 10,last circle is 0 ,so clear action_record
07-12 09:42:57.940 1248-1248/? I/ZEUS: 12d9:42:57(zeus.c/586):MT_INTERNAL MODE: need_reboot_monitor
07-12 09:42:57.940 1248-1248/? I/ZEUS: 12d9:42:57(zeus.c/407):do not monitor this time
07-12 09:42:57.940 1248-1248/? I/ZEUS: 12d9:42:57(zeus.c/569):monitor_circle is 10,last circle is 0 ,so clear action_record
07-12 09:42:57.940 1248-1248/? I/ZEUS: 12d9:42:57(zeus.c/822):
                                       for each end
07-12 09:42:57.950 2872-2883/? D/com.qihancloud.usher/WelcomeService.hasPeople(Line:324): ***********倒计时结束，pir rec *falsetrue
07-12 09:42:57.960 2872-2883/? D/com.qihancloud.usher/WelcomeService$6.onFinish(Line:240): try to start welcome: COUNT DOWN TIMER
07-12 09:42:57.960 2872-2883/? D/com.qihancloud.usher/WelcomeService$6.onFinish(Line:238): com.qihancloud.usher.service.WelcomeService$6@425bc030倒计时结束，判断是否可以继续******每次倒计时时间*********0
07-12 09:42:57.970 2872-2883/? D/com.qihancloud.usher/WelcomeService.hasPeople(Line:321): infrared ray is ROBOT_STATE_NONE, so set boolean_pir = false
07-12 09:42:57.980 2872-2883/? D/com.qihancloud.usher/WelcomeService.hasPeople(Line:324): ***********倒计时结束，pir rec *falsetrue
07-12 09:42:58.060 2872-2956/? D/dalvikvm: GC_FOR_ALLOC freed 12870K, 52% free 7983K/16628K, paused 69ms, total 69ms
07-12 09:42:58.100 2872-2956/? I/dalvikvm-heap: Grow heap (frag case) to 16.606MB for 9216016-byte allocation
07-12 09:42:58.150 2872-2883/? D/dalvikvm: GC_FOR_ALLOC freed 3K, 34% free 16979K/25632K, paused 55ms, total 55ms
07-12 09:42:58.170 2872-2883/? D/com.qihancloud.usher/WelcomeService$6.onFinish(Line:240): try to start welcome: COUNT DOWN TIMER
07-12 09:42:58.190 2872-2883/? D/com.qihancloud.usher/WelcomeService$6.onFinish(Line:238): com.qihancloud.usher.service.WelcomeService$6@425bc030倒计时结束，判断是否可以继续******每次倒计时时间*********0
07-12 09:42:58.200 2872-2883/? D/com.qihancloud.usher/WelcomeService.hasPeople(Line:321): infrared ray is ROBOT_STATE_NONE, so set boolean_pir = false
07-12 09:42:58.210 2872-2883/? D/com.qihancloud.usher/WelcomeService.hasPeople(Line:324): ***********倒计时结束，pir rec *falsetrue
07-12 09:42:58.230 2261-2275/? I/sdkMsg: now time:1562895778  timestamp:1562895750 
07-12 09:42:58.230 2261-2275/? I/sdkMsg: time between:28  device lost timeout :60 
07-12 09:42:58.230 2261-2275/? I/sdkMsg:  00 
07-12 09:42:58.230 2261-2275/? I/sdkMsg:  12 
07-12 09:42:58.230 2261-2275/? I/sdkMsg:  4b 
07-12 09:42:58.230 2261-2275/? I/sdkMsg:  00 
07-12 09:42:58.230 2261-2275/? I/sdkMsg:  0c 
07-12 09:42:58.230 2261-2275/? I/sdkMsg:  86 
07-12 09:42:58.230 2261-2275/? I/sdkMsg:  0d 
07-12 09:42:58.230 2261-2275/? I/sdkMsg:  35 
07-12 09:42:58.230 2872-2876/? D/dalvikvm: GC_CONCURRENT freed 559K, 34% free 17058K/25632K, paused 6ms+11ms, total 79ms
07-12 09:42:58.230 2872-2883/? D/com.qihancloud.usher/WelcomeService$6.onFinish(Line:240): try to start welcome: COUNT DOWN TIMER
07-12 09:42:58.240 2872-2883/? D/com.qihancloud.usher/WelcomeService$6.onFinish(Line:238): com.qihancloud.usher.service.WelcomeService$6@425bc030倒计时结束，判断是否可以继续******每次倒计时时间*********0
07-12 09:42:58.260 2872-2883/? D/com.qihancloud.usher/WelcomeService.hasPeople(Line:321): infrared ray is ROBOT_STATE_NONE, so set boolean_pir = false
07-12 09:42:58.270 2872-2883/? D/com.qihancloud.usher/WelcomeService.hasPeople(Line:324): ***********倒计时结束，pir rec *falsetrue
07-12 09:42:58.270 1102-2449/? D/dalvikvm: GC_FOR_ALLOC freed 1423K, 52% free 3800K/7856K, paused 21ms, total 21ms
07-12 09:42:58.280 2872-2883/? D/com.qihancloud.usher/WelcomeService$6.onFinish(Line:240): try to start welcome: COUNT DOWN TIMER
07-12 09:42:58.290 2872-2883/? D/com.qihancloud.usher/WelcomeService$6.onFinish(Line:238): com.qihancloud.usher.service.WelcomeService$6@425bc030倒计时结束，判断是否可以继续******每次倒计时时间*********0
07-12 09:42:58.300 2872-2883/? D/com.qihancloud.usher/WelcomeService.hasPeople(Line:321): infrared ray is ROBOT_STATE_NONE, so set boolean_pir = false
07-12 09:42:58.310 2872-2883/? D/com.qihancloud.usher/WelcomeService.hasPeople(Line:324): ***********倒计时结束，pir rec *falsetrue
07-12 09:42:58.320 2872-2956/? D/com.qihancloud.usher/FrameAnimation.run(Line:263):  FrameAnimation run1 --> runner  mIsThreadRunning:true
07-12 09:42:58.330 2872-2883/? D/com.qihancloud.usher/WelcomeService$6.onFinish(Line:240): try to start welcome: COUNT DOWN TIMER
07-12 09:42:58.350 2872-2883/? D/com.qihancloud.usher/WelcomeService$6.onFinish(Line:238): com.qihancloud.usher.service.WelcomeService$6@425bc030倒计时结束，判断是否可以继续******每次倒计时时间*********0
07-12 09:42:58.360 2872-2883/? D/com.qihancloud.usher/WelcomeService.hasPeople(Line:321): infrared ray is ROBOT_STATE_NONE, so set boolean_pir = false
07-12 09:42:58.370 2872-2883/? D/com.qihancloud.usher/WelcomeService.hasPeople(Line:324): ***********倒计时结束，pir rec *falsetrue
07-12 09:42:58.380 2872-2883/? D/com.qihancloud.usher/WelcomeService$6.onFinish(Line:240): try to start welcome: COUNT DOWN TIMER
07-12 09:42:58.390 2872-2883/? D/com.qihancloud.usher/WelcomeService$6.onFinish(Line:238): com.qihancloud.usher.service.WelcomeService$6@425bc030倒计时结束，判断是否可以继续******每次倒计时时间*********0
07-12 09:42:58.400 2872-2883/? D/com.qihancloud.usher/WelcomeService.hasPeople(Line:321): infrared ray is ROBOT_STATE_NONE, so set boolean_pir = false
07-12 09:42:58.410 2872-2883/? D/com.qihancloud.usher/WelcomeService.hasPeople(Line:324): ***********倒计时结束，pir rec *falsetrue
07-12 09:42:58.420 2872-2883/? D/com.qihancloud.usher/WelcomeService$6.onFinish(Line:240): try to start welcome: COUNT DOWN TIMER
07-12 09:42:58.420 2872-2883/? D/com.qihancloud.usher/WelcomeService$6.onFinish(Line:238): com.qihancloud.usher.service.WelcomeService$6@425bc030倒计时结束，判断是否可以继续******每次倒计时时间*********0
07-12 09:42:58.430 2872-2883/? D/com.qihancloud.usher/WelcomeService.hasPeople(Line:321): infrared ray is ROBOT_STATE_NONE, so set boolean_pir = false
07-12 09:42:58.440 2872-2883/? D/com.qihancloud.usher/WelcomeService.hasPeople(Line:324): ***********倒计时结束，pir rec *falsetrue
07-12 09:42:58.450 2872-2883/? D/com.qihancloud.usher/WelcomeService$6.onFinish(Line:240): try to start welcome: COUNT DOWN TIMER
07-12 09:42:58.460 472-583/? I/InputDispatcher: Window 'Window{41af61a8 u0 com.qihancloud.usher/com.qihancloud.usher.activity.AnimationActivity}' spent 4245.3ms processing the last input event: MotionEvent(deviceId=3, source=0x00001002, action=0, flags=0x00000000, metaState=0x00000000, buttonState=0x00000000, edgeFlags=0x00000000, xPrecision=1.0, yPrecision=1.0, displayId=0, pointers=[0: (1234.4, 734.4)]), policyFlags=0x42000000
07-12 09:42:58.460 472-583/? I/InputDispatcher: Window 'Window{41af61a8 u0 com.qihancloud.usher/com.qihancloud.usher.activity.AnimationActivity}' spent 4225.9ms processing the last input event: MotionEvent(deviceId=3, source=0x00001002, action=2, flags=0x00000000, metaState=0x00000000, buttonState=0x00000000, edgeFlags=0x00000000, xPrecision=1.0, yPrecision=1.0, displayId=0, pointers=[0: (1234.4, 734.4)]), policyFlags=0x42000000
07-12 09:42:58.460 472-583/? I/InputDispatcher: Window 'Window{41af61a8 u0 com.qihancloud.usher/com.qihancloud.usher.activity.AnimationActivity}' spent 4206.0ms processing the last input event: MotionEvent(deviceId=3, source=0x00001002, action=2, flags=0x00000000, metaState=0x00000000, buttonState=0x00000000, edgeFlags=0x00000000, xPrecision=1.0, yPrecision=1.0, displayId=0, pointers=[0: (1234.4, 734.4)]), policyFlags=0x42000000
07-12 09:42:58.460 472-583/? I/InputDispatcher: Window 'Window{41af61a8 u0 com.qihancloud.usher/com.qihancloud.usher.activity.AnimationActivity}' spent 4185.7ms processing the last input event: MotionEvent(deviceId=3, source=0x00001002, action=2, flags=0x00000000, metaState=0x00000000, buttonState=0x00000000, edgeFlags=0x00000000, xPrecision=1.0, yPrecision=1.0, displayId=0, pointers=[0: (1234.4, 734.4)]), policyFlags=0x42000000
07-12 09:42:58.460 472-583/? I/InputDispatcher: Window 'Window{41af61a8 u0 com.qihancloud.usher/com.qihancloud.usher.activity.AnimationActivity}' spent 4165.8ms processing the last input event: MotionEvent(deviceId=3, source=0x00001002, action=2, flags=0x00000000, metaState=0x00000000, buttonState=0x00000000, edgeFlags=0x00000000, xPrecision=1.0, yPrecision=1.0, displayId=0, pointers=[0: (1234.4, 734.4)]), policyFlags=0x42000000
07-12 09:42:58.460 2872-2883/? D/com.qihancloud.usher/WelcomeService$6.onFinish(Line:238): com.qihancloud.usher.service.WelcomeService$6@425bc030倒计时结束，判断是否可以继续******每次倒计时时间*********0
07-12 09:42:58.460 472-583/? I/InputDispatcher: Window 'Window{41af61a8 u0 com.qihancloud.usher/com.qihancloud.usher.activity.AnimationActivity}' spent 4147.8ms processing the last input event: MotionEvent(deviceId=3, source=0x00001002, action=1, flags=0x00000000, metaState=0x00000000, buttonState=0x00000000, edgeFlags=0x00000000, xPrecision=1.0, yPrecision=1.0, displayId=0, pointers=[0: (1234.4, 734.4)]), policyFlags=0x42000000
07-12 09:42:58.480 2872-2883/? D/com.qihancloud.usher/WelcomeService.hasPeople(Line:321): infrared ray is ROBOT_STATE_NONE, so set boolean_pir = false
07-12 09:42:58.490 2872-12242/? D/com.qihancloud.usher/WelcomeService.checkRobotSate(Line:296): pir mLastInfraredRayDistances.get(part):5
07-12 09:42:58.560 2872-2956/? D/dalvikvm: GC_FOR_ALLOC freed 12837K, 52% free 7988K/16628K, paused 69ms, total 69ms
07-12 09:42:58.600 2872-2956/? I/dalvikvm-heap: Grow heap (frag case) to 16.610MB for 9216016-byte allocation
07-12 09:42:58.650 2872-12242/? D/dalvikvm: GC_FOR_ALLOC freed 1K, 34% free 16986K/25632K, paused 54ms, total 54ms
07-12 09:42:58.670 2872-12242/? D/com.qihancloud.usher/WelcomeService$3$1.run(Line:158):  :part 1 distance: 5红外线检测类型 0
07-12 09:42:58.680 2872-2883/? D/com.qihancloud.usher/WelcomeService.hasPeople(Line:324): ***********倒计时结束，pir rec *falsetrue
07-12 09:42:58.680 2872-12242/? D/com.qihancloud.usher/WelcomeService.checkRobotSate(Line:296): pir mLastInfraredRayDistances.get(part):19
07-12 09:42:58.690 2872-12242/? D/com.qihancloud.usher/WelcomeService$3$1.run(Line:158):  :part 2 distance: 19红外线检测类型 0
07-12 09:42:58.700 2872-2883/? D/com.qihancloud.usher/WelcomeService$6.onFinish(Line:240): try to start welcome: COUNT DOWN TIMER
07-12 09:42:58.730 2872-2876/? D/dalvikvm: GC_CONCURRENT freed 726K, 34% free 17078K/25632K, paused 6ms+21ms, total 76ms
07-12 09:42:58.750 2872-2883/? D/com.qihancloud.usher/WelcomeService$6.onFinish(Line:238): com.qihancloud.usher.service.WelcomeService$6@425bc030倒计时结束，判断是否可以继续******每次倒计时时间*********0
07-12 09:42:58.770 2872-2883/? D/com.qihancloud.usher/WelcomeService.hasPeople(Line:321): infrared ray is ROBOT_STATE_NONE, so set boolean_pir = false
07-12 09:42:58.790 2872-2883/? D/com.qihancloud.usher/WelcomeService.hasPeople(Line:324): ***********倒计时结束，pir rec *falsetrue
07-12 09:42:58.810 2872-2883/? D/com.qihancloud.usher/WelcomeService$6.onFinish(Line:240): try to start welcome: COUNT DOWN TIMER
07-12 09:42:58.830 2872-12242/? D/com.qihancloud.usher/WelcomeService.checkRobotSate(Line:296): pir mLastInfraredRayDistances.get(part):5
07-12 09:42:58.830 2872-2956/? D/com.qihancloud.usher/FrameAnimation.run(Line:263):  FrameAnimation run1 --> runner  mIsThreadRunning:true
07-12 09:42:58.830 2872-2883/? D/com.qihancloud.usher/WelcomeService$6.onFinish(Line:238): com.qihancloud.usher.service.WelcomeService$6@425bc030倒计时结束，判断是否可以继续******每次倒计时时间*********0
07-12 09:42:58.840 2872-12242/? D/com.qihancloud.usher/WelcomeService$3$1.run(Line:158):  :part 1 distance: 5红外线检测类型 0
07-12 09:42:58.840 2872-12242/? D/com.qihancloud.usher/WelcomeService.checkRobotSate(Line:296): pir mLastInfraredRayDistances.get(part):19
07-12 09:42:58.850 2872-12242/? D/com.qihancloud.usher/WelcomeService$3$1.run(Line:158):  :part 2 distance: 20红外线检测类型 0
07-12 09:42:58.860 2872-2883/? D/com.qihancloud.usher/WelcomeService.hasPeople(Line:321): infrared ray is ROBOT_STATE_NONE, so set boolean_pir = false
07-12 09:42:58.860 2872-12242/? D/com.qihancloud.usher/WelcomeService.checkRobotSate(Line:296): pir mLastInfraredRayDistances.get(part):null
07-12 09:42:58.870 2872-12242/? D/com.qihancloud.usher/WelcomeService$3$1.run(Line:158):  :part 7 distance: 64红外线检测类型 0
07-12 09:42:58.880 2872-2883/? D/com.qihancloud.usher/WelcomeService.hasPeople(Line:324): ***********倒计时结束，pir rec *falsetrue
07-12 09:42:58.880 2872-12242/? D/com.qihancloud.usher/WelcomeService.checkRobotSate(Line:296): pir mLastInfraredRayDistances.get(part):5
07-12 09:42:58.880 2872-12242/? D/com.qihancloud.usher/WelcomeService$3$1.run(Line:158):  :part 1 distance: 5红外线检测类型 0
07-12 09:42:58.890 2872-12242/? D/com.qihancloud.usher/WelcomeService.checkRobotSate(Line:296): pir mLastInfraredRayDistances.get(part):20
07-12 09:42:58.890 2872-2883/? D/com.qihancloud.usher/WelcomeService$6.onFinish(Line:240): try to start welcome: COUNT DOWN TIMER
07-12 09:42:58.890 2872-12242/? D/com.qihancloud.usher/WelcomeService$3$1.run(Line:158):  :part 2 distance: 19红外线检测类型 0
07-12 09:42:58.900 2872-2883/? D/com.qihancloud.usher/WelcomeService$6.onFinish(Line:238): com.qihancloud.usher.service.WelcomeService$6@425bc030倒计时结束，判断是否可以继续******每次倒计时时间*********0
07-12 09:42:58.910 2872-12242/? D/com.qihancloud.usher/WelcomeService.checkRobotSate(Line:296): pir mLastInfraredRayDistances.get(part):5
07-12 09:42:58.920 2872-2883/? D/com.qihancloud.usher/WelcomeService.hasPeople(Line:321): infrared ray is ROBOT_STATE_NONE, so set boolean_pir = false
07-12 09:42:58.920 2872-12242/? D/com.qihancloud.usher/WelcomeService$3$1.run(Line:158):  :part 1 distance: 5红外线检测类型 0
07-12 09:42:58.920 2872-12242/? D/com.qihancloud.usher/WelcomeService.checkRobotSate(Line:296): pir mLastInfraredRayDistances.get(part):19
07-12 09:42:58.930 2872-12242/? D/com.qihancloud.usher/WelcomeService$3$1.run(Line:158):  :part 2 distance: 20红外线检测类型 0
07-12 09:42:58.930 2872-2883/? D/com.qihancloud.usher/WelcomeService.hasPeople(Line:324): ***********倒计时结束，pir rec *falsetrue
07-12 09:42:58.950 2872-2883/? D/com.qihancloud.usher/WelcomeService$6.onFinish(Line:240): try to start welcome: COUNT DOWN TIMER
07-12 09:42:59.030 2872-2876/? D/dalvikvm: GC_CONCURRENT freed 14874K, 54% free 7733K/16628K, paused 5ms+5ms, total 77ms
07-12 09:42:59.030 2872-2872/? D/dalvikvm: WAIT_FOR_CONCURRENT_GC blocked 68ms
07-12 09:42:59.030 2872-2956/? D/dalvikvm: WAIT_FOR_CONCURRENT_GC blocked 29ms
07-12 09:42:59.030 2872-2883/? D/dalvikvm: WAIT_FOR_CONCURRENT_GC blocked 68ms
07-12 09:42:59.090 2872-2956/? D/dalvikvm: GC_FOR_ALLOC freed 75K, 54% free 7762K/16628K, paused 53ms, total 53ms
07-12 09:42:59.120 2872-2956/? I/dalvikvm-heap: Grow heap (frag case) to 16.390MB for 9216016-byte allocation
07-12 09:42:59.150 900-1349/? I/UsbMessageMrg: head timeout
07-12 09:42:59.160 900-1236/? I/MeetEvent: {"ack_flag":1,"pir_status":0,"pir_type":1,"point_tag":-1}
07-12 09:42:59.160 900-1236/? E/MainService: PeopleOut
07-12 09:42:59.170 2872-2883/? D/dalvikvm: GC_FOR_ALLOC freed <1K, 35% free 16762K/25632K, paused 51ms, total 51ms
07-12 09:42:59.180 2872-12894/? W/System.err: java.lang.NullPointerException
07-12 09:42:59.180 2872-12894/? W/System.err:     at com.qihancloud.usher.service.WelcomeService$11.run(WelcomeService.java:541)
07-12 09:42:59.180 2872-12894/? W/System.err:     at java.util.concurrent.ThreadPoolExecutor.runWorker(ThreadPoolExecutor.java:1112)
07-12 09:42:59.180 2872-12894/? W/System.err:     at java.util.concurrent.ThreadPoolExecutor$Worker.run(ThreadPoolExecutor.java:587)
07-12 09:42:59.180 2872-12894/? W/System.err:     at java.lang.Thread.run(Thread.java:841)
07-12 09:42:59.190 2872-12894/? I/com.qihancloud.usher/WelcomeService$11.run(Line:548): start speak welcome content: 欢迎光临!我如果任何事然后短发撒撒
07-12 09:42:59.200 2872-2883/? D/com.qihancloud.usher/WelcomeService$6.onFinish(Line:238): com.qihancloud.usher.service.WelcomeService$6@425bc030倒计时结束，判断是否可以继续******每次倒计时时间*********0
07-12 09:42:59.230 2261-2275/? I/sdkMsg: Gw_onlineDevicesPolling
07-12 09:42:59.230 2261-2275/? I/sdkMsg: now time:1562895779  timestamp:1562895750 
07-12 09:42:59.230 2261-2275/? I/sdkMsg: time between:29  device lost timeout :60 
07-12 09:42:59.230 2261-2275/? I/sdkMsg:  00 
07-12 09:42:59.230 2261-2275/? I/sdkMsg:  12 
07-12 09:42:59.230 2261-2275/? I/sdkMsg:  4b 
07-12 09:42:59.230 2261-2275/? I/sdkMsg:  00 
07-12 09:42:59.230 2261-2275/? I/sdkMsg:  0c 
07-12 09:42:59.230 2261-2275/? I/sdkMsg:  86 
07-12 09:42:59.230 2261-2275/? I/sdkMsg:  0d 
07-12 09:42:59.230 2261-2275/? I/sdkMsg:  35 
07-12 09:42:59.240 2872-2876/? D/dalvikvm: GC_CONCURRENT freed 468K, 34% free 17020K/25632K, paused 7ms+21ms, total 73ms
07-12 09:42:59.250 2872-2883/? D/com.qihancloud.usher/WelcomeService.hasPeople(Line:321): infrared ray is ROBOT_STATE_NONE, so set boolean_pir = false
07-12 09:42:59.270 2872-2883/? D/com.qihancloud.usher/WelcomeService.hasPeople(Line:324): ***********倒计时结束，pir rec *falsetrue
07-12 09:42:59.280 900-900/? E/mcu: 发送到单片机 63
07-12 09:42:59.290 2872-2883/? D/com.qihancloud.usher/WelcomeService$6.onFinish(Line:240): try to start welcome: COUNT DOWN TIMER
07-12 09:42:59.300 2872-2883/? D/com.qihancloud.usher/WelcomeService$6.onFinish(Line:238): com.qihancloud.usher.service.WelcomeService$6@425bc030倒计时结束，判断是否可以继续******每次倒计时时间*********0
07-12 09:42:59.310 2872-12242/? D/com.qihancloud.usher/WelcomeService.checkRobotSate(Line:296): pir mLastInfraredRayDistances.get(part):5
07-12 09:42:59.320 2872-12242/? D/com.qihancloud.usher/WelcomeService$3$1.run(Line:158):  :part 1 distance: 5红外线检测类型 0
07-12 09:42:59.330 2872-2883/? D/com.qihancloud.usher/WelcomeService.hasPeople(Line:321): infrared ray is ROBOT_STATE_NONE, so set boolean_pir = false
07-12 09:42:59.340 2872-12242/? D/com.qihancloud.usher/WelcomeService.checkRobotSate(Line:296): pir mLastInfraredRayDistances.get(part):5
07-12 09:42:59.360 2872-12242/? D/com.qihancloud.usher/WelcomeService$3$1.run(Line:158):  :part 1 distance: 5红外线检测类型 0
07-12 09:42:59.360 2872-2956/? D/com.qihancloud.usher/FrameAnimation.run(Line:263):  FrameAnimation run1 --> runner  mIsThreadRunning:true
07-12 09:42:59.360 2872-2883/? D/com.qihancloud.usher/WelcomeService.hasPeople(Line:324): ***********倒计时结束，pir rec *falsetrue
07-12 09:42:59.390 2872-2883/? D/com.qihancloud.usher/WelcomeService$6.onFinish(Line:240): try to start welcome: COUNT DOWN TIMER
07-12 09:42:59.390 2872-12242/? D/com.qihancloud.usher/WelcomeService.checkRobotSate(Line:296): pir mLastInfraredRayDistances.get(part):5
07-12 09:42:59.400 2872-12242/? D/com.qihancloud.usher/WelcomeService$3$1.run(Line:158):  :part 1 distance: 5红外线检测类型 0
07-12 09:42:59.410 2872-2883/? D/com.qihancloud.usher/WelcomeService$6.onFinish(Line:238): com.qihancloud.usher.service.WelcomeService$6@425bc030倒计时结束，判断是否可以继续******每次倒计时时间*********0
07-12 09:42:59.420 2872-12242/? D/com.qihancloud.usher/WelcomeService.checkRobotSate(Line:296): pir mLastInfraredRayDistances.get(part):5
07-12 09:42:59.420 2872-2883/? D/com.qihancloud.usher/WelcomeService.hasPeople(Line:321): infrared ray is ROBOT_STATE_NONE, so set boolean_pir = false
07-12 09:42:59.430 2872-12242/? D/com.qihancloud.usher/WelcomeService$3$1.run(Line:158):  :part 1 distance: 5红外线检测类型 0
07-12 09:42:59.440 2872-12242/? D/com.qihancloud.usher/WelcomeService.checkRobotSate(Line:296): pir mLastInfraredRayDistances.get(part):20
07-12 09:42:59.440 2872-2883/? D/com.qihancloud.usher/WelcomeService.hasPeople(Line:324): ***********倒计时结束，pir rec *falsetrue
07-12 09:42:59.440 2872-12242/? D/com.qihancloud.usher/WelcomeService$3$1.run(Line:158):  :part 2 distance: 20红外线检测类型 0
07-12 09:42:59.460 2872-2883/? D/com.qihancloud.usher/WelcomeService$6.onFinish(Line:240): try to start welcome: COUNT DOWN TIMER
07-12 09:42:59.480 2872-2883/? D/com.qihancloud.usher/WelcomeService$6.onFinish(Line:238): com.qihancloud.usher.service.WelcomeService$6@425bc030倒计时结束，判断是否可以继续******每次倒计时时间*********0
07-12 09:42:59.490 2872-2883/? D/com.qihancloud.usher/WelcomeService.hasPeople(Line:321): infrared ray is ROBOT_STATE_NONE, so set boolean_pir = false
07-12 09:42:59.500 900-1238/? E/mcu: 发送到单片机 13
07-12 09:42:59.500 900-1238/? E/mcu: 发送到单片机 15
07-12 09:42:59.510 900-1236/? E/power: mChargeStatus=1,mBattery=97 autoLimit=30
07-12 09:42:59.510 900-1232/? E/mcu: 发送到单片机 5
07-12 09:42:59.510 900-1232/? E/mcu: 发送到单片机 5
07-12 09:42:59.510 900-1232/? D/O00000Oo: mChargeStatus=1 mBattery=97 isNeverShow=falseisGotoCharge=false
07-12 09:42:59.510 784-784/? I/SanbotOpenSDK:  头部电量广播  progress: 0.97  state:1  originalProgress:97  originalState:1
07-12 09:42:59.520 472-590/? D/PowerManagerService: acquireWakeLockInternal: lock=1099510240, flags=0x1, tag="NetworkStats", ws=null, uid=1000, pid=472
07-12 09:42:59.530 472-590/? D/PowerManagerService: updateWakeLockSummaryLocked: mWakefulness=Awake, mWakeLockSummary=0x23
07-12 09:42:59.530 472-590/? D/PowerManagerService: updateScreenStateLocked: mDisplayReady=true, newScreenState=2, mWakefulness=1, mWakeLockSummary=0x23, mUserActivitySummary=0x1, mBootCompleted=true
07-12 09:42:59.530 472-576/? D/PowerManagerService: handleSandman: canDream=true, mWakefulness=Awake
07-12 09:42:59.530 900-1236/? E/power: mChargeStatus=1,mBattery=97 autoLimit=30
07-12 09:42:59.540 900-1232/? D/O00000Oo: mChargeStatus=1 mBattery=97 isNeverShow=falseisGotoCharge=false
07-12 09:42:59.540 784-784/? I/SanbotOpenSDK:  头部电量广播  progress: 0.97  state:1  originalProgress:97  originalState:1
07-12 09:42:59.540 158-471/? E/SocketListener: mListen=1, max=36, mSocketName=netd
07-12 09:42:59.550 472-590/? D/PowerManagerService: releaseWakeLockInternal: lock=1099510240 [NetworkStats], flags=0x0
07-12 09:42:59.550 472-590/? D/PowerManagerService: updateWakeLockSummaryLocked: mWakefulness=Awake, mWakeLockSummary=0x23
07-12 09:42:59.550 472-590/? D/PowerManagerService: updateScreenStateLocked: mDisplayReady=true, newScreenState=2, mWakefulness=1, mWakeLockSummary=0x23, mUserActivitySummary=0x1, mBootCompleted=true
07-12 09:42:59.550 472-576/? D/PowerManagerService: handleSandman: canDream=true, mWakefulness=Awake
07-12 09:42:59.550 158-471/? E/SocketListener: mListen=1, max=36, mSocketName=netd
07-12 09:42:59.580 2872-2876/? D/dalvikvm: GC_CONCURRENT freed 15009K, 55% free 7521K/16628K, paused 5ms+6ms, total 82ms
07-12 09:42:59.580 2872-2883/? D/dalvikvm: WAIT_FOR_CONCURRENT_GC blocked 73ms
07-12 09:42:59.580 2872-4639/? D/dalvikvm: WAIT_FOR_CONCURRENT_GC blocked 60ms
07-12 09:42:59.580 2872-2884/? D/dalvikvm: WAIT_FOR_CONCURRENT_GC blocked 66ms
07-12 09:42:59.580 2872-4205/? D/dalvikvm: WAIT_FOR_CONCURRENT_GC blocked 60ms
07-12 09:42:59.580 2872-3223/? D/dalvikvm: WAIT_FOR_CONCURRENT_GC blocked 60ms
07-12 09:42:59.580 2872-2956/? D/dalvikvm: WAIT_FOR_CONCURRENT_GC blocked 52ms
07-12 09:42:59.580 2872-12226/? D/dalvikvm: WAIT_FOR_CONCURRENT_GC blocked 61ms
07-12 09:42:59.580 2872-5379/? D/dalvikvm: WAIT_FOR_CONCURRENT_GC blocked 60ms
07-12 09:42:59.580 2872-2872/? D/dalvikvm: WAIT_FOR_CONCURRENT_GC blocked 76ms
07-12 09:42:59.580 2872-5041/? D/dalvikvm: WAIT_FOR_CONCURRENT_GC blocked 65ms
07-12 09:42:59.640 2872-2956/? D/dalvikvm: GC_FOR_ALLOC freed 107K, 55% free 7577K/16628K, paused 52ms, total 52ms
07-12 09:42:59.670 2872-2956/? I/dalvikvm-heap: Grow heap (frag case) to 16.208MB for 9216016-byte allocation
07-12 09:42:59.720 2872-4639/? D/dalvikvm: GC_FOR_ALLOC freed <1K, 36% free 16577K/25632K, paused 50ms, total 50ms
07-12 09:42:59.740 2872-2883/? D/com.qihancloud.usher/WelcomeService.hasPeople(Line:324): ***********倒计时结束，pir rec *falsetrue
07-12 09:42:59.770 2872-2883/? D/com.qihancloud.usher/WelcomeService$6.onFinish(Line:240): try to start welcome: COUNT DOWN TIMER
07-12 09:42:59.780 1102-2449/? D/dalvikvm: GC_FOR_ALLOC freed 1423K, 52% free 3800K/7856K, paused 22ms, total 22ms
07-12 09:42:59.790 472-583/? D/PowerManagerService: userActivityNoUpdateLocked: eventTime=691285, event=2, flags=0x0, uid=1000
07-12 09:42:59.790 472-583/? D/PowerManagerService:  yly debug  
                                                    mLastWakeTime=0 (691286 ms ago)
07-12 09:42:59.790 472-583/? D/PowerManagerService: mLastUserActivityTime=691285 (1 ms ago)
07-12 09:42:59.790 472-583/? D/PowerManagerService: mLastUserActivityTimeNoChangeLights=691285 (1 ms ago)
07-12 09:42:59.790 472-583/? D/PowerManagerService: updateUserActivitySummaryLocked: mWakefulness=Awake, mUserActivitySummary=0x1, nextTimeout=703285 (in 11999 ms)
07-12 09:42:59.790 472-583/? D/PowerManagerService: nextTimeout=  703285
                                                     yly debug end
07-12 09:42:59.790 472-583/? D/PowerManagerService: updateScreenStateLocked: mDisplayReady=true, newScreenState=2, mWakefulness=1, mWakeLockSummary=0x23, mUserActivitySummary=0x1, mBootCompleted=true
07-12 09:42:59.790 472-583/? D/PowerManagerService: native user activity trig,the event is 2the flags is 0
07-12 09:42:59.790 472-576/? D/PowerManagerService: handleSandman: canDream=true, mWakefulness=Awake
07-12 09:42:59.790 472-583/? D/PowerManagerService: set askForDim and askForScreenOff to false
07-12 09:42:59.800 2872-2876/? D/dalvikvm: GC_CONCURRENT freed 530K, 35% free 16694K/25632K, paused 7ms+20ms, total 77ms
07-12 09:42:59.810 2872-2883/? D/com.qihancloud.usher/WelcomeService$6.onFinish(Line:238): com.qihancloud.usher.service.WelcomeService$6@425bc030倒计时结束，判断是否可以继续******每次倒计时时间*********0
07-12 09:42:59.830 2872-2883/? D/com.qihancloud.usher/WelcomeService.hasPeople(Line:321): infrared ray is ROBOT_STATE_NONE, so set boolean_pir = false
07-12 09:42:59.860 2872-2883/? D/com.qihancloud.usher/WelcomeService.hasPeople(Line:324): ***********倒计时结束，pir rec *falsetrue
07-12 09:42:59.880 2872-2883/? D/com.qihancloud.usher/WelcomeService$6.onFinish(Line:240): try to start welcome: COUNT DOWN TIMER
07-12 09:42:59.900 924-2394/? D/dalvikvm: GC_FOR_ALLOC freed 1844K, 45% free 3014K/5384K, paused 26ms, total 26ms
07-12 09:42:59.900 2872-2883/? D/com.qihancloud.usher/WelcomeService$6.onFinish(Line:238): com.qihancloud.usher.service.WelcomeService$6@425bc030倒计时结束，判断是否可以继续******每次倒计时时间*********0
07-12 09:42:59.930 2872-2956/? D/com.qihancloud.usher/FrameAnimation.run(Line:263):  FrameAnimation run1 --> runner  mIsThreadRunning:true
07-12 09:42:59.930 2872-2883/? D/com.qihancloud.usher/WelcomeService.hasPeople(Line:321): infrared ray is ROBOT_STATE_NONE, so set boolean_pir = false
07-12 09:42:59.950 2872-2883/? D/com.qihancloud.usher/WelcomeService.hasPeople(Line:324): ***********倒计时结束，pir rec *falsetrue
07-12 09:42:59.970 2872-2883/? D/com.qihancloud.usher/WelcomeService$6.onFinish(Line:240): try to start welcome: COUNT DOWN TIMER
07-12 09:42:59.980 2872-2883/? D/com.qihancloud.usher/WelcomeService$6.onFinish(Line:238): com.qihancloud.usher.service.WelcomeService$6@425bc030倒计时结束，判断是否可以继续******每次倒计时时间*********0
07-12 09:42:59.990 472-581/? D/PowerManagerService: acquireWakeLockInternal: lock=1097914312, flags=0x1, tag="AlarmManager", ws=WorkSource{1000}, uid=1000, pid=472
07-12 09:42:59.990 472-581/? D/PowerManagerService: updateWakeLockSummaryLocked: mWakefulness=Awake, mWakeLockSummary=0x23
07-12 09:42:59.990 472-581/? D/PowerManagerService: updateScreenStateLocked: mDisplayReady=true, newScreenState=2, mWakefulness=1, mWakeLockSummary=0x23, mUserActivitySummary=0x1, mBootCompleted=true
07-12 09:42:59.990 472-576/? D/PowerManagerService: handleSandman: canDream=true, mWakefulness=Awake
07-12 09:43:00.000 2872-2883/? D/com.qihancloud.usher/WelcomeService.hasPeople(Line:321): infrared ray is ROBOT_STATE_NONE, so set boolean_pir = false
07-12 09:43:00.020 2872-2883/? D/com.qihancloud.usher/WelcomeService.hasPeople(Line:324): ***********倒计时结束，pir rec *falsetrue
07-12 09:43:00.020 2872-2872/? I/SanbotOpenSDK:  头部电量广播  progress: 0.97  state:1  originalProgress:97  originalState:1
07-12 09:43:00.020 784-784/? I/timeView: tag:status_time
07-12 09:43:00.030 1260-1260/? D/******: DelectService want 守护UpdateService
07-12 09:43:00.040 2872-2883/? D/com.qihancloud.usher/WelcomeService$6.onFinish(Line:240): try to start welcome: COUNT DOWN TIMER
07-12 09:43:00.040 1260-1260/? I/DelectService$1.onReceive(Line:127): time: 666751
07-12 09:43:00.040 2872-2872/? I/SanbotOpenSDK:  头部电量广播  progress: 0.97  state:1  originalProgress:97  originalState:1
07-12 09:43:00.050 1260-1260/? I/qh: size: 5
07-12 09:43:00.050 1260-1260/? I/LogService: CURR_INSTALL_LOG_NAME: 2019-07-12093156.log
07-12 09:43:00.050 1260-1260/? I/LogService: filePath: /storage/emulated/0/log/2019-07-12093156.log  ,      true
07-12 09:43:00.050 1260-1260/? D/LogService: checkLog() ==> The size of the log is too big?
07-12 09:43:00.060 1260-1260/? I/UpdateService$14.onReceive(Line:1749): time: 1562895780071
07-12 09:43:00.120 900-913/? E/MainService: writeZigbeeModule
07-12 09:43:00.120 900-913/? E/mcu: 发送到单片机 52
07-12 09:43:00.130 2872-2876/? D/dalvikvm: GC_CONCURRENT freed 14767K, 56% free 7328K/16628K, paused 6ms+5ms, total 78ms
07-12 09:43:00.130 2872-2883/? D/dalvikvm: WAIT_FOR_CONCURRENT_GC blocked 64ms
07-12 09:43:00.130 2872-2872/? D/dalvikvm: WAIT_FOR_CONCURRENT_GC blocked 64ms
07-12 09:43:00.130 2872-2971/? D/dalvikvm: WAIT_FOR_CONCURRENT_GC blocked 63ms
07-12 09:43:00.130 2872-2956/? D/dalvikvm: WAIT_FOR_CONCURRENT_GC blocked 39ms
07-12 09:43:00.130 2872-12667/? D/dalvikvm: WAIT_FOR_CONCURRENT_GC blocked 31ms
07-12 09:43:00.130 2872-12672/? D/dalvikvm: WAIT_FOR_CONCURRENT_GC blocked 31ms
07-12 09:43:00.130 2872-2883/? D/com.qihancloud.usher/WelcomeService$6.onFinish(Line:238): com.qihancloud.usher.service.WelcomeService$6@425bc030倒计时结束，判断是否可以继续******每次倒计时时间*********0
07-12 09:43:00.180 2872-2956/? D/dalvikvm: GC_FOR_ALLOC freed 244K, 57% free 7221K/16628K, paused 48ms, total 48ms
07-12 09:43:00.210 2872-2956/? I/dalvikvm-heap: Grow heap (frag case) to 15.862MB for 9216016-byte allocation
07-12 09:43:00.230 2261-2275/? I/sdkMsg: now time:1562895780  timestamp:1562895750 
07-12 09:43:00.230 2261-2275/? I/sdkMsg: time between:30  device lost timeout :60 
07-12 09:43:00.230 2261-2275/? I/sdkMsg:  00 
07-12 09:43:00.230 2261-2275/? I/sdkMsg:  12 
07-12 09:43:00.230 2261-2275/? I/sdkMsg:  4b 
07-12 09:43:00.230 2261-2275/? I/sdkMsg:  00 
07-12 09:43:00.230 2261-2275/? I/sdkMsg:  0c 
07-12 09:43:00.230 2261-2275/? I/sdkMsg:  86 
07-12 09:43:00.230 2261-2275/? I/sdkMsg:  0d 
07-12 09:43:00.230 2261-2275/? I/sdkMsg:  35 
07-12 09:43:00.260 2872-2872/? D/dalvikvm: GC_FOR_ALLOC freed <1K, 37% free 16221K/25632K, paused 46ms, total 46ms
07-12 09:43:00.280 2872-12242/? D/com.qihancloud.usher/WelcomeService.checkRobotSate(Line:296): pir mLastInfraredRayDistances.get(part):5
07-12 09:43:00.290 2872-12242/? D/com.qihancloud.usher/WelcomeService$3$1.run(Line:158):  :part 1 distance: 5红外线检测类型 0
07-12 09:43:00.290 2872-2883/? D/com.qihancloud.usher/WelcomeService.hasPeople(Line:321): infrared ray is ROBOT_STATE_NONE, so set boolean_pir = false
07-12 09:43:00.300 2872-12242/? D/com.qihancloud.usher/WelcomeService.checkRobotSate(Line:296): pir mLastInfraredRayDistances.get(part):20
07-12 09:43:00.320 900-1203/? E/pgq: [{client=com.qihancloud.usher.activity.AnimationActivity, functionId=com.qihancloud.usher, heart_beat=true, thread=[id: 0xc87d2bcc, L:/127.0.0.1:12000 - R:/127.0.0.1:51216]}]
07-12 09:43:00.330 2872-2876/? D/dalvikvm: GC_CONCURRENT freed 661K, 37% free 16250K/25632K, paused 6ms+22ms, total 70ms
07-12 09:43:00.340 2872-12242/? D/com.qihancloud.usher/WelcomeService$3$1.run(Line:158):  :part 2 distance: 20红外线检测类型 0
07-12 09:43:00.350 2872-2883/? D/com.qihancloud.usher/WelcomeService.hasPeople(Line:324): ***********倒计时结束，pir rec *falsetrue
07-12 09:43:00.360 2872-2872/? D/com.qihancloud.usher/WelcomeService$PirListener.onPIRCheckResult(Line:700): PIR  part: 1 is activated: truecom.qihancloud.usher.service.WelcomeService$PirListener@41ad63b8
07-12 09:43:00.370 2872-2883/? D/com.qihancloud.usher/WelcomeService$6.onFinish(Line:240): try to start welcome: COUNT DOWN TIMER
07-12 09:43:00.370 2872-2872/? D/com.qihancloud.usher/WelcomeService$PirListener.onPIRCheckResult(Line:708): try to start welcome: PIR
07-12 09:43:00.380 2872-2883/? D/com.qihancloud.usher/WelcomeService$6.onFinish(Line:238): com.qihancloud.usher.service.WelcomeService$6@425bc030倒计时结束，判断是否可以继续******每次倒计时时间*********0
07-12 09:43:00.390 2872-2883/? D/com.qihancloud.usher/WelcomeService.hasPeople(Line:321): infrared ray is ROBOT_STATE_NONE, so set boolean_pir = false
07-12 09:43:00.400 2872-2883/? D/com.qihancloud.usher/WelcomeService.hasPeople(Line:324): ***********倒计时结束，pir rec *falsetrue
07-12 09:43:00.410 2872-2883/? D/com.qihancloud.usher/WelcomeService$6.onFinish(Line:240): try to start welcome: COUNT DOWN TIMER
07-12 09:43:00.410 2872-2883/? D/usher: com.qihancloud.usher.service.WelcomeService@41aac390checkStartWelcomeTask() start welcome task: 欢迎光临!我如果任何事然后短发撒撒
07-12 09:43:00.410 2872-2883/? D/usher: com.qihancloud.usher.service.WelcomeService@41aac390checkStartWelcomeTask() start welcome task: 欢迎光临!我如果任何事然后短发撒撒
07-12 09:43:00.420 2872-2883/? D/usher: com.qihancloud.usher.service.WelcomeService@41aac390checkStartWelcomeTask() start welcome task: 欢迎光临!我如果任何事然后短发撒撒
07-12 09:43:00.420 2872-2883/? D/usher: com.qihancloud.usher.service.WelcomeService@41aac390checkStartWelcomeTask() start welcome task: 欢迎光临!我如果任何事然后短发撒撒
07-12 09:43:00.420 2872-2883/? D/usher: com.qihancloud.usher.service.WelcomeService@41aac390checkStartWelcomeTask() start welcome task: 欢迎光临!我如果任何事然后短发撒撒
07-12 09:43:00.420 2872-2883/? D/usher: com.qihancloud.usher.service.WelcomeService@41aac390checkStartWelcomeTask() start welcome task: 欢迎光临!我如果任何事然后短发撒撒
07-12 09:43:00.420 2872-2883/? D/usher: com.qihancloud.usher.service.WelcomeService@41aac390checkStartWelcomeTask() start welcome task: 欢迎光临!我如果任何事然后短发撒撒
07-12 09:43:00.420 2872-2883/? D/usher: com.qihancloud.usher.service.WelcomeService@41aac390checkStartWelcomeTask() start welcome task: 欢迎光临!我如果任何事然后短发撒撒
07-12 09:43:00.430 2872-2883/? D/usher: com.qihancloud.usher.service.WelcomeService@41aac390checkStartWelcomeTask() start welcome task: 欢迎光临!我如果任何事然后短发撒撒
07-12 09:43:00.430 2872-2883/? D/usher: com.qihancloud.usher.service.WelcomeService@41aac390checkStartWelcomeTask() start welcome task: 欢迎光临!我如果任何事然后短发撒撒
07-12 09:43:00.430 2872-2883/? D/usher: com.qihancloud.usher.service.WelcomeService@41aac390checkStartWelcomeTask() start welcome task: 欢迎光临!我如果任何事然后短发撒撒
07-12 09:43:00.430 2872-2883/? D/usher: com.qihancloud.usher.service.WelcomeService@41aac390checkStartWelcomeTask() start welcome task: 欢迎光临!我如果任何事然后短发撒撒
07-12 09:43:00.430 2872-2883/? D/usher: com.qihancloud.usher.service.WelcomeService@41aac390checkStartWelcomeTask() start welcome task: 欢迎光临!我如果任何事然后短发撒撒
07-12 09:43:00.430 2872-2883/? D/usher: com.qihancloud.usher.service.WelcomeService@41aac390checkStartWelcomeTask() start welcome task: 欢迎光临!我如果任何事然后短发撒撒
07-12 09:43:00.430 2872-2883/? D/usher: com.qihancloud.usher.service.WelcomeService@41aac390checkStartWelcomeTask() start welcome task: 欢迎光临!我如果任何事然后短发撒撒
07-12 09:43:00.440 2872-2883/? D/usher: com.qihancloud.usher.service.WelcomeService@41aac390checkStartWelcomeTask() start welcome task: 欢迎光临!我如果任何事然后短发撒撒
07-12 09:43:00.440 2872-2883/? D/usher: com.qihancloud.usher.service.WelcomeService@41aac390checkStartWelcomeTask() start welcome task: 欢迎光临!我如果任何事然后短发撒撒
07-12 09:43:00.440 2872-2883/? D/usher: com.qihancloud.usher.service.WelcomeService@41aac390checkStartWelcomeTask() start welcome task: 欢迎光临!我如果任何事然后短发撒撒
07-12 09:43:00.450 2872-2883/? D/usher: com.qihancloud.usher.service.WelcomeService@41aac390checkStartWelcomeTask() start welcome task: 欢迎光临!我如果任何事然后短发撒撒
07-12 09:43:00.450 2872-2883/? D/usher: com.qihancloud.usher.service.WelcomeService@41aac390checkStartWelcomeTask() start welcome task: 欢迎光临!我如果任何事然后短发撒撒
07-12 09:43:00.450 2872-2883/? D/usher: com.qihancloud.usher.service.WelcomeService@41aac390checkStartWelcomeTask() start welcome task: 欢迎光临!我如果任何事然后短发撒撒
07-12 09:43:00.460 2872-2883/? D/usher: com.qihancloud.usher.service.WelcomeService@41aac390checkStartWelcomeTask() start welcome task: 欢迎光临!我如果任何事然后短发撒撒
07-12 09:43:00.460 2872-2956/? D/com.qihancloud.usher/FrameAnimation.run(Line:263):  FrameAnimation run1 --> runner  mIsThreadRunning:true
07-12 09:43:00.460 2872-2883/? D/usher: com.qihancloud.usher.service.WelcomeService@41aac390checkStartWelcomeTask() start welcome task: 欢迎光临!我如果任何事然后短发撒撒
07-12 09:43:00.460 2872-2883/? D/usher: com.qihancloud.usher.service.WelcomeService@41aac390checkStartWelcomeTask() start welcome task: 欢迎光临!我如果任何事然后短发撒撒
07-12 09:43:00.460 2872-2883/? D/usher: com.qihancloud.usher.service.WelcomeService@41aac390checkStartWelcomeTask() start welcome task: 欢迎光临!我如果任何事然后短发撒撒
07-12 09:43:00.460 2872-2883/? D/usher: com.qihancloud.usher.service.WelcomeService@41aac390checkStartWelcomeTask() start welcome task: 欢迎光临!我如果任何事然后短发撒撒
07-12 09:43:00.460 2872-2883/? D/usher: com.qihancloud.usher.service.WelcomeService@41aac390checkStartWelcomeTask() start welcome task: 欢迎光临!我如果任何事然后短发撒撒
07-12 09:43:00.460 2872-2883/? D/usher: com.qihancloud.usher.service.WelcomeService@41aac390checkStartWelcomeTask() start welcome task: 欢迎光临!我如果任何事然后短发撒撒
07-12 09:43:00.470 2872-2883/? D/usher: com.qihancloud.usher.service.WelcomeService@41aac390checkStartWelcomeTask() start welcome task: 欢迎光临!我如果任何事然后短发撒撒
07-12 09:43:00.470 2872-2883/? D/usher: com.qihancloud.usher.service.WelcomeService@41aac390checkStartWelcomeTask() start welcome task: 欢迎光临!我如果任何事然后短发撒撒
07-12 09:43:00.470 2872-2883/? D/usher: com.qihancloud.usher.service.WelcomeService@41aac390checkStartWelcomeTask() start welcome task: 欢迎光临!我如果任何事然后短发撒撒
07-12 09:43:00.470 2872-2883/? D/usher: com.qihancloud.usher.service.WelcomeService@41aac390checkStartWelcomeTask() start welcome task: 欢迎光临!我如果任何事然后短发撒撒
07-12 09:43:00.470 2872-2883/? D/usher: com.qihancloud.usher.service.WelcomeService@41aac390checkStartWelcomeTask() start welcome task: 欢迎光临!我如果任何事然后短发撒撒
07-12 09:43:00.470 2872-2883/? D/usher: com.qihancloud.usher.service.WelcomeService@41aac390checkStartWelcomeTask() start welcome task: 欢迎光临!我如果任何事然后短发撒撒
07-12 09:43:00.470 2872-2883/? D/usher: com.qihancloud.usher.service.WelcomeService@41aac390checkStartWelcomeTask() start welcome task: 欢迎光临!我如果任何事然后短发撒撒
07-12 09:43:00.470 2872-2883/? D/usher: com.qihancloud.usher.service.WelcomeService@41aac390checkStartWelcomeTask() start welcome task: 欢迎光临!我如果任何事然后短发撒撒
07-12 09:43:00.470 2872-2883/? D/usher: com.qihancloud.usher.service.WelcomeService@41aac390checkStartWelcomeTask() start welcome task: 欢迎光临!我如果任何事然后短发撒撒
07-12 09:43:00.480 2872-2883/? D/usher: com.qihancloud.usher.service.WelcomeService@41aac390checkStartWelcomeTask() start welcome task: 欢迎光临!我如果任何事然后短发撒撒
07-12 09:43:00.480 2872-2883/? D/usher: com.qihancloud.usher.service.WelcomeService@41aac390checkStartWelcomeTask() start welcome task: 欢迎光临!我如果任何事然后短发撒撒
07-12 09:43:00.480 2872-2883/? D/usher: com.qihancloud.usher.service.WelcomeService@41aac390checkStartWelcomeTask() start welcome task: 欢迎光临!我如果任何事然后短发撒撒
07-12 09:43:00.480 2872-2883/? D/usher: com.qihancloud.usher.service.WelcomeService@41aac390checkStartWelcomeTask() start welcome task: 欢迎光临!我如果任何事然后短发撒撒
07-12 09:43:00.480 2872-2883/? D/usher: com.qihancloud.usher.service.WelcomeService@41aac390checkStartWelcomeTask() start welcome task: 欢迎光临!我如果任何事然后短发撒撒
07-12 09:43:00.480 2872-2883/? D/usher: com.qihancloud.usher.service.WelcomeService@41aac390checkStartWelcomeTask() start welcome task: 欢迎光临!我如果任何事然后短发撒撒
07-12 09:43:00.480 2872-2883/? D/usher: com.qihancloud.usher.service.WelcomeService@41aac390checkStartWelcomeTask() start welcome task: 欢迎光临!我如果任何事然后短发撒撒
07-12 09:43:00.480 2872-2883/? D/usher: com.qihancloud.usher.service.WelcomeService@41aac390checkStartWelcomeTask() start welcome task: 欢迎光临!我如果任何事然后短发撒撒
07-12 09:43:00.480 2872-2883/? D/usher: com.qihancloud.usher.service.WelcomeService@41aac390checkStartWelcomeTask() start welcome task: 欢迎光临!我如果任何事然后短发撒撒
07-12 09:43:00.490 2872-2883/? D/usher: com.qihancloud.usher.service.WelcomeService@41aac390checkStartWelcomeTask() start welcome task: 欢迎光临!我如果任何事然后短发撒撒
07-12 09:43:00.490 2872-2883/? D/usher: com.qihancloud.usher.service.WelcomeService@41aac390checkStartWelcomeTask() start welcome task: 欢迎光临!我如果任何事然后短发撒撒
07-12 09:43:00.490 2872-2883/? D/usher: com.qihancloud.usher.service.WelcomeService@41aac390checkStartWelcomeTask() start welcome task: 欢迎光临!我如果任何事然后短发撒撒
07-12 09:43:00.490 2872-2883/? D/usher: com.qihancloud.usher.service.WelcomeService@41aac390checkStartWelcomeTask() start welcome task: 欢迎光临!我如果任何事然后短发撒撒
07-12 09:43:00.490 2872-2883/? D/usher: com.qihancloud.usher.service.WelcomeService@41aac390checkStartWelcomeTask() start welcome task: 欢迎光临!我如果任何事然后短发撒撒
07-12 09:43:00.490 2872-2883/? D/usher: com.qihancloud.usher.service.WelcomeService@41aac390checkStartWelcomeTask() start welcome task: 欢迎光临!我如果任何事然后短发撒撒
07-12 09:43:00.490 2872-2883/? D/usher: com.qihancloud.usher.service.WelcomeService@41aac390checkStartWelcomeTask() start welcome task: 欢迎光临!我如果任何事然后短发撒撒
07-12 09:43:00.490 2872-2883/? D/usher: com.qihancloud.usher.service.WelcomeService@41aac390checkStartWelcomeTask() start welcome task: 欢迎光临!我如果任何事然后短发撒撒
07-12 09:43:00.490 2872-2883/? D/usher: com.qihancloud.usher.service.WelcomeService@41aac390checkStartWelcomeTask() start welcome task: 欢迎光临!我如果任何事然后短发撒撒
07-12 09:43:00.500 2872-2883/? D/usher: com.qihancloud.usher.service.WelcomeService@41aac390checkStartWelcomeTask() start welcome task: 欢迎光临!我如果任何事然后短发撒撒
