07-12 09:43:00.500 2872-2883/? D/usher: com.qihancloud.usher.service.WelcomeService@41aac390checkStartWelcomeTask() start welcome task: 欢迎光临!我如果任何事然后短发撒撒
07-12 09:43:00.500 2872-2883/? D/usher: com.qihancloud.usher.service.WelcomeService@41aac390checkStartWelcomeTask() start welcome task: 欢迎光临!我如果任何事然后短发撒撒
07-12 09:43:00.500 2872-2883/? D/usher: com.qihancloud.usher.service.WelcomeService@41aac390checkStartWelcomeTask() start welcome task: 欢迎光临!我如果任何事然后短发撒撒
07-12 09:43:00.500 2872-2883/? D/usher: com.qihancloud.usher.service.WelcomeService@41aac390checkStartWelcomeTask() start welcome task: 欢迎光临!我如果任何事然后短发撒撒
07-12 09:43:00.500 2872-2883/? D/usher: com.qihancloud.usher.service.WelcomeService@41aac390checkStartWelcomeTask() start welcome task: 欢迎光临!我如果任何事然后短发撒撒
07-12 09:43:00.500 2872-2883/? D/usher: com.qihancloud.usher.service.WelcomeService@41aac390checkStartWelcomeTask() start welcome task: 欢迎光临!我如果任何事然后短发撒撒
07-12 09:43:00.500 2872-2883/? D/usher: com.qihancloud.usher.service.WelcomeService@41aac390checkStartWelcomeTask() start welcome task: 欢迎光临!我如果任何事然后短发撒撒
07-12 09:43:00.500 2872-2883/? D/usher: com.qihancloud.usher.service.WelcomeService@41aac390checkStartWelcomeTask() start welcome task: 欢迎光临!我如果任何事然后短发撒撒
07-12 09:43:00.500 2872-2883/? D/usher: com.qihancloud.usher.service.WelcomeService@41aac390checkStartWelcomeTask() start welcome task: 欢迎光临!我如果任何事然后短发撒撒
07-12 09:43:00.500 2872-2883/? D/usher: com.qihancloud.usher.service.WelcomeService@41aac390checkStartWelcomeTask() start welcome task: 欢迎光临!我如果任何事然后短发撒撒
07-12 09:43:00.510 2872-2883/? D/usher: com.qihancloud.usher.service.WelcomeService@41aac390checkStartWelcomeTask() start welcome task: 欢迎光临!我如果任何事然后短发撒撒
07-12 09:43:00.510 2872-2883/? D/usher: com.qihancloud.usher.service.WelcomeService@41aac390checkStartWelcomeTask() start welcome task: 欢迎光临!我如果任何事然后短发撒撒
07-12 09:43:00.510 2872-2883/? D/usher: com.qihancloud.usher.service.WelcomeService@41aac390checkStartWelcomeTask() start welcome task: 欢迎光临!我如果任何事然后短发撒撒
07-12 09:43:00.510 2872-2883/? D/usher: com.qihancloud.usher.service.WelcomeService@41aac390checkStartWelcomeTask() start welcome task: 欢迎光临!我如果任何事然后短发撒撒
07-12 09:43:00.510 2872-2883/? D/usher: com.qihancloud.usher.service.WelcomeService@41aac390checkStartWelcomeTask() start welcome task: 欢迎光临!我如果任何事然后短发撒撒
07-12 09:43:00.510 2872-2883/? D/usher: com.qihancloud.usher.service.WelcomeService@41aac390checkStartWelcomeTask() start welcome task: 欢迎光临!我如果任何事然后短发撒撒
07-12 09:43:00.510 2872-2883/? D/usher: com.qihancloud.usher.service.WelcomeService@41aac390checkStartWelcomeTask() start welcome task: 欢迎光临!我如果任何事然后短发撒撒
07-12 09:43:00.510 2872-2883/? D/usher: com.qihancloud.usher.service.WelcomeService@41aac390checkStartWelcomeTask() start welcome task: 欢迎光临!我如果任何事然后短发撒撒
07-12 09:43:00.510 2872-2883/? D/usher: com.qihancloud.usher.service.WelcomeService@41aac390checkStartWelcomeTask() start welcome task: 欢迎光临!我如果任何事然后短发撒撒
07-12 09:43:00.520 2872-2883/? D/usher: com.qihancloud.usher.service.WelcomeService@41aac390checkStartWelcomeTask() start welcome task: 欢迎光临!我如果任何事然后短发撒撒
07-12 09:43:00.520 2872-2883/? D/usher: com.qihancloud.usher.service.WelcomeService@41aac390checkStartWelcomeTask() start welcome task: 欢迎光临!我如果任何事然后短发撒撒
07-12 09:43:00.520 2872-2883/? D/usher: com.qihancloud.usher.service.WelcomeService@41aac390checkStartWelcomeTask() start welcome task: 欢迎光临!我如果任何事然后短发撒撒
07-12 09:43:00.520 2872-2883/? D/usher: com.qihancloud.usher.service.WelcomeService@41aac390checkStartWelcomeTask() start welcome task: 欢迎光临!我如果任何事然后短发撒撒
07-12 09:43:00.520 2872-2883/? D/usher: com.qihancloud.usher.service.WelcomeService@41aac390checkStartWelcomeTask() start welcome task: 欢迎光临!我如果任何事然后短发撒撒
07-12 09:43:00.520 2872-2883/? D/usher: com.qihancloud.usher.service.WelcomeService@41aac390checkStartWelcomeTask() start welcome task: 欢迎光临!我如果任何事然后短发撒撒
07-12 09:43:00.520 2872-2883/? D/usher: com.qihancloud.usher.service.WelcomeService@41aac390checkStartWelcomeTask() start welcome task: 欢迎光临!我如果任何事然后短发撒撒
07-12 09:43:00.520 2872-2883/? D/usher: com.qihancloud.usher.service.WelcomeService@41aac390checkStartWelcomeTask() start welcome task: 欢迎光临!我如果任何事然后短发撒撒
07-12 09:43:00.520 2872-2883/? D/usher: com.qihancloud.usher.service.WelcomeService@41aac390checkStartWelcomeTask() start welcome task: 欢迎光临!我如果任何事然后短发撒撒
07-12 09:43:00.520 2872-2883/? D/usher: com.qihancloud.usher.service.WelcomeService@41aac390checkStartWelcomeTask() start welcome task: 欢迎光临!我如果任何事然后短发撒撒
07-12 09:43:00.530 2872-2883/? D/usher: com.qihancloud.usher.service.WelcomeService@41aac390checkStartWelcomeTask() start welcome task: 欢迎光临!我如果任何事然后短发撒撒
07-12 09:43:00.530 2872-2883/? D/usher: com.qihancloud.usher.service.WelcomeService@41aac390checkStartWelcomeTask() start welcome task: 欢迎光临!我如果任何事然后短发撒撒
07-12 09:43:00.530 2872-2883/? D/usher: com.qihancloud.usher.service.WelcomeService@41aac390checkStartWelcomeTask() start welcome task: 欢迎光临!我如果任何事然后短发撒撒
07-12 09:43:00.530 2872-2883/? D/usher: com.qihancloud.usher.service.WelcomeService@41aac390checkStartWelcomeTask() start welcome task: 欢迎光临!我如果任何事然后短发撒撒
07-12 09:43:00.530 2872-2883/? D/usher: com.qihancloud.usher.service.WelcomeService@41aac390checkStartWelcomeTask() start welcome task: 欢迎光临!我如果任何事然后短发撒撒
07-12 09:43:00.530 2872-2883/? D/usher: com.qihancloud.usher.service.WelcomeService@41aac390checkStartWelcomeTask() start welcome task: 欢迎光临!我如果任何事然后短发撒撒
07-12 09:43:00.530 2872-2883/? D/usher: com.qihancloud.usher.service.WelcomeService@41aac390checkStartWelcomeTask() start welcome task: 欢迎光临!我如果任何事然后短发撒撒
07-12 09:43:00.530 2872-2883/? D/usher: com.qihancloud.usher.service.WelcomeService@41aac390checkStartWelcomeTask() start welcome task: 欢迎光临!我如果任何事然后短发撒撒
07-12 09:43:00.530 2872-2883/? D/usher: com.qihancloud.usher.service.WelcomeService@41aac390checkStartWelcomeTask() start welcome task: 欢迎光临!我如果任何事然后短发撒撒
07-12 09:43:00.530 2872-2872/? D/com.qihancloud.usher/WelcomeService$6.onFinish(Line:238): com.qihancloud.usher.service.WelcomeService$6@425bc030倒计时结束，判断是否可以继续******每次倒计时时间*********0
07-12 09:43:00.540 2872-2872/? D/com.qihancloud.usher/WelcomeService.hasPeople(Line:321): infrared ray is ROBOT_STATE_NONE, so set boolean_pir = false
07-12 09:43:00.540 2872-2884/? E/com.qihancloud.usher/WelcomeService$4.recognizeResult(Line:182): face list.size1
07-12 09:43:00.540 2872-2872/? D/com.qihancloud.usher/WelcomeService.hasPeople(Line:324): ***********倒计时结束，pir rec *falsetrue
07-12 09:43:00.550 2872-2884/? D/com.qihancloud.usher/WelcomeService$4.recognizeResult(Line:188): try to start welcome: FACE
07-12 09:43:00.550 2872-2872/? D/com.qihancloud.usher/WelcomeService$6.onFinish(Line:240): try to start welcome: COUNT DOWN TIMER
07-12 09:43:00.550 2872-2872/? D/usher: com.qihancloud.usher.service.WelcomeService@41aac390checkStartWelcomeTask() start welcome task: 欢迎光临!我如果任何事然后短发撒撒
07-12 09:43:00.550 2872-2884/? D/com.qihancloud.usher/WelcomeService$6.onFinish(Line:238): com.qihancloud.usher.service.WelcomeService$6@425bc030倒计时结束，判断是否可以继续******每次倒计时时间*********0
07-12 09:43:00.560 2872-12242/? D/com.qihancloud.usher/WelcomeService.checkRobotSate(Line:296): pir mLastInfraredRayDistances.get(part):5
07-12 09:43:00.560 2872-2884/? D/com.qihancloud.usher/WelcomeService.hasPeople(Line:321): infrared ray is ROBOT_STATE_NONE, so set boolean_pir = false
07-12 09:43:00.570 2872-12242/? D/com.qihancloud.usher/WelcomeService$3$1.run(Line:158):  :part 1 distance: 5红外线检测类型 0
07-12 09:43:00.570 2872-2884/? D/com.qihancloud.usher/WelcomeService.hasPeople(Line:324): ***********倒计时结束，pir rec *falsetrue
07-12 09:43:00.570 2872-12242/? D/com.qihancloud.usher/WelcomeService.checkRobotSate(Line:296): pir mLastInfraredRayDistances.get(part):20
07-12 09:43:00.580 2872-2884/? D/com.qihancloud.usher/WelcomeService$6.onFinish(Line:240): try to start welcome: COUNT DOWN TIMER
07-12 09:43:00.580 2872-2884/? D/com.qihancloud.usher/WelcomeService$6.onFinish(Line:238): com.qihancloud.usher.service.WelcomeService$6@425bc030倒计时结束，判断是否可以继续******每次倒计时时间*********0
07-12 09:43:00.580 2872-12242/? D/com.qihancloud.usher/WelcomeService$3$1.run(Line:158):  :part 2 distance: 20红外线检测类型 0
07-12 09:43:00.590 2872-2884/? D/com.qihancloud.usher/WelcomeService.hasPeople(Line:321): infrared ray is ROBOT_STATE_NONE, so set boolean_pir = false
07-12 09:43:00.600 2872-2884/? D/com.qihancloud.usher/WelcomeService.hasPeople(Line:324): ***********倒计时结束，pir rec *falsetrue
07-12 09:43:00.600 2872-2884/? D/com.qihancloud.usher/WelcomeService$6.onFinish(Line:240): try to start welcome: COUNT DOWN TIMER
07-12 09:43:00.600 2872-12242/? D/com.qihancloud.usher/WelcomeService.checkRobotSate(Line:296): pir mLastInfraredRayDistances.get(part):5
07-12 09:43:00.610 2872-12242/? D/com.qihancloud.usher/WelcomeService$3$1.run(Line:158):  :part 1 distance: 5红外线检测类型 0
07-12 09:43:00.610 2872-2884/? D/com.qihancloud.usher/WelcomeService$6.onFinish(Line:238): com.qihancloud.usher.service.WelcomeService$6@425bc030倒计时结束，判断是否可以继续******每次倒计时时间*********0
07-12 09:43:00.620 2872-2884/? D/com.qihancloud.usher/WelcomeService.hasPeople(Line:321): infrared ray is ROBOT_STATE_NONE, so set boolean_pir = false
07-12 09:43:00.620 2872-12242/? D/com.qihancloud.usher/WelcomeService.checkRobotSate(Line:296): pir mLastInfraredRayDistances.get(part):20
07-12 09:43:00.690 2872-2956/? D/dalvikvm: GC_FOR_ALLOC freed 12574K, 58% free 7134K/16628K, paused 64ms, total 64ms
07-12 09:43:00.720 2872-2956/? I/dalvikvm-heap: Grow heap (frag case) to 15.777MB for 9216016-byte allocation
07-12 09:43:00.770 2872-2872/? D/dalvikvm: GC_FOR_ALLOC freed 1K, 38% free 16132K/25632K, paused 48ms, total 48ms
07-12 09:43:00.780 2872-12242/? D/com.qihancloud.usher/WelcomeService$3$1.run(Line:158):  :part 2 distance: 20红外线检测类型 0
07-12 09:43:00.790 2872-2884/? D/com.qihancloud.usher/WelcomeService.hasPeople(Line:324): ***********倒计时结束，pir rec *falsetrue
07-12 09:43:00.800 2872-2884/? D/com.qihancloud.usher/WelcomeService$6.onFinish(Line:240): try to start welcome: COUNT DOWN TIMER
07-12 09:43:00.800 2872-12242/? D/com.qihancloud.usher/WelcomeService.checkRobotSate(Line:296): pir mLastInfraredRayDistances.get(part):5
07-12 09:43:00.810 2872-2884/? D/com.qihancloud.usher/WelcomeService$6.onFinish(Line:238): com.qihancloud.usher.service.WelcomeService$6@425bc030倒计时结束，判断是否可以继续******每次倒计时时间*********0
07-12 09:43:00.810 2872-12242/? D/com.qihancloud.usher/WelcomeService$3$1.run(Line:158):  :part 1 distance: 5红外线检测类型 0
07-12 09:43:00.820 2872-12242/? D/com.qihancloud.usher/WelcomeService.checkRobotSate(Line:296): pir mLastInfraredRayDistances.get(part):20
07-12 09:43:00.820 2872-2884/? D/com.qihancloud.usher/WelcomeService.hasPeople(Line:321): infrared ray is ROBOT_STATE_NONE, so set boolean_pir = false
07-12 09:43:00.860 2872-12242/? D/com.qihancloud.usher/WelcomeService$3$1.run(Line:158):  :part 2 distance: 20红外线检测类型 0
07-12 09:43:00.860 2872-2876/? D/dalvikvm: GC_CONCURRENT freed 682K, 37% free 16222K/25632K, paused 6ms+21ms, total 82ms
07-12 09:43:00.860 2872-2884/? D/com.qihancloud.usher/WelcomeService.hasPeople(Line:324): ***********倒计时结束，pir rec *falsetrue
07-12 09:43:00.870 2872-12242/? D/com.qihancloud.usher/WelcomeService.checkRobotSate(Line:296): pir mLastInfraredRayDistances.get(part):5
07-12 09:43:00.870 2872-2884/? D/com.qihancloud.usher/WelcomeService$6.onFinish(Line:240): try to start welcome: COUNT DOWN TIMER
07-12 09:43:00.880 2872-12242/? D/com.qihancloud.usher/WelcomeService$3$1.run(Line:158):  :part 1 distance: 5红外线检测类型 0
07-12 09:43:00.880 2872-2884/? D/com.qihancloud.usher/WelcomeService$6.onFinish(Line:238): com.qihancloud.usher.service.WelcomeService$6@425bc030倒计时结束，判断是否可以继续******每次倒计时时间*********0
07-12 09:43:00.890 2872-12242/? D/com.qihancloud.usher/WelcomeService.checkRobotSate(Line:296): pir mLastInfraredRayDistances.get(part):20
07-12 09:43:00.890 2872-2884/? D/com.qihancloud.usher/WelcomeService.hasPeople(Line:321): infrared ray is ROBOT_STATE_NONE, so set boolean_pir = false
07-12 09:43:00.890 2872-12242/? D/com.qihancloud.usher/WelcomeService$3$1.run(Line:158):  :part 2 distance: 20红外线检测类型 0
07-12 09:43:00.890 2872-2884/? D/com.qihancloud.usher/WelcomeService.hasPeople(Line:324): ***********倒计时结束，pir rec *falsetrue
07-12 09:43:00.900 2872-2884/? D/com.qihancloud.usher/WelcomeService$6.onFinish(Line:240): try to start welcome: COUNT DOWN TIMER
07-12 09:43:00.910 2872-12242/? D/com.qihancloud.usher/WelcomeService.checkRobotSate(Line:296): pir mLastInfraredRayDistances.get(part):5
07-12 09:43:00.910 2872-2884/? D/com.qihancloud.usher/WelcomeService$6.onFinish(Line:238): com.qihancloud.usher.service.WelcomeService$6@425bc030倒计时结束，判断是否可以继续******每次倒计时时间*********0
07-12 09:43:00.920 2872-12242/? D/com.qihancloud.usher/WelcomeService$3$1.run(Line:158):  :part 1 distance: 5红外线检测类型 0
07-12 09:43:00.920 2872-2884/? D/com.qihancloud.usher/WelcomeService.hasPeople(Line:321): infrared ray is ROBOT_STATE_NONE, so set boolean_pir = false
07-12 09:43:00.920 2872-12242/? D/com.qihancloud.usher/WelcomeService.checkRobotSate(Line:296): pir mLastInfraredRayDistances.get(part):20
07-12 09:43:00.930 2872-2884/? D/com.qihancloud.usher/WelcomeService.hasPeople(Line:324): ***********倒计时结束，pir rec *falsetrue
07-12 09:43:00.930 2872-12242/? D/com.qihancloud.usher/WelcomeService$3$1.run(Line:158):  :part 2 distance: 20红外线检测类型 0
07-12 09:43:00.940 2872-2884/? D/com.qihancloud.usher/WelcomeService$6.onFinish(Line:240): try to start welcome: COUNT DOWN TIMER
07-12 09:43:00.940 2872-2884/? D/com.qihancloud.usher/WelcomeService$6.onFinish(Line:238): com.qihancloud.usher.service.WelcomeService$6@425bc030倒计时结束，判断是否可以继续******每次倒计时时间*********0
07-12 09:43:00.950 2872-12242/? D/com.qihancloud.usher/WelcomeService.checkRobotSate(Line:296): pir mLastInfraredRayDistances.get(part):5
07-12 09:43:00.950 2872-2884/? D/com.qihancloud.usher/WelcomeService.hasPeople(Line:321): infrared ray is ROBOT_STATE_NONE, so set boolean_pir = false
07-12 09:43:00.950 2872-12242/? D/com.qihancloud.usher/WelcomeService$3$1.run(Line:158):  :part 1 distance: 5红外线检测类型 0
07-12 09:43:00.950 2872-2884/? D/com.qihancloud.usher/WelcomeService.hasPeople(Line:324): ***********倒计时结束，pir rec *falsetrue
07-12 09:43:00.960 2872-12242/? D/com.qihancloud.usher/WelcomeService.checkRobotSate(Line:296): pir mLastInfraredRayDistances.get(part):20
07-12 09:43:00.960 2872-2884/? D/com.qihancloud.usher/WelcomeService$6.onFinish(Line:240): try to start welcome: COUNT DOWN TIMER
07-12 09:43:00.970 2872-12242/? D/com.qihancloud.usher/WelcomeService$3$1.run(Line:158):  :part 2 distance: 20红外线检测类型 0
07-12 09:43:00.970 2872-2884/? D/com.qihancloud.usher/WelcomeService$6.onFinish(Line:238): com.qihancloud.usher.service.WelcomeService$6@425bc030倒计时结束，判断是否可以继续******每次倒计时时间*********0
07-12 09:43:00.980 2872-2956/? D/com.qihancloud.usher/FrameAnimation.run(Line:263):  FrameAnimation run1 --> runner  mIsThreadRunning:true
07-12 09:43:00.980 2872-2884/? D/com.qihancloud.usher/WelcomeService.hasPeople(Line:321): infrared ray is ROBOT_STATE_NONE, so set boolean_pir = false
07-12 09:43:00.990 2872-2884/? D/com.qihancloud.usher/WelcomeService.hasPeople(Line:324): ***********倒计时结束，pir rec *falsetrue
07-12 09:43:00.990 2872-2884/? D/com.qihancloud.usher/WelcomeService$6.onFinish(Line:240): try to start welcome: COUNT DOWN TIMER
07-12 09:43:01.000 2872-2884/? D/com.qihancloud.usher/WelcomeService$6.onFinish(Line:238): com.qihancloud.usher.service.WelcomeService$6@425bc030倒计时结束，判断是否可以继续******每次倒计时时间*********0
07-12 09:43:01.010 2872-2884/? D/com.qihancloud.usher/WelcomeService.hasPeople(Line:321): infrared ray is ROBOT_STATE_NONE, so set boolean_pir = false
07-12 09:43:01.010 2872-12242/? D/com.qihancloud.usher/WelcomeService.checkRobotSate(Line:296): pir mLastInfraredRayDistances.get(part):5
07-12 09:43:01.020 2872-2884/? D/com.qihancloud.usher/WelcomeService.hasPeople(Line:324): ***********倒计时结束，pir rec *falsetrue
07-12 09:43:01.020 2872-12242/? D/com.qihancloud.usher/WelcomeService$3$1.run(Line:158):  :part 1 distance: 5红外线检测类型 0
07-12 09:43:01.020 2872-12242/? D/com.qihancloud.usher/WelcomeService.checkRobotSate(Line:296): pir mLastInfraredRayDistances.get(part):20
07-12 09:43:01.020 2872-2884/? D/com.qihancloud.usher/WelcomeService$6.onFinish(Line:240): try to start welcome: COUNT DOWN TIMER
07-12 09:43:01.030 2872-12242/? D/com.qihancloud.usher/WelcomeService$3$1.run(Line:158):  :part 2 distance: 20红外线检测类型 0
07-12 09:43:01.030 2872-2884/? D/com.qihancloud.usher/WelcomeService$6.onFinish(Line:238): com.qihancloud.usher.service.WelcomeService$6@425bc030倒计时结束，判断是否可以继续******每次倒计时时间*********0
07-12 09:43:01.040 2872-2884/? D/com.qihancloud.usher/WelcomeService.hasPeople(Line:321): infrared ray is ROBOT_STATE_NONE, so set boolean_pir = false
07-12 09:43:01.040 2872-12242/? D/com.qihancloud.usher/WelcomeService.checkRobotSate(Line:296): pir mLastInfraredRayDistances.get(part):5
07-12 09:43:01.070 2872-12242/? D/com.qihancloud.usher/WelcomeService$3$1.run(Line:158):  :part 1 distance: 5红外线检测类型 0
07-12 09:43:01.070 2872-2884/? D/com.qihancloud.usher/WelcomeService.hasPeople(Line:324): ***********倒计时结束，pir rec *falsetrue
07-12 09:43:01.080 2872-12242/? D/com.qihancloud.usher/WelcomeService.checkRobotSate(Line:296): pir mLastInfraredRayDistances.get(part):20
07-12 09:43:01.090 2872-12242/? D/com.qihancloud.usher/WelcomeService$3$1.run(Line:158):  :part 2 distance: 20红外线检测类型 0
07-12 09:43:01.100 472-883/? D/dalvikvm: GC_EXPLICIT freed 1078K, 22% free 6695K/8544K, paused 3ms+6ms, total 65ms
07-12 09:43:01.100 2872-2884/? D/com.qihancloud.usher/WelcomeService$6.onFinish(Line:240): try to start welcome: COUNT DOWN TIMER
07-12 09:43:01.110 2872-12242/? D/com.qihancloud.usher/WelcomeService.checkRobotSate(Line:296): pir mLastInfraredRayDistances.get(part):null
07-12 09:43:01.170 2872-2876/? D/dalvikvm: GC_CONCURRENT freed 14621K, 59% free 6861K/16628K, paused 8ms+14ms, total 82ms
07-12 09:43:01.170 2872-2872/? D/dalvikvm: WAIT_FOR_CONCURRENT_GC blocked 61ms
07-12 09:43:01.170 2872-2884/? D/dalvikvm: WAIT_FOR_CONCURRENT_GC blocked 60ms
07-12 09:43:01.170 2872-12242/? D/dalvikvm: WAIT_FOR_CONCURRENT_GC blocked 60ms
07-12 09:43:01.220 2872-2956/? D/dalvikvm: GC_FOR_ALLOC freed 189K, 59% free 6817K/16628K, paused 48ms, total 48ms
07-12 09:43:01.230 2261-2275/? I/sdkMsg: Gw_onlineDevicesPolling
07-12 09:43:01.230 2261-2275/? I/sdkMsg: now time:1562895781  timestamp:1562895750 
07-12 09:43:01.230 2261-2275/? I/sdkMsg: time between:31  device lost timeout :60 
07-12 09:43:01.230 2261-2275/? I/sdkMsg:  00 
07-12 09:43:01.230 2261-2275/? I/sdkMsg:  12 
07-12 09:43:01.230 2261-2275/? I/sdkMsg:  4b 
07-12 09:43:01.230 2261-2275/? I/sdkMsg:  00 
07-12 09:43:01.230 2261-2275/? I/sdkMsg:  0c 
07-12 09:43:01.230 2261-2275/? I/sdkMsg:  86 
07-12 09:43:01.230 2261-2275/? I/sdkMsg:  0d 
07-12 09:43:01.230 2261-2275/? I/sdkMsg:  35 
07-12 09:43:01.260 2872-2956/? I/dalvikvm-heap: Grow heap (frag case) to 15.467MB for 9216016-byte allocation
07-12 09:43:01.280 1102-2449/? D/dalvikvm: GC_FOR_ALLOC freed 1424K, 52% free 3800K/7856K, paused 22ms, total 22ms
07-12 09:43:01.310 2872-2872/? D/dalvikvm: GC_FOR_ALLOC freed <1K, 39% free 15817K/25632K, paused 48ms, total 48ms
07-12 09:43:01.320 2872-12242/? D/com.qihancloud.usher/WelcomeService$3$1.run(Line:158):  :part 5 distance: 22红外线检测类型 0
07-12 09:43:01.320 2872-2884/? D/com.qihancloud.usher/WelcomeService$6.onFinish(Line:238): com.qihancloud.usher.service.WelcomeService$6@425bc030倒计时结束，判断是否可以继续******每次倒计时时间*********0
07-12 09:43:01.340 2872-2884/? D/com.qihancloud.usher/WelcomeService.hasPeople(Line:321): infrared ray is ROBOT_STATE_NONE, so set boolean_pir = false
07-12 09:43:01.350 2872-2884/? D/com.qihancloud.usher/WelcomeService.hasPeople(Line:324): ***********倒计时结束，pir rec *falsetrue
07-12 09:43:01.380 2872-2876/? D/dalvikvm: GC_CONCURRENT freed 559K, 39% free 15831K/25632K, paused 5ms+16ms, total 64ms
07-12 09:43:01.380 2872-2884/? D/com.qihancloud.usher/WelcomeService$6.onFinish(Line:240): try to start welcome: COUNT DOWN TIMER
07-12 09:43:01.380 2872-2884/? D/com.qihancloud.usher/WelcomeService$6.onFinish(Line:238): com.qihancloud.usher.service.WelcomeService$6@425bc030倒计时结束，判断是否可以继续******每次倒计时时间*********0
07-12 09:43:01.390 2872-2884/? D/com.qihancloud.usher/WelcomeService.hasPeople(Line:321): infrared ray is ROBOT_STATE_NONE, so set boolean_pir = false
07-12 09:43:01.400 2872-12242/? D/com.qihancloud.usher/WelcomeService.checkRobotSate(Line:296): pir mLastInfraredRayDistances.get(part):5
07-12 09:43:01.400 2872-2884/? D/com.qihancloud.usher/WelcomeService.hasPeople(Line:324): ***********倒计时结束，pir rec *falsetrue
07-12 09:43:01.400 2872-12242/? D/com.qihancloud.usher/WelcomeService$3$1.run(Line:158):  :part 1 distance: 5红外线检测类型 0
07-12 09:43:01.410 2872-2884/? D/com.qihancloud.usher/WelcomeService$6.onFinish(Line:240): try to start welcome: COUNT DOWN TIMER
07-12 09:43:01.420 2872-2884/? D/com.qihancloud.usher/WelcomeService$6.onFinish(Line:238): com.qihancloud.usher.service.WelcomeService$6@425bc030倒计时结束，判断是否可以继续******每次倒计时时间*********0
07-12 09:43:01.420 2872-12242/? D/com.qihancloud.usher/WelcomeService.checkRobotSate(Line:296): pir mLastInfraredRayDistances.get(part):5
07-12 09:43:01.440 2872-12242/? D/com.qihancloud.usher/WelcomeService$3$1.run(Line:158):  :part 1 distance: 5红外线检测类型 0
07-12 09:43:01.440 2872-2884/? D/com.qihancloud.usher/WelcomeService.hasPeople(Line:321): infrared ray is ROBOT_STATE_NONE, so set boolean_pir = false
07-12 09:43:01.450 2872-2884/? D/com.qihancloud.usher/WelcomeService.hasPeople(Line:324): ***********倒计时结束，pir rec *falsetrue
07-12 09:43:01.460 2872-2884/? D/com.qihancloud.usher/WelcomeService$6.onFinish(Line:240): try to start welcome: COUNT DOWN TIMER
07-12 09:43:01.470 2872-2884/? D/com.qihancloud.usher/WelcomeService$6.onFinish(Line:238): com.qihancloud.usher.service.WelcomeService$6@425bc030倒计时结束，判断是否可以继续******每次倒计时时间*********0
07-12 09:43:01.470 2872-12242/? D/com.qihancloud.usher/WelcomeService.checkRobotSate(Line:296): pir mLastInfraredRayDistances.get(part):5
07-12 09:43:01.480 2872-2884/? D/com.qihancloud.usher/WelcomeService.hasPeople(Line:321): infrared ray is ROBOT_STATE_NONE, so set boolean_pir = false
07-12 09:43:01.480 2872-12242/? D/com.qihancloud.usher/WelcomeService$3$1.run(Line:158):  :part 1 distance: 5红外线检测类型 0
07-12 09:43:01.490 2872-2884/? D/com.qihancloud.usher/WelcomeService.hasPeople(Line:324): ***********倒计时结束，pir rec *falsetrue
07-12 09:43:01.490 2872-12242/? D/com.qihancloud.usher/WelcomeService.checkRobotSate(Line:296): pir mLastInfraredRayDistances.get(part):5
07-12 09:43:01.500 2872-2884/? D/com.qihancloud.usher/WelcomeService$6.onFinish(Line:240): try to start welcome: COUNT DOWN TIMER
07-12 09:43:01.500 2872-12242/? D/com.qihancloud.usher/WelcomeService$3$1.run(Line:158):  :part 1 distance: 5红外线检测类型 0
07-12 09:43:01.510 2872-12242/? D/com.qihancloud.usher/WelcomeService.checkRobotSate(Line:296): pir mLastInfraredRayDistances.get(part):20
07-12 09:43:01.510 2872-2884/? D/com.qihancloud.usher/WelcomeService$6.onFinish(Line:238): com.qihancloud.usher.service.WelcomeService$6@425bc030倒计时结束，判断是否可以继续******每次倒计时时间*********0
07-12 09:43:01.510 2872-12242/? D/com.qihancloud.usher/WelcomeService$3$1.run(Line:158):  :part 2 distance: 20红外线检测类型 0
07-12 09:43:01.520 2872-2884/? D/com.qihancloud.usher/WelcomeService.hasPeople(Line:321): infrared ray is ROBOT_STATE_NONE, so set boolean_pir = false
07-12 09:43:01.520 2872-12242/? D/com.qihancloud.usher/WelcomeService.checkRobotSate(Line:296): pir mLastInfraredRayDistances.get(part):5
07-12 09:43:01.530 2872-2884/? D/com.qihancloud.usher/WelcomeService.hasPeople(Line:324): ***********倒计时结束，pir rec *falsetrue
07-12 09:43:01.530 2872-2956/? D/com.qihancloud.usher/FrameAnimation.run(Line:263):  FrameAnimation run1 --> runner  mIsThreadRunning:true
07-12 09:43:01.530 2872-12242/? D/com.qihancloud.usher/WelcomeService$3$1.run(Line:158):  :part 1 distance: 5红外线检测类型 0
07-12 09:43:01.540 2872-2884/? D/com.qihancloud.usher/WelcomeService$6.onFinish(Line:240): try to start welcome: COUNT DOWN TIMER
07-12 09:43:01.540 2872-2884/? D/com.qihancloud.usher/WelcomeService$6.onFinish(Line:238): com.qihancloud.usher.service.WelcomeService$6@425bc030倒计时结束，判断是否可以继续******每次倒计时时间*********0
07-12 09:43:01.550 2872-12242/? D/com.qihancloud.usher/WelcomeService.checkRobotSate(Line:296): pir mLastInfraredRayDistances.get(part):5
07-12 09:43:01.550 2872-12242/? D/com.qihancloud.usher/WelcomeService$3$1.run(Line:158):  :part 1 distance: 5红外线检测类型 0
07-12 09:43:01.550 2872-2884/? D/com.qihancloud.usher/WelcomeService.hasPeople(Line:321): infrared ray is ROBOT_STATE_NONE, so set boolean_pir = false
07-12 09:43:01.560 2872-2884/? D/com.qihancloud.usher/WelcomeService.hasPeople(Line:324): ***********倒计时结束，pir rec *falsetrue
07-12 09:43:01.570 2872-2884/? D/com.qihancloud.usher/WelcomeService$6.onFinish(Line:240): try to start welcome: COUNT DOWN TIMER
07-12 09:43:01.570 2872-2884/? D/com.qihancloud.usher/WelcomeService$6.onFinish(Line:238): com.qihancloud.usher.service.WelcomeService$6@425bc030倒计时结束，判断是否可以继续******每次倒计时时间*********0
07-12 09:43:01.580 2872-2884/? D/com.qihancloud.usher/WelcomeService.hasPeople(Line:321): infrared ray is ROBOT_STATE_NONE, so set boolean_pir = false
07-12 09:43:01.590 2872-2884/? D/com.qihancloud.usher/WelcomeService.hasPeople(Line:324): ***********倒计时结束，pir rec *falsetrue
07-12 09:43:01.600 2872-2884/? D/com.qihancloud.usher/WelcomeService$6.onFinish(Line:240): try to start welcome: COUNT DOWN TIMER
07-12 09:43:01.660 2872-2876/? D/dalvikvm: GC_CONCURRENT freed 14420K, 61% free 6523K/16628K, paused 6ms+5ms, total 67ms
07-12 09:43:01.660 2872-2872/? D/dalvikvm: WAIT_FOR_CONCURRENT_GC blocked 58ms
07-12 09:43:01.660 2872-2884/? D/dalvikvm: WAIT_FOR_CONCURRENT_GC blocked 57ms
07-12 09:43:01.670 2872-2884/? D/com.qihancloud.usher/WelcomeService$6.onFinish(Line:238): com.qihancloud.usher.service.WelcomeService$6@425bc030倒计时结束，判断是否可以继续******每次倒计时时间*********0
07-12 09:43:01.670 2872-2884/? D/com.qihancloud.usher/WelcomeService.hasPeople(Line:321): infrared ray is ROBOT_STATE_NONE, so set boolean_pir = false
07-12 09:43:01.680 2872-2884/? D/com.qihancloud.usher/WelcomeService.hasPeople(Line:324): ***********倒计时结束，pir rec *falsetrue
07-12 09:43:01.680 2872-12242/? D/com.qihancloud.usher/WelcomeService.checkRobotSate(Line:296): pir mLastInfraredRayDistances.get(part):5
07-12 09:43:01.690 2872-12242/? D/com.qihancloud.usher/WelcomeService$3$1.run(Line:158):  :part 1 distance: 5红外线检测类型 0
07-12 09:43:01.690 2872-2884/? D/com.qihancloud.usher/WelcomeService$6.onFinish(Line:240): try to start welcome: COUNT DOWN TIMER
07-12 09:43:01.700 2872-12242/? D/com.qihancloud.usher/WelcomeService.checkRobotSate(Line:296): pir mLastInfraredRayDistances.get(part):20
07-12 09:43:01.750 2872-2956/? D/dalvikvm: GC_FOR_ALLOC freed 1002K, 61% free 6493K/16628K, paused 49ms, total 49ms
07-12 09:43:01.780 2872-2956/? I/dalvikvm-heap: Grow heap (frag case) to 15.151MB for 9216016-byte allocation
07-12 09:43:01.830 2872-2872/? D/dalvikvm: GC_FOR_ALLOC freed <1K, 40% free 15493K/25632K, paused 46ms, total 46ms
07-12 09:43:01.830 2872-2884/? D/com.qihancloud.usher/WelcomeService$6.onFinish(Line:238): com.qihancloud.usher.service.WelcomeService$6@425bc030倒计时结束，判断是否可以继续******每次倒计时时间*********0
07-12 09:43:01.840 2872-12242/? D/com.qihancloud.usher/WelcomeService$3$1.run(Line:158):  :part 2 distance: 20红外线检测类型 0
07-12 09:43:01.850 472-583/? D/PowerManagerService: userActivityNoUpdateLocked: eventTime=693339, event=2, flags=0x0, uid=1000
07-12 09:43:01.850 472-583/? D/PowerManagerService:  yly debug  
                                                    mLastWakeTime=0 (693342 ms ago)
07-12 09:43:01.850 472-583/? D/PowerManagerService: mLastUserActivityTime=693339 (3 ms ago)
07-12 09:43:01.850 2872-2884/? D/com.qihancloud.usher/WelcomeService.hasPeople(Line:321): infrared ray is ROBOT_STATE_NONE, so set boolean_pir = false
07-12 09:43:01.850 472-583/? D/PowerManagerService: mLastUserActivityTimeNoChangeLights=693339 (3 ms ago)
07-12 09:43:01.850 472-583/? D/PowerManagerService: updateUserActivitySummaryLocked: mWakefulness=Awake, mUserActivitySummary=0x1, nextTimeout=705339 (in 11996 ms)
07-12 09:43:01.850 472-583/? D/PowerManagerService: nextTimeout=  705339
                                                     yly debug end
07-12 09:43:01.850 472-583/? D/PowerManagerService: updateScreenStateLocked: mDisplayReady=true, newScreenState=2, mWakefulness=1, mWakeLockSummary=0x23, mUserActivitySummary=0x1, mBootCompleted=true
07-12 09:43:01.850 472-583/? D/PowerManagerService: native user activity trig,the event is 2the flags is 0
07-12 09:43:01.850 472-576/? D/PowerManagerService: handleSandman: canDream=true, mWakefulness=Awake
07-12 09:43:01.850 472-583/? D/PowerManagerService: set askForDim and askForScreenOff to false
07-12 09:43:01.860 2872-2884/? D/com.qihancloud.usher/WelcomeService.hasPeople(Line:324): ***********倒计时结束，pir rec *falsetrue
07-12 09:43:01.890 2872-2872/? E/rejectedExecution: Failed to submit a listener notification task. Event loop shut down?
                                                    java.util.concurrent.RejectedExecutionException: event executor terminated
                                                        at io.netty.util.concurrent.SingleThreadEventExecutor.reject(SingleThreadEventExecutor.java:821)
                                                        at io.netty.util.concurrent.SingleThreadEventExecutor.offerTask(SingleThreadEventExecutor.java:327)
                                                        at io.netty.util.concurrent.SingleThreadEventExecutor.addTask(SingleThreadEventExecutor.java:320)
                                                        at io.netty.util.concurrent.SingleThreadEventExecutor.execute(SingleThreadEventExecutor.java:746)
                                                        at io.netty.util.concurrent.DefaultPromise.safeExecute(DefaultPromise.java:760)
                                                        at io.netty.util.concurrent.DefaultPromise.notifyListeners(DefaultPromise.java:428)
                                                        at io.netty.util.concurrent.DefaultPromise.setFailure(DefaultPromise.java:113)
                                                        at io.netty.channel.DefaultChannelPromise.setFailure(DefaultChannelPromise.java:87)
                                                        at io.netty.channel.AbstractChannelHandlerContext.safeExecute(AbstractChannelHandlerContext.java:1010)
                                                        at io.netty.channel.AbstractChannelHandlerContext.write(AbstractChannelHandlerContext.java:825)
                                                        at io.netty.channel.AbstractChannelHandlerContext.writeAndFlush(AbstractChannelHandlerContext.java:794)
                                                        at io.netty.channel.AbstractChannelHandlerContext.writeAndFlush(AbstractChannelHandlerContext.java:831)
                                                        at io.netty.channel.DefaultChannelPipeline.writeAndFlush(DefaultChannelPipeline.java:1032)
                                                        at io.netty.channel.AbstractChannel.writeAndFlush(AbstractChannel.java:296)
                                                        at com.sanbot.opensdk.utils.socket.ClientSocketUtil.sendData(ClientSocketUtil.kt:106)
                                                        at com.sanbot.opensdk.utils.socket.ClientSocketUtil.sendDataToMainService(ClientSocketUtil.kt:101)
                                                        at com.sanbot.opensdk.base.BindBaseService.asynSend(BindBaseService.kt:348)
                                                        at com.sanbot.opensdk.base.BindBaseService.asynSetCurrentStatus(BindBaseService.kt:307)
                                                        at com.sanbot.opensdk.base.BindBaseService$mainThreadHandler$1.handleMessage(BindBaseService.kt:241)
                                                        at android.os.Handler.dispatchMessage(Handler.java:102)
                                                        at android.os.Looper.loop(Looper.java:136)
                                                        at android.app.ActivityThread.main(ActivityThread.java:5001)
                                                        at java.lang.reflect.Method.invokeNative(Native Method)
                                                        at java.lang.reflect.Method.invoke(Method.java:515)
                                                        at com.android.internal.os.ZygoteInit$MethodAndArgsCaller.run(ZygoteInit.java:736)
                                                        at com.android.internal.os.ZygoteInit.main(ZygoteInit.java:570)
                                                        at dalvik.system.NativeStart.main(Native Method)
07-12 09:43:01.890 2872-2884/? D/com.qihancloud.usher/WelcomeService$6.onFinish(Line:240): try to start welcome: COUNT DOWN TIMER
07-12 09:43:01.890 2872-2876/? D/dalvikvm: GC_CONCURRENT freed 458K, 40% free 15554K/25632K, paused 5ms+16ms, total 64ms
07-12 09:43:01.900 2872-2884/? D/com.qihancloud.usher/WelcomeService$6.onFinish(Line:238): com.qihancloud.usher.service.WelcomeService$6@425bc030倒计时结束，判断是否可以继续******每次倒计时时间*********0
07-12 09:43:01.910 2872-12242/? D/com.qihancloud.usher/WelcomeService.checkRobotSate(Line:296): pir mLastInfraredRayDistances.get(part):5
07-12 09:43:01.910 2872-2884/? D/com.qihancloud.usher/WelcomeService.hasPeople(Line:321): infrared ray is ROBOT_STATE_NONE, so set boolean_pir = false
07-12 09:43:01.910 2872-12242/? D/com.qihancloud.usher/WelcomeService$3$1.run(Line:158):  :part 1 distance: 5红外线检测类型 0
07-12 09:43:01.930 2872-2884/? D/com.qihancloud.usher/WelcomeService.hasPeople(Line:324): ***********倒计时结束，pir rec *falsetrue
07-12 09:43:01.930 2872-2884/? D/com.qihancloud.usher/WelcomeService$6.onFinish(Line:240): try to start welcome: COUNT DOWN TIMER
07-12 09:43:01.940 2872-2884/? D/com.qihancloud.usher/WelcomeService$6.onFinish(Line:238): com.qihancloud.usher.service.WelcomeService$6@425bc030倒计时结束，判断是否可以继续******每次倒计时时间*********0
07-12 09:43:01.950 2872-12242/? D/com.qihancloud.usher/WelcomeService.checkRobotSate(Line:296): pir mLastInfraredRayDistances.get(part):5
07-12 09:43:01.960 2872-12242/? D/com.qihancloud.usher/WelcomeService$3$1.run(Line:158):  :part 1 distance: 5红外线检测类型 0
07-12 09:43:01.960 2872-2884/? D/com.qihancloud.usher/WelcomeService.hasPeople(Line:321): infrared ray is ROBOT_STATE_NONE, so set boolean_pir = false
07-12 09:43:01.960 2872-12242/? D/com.qihancloud.usher/WelcomeService.checkRobotSate(Line:296): pir mLastInfraredRayDistances.get(part):20
07-12 09:43:01.970 2872-2884/? D/com.qihancloud.usher/WelcomeService.hasPeople(Line:324): ***********倒计时结束，pir rec *falsetrue
07-12 09:43:01.970 2872-12242/? D/com.qihancloud.usher/WelcomeService$3$1.run(Line:158):  :part 2 distance: 20红外线检测类型 0
07-12 09:43:01.980 2872-2884/? D/com.qihancloud.usher/WelcomeService$6.onFinish(Line:240): try to start welcome: COUNT DOWN TIMER
07-12 09:43:01.990 2872-2884/? D/com.qihancloud.usher/WelcomeService$6.onFinish(Line:238): com.qihancloud.usher.service.WelcomeService$6@425bc030倒计时结束，判断是否可以继续******每次倒计时时间*********0
07-12 09:43:02.000 2872-2884/? D/com.qihancloud.usher/WelcomeService.hasPeople(Line:321): infrared ray is ROBOT_STATE_NONE, so set boolean_pir = false
07-12 09:43:02.000 2872-12242/? D/com.qihancloud.usher/WelcomeService.checkRobotSate(Line:296): pir mLastInfraredRayDistances.get(part):5
07-12 09:43:02.000 2872-12242/? D/com.qihancloud.usher/WelcomeService$3$1.run(Line:158):  :part 1 distance: 5红外线检测类型 0
07-12 09:43:02.010 2872-2884/? D/com.qihancloud.usher/WelcomeService.hasPeople(Line:324): ***********倒计时结束，pir rec *falsetrue
07-12 09:43:02.010 2872-12242/? D/com.qihancloud.usher/WelcomeService.checkRobotSate(Line:296): pir mLastInfraredRayDistances.get(part):20
07-12 09:43:02.020 2872-2884/? D/com.qihancloud.usher/WelcomeService$6.onFinish(Line:240): try to start welcome: COUNT DOWN TIMER
07-12 09:43:02.020 2872-12242/? D/com.qihancloud.usher/WelcomeService$3$1.run(Line:158):  :part 2 distance: 20红外线检测类型 0
07-12 09:43:02.030 2872-2956/? D/com.qihancloud.usher/FrameAnimation.run(Line:263):  FrameAnimation run1 --> runner  mIsThreadRunning:true
07-12 09:43:02.030 2872-2884/? D/com.qihancloud.usher/WelcomeService$6.onFinish(Line:238): com.qihancloud.usher.service.WelcomeService$6@425bc030倒计时结束，判断是否可以继续******每次倒计时时间*********0
07-12 09:43:02.040 2872-12242/? D/com.qihancloud.usher/WelcomeService.checkRobotSate(Line:296): pir mLastInfraredRayDistances.get(part):5
07-12 09:43:02.050 2872-2884/? D/com.qihancloud.usher/WelcomeService.hasPeople(Line:321): infrared ray is ROBOT_STATE_NONE, so set boolean_pir = false
07-12 09:43:02.050 2872-12242/? D/com.qihancloud.usher/WelcomeService$3$1.run(Line:158):  :part 1 distance: 5红外线检测类型 0
07-12 09:43:02.060 2872-2884/? D/com.qihancloud.usher/WelcomeService.hasPeople(Line:324): ***********倒计时结束，pir rec *falsetrue
07-12 09:43:02.060 2872-2884/? D/com.qihancloud.usher/WelcomeService$6.onFinish(Line:240): try to start welcome: COUNT DOWN TIMER
07-12 09:43:02.070 2872-12242/? D/com.qihancloud.usher/WelcomeService.checkRobotSate(Line:296): pir mLastInfraredRayDistances.get(part):5
07-12 09:43:02.070 2872-2884/? D/com.qihancloud.usher/WelcomeService$6.onFinish(Line:238): com.qihancloud.usher.service.WelcomeService$6@425bc030倒计时结束，判断是否可以继续******每次倒计时时间*********0
07-12 09:43:02.080 2872-12242/? D/com.qihancloud.usher/WelcomeService$3$1.run(Line:158):  :part 1 distance: 5红外线检测类型 0
07-12 09:43:02.090 2872-2884/? D/com.qihancloud.usher/WelcomeService.hasPeople(Line:321): infrared ray is ROBOT_STATE_NONE, so set boolean_pir = false
07-12 09:43:02.090 2872-12242/? D/com.qihancloud.usher/WelcomeService.checkRobotSate(Line:296): pir mLastInfraredRayDistances.get(part):5
07-12 09:43:02.090 2872-12242/? D/com.qihancloud.usher/WelcomeService$3$1.run(Line:158):  :part 1 distance: 5红外线检测类型 0
07-12 09:43:02.100 2872-2884/? D/com.qihancloud.usher/WelcomeService.hasPeople(Line:324): ***********倒计时结束，pir rec *falsetrue
07-12 09:43:02.100 2872-2884/? D/com.qihancloud.usher/WelcomeService$6.onFinish(Line:240): try to start welcome: COUNT DOWN TIMER
07-12 09:43:02.170 2872-2876/? D/dalvikvm: GC_CONCURRENT freed 14347K, 63% free 6229K/16628K, paused 4ms+5ms, total 68ms
07-12 09:43:02.170 2872-2884/? D/dalvikvm: WAIT_FOR_CONCURRENT_GC blocked 58ms
07-12 09:43:02.170 2872-2872/? D/dalvikvm: WAIT_FOR_CONCURRENT_GC blocked 58ms
07-12 09:43:02.170 2872-2884/? D/com.qihancloud.usher/WelcomeService$6.onFinish(Line:238): com.qihancloud.usher.service.WelcomeService$6@425bc030倒计时结束，判断是否可以继续******每次倒计时时间*********0
07-12 09:43:02.180 2872-12242/? D/com.qihancloud.usher/WelcomeService.checkRobotSate(Line:296): pir mLastInfraredRayDistances.get(part):5
07-12 09:43:02.190 2872-2884/? D/com.qihancloud.usher/WelcomeService.hasPeople(Line:321): infrared ray is ROBOT_STATE_NONE, so set boolean_pir = false
07-12 09:43:02.190 2872-12242/? D/com.qihancloud.usher/WelcomeService$3$1.run(Line:158):  :part 1 distance: 5红外线检测类型 0
07-12 09:43:02.200 2872-2884/? D/com.qihancloud.usher/WelcomeService.hasPeople(Line:324): ***********倒计时结束，pir rec *falsetrue
07-12 09:43:02.230 2261-2275/? I/sdkMsg: now time:1562895782  timestamp:1562895750 
07-12 09:43:02.230 2261-2275/? I/sdkMsg: time between:32  device lost timeout :60 
07-12 09:43:02.230 2261-2275/? I/sdkMsg:  00 
07-12 09:43:02.230 2261-2275/? I/sdkMsg:  12 
07-12 09:43:02.230 2261-2275/? I/sdkMsg:  4b 
07-12 09:43:02.230 2261-2275/? I/sdkMsg:  00 
07-12 09:43:02.230 2261-2275/? I/sdkMsg:  0c 
07-12 09:43:02.230 2261-2275/? I/sdkMsg:  86 
07-12 09:43:02.230 2261-2275/? I/sdkMsg:  0d 
07-12 09:43:02.230 2261-2275/? I/sdkMsg:  35 
07-12 09:43:02.250 2872-2956/? D/dalvikvm: GC_FOR_ALLOC freed 582K, 63% free 6185K/16628K, paused 48ms, total 48ms
07-12 09:43:02.280 2872-2956/? I/dalvikvm-heap: Grow heap (frag case) to 14.850MB for 9216016-byte allocation
07-12 09:43:02.330 2872-12242/? D/dalvikvm: GC_FOR_ALLOC freed 1K, 41% free 15183K/25632K, paused 47ms, total 47ms
07-12 09:43:02.330 2872-12242/? D/com.qihancloud.usher/WelcomeService.checkRobotSate(Line:296): pir mLastInfraredRayDistances.get(part):5
07-12 09:43:02.350 2872-2884/? D/com.qihancloud.usher/WelcomeService$6.onFinish(Line:240): try to start welcome: COUNT DOWN TIMER
07-12 09:43:02.350 2872-12242/? D/com.qihancloud.usher/WelcomeService$3$1.run(Line:158):  :part 1 distance: 5红外线检测类型 0
07-12 09:43:02.360 2872-2884/? D/com.qihancloud.usher/WelcomeService$6.onFinish(Line:238): com.qihancloud.usher.service.WelcomeService$6@425bc030倒计时结束，判断是否可以继续******每次倒计时时间*********0
07-12 09:43:02.370 770-773/? D/dalvikvm: GC_CONCURRENT freed 2003K, 45% free 3089K/5616K, paused 3ms+4ms, total 44ms
07-12 09:43:02.370 2872-2884/? D/com.qihancloud.usher/WelcomeService.hasPeople(Line:321): infrared ray is ROBOT_STATE_NONE, so set boolean_pir = false
07-12 09:43:02.400 2872-2876/? D/dalvikvm: GC_CONCURRENT freed 808K, 41% free 15185K/25632K, paused 8ms+15ms, total 73ms
07-12 09:43:02.410 2872-2884/? D/com.qihancloud.usher/WelcomeService.hasPeople(Line:324): ***********倒计时结束，pir rec *falsetrue
07-12 09:43:02.420 2872-2884/? D/com.qihancloud.usher/WelcomeService$6.onFinish(Line:240): try to start welcome: COUNT DOWN TIMER
07-12 09:43:02.430 2872-2884/? D/com.qihancloud.usher/WelcomeService$6.onFinish(Line:238): com.qihancloud.usher.service.WelcomeService$6@425bc030倒计时结束，判断是否可以继续******每次倒计时时间*********0
07-12 09:43:02.430 2872-12242/? D/com.qihancloud.usher/WelcomeService.checkRobotSate(Line:296): pir mLastInfraredRayDistances.get(part):5
07-12 09:43:02.440 2872-12242/? D/com.qihancloud.usher/WelcomeService$3$1.run(Line:158):  :part 1 distance: 5红外线检测类型 0
07-12 09:43:02.440 2872-2884/? D/com.qihancloud.usher/WelcomeService.hasPeople(Line:321): infrared ray is ROBOT_STATE_NONE, so set boolean_pir = false
07-12 09:43:02.450 2872-12242/? D/com.qihancloud.usher/WelcomeService.checkRobotSate(Line:296): pir mLastInfraredRayDistances.get(part):5
07-12 09:43:02.450 2872-2884/? D/com.qihancloud.usher/WelcomeService.hasPeople(Line:324): ***********倒计时结束，pir rec *falsetrue
07-12 09:43:02.460 2872-12242/? D/com.qihancloud.usher/WelcomeService$3$1.run(Line:158):  :part 1 distance: 5红外线检测类型 0
07-12 09:43:02.460 2872-2884/? D/com.qihancloud.usher/WelcomeService$6.onFinish(Line:240): try to start welcome: COUNT DOWN TIMER
07-12 09:43:02.470 2872-2884/? D/com.qihancloud.usher/WelcomeService$6.onFinish(Line:238): com.qihancloud.usher.service.WelcomeService$6@425bc030倒计时结束，判断是否可以继续******每次倒计时时间*********0
07-12 09:43:02.480 2872-12242/? D/com.qihancloud.usher/WelcomeService.checkRobotSate(Line:296): pir mLastInfraredRayDistances.get(part):5
07-12 09:43:02.490 2872-2884/? D/com.qihancloud.usher/WelcomeService.hasPeople(Line:321): infrared ray is ROBOT_STATE_NONE, so set boolean_pir = false
07-12 09:43:02.490 2872-12242/? D/com.qihancloud.usher/WelcomeService$3$1.run(Line:158):  :part 1 distance: 5红外线检测类型 0
07-12 09:43:02.490 2872-12242/? D/com.qihancloud.usher/WelcomeService.checkRobotSate(Line:296): pir mLastInfraredRayDistances.get(part):20
07-12 09:43:02.500 2872-2884/? D/com.qihancloud.usher/WelcomeService.hasPeople(Line:324): ***********倒计时结束，pir rec *falsetrue
07-12 09:43:02.500 2872-12242/? D/com.qihancloud.usher/WelcomeService$3$1.run(Line:158):  :part 2 distance: 19红外线检测类型 0
07-12 09:43:02.510 2872-2884/? D/com.qihancloud.usher/WelcomeService$6.onFinish(Line:240): try to start welcome: COUNT DOWN TIMER
07-12 09:43:02.510 2872-12242/? D/com.qihancloud.usher/WelcomeService.checkRobotSate(Line:296): pir mLastInfraredRayDistances.get(part):5
07-12 09:43:02.520 2872-2884/? D/com.qihancloud.usher/WelcomeService$6.onFinish(Line:238): com.qihancloud.usher.service.WelcomeService$6@425bc030倒计时结束，判断是否可以继续******每次倒计时时间*********0
07-12 09:43:02.520 2872-12242/? D/com.qihancloud.usher/WelcomeService$3$1.run(Line:158):  :part 1 distance: 5红外线检测类型 0
07-12 09:43:02.530 2872-2884/? D/com.qihancloud.usher/WelcomeService.hasPeople(Line:321): infrared ray is ROBOT_STATE_NONE, so set boolean_pir = false
07-12 09:43:02.540 2872-2956/? D/com.qihancloud.usher/FrameAnimation.run(Line:263):  FrameAnimation run1 --> runner  mIsThreadRunning:true
07-12 09:43:02.550 2872-2884/? D/com.qihancloud.usher/WelcomeService.hasPeople(Line:324): ***********倒计时结束，pir rec *falsetrue
07-12 09:43:02.560 2872-2884/? D/com.qihancloud.usher/WelcomeService$6.onFinish(Line:240): try to start welcome: COUNT DOWN TIMER
07-12 09:43:02.570 2872-2884/? D/com.qihancloud.usher/WelcomeService$6.onFinish(Line:238): com.qihancloud.usher.service.WelcomeService$6@425bc030倒计时结束，判断是否可以继续******每次倒计时时间*********0
07-12 09:43:02.580 2872-2884/? D/com.qihancloud.usher/WelcomeService.hasPeople(Line:321): infrared ray is ROBOT_STATE_NONE, so set boolean_pir = false
07-12 09:43:02.580 2872-12242/? D/com.qihancloud.usher/WelcomeService.checkRobotSate(Line:296): pir mLastInfraredRayDistances.get(part):5
07-12 09:43:02.590 2872-12242/? D/com.qihancloud.usher/WelcomeService$3$1.run(Line:158):  :part 1 distance: 5红外线检测类型 0
07-12 09:43:02.590 2872-2884/? D/com.qihancloud.usher/WelcomeService.hasPeople(Line:324): ***********倒计时结束，pir rec *falsetrue
07-12 09:43:02.600 2872-2884/? D/com.qihancloud.usher/WelcomeService$6.onFinish(Line:240): try to start welcome: COUNT DOWN TIMER
07-12 09:43:02.600 2872-12242/? D/com.qihancloud.usher/WelcomeService.checkRobotSate(Line:296): pir mLastInfraredRayDistances.get(part):5
07-12 09:43:02.610 2872-12242/? D/com.qihancloud.usher/WelcomeService$3$1.run(Line:158):  :part 1 distance: 5红外线检测类型 0
07-12 09:43:02.620 2872-2884/? D/com.qihancloud.usher/WelcomeService$6.onFinish(Line:238): com.qihancloud.usher.service.WelcomeService$6@425bc030倒计时结束，判断是否可以继续******每次倒计时时间*********0
07-12 09:43:02.680 2872-2876/? D/dalvikvm: GC_CONCURRENT freed 14138K, 65% free 5944K/16628K, paused 5ms+5ms, total 68ms
07-12 09:43:02.680 2872-12242/? D/dalvikvm: WAIT_FOR_CONCURRENT_GC blocked 58ms
07-12 09:43:02.680 2872-2872/? D/dalvikvm: WAIT_FOR_CONCURRENT_GC blocked 59ms
07-12 09:43:02.680 2872-12348/? D/dalvikvm: WAIT_FOR_CONCURRENT_GC blocked 52ms
07-12 09:43:02.680 2872-2884/? D/dalvikvm: WAIT_FOR_CONCURRENT_GC blocked 59ms
07-12 09:43:02.680 2872-12402/? D/dalvikvm: WAIT_FOR_CONCURRENT_GC blocked 53ms
07-12 09:43:02.680 2872-12242/? D/com.qihancloud.usher/WelcomeService.checkRobotSate(Line:296): pir mLastInfraredRayDistances.get(part):19
07-12 09:43:02.690 2872-12242/? D/com.qihancloud.usher/WelcomeService$3$1.run(Line:158):  :part 2 distance: 20红外线检测类型 0
07-12 09:43:02.690 2872-2884/? D/com.qihancloud.usher/WelcomeService.hasPeople(Line:321): infrared ray is ROBOT_STATE_NONE, so set boolean_pir = false
07-12 09:43:02.700 2872-12242/? D/com.qihancloud.usher/WelcomeService.checkRobotSate(Line:296): pir mLastInfraredRayDistances.get(part):5
07-12 09:43:02.710 2872-12242/? D/com.qihancloud.usher/WelcomeService$3$1.run(Line:158):  :part 1 distance: 5红外线检测类型 0
07-12 09:43:02.710 2872-2884/? D/com.qihancloud.usher/WelcomeService.hasPeople(Line:324): ***********倒计时结束，pir rec *falsetrue
07-12 09:43:02.760 2872-2956/? D/dalvikvm: GC_FOR_ALLOC freed 737K, 65% free 5871K/16628K, paused 46ms, total 46ms
07-12 09:43:02.780 1102-2449/? D/dalvikvm: GC_FOR_ALLOC freed 1417K, 52% free 3800K/7856K, paused 22ms, total 22ms
07-12 09:43:02.800 2872-2956/? I/dalvikvm-heap: Grow heap (frag case) to 14.543MB for 9216016-byte allocation
07-12 09:43:02.850 2872-2872/? D/dalvikvm: GC_FOR_ALLOC freed <1K, 42% free 14871K/25632K, paused 47ms, total 47ms
07-12 09:43:02.860 2872-2884/? D/com.qihancloud.usher/WelcomeService$6.onFinish(Line:240): try to start welcome: COUNT DOWN TIMER
07-12 09:43:02.870 2872-2884/? D/com.qihancloud.usher/WelcomeService$6.onFinish(Line:238): com.qihancloud.usher.service.WelcomeService$6@425bc030倒计时结束，判断是否可以继续******每次倒计时时间*********0
07-12 09:43:02.880 2872-12242/? D/com.qihancloud.usher/WelcomeService.checkRobotSate(Line:296): pir mLastInfraredRayDistances.get(part):5
07-12 09:43:02.880 2872-12242/? D/com.qihancloud.usher/WelcomeService$3$1.run(Line:158):  :part 1 distance: 5红外线检测类型 0
07-12 09:43:02.880 2872-2884/? D/com.qihancloud.usher/WelcomeService.hasPeople(Line:321): infrared ray is ROBOT_STATE_NONE, so set boolean_pir = false
07-12 09:43:02.910 2872-2876/? D/dalvikvm: GC_CONCURRENT freed 705K, 43% free 14849K/25632K, paused 5ms+14ms, total 60ms
07-12 09:43:02.920 2872-2884/? D/com.qihancloud.usher/WelcomeService.hasPeople(Line:324): ***********倒计时结束，pir rec *falsetrue
07-12 09:43:02.930 2872-2884/? D/com.qihancloud.usher/WelcomeService$6.onFinish(Line:240): try to start welcome: COUNT DOWN TIMER
07-12 09:43:02.930 2872-12242/? D/com.qihancloud.usher/WelcomeService.checkRobotSate(Line:296): pir mLastInfraredRayDistances.get(part):5
07-12 09:43:02.940 2872-12242/? D/com.qihancloud.usher/WelcomeService$3$1.run(Line:158):  :part 1 distance: 5红外线检测类型 0
07-12 09:43:02.940 2872-2884/? D/com.qihancloud.usher/WelcomeService$6.onFinish(Line:238): com.qihancloud.usher.service.WelcomeService$6@425bc030倒计时结束，判断是否可以继续******每次倒计时时间*********0
07-12 09:43:02.940 2872-12242/? D/com.qihancloud.usher/WelcomeService.checkRobotSate(Line:296): pir mLastInfraredRayDistances.get(part):20
07-12 09:43:02.950 2872-12242/? D/com.qihancloud.usher/WelcomeService$3$1.run(Line:158):  :part 2 distance: 20红外线检测类型 0
07-12 09:43:02.960 2872-2884/? D/com.qihancloud.usher/WelcomeService.hasPeople(Line:321): infrared ray is ROBOT_STATE_NONE, so set boolean_pir = false
07-12 09:43:02.970 2872-2884/? D/com.qihancloud.usher/WelcomeService.hasPeople(Line:324): ***********倒计时结束，pir rec *falsetrue
07-12 09:43:02.970 2872-12242/? D/com.qihancloud.usher/WelcomeService.checkRobotSate(Line:296): pir mLastInfraredRayDistances.get(part):5
07-12 09:43:02.970 2872-12242/? D/com.qihancloud.usher/WelcomeService$3$1.run(Line:158):  :part 1 distance: 5红外线检测类型 0
